2025-05-05 16:13:31,840 - INFO - === Processing variable tos ...
2025-05-05 16:13:31,841 - INFO - ===== Processing initial year 2007 initial month  3 ensamble_number  1...
2025-05-05 16:13:32,307 - INFO - (tar -xf) extracting tar file /vftmp/Chia-wei.Hsu/untar_dir_seasonal_2007_3_1_r20240213/20070301.ocean_month.nc ...
2025-05-05 16:13:32,971 - INFO - (ncks) extracting variable /collab1/data_untrusted/Chia-wei.Hsu/ss_rfcast_output_dir/seasonal.ocean_month.i200703.e01.tos.nc ...
2025-05-05 16:13:33,119 - INFO - === Processing variable tos ...
2025-05-05 16:13:33,120 - INFO - ===== Processing initial year 2007 initial month  3 ensamble_number  2...
2025-05-05 16:13:33,580 - INFO - (tar -xf) extracting tar file /vftmp/Chia-wei.Hsu/untar_dir_seasonal_2007_3_2_r20240213/20070301.ocean_month.nc ...
2025-05-05 16:13:34,518 - INFO - (ncks) extracting variable /collab1/data_untrusted/Chia-wei.Hsu/ss_rfcast_output_dir/seasonal.ocean_month.i200703.e02.tos.nc ...
2025-05-05 16:13:34,673 - INFO - === Processing variable tos ...
2025-05-05 16:13:34,673 - INFO - ===== Processing initial year 2007 initial month  3 ensamble_number  3...
2025-05-05 16:13:35,138 - INFO - (tar -xf) extracting tar file /vftmp/Chia-wei.Hsu/untar_dir_seasonal_2007_3_3_r20240213/20070301.ocean_month.nc ...
2025-05-05 16:13:36,802 - INFO - (ncks) extracting variable /collab1/data_untrusted/Chia-wei.Hsu/ss_rfcast_output_dir/seasonal.ocean_month.i200703.e03.tos.nc ...
2025-05-05 16:13:36,952 - INFO - === Processing variable tos ...
2025-05-05 16:13:36,952 - INFO - ===== Processing initial year 2007 initial month  3 ensamble_number  4...
2025-05-05 16:13:37,409 - INFO - (tar -xf) extracting tar file /vftmp/Chia-wei.Hsu/untar_dir_seasonal_2007_3_4_r20240213/20070301.ocean_month.nc ...
2025-05-05 16:13:38,334 - INFO - (ncks) extracting variable /collab1/data_untrusted/Chia-wei.Hsu/ss_rfcast_output_dir/seasonal.ocean_month.i200703.e04.tos.nc ...
2025-05-05 16:13:38,485 - INFO - === Processing variable tos ...
2025-05-05 16:13:38,486 - INFO - ===== Processing initial year 2007 initial month  3 ensamble_number  5...
2025-05-05 16:13:38,951 - INFO - (tar -xf) extracting tar file /vftmp/Chia-wei.Hsu/untar_dir_seasonal_2007_3_5_r20240213/20070301.ocean_month.nc ...
2025-05-05 16:13:40,636 - INFO - (ncks) extracting variable /collab1/data_untrusted/Chia-wei.Hsu/ss_rfcast_output_dir/seasonal.ocean_month.i200703.e05.tos.nc ...
2025-05-05 16:13:40,789 - INFO - === Processing variable tos ...
2025-05-05 16:13:40,790 - INFO - ===== Processing initial year 2007 initial month  3 ensamble_number  6...
2025-05-05 16:13:41,246 - INFO - (tar -xf) extracting tar file /vftmp/Chia-wei.Hsu/untar_dir_seasonal_2007_3_6_r20240213/20070301.ocean_month.nc ...
2025-05-05 16:13:42,433 - INFO - (ncks) extracting variable /collab1/data_untrusted/Chia-wei.Hsu/ss_rfcast_output_dir/seasonal.ocean_month.i200703.e06.tos.nc ...
2025-05-05 16:13:42,609 - INFO - === Processing variable tos ...
2025-05-05 16:13:42,609 - INFO - ===== Processing initial year 2007 initial month  3 ensamble_number  7...
2025-05-05 16:13:43,065 - INFO - (tar -xf) extracting tar file /vftmp/Chia-wei.Hsu/untar_dir_seasonal_2007_3_7_r20240213/20070301.ocean_month.nc ...
2025-05-05 16:13:44,917 - INFO - (ncks) extracting variable /collab1/data_untrusted/Chia-wei.Hsu/ss_rfcast_output_dir/seasonal.ocean_month.i200703.e07.tos.nc ...
2025-05-05 16:13:45,068 - INFO - === Processing variable tos ...
2025-05-05 16:13:45,068 - INFO - ===== Processing initial year 2007 initial month  3 ensamble_number  8...
2025-05-05 16:13:45,524 - INFO - (tar -xf) extracting tar file /vftmp/Chia-wei.Hsu/untar_dir_seasonal_2007_3_8_r20240213/20070301.ocean_month.nc ...
2025-05-05 16:13:47,225 - INFO - (ncks) extracting variable /collab1/data_untrusted/Chia-wei.Hsu/ss_rfcast_output_dir/seasonal.ocean_month.i200703.e08.tos.nc ...
2025-05-05 16:13:47,377 - INFO - === Processing variable tos ...
2025-05-05 16:13:47,378 - INFO - ===== Processing initial year 2007 initial month  3 ensamble_number  9...
2025-05-05 16:13:47,848 - INFO - (tar -xf) extracting tar file /vftmp/Chia-wei.Hsu/untar_dir_seasonal_2007_3_9_r20240213/20070301.ocean_month.nc ...
2025-05-05 16:13:49,224 - INFO - (ncks) extracting variable /collab1/data_untrusted/Chia-wei.Hsu/ss_rfcast_output_dir/seasonal.ocean_month.i200703.e09.tos.nc ...
2025-05-05 16:13:49,375 - INFO - === Processing variable tos ...
2025-05-05 16:13:49,376 - INFO - ===== Processing initial year 2007 initial month  3 ensamble_number 10...
2025-05-05 16:13:49,831 - INFO - (tar -xf) extracting tar file /vftmp/Chia-wei.Hsu/untar_dir_seasonal_2007_3_10_r20240213/20070301.ocean_month.nc ...
2025-05-05 16:13:51,230 - INFO - (ncks) extracting variable /collab1/data_untrusted/Chia-wei.Hsu/ss_rfcast_output_dir/seasonal.ocean_month.i200703.e10.tos.nc ...
2025-05-05 16:13:51,384 - INFO - === Processing variable tos ...
2025-05-05 16:13:51,385 - WARNING - concatenate file /collab1/data_untrusted/Chia-wei.Hsu/ss_rfcast_output_dir/seasonal.ocean_month.i200703.e01.tos.nc exist, skipping...
2025-05-05 16:13:51,385 - INFO - === Processing variable tos ...
2025-05-05 16:13:51,386 - WARNING - concatenate file /collab1/data_untrusted/Chia-wei.Hsu/ss_rfcast_output_dir/seasonal.ocean_month.i200703.e02.tos.nc exist, skipping...
2025-05-05 16:13:51,386 - INFO - === Processing variable tos ...
2025-05-05 16:13:51,387 - WARNING - concatenate file /collab1/data_untrusted/Chia-wei.Hsu/ss_rfcast_output_dir/seasonal.ocean_month.i200703.e03.tos.nc exist, skipping...
2025-05-05 16:13:51,387 - INFO - === Processing variable tos ...
2025-05-05 16:13:51,388 - WARNING - concatenate file /collab1/data_untrusted/Chia-wei.Hsu/ss_rfcast_output_dir/seasonal.ocean_month.i200703.e04.tos.nc exist, skipping...
2025-05-05 16:13:51,388 - INFO - === Processing variable tos ...
2025-05-05 16:13:51,389 - WARNING - concatenate file /collab1/data_untrusted/Chia-wei.Hsu/ss_rfcast_output_dir/seasonal.ocean_month.i200703.e05.tos.nc exist, skipping...
2025-05-05 16:13:51,390 - INFO - === Processing variable tos ...
2025-05-05 16:13:51,390 - WARNING - concatenate file /collab1/data_untrusted/Chia-wei.Hsu/ss_rfcast_output_dir/seasonal.ocean_month.i200703.e06.tos.nc exist, skipping...
2025-05-05 16:13:51,391 - INFO - === Processing variable tos ...
2025-05-05 16:13:51,392 - WARNING - concatenate file /collab1/data_untrusted/Chia-wei.Hsu/ss_rfcast_output_dir/seasonal.ocean_month.i200703.e07.tos.nc exist, skipping...
2025-05-05 16:13:51,392 - INFO - === Processing variable tos ...
2025-05-05 16:13:51,393 - WARNING - concatenate file /collab1/data_untrusted/Chia-wei.Hsu/ss_rfcast_output_dir/seasonal.ocean_month.i200703.e08.tos.nc exist, skipping...
2025-05-05 16:13:51,393 - INFO - === Processing variable tos ...
2025-05-05 16:13:51,394 - WARNING - concatenate file /collab1/data_untrusted/Chia-wei.Hsu/ss_rfcast_output_dir/seasonal.ocean_month.i200703.e09.tos.nc exist, skipping...
2025-05-05 16:13:51,394 - INFO - === Processing variable tos ...
2025-05-05 16:13:51,395 - WARNING - concatenate file /collab1/data_untrusted/Chia-wei.Hsu/ss_rfcast_output_dir/seasonal.ocean_month.i200703.e10.tos.nc exist, skipping...
