2025-03-13 13:14:53,574 - INFO - === Processing variable tob ...
2025-03-13 13:14:53,576 - INFO - ===== Processing year 1993 ...
2025-03-13 13:14:54,154 - INFO - (tar -xf) extracting tar file /vftmp/Chia-wei.Hsu/test_untar/19930101.ocean_daily.nc ...
2025-03-13 13:15:07,275 - INFO - (ncks) extracting variable /collab1/data_untrusted/Chia-wei.Hsu/test_output/ocean_daily.19930101.tob.nc ...
2025-03-13 13:15:08,609 - INFO - ===== Processing year 1994 ...
2025-03-13 13:15:09,218 - INFO - (tar -xf) extracting tar file /vftmp/Chia-wei.Hsu/test_untar/19940101.ocean_daily.nc ...
2025-03-13 13:15:22,779 - INFO - (ncks) extracting variable /collab1/data_untrusted/Chia-wei.Hsu/test_output/ocean_daily.19940101.tob.nc ...
2025-03-13 13:15:24,206 - INFO - ===== Processing year 1995 ...
2025-03-13 13:15:24,777 - INFO - (tar -xf) extracting tar file /vftmp/Chia-wei.Hsu/test_untar/19950101.ocean_daily.nc ...
2025-03-13 13:15:38,944 - INFO - (ncks) extracting variable /collab1/data_untrusted/Chia-wei.Hsu/test_output/ocean_daily.19950101.tob.nc ...
2025-03-13 13:15:40,289 - INFO - ===== Processing year 1996 ...
2025-03-13 13:15:40,864 - INFO - (tar -xf) extracting tar file /vftmp/Chia-wei.Hsu/test_untar/19960101.ocean_daily.nc ...
2025-03-13 13:15:55,188 - INFO - (ncks) extracting variable /collab1/data_untrusted/Chia-wei.Hsu/test_output/ocean_daily.19960101.tob.nc ...
2025-03-13 13:15:56,558 - INFO - ===== Processing year 1997 ...
2025-03-13 13:15:57,137 - INFO - (tar -xf) extracting tar file /vftmp/Chia-wei.Hsu/test_untar/19970101.ocean_daily.nc ...
2025-03-13 13:16:10,854 - INFO - (ncks) extracting variable /collab1/data_untrusted/Chia-wei.Hsu/test_output/ocean_daily.19970101.tob.nc ...
2025-03-13 13:16:11,904 - INFO - ===== Processing year 1998 ...
2025-03-13 13:16:12,480 - INFO - (tar -xf) extracting tar file /vftmp/Chia-wei.Hsu/test_untar/19980101.ocean_daily.nc ...
2025-03-13 13:16:28,070 - INFO - (ncks) extracting variable /collab1/data_untrusted/Chia-wei.Hsu/test_output/ocean_daily.19980101.tob.nc ...
2025-03-13 13:16:29,188 - INFO - ===== Processing year 1999 ...
2025-03-13 13:16:29,776 - INFO - (tar -xf) extracting tar file /vftmp/Chia-wei.Hsu/test_untar/19990101.ocean_daily.nc ...
2025-03-13 13:16:44,615 - INFO - (ncks) extracting variable /collab1/data_untrusted/Chia-wei.Hsu/test_output/ocean_daily.19990101.tob.nc ...
2025-03-13 13:16:45,563 - INFO - ===== Processing year 2000 ...
2025-03-13 13:16:46,129 - INFO - (tar -xf) extracting tar file /vftmp/Chia-wei.Hsu/test_untar/20000101.ocean_daily.nc ...
2025-03-13 13:17:03,888 - INFO - (ncks) extracting variable /collab1/data_untrusted/Chia-wei.Hsu/test_output/ocean_daily.20000101.tob.nc ...
2025-03-13 13:17:05,097 - INFO - ===== Processing year 2001 ...
2025-03-13 13:17:05,684 - INFO - (tar -xf) extracting tar file /vftmp/Chia-wei.Hsu/test_untar/20010101.ocean_daily.nc ...
2025-03-13 13:17:21,102 - INFO - (ncks) extracting variable /collab1/data_untrusted/Chia-wei.Hsu/test_output/ocean_daily.20010101.tob.nc ...
2025-03-13 13:17:22,357 - INFO - ===== Processing year 2002 ...
2025-03-13 13:17:22,936 - INFO - (tar -xf) extracting tar file /vftmp/Chia-wei.Hsu/test_untar/20020101.ocean_daily.nc ...
2025-03-13 13:17:37,111 - INFO - (ncks) extracting variable /collab1/data_untrusted/Chia-wei.Hsu/test_output/ocean_daily.20020101.tob.nc ...
2025-03-13 13:17:38,403 - INFO - ===== Processing year 2003 ...
2025-03-13 13:17:38,987 - INFO - (tar -xf) extracting tar file /vftmp/Chia-wei.Hsu/test_untar/20030101.ocean_daily.nc ...
2025-03-13 13:17:53,407 - INFO - (ncks) extracting variable /collab1/data_untrusted/Chia-wei.Hsu/test_output/ocean_daily.20030101.tob.nc ...
2025-03-13 13:17:54,659 - INFO - ===== Processing year 2004 ...
2025-03-13 13:17:55,242 - INFO - (tar -xf) extracting tar file /vftmp/Chia-wei.Hsu/test_untar/20040101.ocean_daily.nc ...
2025-03-13 13:18:11,875 - INFO - (ncks) extracting variable /collab1/data_untrusted/Chia-wei.Hsu/test_output/ocean_daily.20040101.tob.nc ...
2025-03-13 13:18:13,133 - INFO - ===== Processing year 2005 ...
2025-03-13 13:18:13,702 - INFO - (tar -xf) extracting tar file /vftmp/Chia-wei.Hsu/test_untar/20050101.ocean_daily.nc ...
2025-03-13 13:18:27,752 - INFO - (ncks) extracting variable /collab1/data_untrusted/Chia-wei.Hsu/test_output/ocean_daily.20050101.tob.nc ...
2025-03-13 13:18:28,644 - INFO - ===== Processing year 2006 ...
2025-03-13 13:18:29,236 - INFO - (tar -xf) extracting tar file /vftmp/Chia-wei.Hsu/test_untar/20060101.ocean_daily.nc ...
2025-03-13 13:18:44,612 - INFO - (ncks) extracting variable /collab1/data_untrusted/Chia-wei.Hsu/test_output/ocean_daily.20060101.tob.nc ...
2025-03-13 13:18:45,928 - INFO - ===== Processing year 2007 ...
2025-03-13 13:18:46,508 - INFO - (tar -xf) extracting tar file /vftmp/Chia-wei.Hsu/test_untar/20070101.ocean_daily.nc ...
2025-03-13 13:19:00,708 - INFO - (ncks) extracting variable /collab1/data_untrusted/Chia-wei.Hsu/test_output/ocean_daily.20070101.tob.nc ...
2025-03-13 13:19:01,725 - INFO - ===== Processing year 2008 ...
2025-03-13 13:19:02,306 - INFO - (tar -xf) extracting tar file /vftmp/Chia-wei.Hsu/test_untar/20080101.ocean_daily.nc ...
2025-03-13 13:19:17,226 - INFO - (ncks) extracting variable /collab1/data_untrusted/Chia-wei.Hsu/test_output/ocean_daily.20080101.tob.nc ...
2025-03-13 13:19:18,604 - INFO - ===== Processing year 2009 ...
2025-03-13 13:19:19,184 - INFO - (tar -xf) extracting tar file /vftmp/Chia-wei.Hsu/test_untar/20090101.ocean_daily.nc ...
2025-03-13 13:19:33,598 - INFO - (ncks) extracting variable /collab1/data_untrusted/Chia-wei.Hsu/test_output/ocean_daily.20090101.tob.nc ...
2025-03-13 13:19:34,889 - INFO - ===== Processing year 2010 ...
2025-03-13 13:19:35,526 - INFO - (tar -xf) extracting tar file /vftmp/Chia-wei.Hsu/test_untar/20100101.ocean_daily.nc ...
2025-03-13 13:19:50,394 - INFO - (ncks) extracting variable /collab1/data_untrusted/Chia-wei.Hsu/test_output/ocean_daily.20100101.tob.nc ...
2025-03-13 13:19:51,483 - INFO - ===== Processing year 2011 ...
2025-03-13 13:19:52,066 - INFO - (tar -xf) extracting tar file /vftmp/Chia-wei.Hsu/test_untar/20110101.ocean_daily.nc ...
2025-03-13 13:20:09,607 - INFO - (ncks) extracting variable /collab1/data_untrusted/Chia-wei.Hsu/test_output/ocean_daily.20110101.tob.nc ...
2025-03-13 13:20:10,866 - INFO - ===== Processing year 2012 ...
2025-03-13 13:20:11,442 - INFO - (tar -xf) extracting tar file /vftmp/Chia-wei.Hsu/test_untar/20120101.ocean_daily.nc ...
2025-03-13 13:20:25,614 - INFO - (ncks) extracting variable /collab1/data_untrusted/Chia-wei.Hsu/test_output/ocean_daily.20120101.tob.nc ...
2025-03-13 13:20:26,909 - INFO - ===== Processing year 2013 ...
2025-03-13 13:20:27,496 - INFO - (tar -xf) extracting tar file /vftmp/Chia-wei.Hsu/test_untar/20130101.ocean_daily.nc ...
2025-03-13 13:20:41,392 - INFO - (ncks) extracting variable /collab1/data_untrusted/Chia-wei.Hsu/test_output/ocean_daily.20130101.tob.nc ...
2025-03-13 13:20:42,681 - INFO - ===== Processing year 2014 ...
2025-03-13 13:20:43,247 - INFO - (tar -xf) extracting tar file /vftmp/Chia-wei.Hsu/test_untar/20140101.ocean_daily.nc ...
2025-03-13 13:20:58,292 - INFO - (ncks) extracting variable /collab1/data_untrusted/Chia-wei.Hsu/test_output/ocean_daily.20140101.tob.nc ...
2025-03-13 13:20:59,307 - INFO - ===== Processing year 2015 ...
2025-03-13 13:20:59,890 - INFO - (tar -xf) extracting tar file /vftmp/Chia-wei.Hsu/test_untar/20150101.ocean_daily.nc ...
2025-03-13 13:21:13,350 - INFO - (ncks) extracting variable /collab1/data_untrusted/Chia-wei.Hsu/test_output/ocean_daily.20150101.tob.nc ...
2025-03-13 13:21:14,329 - INFO - ===== Processing year 2016 ...
2025-03-13 13:21:14,897 - INFO - (tar -xf) extracting tar file /vftmp/Chia-wei.Hsu/test_untar/20160101.ocean_daily.nc ...
2025-03-13 13:21:29,543 - INFO - (ncks) extracting variable /collab1/data_untrusted/Chia-wei.Hsu/test_output/ocean_daily.20160101.tob.nc ...
2025-03-13 13:21:30,532 - INFO - ===== Processing year 2017 ...
2025-03-13 13:21:31,107 - INFO - (tar -xf) extracting tar file /vftmp/Chia-wei.Hsu/test_untar/20170101.ocean_daily.nc ...
2025-03-13 13:21:45,805 - INFO - (ncks) extracting variable /collab1/data_untrusted/Chia-wei.Hsu/test_output/ocean_daily.20170101.tob.nc ...
2025-03-13 13:21:47,082 - INFO - ===== Processing year 2018 ...
2025-03-13 13:21:47,653 - INFO - (tar -xf) extracting tar file /vftmp/Chia-wei.Hsu/test_untar/20180101.ocean_daily.nc ...
2025-03-13 13:22:03,114 - INFO - (ncks) extracting variable /collab1/data_untrusted/Chia-wei.Hsu/test_output/ocean_daily.20180101.tob.nc ...
2025-03-13 13:22:05,073 - INFO - ===== Processing year 2019 ...
2025-03-13 13:22:05,658 - INFO - (tar -xf) extracting tar file /vftmp/Chia-wei.Hsu/test_untar/20190101.ocean_daily.nc ...
2025-03-13 13:22:19,984 - INFO - (ncks) extracting variable /collab1/data_untrusted/Chia-wei.Hsu/test_output/ocean_daily.20190101.tob.nc ...
2025-03-13 13:22:20,884 - INFO - ===== Processing year 2020 ...
2025-03-13 13:22:21,469 - INFO - (tar -xf) extracting tar file /vftmp/Chia-wei.Hsu/test_untar/20200101.ocean_daily.nc ...
2025-03-13 13:22:38,853 - INFO - (ncks) extracting variable /collab1/data_untrusted/Chia-wei.Hsu/test_output/ocean_daily.20200101.tob.nc ...
2025-03-13 13:22:39,816 - INFO - ===== Processing year 2021 ...
2025-03-13 13:22:40,401 - INFO - (tar -xf) extracting tar file /vftmp/Chia-wei.Hsu/test_untar/20210101.ocean_daily.nc ...
2025-03-13 13:22:54,186 - INFO - (ncks) extracting variable /collab1/data_untrusted/Chia-wei.Hsu/test_output/ocean_daily.20210101.tob.nc ...
2025-03-13 13:22:55,186 - INFO - ===== Processing year 2022 ...
2025-03-13 13:22:55,767 - INFO - (tar -xf) extracting tar file /vftmp/Chia-wei.Hsu/test_untar/20220101.ocean_daily.nc ...
2025-03-13 13:23:08,742 - INFO - (ncks) extracting variable /collab1/data_untrusted/Chia-wei.Hsu/test_output/ocean_daily.20220101.tob.nc ...
2025-03-13 13:23:09,731 - INFO - ===== Processing year 2023 ...
2025-03-13 13:23:10,316 - INFO - (tar -xf) extracting tar file /vftmp/Chia-wei.Hsu/test_untar/20230101.ocean_daily.nc ...
2025-03-13 13:23:24,036 - INFO - (ncks) extracting variable /collab1/data_untrusted/Chia-wei.Hsu/test_output/ocean_daily.20230101.tob.nc ...
2025-03-13 13:23:24,976 - INFO - ===== Processing year 2024 ...
2025-03-13 13:23:25,556 - INFO - (tar -xf) extracting tar file /vftmp/Chia-wei.Hsu/test_untar/20240101.ocean_daily.nc ...
2025-03-13 13:23:35,720 - INFO - (ncks) extracting variable /collab1/data_untrusted/Chia-wei.Hsu/test_output/ocean_daily.20240101.tob.nc ...
2025-03-13 13:23:36,441 - INFO - (ncrcat) concatenating files for variable tob ...
2025-03-13 13:24:25,692 - INFO - concatenated file at /collab1/data_untrusted/Chia-wei.Hsu/test_output/ocean_daily.1993-2024.tob.nc ...
2025-03-13 13:24:26,801 - INFO - remove individual files
