2025-04-22 12:26:45,936 - INFO - === Processing variable tos ...
2025-04-22 12:26:45,937 - WARNING - concatenate file /collab1/data_untrusted/Chia-wei.Hsu/decadel_output_dir/decadal.ocean_month.i197101.e07.tos.nc exist, skipping...
2025-04-22 12:26:46,181 - INFO - === Processing variable tos ...
2025-04-22 12:26:46,181 - INFO - ===== Processing initial year 1971 initial month  1 ensamble_number  8...
2025-04-22 15:29:24,068 - WARNING - extracted tar file /vftmp/Chia-wei.Hsu/untar_dir/19710101.ocean_month.nc exist, skipping...
2025-04-22 15:29:24,070 - INFO - (ncks) extracting variable /collab1/data_untrusted/Chia-wei.Hsu/decadel_output_dir/decadal.ocean_month.i197101.e08.1971.tos.nc ...
2025-04-22 15:33:28,392 - WARNING - extracted tar file /vftmp/Chia-wei.Hsu/untar_dir/19720101.ocean_month.nc exist, skipping...
2025-04-22 15:33:28,393 - INFO - (ncks) extracting variable /collab1/data_untrusted/Chia-wei.Hsu/decadel_output_dir/decadal.ocean_month.i197101.e08.1972.tos.nc ...
2025-04-22 15:41:09,050 - WARNING - extracted tar file /vftmp/Chia-wei.Hsu/untar_dir/19730101.ocean_month.nc exist, skipping...
2025-04-22 15:41:09,050 - INFO - (ncks) extracting variable /collab1/data_untrusted/Chia-wei.Hsu/decadel_output_dir/decadal.ocean_month.i197101.e08.1973.tos.nc ...
2025-04-22 15:50:54,153 - WARNING - extracted tar file /vftmp/Chia-wei.Hsu/untar_dir/19740101.ocean_month.nc exist, skipping...
2025-04-22 15:50:54,154 - INFO - (ncks) extracting variable /collab1/data_untrusted/Chia-wei.Hsu/decadel_output_dir/decadal.ocean_month.i197101.e08.1974.tos.nc ...
2025-04-22 15:53:42,722 - WARNING - extracted tar file /vftmp/Chia-wei.Hsu/untar_dir/19750101.ocean_month.nc exist, skipping...
2025-04-22 15:53:42,722 - INFO - (ncks) extracting variable /collab1/data_untrusted/Chia-wei.Hsu/decadel_output_dir/decadal.ocean_month.i197101.e08.1975.tos.nc ...
2025-04-22 18:53:16,828 - WARNING - extracted tar file /vftmp/Chia-wei.Hsu/untar_dir/19760101.ocean_month.nc exist, skipping...
2025-04-22 18:53:16,829 - INFO - (ncks) extracting variable /collab1/data_untrusted/Chia-wei.Hsu/decadel_output_dir/decadal.ocean_month.i197101.e08.1976.tos.nc ...
2025-04-22 19:02:50,701 - WARNING - extracted tar file /vftmp/Chia-wei.Hsu/untar_dir/19770101.ocean_month.nc exist, skipping...
2025-04-22 19:02:50,702 - INFO - (ncks) extracting variable /collab1/data_untrusted/Chia-wei.Hsu/decadel_output_dir/decadal.ocean_month.i197101.e08.1977.tos.nc ...
2025-04-22 19:07:15,471 - WARNING - extracted tar file /vftmp/Chia-wei.Hsu/untar_dir/19780101.ocean_month.nc exist, skipping...
2025-04-22 19:07:15,471 - INFO - (ncks) extracting variable /collab1/data_untrusted/Chia-wei.Hsu/decadel_output_dir/decadal.ocean_month.i197101.e08.1978.tos.nc ...
2025-04-22 19:11:14,599 - WARNING - extracted tar file /vftmp/Chia-wei.Hsu/untar_dir/19790101.ocean_month.nc exist, skipping...
2025-04-22 19:11:14,600 - INFO - (ncks) extracting variable /collab1/data_untrusted/Chia-wei.Hsu/decadel_output_dir/decadal.ocean_month.i197101.e08.1979.tos.nc ...
2025-04-22 19:35:07,207 - WARNING - extracted tar file /vftmp/Chia-wei.Hsu/untar_dir/19800101.ocean_month.nc exist, skipping...
2025-04-22 19:35:07,208 - INFO - (ncks) extracting variable /collab1/data_untrusted/Chia-wei.Hsu/decadel_output_dir/decadal.ocean_month.i197101.e08.1980.tos.nc ...
2025-04-22 19:35:07,283 - INFO - (ncrcat) concatenating files for single variable, single ensemble, multi-lead ...
2025-04-22 19:35:11,499 - INFO - concatenated file at /collab1/data_untrusted/Chia-wei.Hsu/decadel_output_dir/decadal.ocean_month.i197101.e08.tos.nc ...
2025-04-22 19:35:11,509 - INFO - remove individual files
2025-04-22 19:35:11,547 - INFO - === Processing variable tos ...
2025-04-22 19:35:11,547 - INFO - ===== Processing initial year 1971 initial month  1 ensamble_number  9...
2025-04-22 23:13:28,622 - WARNING - extracted tar file /vftmp/Chia-wei.Hsu/untar_dir/19710101.ocean_month.nc exist, skipping...
2025-04-22 23:13:28,750 - INFO - (ncks) extracting variable /collab1/data_untrusted/Chia-wei.Hsu/decadel_output_dir/decadal.ocean_month.i197101.e09.1971.tos.nc ...
2025-04-22 23:18:20,698 - WARNING - extracted tar file /vftmp/Chia-wei.Hsu/untar_dir/19720101.ocean_month.nc exist, skipping...
2025-04-22 23:18:20,699 - INFO - (ncks) extracting variable /collab1/data_untrusted/Chia-wei.Hsu/decadel_output_dir/decadal.ocean_month.i197101.e09.1972.tos.nc ...
2025-04-22 23:22:06,316 - WARNING - extracted tar file /vftmp/Chia-wei.Hsu/untar_dir/19730101.ocean_month.nc exist, skipping...
2025-04-22 23:22:06,317 - INFO - (ncks) extracting variable /collab1/data_untrusted/Chia-wei.Hsu/decadel_output_dir/decadal.ocean_month.i197101.e09.1973.tos.nc ...
2025-04-22 23:25:15,104 - WARNING - extracted tar file /vftmp/Chia-wei.Hsu/untar_dir/19740101.ocean_month.nc exist, skipping...
2025-04-22 23:25:15,105 - INFO - (ncks) extracting variable /collab1/data_untrusted/Chia-wei.Hsu/decadel_output_dir/decadal.ocean_month.i197101.e09.1974.tos.nc ...
2025-04-22 23:30:22,877 - WARNING - extracted tar file /vftmp/Chia-wei.Hsu/untar_dir/19750101.ocean_month.nc exist, skipping...
2025-04-22 23:30:22,878 - INFO - (ncks) extracting variable /collab1/data_untrusted/Chia-wei.Hsu/decadel_output_dir/decadal.ocean_month.i197101.e09.1975.tos.nc ...
2025-04-23 00:17:57,553 - WARNING - extracted tar file /vftmp/Chia-wei.Hsu/untar_dir/19760101.ocean_month.nc exist, skipping...
2025-04-23 00:17:57,569 - INFO - (ncks) extracting variable /collab1/data_untrusted/Chia-wei.Hsu/decadel_output_dir/decadal.ocean_month.i197101.e09.1976.tos.nc ...
2025-04-23 00:21:46,213 - WARNING - extracted tar file /vftmp/Chia-wei.Hsu/untar_dir/19770101.ocean_month.nc exist, skipping...
2025-04-23 00:21:46,213 - INFO - (ncks) extracting variable /collab1/data_untrusted/Chia-wei.Hsu/decadel_output_dir/decadal.ocean_month.i197101.e09.1977.tos.nc ...
2025-04-23 00:25:45,532 - WARNING - extracted tar file /vftmp/Chia-wei.Hsu/untar_dir/19780101.ocean_month.nc exist, skipping...
2025-04-23 00:25:45,533 - INFO - (ncks) extracting variable /collab1/data_untrusted/Chia-wei.Hsu/decadel_output_dir/decadal.ocean_month.i197101.e09.1978.tos.nc ...
2025-04-23 00:36:33,989 - WARNING - extracted tar file /vftmp/Chia-wei.Hsu/untar_dir/19790101.ocean_month.nc exist, skipping...
2025-04-23 00:36:33,990 - INFO - (ncks) extracting variable /collab1/data_untrusted/Chia-wei.Hsu/decadel_output_dir/decadal.ocean_month.i197101.e09.1979.tos.nc ...
2025-04-23 01:23:58,038 - WARNING - extracted tar file /vftmp/Chia-wei.Hsu/untar_dir/19800101.ocean_month.nc exist, skipping...
2025-04-23 01:23:58,039 - INFO - (ncks) extracting variable /collab1/data_untrusted/Chia-wei.Hsu/decadel_output_dir/decadal.ocean_month.i197101.e09.1980.tos.nc ...
2025-04-23 01:23:58,944 - INFO - (ncrcat) concatenating files for single variable, single ensemble, multi-lead ...
2025-04-23 01:24:03,815 - INFO - concatenated file at /collab1/data_untrusted/Chia-wei.Hsu/decadel_output_dir/decadal.ocean_month.i197101.e09.tos.nc ...
2025-04-23 01:24:03,824 - INFO - remove individual files
2025-04-23 01:24:03,886 - INFO - === Processing variable tos ...
2025-04-23 01:24:03,886 - INFO - ===== Processing initial year 1971 initial month  1 ensamble_number 10...
2025-04-23 02:48:46,875 - WARNING - extracted tar file /vftmp/Chia-wei.Hsu/untar_dir/19710101.ocean_month.nc exist, skipping...
2025-04-23 02:48:46,876 - INFO - (ncks) extracting variable /collab1/data_untrusted/Chia-wei.Hsu/decadel_output_dir/decadal.ocean_month.i197101.e10.1971.tos.nc ...
2025-04-23 02:52:26,750 - WARNING - extracted tar file /vftmp/Chia-wei.Hsu/untar_dir/19720101.ocean_month.nc exist, skipping...
2025-04-23 02:52:26,751 - INFO - (ncks) extracting variable /collab1/data_untrusted/Chia-wei.Hsu/decadel_output_dir/decadal.ocean_month.i197101.e10.1972.tos.nc ...
2025-04-23 02:59:20,195 - WARNING - extracted tar file /vftmp/Chia-wei.Hsu/untar_dir/19730101.ocean_month.nc exist, skipping...
2025-04-23 02:59:20,195 - INFO - (ncks) extracting variable /collab1/data_untrusted/Chia-wei.Hsu/decadel_output_dir/decadal.ocean_month.i197101.e10.1973.tos.nc ...
2025-04-23 03:40:19,234 - WARNING - extracted tar file /vftmp/Chia-wei.Hsu/untar_dir/19740101.ocean_month.nc exist, skipping...
2025-04-23 03:40:19,235 - INFO - (ncks) extracting variable /collab1/data_untrusted/Chia-wei.Hsu/decadel_output_dir/decadal.ocean_month.i197101.e10.1974.tos.nc ...
2025-04-23 04:10:40,553 - WARNING - extracted tar file /vftmp/Chia-wei.Hsu/untar_dir/19750101.ocean_month.nc exist, skipping...
2025-04-23 04:10:40,554 - INFO - (ncks) extracting variable /collab1/data_untrusted/Chia-wei.Hsu/decadel_output_dir/decadal.ocean_month.i197101.e10.1975.tos.nc ...
2025-04-23 04:15:16,170 - WARNING - extracted tar file /vftmp/Chia-wei.Hsu/untar_dir/19760101.ocean_month.nc exist, skipping...
2025-04-23 04:15:16,171 - INFO - (ncks) extracting variable /collab1/data_untrusted/Chia-wei.Hsu/decadel_output_dir/decadal.ocean_month.i197101.e10.1976.tos.nc ...
2025-04-23 04:21:55,355 - WARNING - extracted tar file /vftmp/Chia-wei.Hsu/untar_dir/19770101.ocean_month.nc exist, skipping...
2025-04-23 04:21:55,356 - INFO - (ncks) extracting variable /collab1/data_untrusted/Chia-wei.Hsu/decadel_output_dir/decadal.ocean_month.i197101.e10.1977.tos.nc ...
2025-04-23 04:40:14,241 - WARNING - extracted tar file /vftmp/Chia-wei.Hsu/untar_dir/19780101.ocean_month.nc exist, skipping...
2025-04-23 04:40:14,242 - INFO - (ncks) extracting variable /collab1/data_untrusted/Chia-wei.Hsu/decadel_output_dir/decadal.ocean_month.i197101.e10.1978.tos.nc ...
2025-04-23 04:48:06,020 - WARNING - extracted tar file /vftmp/Chia-wei.Hsu/untar_dir/19790101.ocean_month.nc exist, skipping...
2025-04-23 04:48:06,020 - INFO - (ncks) extracting variable /collab1/data_untrusted/Chia-wei.Hsu/decadel_output_dir/decadal.ocean_month.i197101.e10.1979.tos.nc ...
2025-04-23 04:51:13,754 - WARNING - extracted tar file /vftmp/Chia-wei.Hsu/untar_dir/19800101.ocean_month.nc exist, skipping...
2025-04-23 04:51:13,755 - INFO - (ncks) extracting variable /collab1/data_untrusted/Chia-wei.Hsu/decadel_output_dir/decadal.ocean_month.i197101.e10.1980.tos.nc ...
2025-04-23 04:51:13,987 - INFO - (ncrcat) concatenating files for single variable, single ensemble, multi-lead ...
2025-04-23 04:51:17,681 - INFO - concatenated file at /collab1/data_untrusted/Chia-wei.Hsu/decadel_output_dir/decadal.ocean_month.i197101.e10.tos.nc ...
2025-04-23 04:51:17,692 - INFO - remove individual files
