2025-04-22 12:26:45,607 - INFO - === Processing variable tos ...
2025-04-22 12:26:45,608 - WARNING - concatenate file /collab1/data_untrusted/Chia-wei.Hsu/decadel_output_dir/decadal.ocean_month.i197401.e07.tos.nc exist, skipping...
2025-04-22 12:26:45,888 - INFO - === Processing variable tos ...
2025-04-22 12:26:45,889 - INFO - ===== Processing initial year 1974 initial month  1 ensamble_number  8...
2025-04-22 12:26:46,925 - WARNING - extracted tar file /vftmp/Chia-wei.Hsu/untar_dir/19740101.ocean_month.nc exist, skipping...
2025-04-22 12:26:46,926 - WARNING - extracted variable file /collab1/data_untrusted/Chia-wei.Hsu/decadel_output_dir/decadal.ocean_month.i197401.e08.1974.tos.nc exist, skipping...
2025-04-22 12:26:47,189 - WARNING - extracted tar file /vftmp/Chia-wei.Hsu/untar_dir/19750101.ocean_month.nc exist, skipping...
2025-04-22 12:26:47,189 - WARNING - extracted variable file /collab1/data_untrusted/Chia-wei.Hsu/decadel_output_dir/decadal.ocean_month.i197401.e08.1975.tos.nc exist, skipping...
2025-04-22 15:36:04,402 - WARNING - extracted tar file /vftmp/Chia-wei.Hsu/untar_dir/19760101.ocean_month.nc exist, skipping...
2025-04-22 15:36:04,403 - INFO - (ncks) extracting variable /collab1/data_untrusted/Chia-wei.Hsu/decadel_output_dir/decadal.ocean_month.i197401.e08.1976.tos.nc ...
2025-04-22 15:43:18,647 - WARNING - extracted tar file /vftmp/Chia-wei.Hsu/untar_dir/19770101.ocean_month.nc exist, skipping...
2025-04-22 15:43:18,648 - INFO - (ncks) extracting variable /collab1/data_untrusted/Chia-wei.Hsu/decadel_output_dir/decadal.ocean_month.i197401.e08.1977.tos.nc ...
2025-04-22 15:52:27,233 - WARNING - extracted tar file /vftmp/Chia-wei.Hsu/untar_dir/19780101.ocean_month.nc exist, skipping...
2025-04-22 15:52:27,234 - INFO - (ncks) extracting variable /collab1/data_untrusted/Chia-wei.Hsu/decadel_output_dir/decadal.ocean_month.i197401.e08.1978.tos.nc ...
2025-04-22 16:01:04,870 - WARNING - extracted tar file /vftmp/Chia-wei.Hsu/untar_dir/19790101.ocean_month.nc exist, skipping...
2025-04-22 16:01:04,871 - INFO - (ncks) extracting variable /collab1/data_untrusted/Chia-wei.Hsu/decadel_output_dir/decadal.ocean_month.i197401.e08.1979.tos.nc ...
2025-04-22 16:12:09,288 - WARNING - extracted tar file /vftmp/Chia-wei.Hsu/untar_dir/19800101.ocean_month.nc exist, skipping...
2025-04-22 16:12:09,289 - INFO - (ncks) extracting variable /collab1/data_untrusted/Chia-wei.Hsu/decadel_output_dir/decadal.ocean_month.i197401.e08.1980.tos.nc ...
2025-04-22 16:19:16,586 - WARNING - extracted tar file /vftmp/Chia-wei.Hsu/untar_dir/19810101.ocean_month.nc exist, skipping...
2025-04-22 16:19:16,587 - INFO - (ncks) extracting variable /collab1/data_untrusted/Chia-wei.Hsu/decadel_output_dir/decadal.ocean_month.i197401.e08.1981.tos.nc ...
2025-04-22 16:22:06,649 - WARNING - extracted tar file /vftmp/Chia-wei.Hsu/untar_dir/19820101.ocean_month.nc exist, skipping...
2025-04-22 16:22:06,650 - INFO - (ncks) extracting variable /collab1/data_untrusted/Chia-wei.Hsu/decadel_output_dir/decadal.ocean_month.i197401.e08.1982.tos.nc ...
2025-04-22 16:26:20,531 - WARNING - extracted tar file /vftmp/Chia-wei.Hsu/untar_dir/19830101.ocean_month.nc exist, skipping...
2025-04-22 16:26:20,532 - INFO - (ncks) extracting variable /collab1/data_untrusted/Chia-wei.Hsu/decadel_output_dir/decadal.ocean_month.i197401.e08.1983.tos.nc ...
2025-04-22 16:26:20,630 - INFO - (ncrcat) concatenating files for single variable, single ensemble, multi-lead ...
2025-04-22 16:26:24,585 - INFO - concatenated file at /collab1/data_untrusted/Chia-wei.Hsu/decadel_output_dir/decadal.ocean_month.i197401.e08.tos.nc ...
2025-04-22 16:26:24,595 - INFO - remove individual files
2025-04-22 16:26:24,645 - INFO - === Processing variable tos ...
2025-04-22 16:26:24,646 - INFO - ===== Processing initial year 1974 initial month  1 ensamble_number  9...
2025-04-22 16:29:18,612 - WARNING - extracted tar file /vftmp/Chia-wei.Hsu/untar_dir/19740101.ocean_month.nc exist, skipping...
2025-04-22 16:29:18,613 - INFO - (ncks) extracting variable /collab1/data_untrusted/Chia-wei.Hsu/decadel_output_dir/decadal.ocean_month.i197401.e09.1974.tos.nc ...
2025-04-22 19:38:02,713 - WARNING - extracted tar file /vftmp/Chia-wei.Hsu/untar_dir/19750101.ocean_month.nc exist, skipping...
2025-04-22 19:38:02,714 - INFO - (ncks) extracting variable /collab1/data_untrusted/Chia-wei.Hsu/decadel_output_dir/decadal.ocean_month.i197401.e09.1975.tos.nc ...
2025-04-22 19:44:56,888 - WARNING - extracted tar file /vftmp/Chia-wei.Hsu/untar_dir/19760101.ocean_month.nc exist, skipping...
2025-04-22 19:44:56,889 - INFO - (ncks) extracting variable /collab1/data_untrusted/Chia-wei.Hsu/decadel_output_dir/decadal.ocean_month.i197401.e09.1976.tos.nc ...
2025-04-22 19:53:31,018 - WARNING - extracted tar file /vftmp/Chia-wei.Hsu/untar_dir/19770101.ocean_month.nc exist, skipping...
2025-04-22 19:53:31,019 - INFO - (ncks) extracting variable /collab1/data_untrusted/Chia-wei.Hsu/decadel_output_dir/decadal.ocean_month.i197401.e09.1977.tos.nc ...
2025-04-22 22:10:57,195 - WARNING - extracted tar file /vftmp/Chia-wei.Hsu/untar_dir/19780101.ocean_month.nc exist, skipping...
2025-04-22 22:10:57,284 - INFO - (ncks) extracting variable /collab1/data_untrusted/Chia-wei.Hsu/decadel_output_dir/decadal.ocean_month.i197401.e09.1978.tos.nc ...
2025-04-22 22:17:57,063 - WARNING - extracted tar file /vftmp/Chia-wei.Hsu/untar_dir/19790101.ocean_month.nc exist, skipping...
2025-04-22 22:17:57,063 - INFO - (ncks) extracting variable /collab1/data_untrusted/Chia-wei.Hsu/decadel_output_dir/decadal.ocean_month.i197401.e09.1979.tos.nc ...
2025-04-22 22:38:57,059 - WARNING - extracted tar file /vftmp/Chia-wei.Hsu/untar_dir/19800101.ocean_month.nc exist, skipping...
2025-04-22 22:38:57,073 - INFO - (ncks) extracting variable /collab1/data_untrusted/Chia-wei.Hsu/decadel_output_dir/decadal.ocean_month.i197401.e09.1980.tos.nc ...
2025-04-22 22:43:21,922 - WARNING - extracted tar file /vftmp/Chia-wei.Hsu/untar_dir/19810101.ocean_month.nc exist, skipping...
2025-04-22 22:43:21,933 - INFO - (ncks) extracting variable /collab1/data_untrusted/Chia-wei.Hsu/decadel_output_dir/decadal.ocean_month.i197401.e09.1981.tos.nc ...
2025-04-22 23:57:37,763 - WARNING - extracted tar file /vftmp/Chia-wei.Hsu/untar_dir/19820101.ocean_month.nc exist, skipping...
2025-04-22 23:57:37,764 - INFO - (ncks) extracting variable /collab1/data_untrusted/Chia-wei.Hsu/decadel_output_dir/decadal.ocean_month.i197401.e09.1982.tos.nc ...
2025-04-23 00:04:20,266 - WARNING - extracted tar file /vftmp/Chia-wei.Hsu/untar_dir/19830101.ocean_month.nc exist, skipping...
2025-04-23 00:04:20,267 - INFO - (ncks) extracting variable /collab1/data_untrusted/Chia-wei.Hsu/decadel_output_dir/decadal.ocean_month.i197401.e09.1983.tos.nc ...
2025-04-23 00:04:20,965 - INFO - (ncrcat) concatenating files for single variable, single ensemble, multi-lead ...
2025-04-23 00:04:24,408 - INFO - concatenated file at /collab1/data_untrusted/Chia-wei.Hsu/decadel_output_dir/decadal.ocean_month.i197401.e09.tos.nc ...
2025-04-23 00:04:24,416 - INFO - remove individual files
2025-04-23 00:04:24,462 - INFO - === Processing variable tos ...
2025-04-23 00:04:24,462 - INFO - ===== Processing initial year 1974 initial month  1 ensamble_number 10...
2025-04-23 00:08:14,412 - WARNING - extracted tar file /vftmp/Chia-wei.Hsu/untar_dir/19740101.ocean_month.nc exist, skipping...
2025-04-23 00:08:14,412 - INFO - (ncks) extracting variable /collab1/data_untrusted/Chia-wei.Hsu/decadel_output_dir/decadal.ocean_month.i197401.e10.1974.tos.nc ...
2025-04-23 00:11:03,951 - WARNING - extracted tar file /vftmp/Chia-wei.Hsu/untar_dir/19750101.ocean_month.nc exist, skipping...
2025-04-23 00:11:03,952 - INFO - (ncks) extracting variable /collab1/data_untrusted/Chia-wei.Hsu/decadel_output_dir/decadal.ocean_month.i197401.e10.1975.tos.nc ...
2025-04-23 00:17:23,001 - WARNING - extracted tar file /vftmp/Chia-wei.Hsu/untar_dir/19760101.ocean_month.nc exist, skipping...
2025-04-23 00:17:23,002 - INFO - (ncks) extracting variable /collab1/data_untrusted/Chia-wei.Hsu/decadel_output_dir/decadal.ocean_month.i197401.e10.1976.tos.nc ...
2025-04-23 00:26:35,918 - WARNING - extracted tar file /vftmp/Chia-wei.Hsu/untar_dir/19770101.ocean_month.nc exist, skipping...
2025-04-23 00:26:35,919 - INFO - (ncks) extracting variable /collab1/data_untrusted/Chia-wei.Hsu/decadel_output_dir/decadal.ocean_month.i197401.e10.1977.tos.nc ...
2025-04-23 00:29:33,400 - WARNING - extracted tar file /vftmp/Chia-wei.Hsu/untar_dir/19780101.ocean_month.nc exist, skipping...
2025-04-23 00:29:33,401 - INFO - (ncks) extracting variable /collab1/data_untrusted/Chia-wei.Hsu/decadel_output_dir/decadal.ocean_month.i197401.e10.1978.tos.nc ...
2025-04-23 00:32:28,548 - WARNING - extracted tar file /vftmp/Chia-wei.Hsu/untar_dir/19790101.ocean_month.nc exist, skipping...
2025-04-23 00:32:28,549 - INFO - (ncks) extracting variable /collab1/data_untrusted/Chia-wei.Hsu/decadel_output_dir/decadal.ocean_month.i197401.e10.1979.tos.nc ...
2025-04-23 00:40:14,732 - WARNING - extracted tar file /vftmp/Chia-wei.Hsu/untar_dir/19800101.ocean_month.nc exist, skipping...
2025-04-23 00:40:14,733 - INFO - (ncks) extracting variable /collab1/data_untrusted/Chia-wei.Hsu/decadel_output_dir/decadal.ocean_month.i197401.e10.1980.tos.nc ...
2025-04-23 00:47:19,968 - WARNING - extracted tar file /vftmp/Chia-wei.Hsu/untar_dir/19810101.ocean_month.nc exist, skipping...
2025-04-23 00:47:19,969 - INFO - (ncks) extracting variable /collab1/data_untrusted/Chia-wei.Hsu/decadel_output_dir/decadal.ocean_month.i197401.e10.1981.tos.nc ...
2025-04-23 01:14:15,081 - WARNING - extracted tar file /vftmp/Chia-wei.Hsu/untar_dir/19820101.ocean_month.nc exist, skipping...
2025-04-23 01:14:15,081 - INFO - (ncks) extracting variable /collab1/data_untrusted/Chia-wei.Hsu/decadel_output_dir/decadal.ocean_month.i197401.e10.1982.tos.nc ...
2025-04-23 02:00:58,045 - WARNING - extracted tar file /vftmp/Chia-wei.Hsu/untar_dir/19830101.ocean_month.nc exist, skipping...
2025-04-23 02:00:58,046 - INFO - (ncks) extracting variable /collab1/data_untrusted/Chia-wei.Hsu/decadel_output_dir/decadal.ocean_month.i197401.e10.1983.tos.nc ...
2025-04-23 02:00:58,131 - INFO - (ncrcat) concatenating files for single variable, single ensemble, multi-lead ...
2025-04-23 02:01:02,514 - INFO - concatenated file at /collab1/data_untrusted/Chia-wei.Hsu/decadel_output_dir/decadal.ocean_month.i197401.e10.tos.nc ...
2025-04-23 02:01:02,519 - INFO - remove individual files
