2025-04-22 12:26:45,889 - INFO - === Processing variable tos ...
2025-04-22 12:26:45,889 - WARNING - concatenate file /collab1/data_untrusted/Chia-wei.Hsu/decadel_output_dir/decadal.ocean_month.i200801.e07.tos.nc exist, skipping...
2025-04-22 12:26:46,202 - INFO - === Processing variable tos ...
2025-04-22 12:26:46,202 - INFO - ===== Processing initial year 2008 initial month  1 ensamble_number  8...
2025-04-22 13:22:42,150 - WARNING - extracted tar file /vftmp/Chia-wei.Hsu/untar_dir/20080101.ocean_month.nc exist, skipping...
2025-04-22 13:22:42,151 - INFO - (ncks) extracting variable /collab1/data_untrusted/Chia-wei.Hsu/decadel_output_dir/decadal.ocean_month.i200801.e08.2008.tos.nc ...
2025-04-22 13:30:57,526 - WARNING - extracted tar file /vftmp/Chia-wei.Hsu/untar_dir/20090101.ocean_month.nc exist, skipping...
2025-04-22 13:30:57,527 - INFO - (ncks) extracting variable /collab1/data_untrusted/Chia-wei.Hsu/decadel_output_dir/decadal.ocean_month.i200801.e08.2009.tos.nc ...
2025-04-22 15:47:34,768 - WARNING - extracted tar file /vftmp/Chia-wei.Hsu/untar_dir/20100101.ocean_month.nc exist, skipping...
2025-04-22 15:47:34,769 - INFO - (ncks) extracting variable /collab1/data_untrusted/Chia-wei.Hsu/decadel_output_dir/decadal.ocean_month.i200801.e08.2010.tos.nc ...
2025-04-22 15:54:21,897 - WARNING - extracted tar file /vftmp/Chia-wei.Hsu/untar_dir/20110101.ocean_month.nc exist, skipping...
2025-04-22 15:54:21,898 - INFO - (ncks) extracting variable /collab1/data_untrusted/Chia-wei.Hsu/decadel_output_dir/decadal.ocean_month.i200801.e08.2011.tos.nc ...
2025-04-22 16:00:45,009 - WARNING - extracted tar file /vftmp/Chia-wei.Hsu/untar_dir/20120101.ocean_month.nc exist, skipping...
2025-04-22 16:00:45,009 - INFO - (ncks) extracting variable /collab1/data_untrusted/Chia-wei.Hsu/decadel_output_dir/decadal.ocean_month.i200801.e08.2012.tos.nc ...
2025-04-22 16:04:09,067 - WARNING - extracted tar file /vftmp/Chia-wei.Hsu/untar_dir/20130101.ocean_month.nc exist, skipping...
2025-04-22 16:04:09,068 - INFO - (ncks) extracting variable /collab1/data_untrusted/Chia-wei.Hsu/decadel_output_dir/decadal.ocean_month.i200801.e08.2013.tos.nc ...
2025-04-22 16:06:25,205 - WARNING - extracted tar file /vftmp/Chia-wei.Hsu/untar_dir/20140101.ocean_month.nc exist, skipping...
2025-04-22 16:06:25,206 - INFO - (ncks) extracting variable /collab1/data_untrusted/Chia-wei.Hsu/decadel_output_dir/decadal.ocean_month.i200801.e08.2014.tos.nc ...
2025-04-22 16:11:53,316 - WARNING - extracted tar file /vftmp/Chia-wei.Hsu/untar_dir/20150101.ocean_month.nc exist, skipping...
2025-04-22 16:11:53,316 - INFO - (ncks) extracting variable /collab1/data_untrusted/Chia-wei.Hsu/decadel_output_dir/decadal.ocean_month.i200801.e08.2015.tos.nc ...
2025-04-22 16:15:42,571 - WARNING - extracted tar file /vftmp/Chia-wei.Hsu/untar_dir/20160101.ocean_month.nc exist, skipping...
2025-04-22 16:15:42,572 - INFO - (ncks) extracting variable /collab1/data_untrusted/Chia-wei.Hsu/decadel_output_dir/decadal.ocean_month.i200801.e08.2016.tos.nc ...
2025-04-22 17:10:31,831 - WARNING - extracted tar file /vftmp/Chia-wei.Hsu/untar_dir/20170101.ocean_month.nc exist, skipping...
2025-04-22 17:10:31,832 - INFO - (ncks) extracting variable /collab1/data_untrusted/Chia-wei.Hsu/decadel_output_dir/decadal.ocean_month.i200801.e08.2017.tos.nc ...
2025-04-22 17:10:31,908 - INFO - (ncrcat) concatenating files for single variable, single ensemble, multi-lead ...
2025-04-22 17:10:34,521 - INFO - concatenated file at /collab1/data_untrusted/Chia-wei.Hsu/decadel_output_dir/decadal.ocean_month.i200801.e08.tos.nc ...
2025-04-22 17:10:34,528 - INFO - remove individual files
2025-04-22 17:10:34,563 - INFO - === Processing variable tos ...
2025-04-22 17:10:34,563 - INFO - ===== Processing initial year 2008 initial month  1 ensamble_number  9...
2025-04-22 22:58:17,844 - WARNING - extracted tar file /vftmp/Chia-wei.Hsu/untar_dir/20080101.ocean_month.nc exist, skipping...
2025-04-22 22:58:18,057 - INFO - (ncks) extracting variable /collab1/data_untrusted/Chia-wei.Hsu/decadel_output_dir/decadal.ocean_month.i200801.e09.2008.tos.nc ...
2025-04-22 23:02:32,268 - WARNING - extracted tar file /vftmp/Chia-wei.Hsu/untar_dir/20090101.ocean_month.nc exist, skipping...
2025-04-22 23:02:32,269 - INFO - (ncks) extracting variable /collab1/data_untrusted/Chia-wei.Hsu/decadel_output_dir/decadal.ocean_month.i200801.e09.2009.tos.nc ...
2025-04-23 00:15:25,600 - WARNING - extracted tar file /vftmp/Chia-wei.Hsu/untar_dir/20100101.ocean_month.nc exist, skipping...
2025-04-23 00:15:25,602 - INFO - (ncks) extracting variable /collab1/data_untrusted/Chia-wei.Hsu/decadel_output_dir/decadal.ocean_month.i200801.e09.2010.tos.nc ...
2025-04-23 00:19:06,816 - WARNING - extracted tar file /vftmp/Chia-wei.Hsu/untar_dir/20110101.ocean_month.nc exist, skipping...
2025-04-23 00:19:06,818 - INFO - (ncks) extracting variable /collab1/data_untrusted/Chia-wei.Hsu/decadel_output_dir/decadal.ocean_month.i200801.e09.2011.tos.nc ...
2025-04-23 00:21:32,924 - WARNING - extracted tar file /vftmp/Chia-wei.Hsu/untar_dir/20120101.ocean_month.nc exist, skipping...
2025-04-23 00:21:32,924 - INFO - (ncks) extracting variable /collab1/data_untrusted/Chia-wei.Hsu/decadel_output_dir/decadal.ocean_month.i200801.e09.2012.tos.nc ...
2025-04-23 00:30:00,756 - WARNING - extracted tar file /vftmp/Chia-wei.Hsu/untar_dir/20130101.ocean_month.nc exist, skipping...
2025-04-23 00:30:00,757 - INFO - (ncks) extracting variable /collab1/data_untrusted/Chia-wei.Hsu/decadel_output_dir/decadal.ocean_month.i200801.e09.2013.tos.nc ...
2025-04-23 02:06:33,763 - WARNING - extracted tar file /vftmp/Chia-wei.Hsu/untar_dir/20140101.ocean_month.nc exist, skipping...
2025-04-23 02:06:33,764 - INFO - (ncks) extracting variable /collab1/data_untrusted/Chia-wei.Hsu/decadel_output_dir/decadal.ocean_month.i200801.e09.2014.tos.nc ...
2025-04-23 03:11:37,595 - WARNING - extracted tar file /vftmp/Chia-wei.Hsu/untar_dir/20150101.ocean_month.nc exist, skipping...
2025-04-23 03:11:37,596 - INFO - (ncks) extracting variable /collab1/data_untrusted/Chia-wei.Hsu/decadel_output_dir/decadal.ocean_month.i200801.e09.2015.tos.nc ...
2025-04-23 03:14:39,388 - WARNING - extracted tar file /vftmp/Chia-wei.Hsu/untar_dir/20160101.ocean_month.nc exist, skipping...
2025-04-23 03:14:39,389 - INFO - (ncks) extracting variable /collab1/data_untrusted/Chia-wei.Hsu/decadel_output_dir/decadal.ocean_month.i200801.e09.2016.tos.nc ...
2025-04-23 03:23:19,805 - WARNING - extracted tar file /vftmp/Chia-wei.Hsu/untar_dir/20170101.ocean_month.nc exist, skipping...
2025-04-23 03:23:19,806 - INFO - (ncks) extracting variable /collab1/data_untrusted/Chia-wei.Hsu/decadel_output_dir/decadal.ocean_month.i200801.e09.2017.tos.nc ...
2025-04-23 03:23:20,197 - INFO - (ncrcat) concatenating files for single variable, single ensemble, multi-lead ...
2025-04-23 03:23:25,306 - INFO - concatenated file at /collab1/data_untrusted/Chia-wei.Hsu/decadel_output_dir/decadal.ocean_month.i200801.e09.tos.nc ...
2025-04-23 03:23:25,313 - INFO - remove individual files
2025-04-23 03:23:25,384 - INFO - === Processing variable tos ...
2025-04-23 03:23:25,385 - INFO - ===== Processing initial year 2008 initial month  1 ensamble_number 10...
2025-04-23 03:30:09,729 - WARNING - extracted tar file /vftmp/Chia-wei.Hsu/untar_dir/20080101.ocean_month.nc exist, skipping...
2025-04-23 03:30:09,730 - INFO - (ncks) extracting variable /collab1/data_untrusted/Chia-wei.Hsu/decadel_output_dir/decadal.ocean_month.i200801.e10.2008.tos.nc ...
2025-04-23 03:33:40,508 - WARNING - extracted tar file /vftmp/Chia-wei.Hsu/untar_dir/20090101.ocean_month.nc exist, skipping...
2025-04-23 03:33:40,509 - INFO - (ncks) extracting variable /collab1/data_untrusted/Chia-wei.Hsu/decadel_output_dir/decadal.ocean_month.i200801.e10.2009.tos.nc ...
2025-04-23 04:14:21,054 - WARNING - extracted tar file /vftmp/Chia-wei.Hsu/untar_dir/20100101.ocean_month.nc exist, skipping...
2025-04-23 04:14:21,055 - INFO - (ncks) extracting variable /collab1/data_untrusted/Chia-wei.Hsu/decadel_output_dir/decadal.ocean_month.i200801.e10.2010.tos.nc ...
2025-04-23 04:17:16,366 - WARNING - extracted tar file /vftmp/Chia-wei.Hsu/untar_dir/20110101.ocean_month.nc exist, skipping...
2025-04-23 04:17:16,367 - INFO - (ncks) extracting variable /collab1/data_untrusted/Chia-wei.Hsu/decadel_output_dir/decadal.ocean_month.i200801.e10.2011.tos.nc ...
2025-04-23 04:43:11,267 - WARNING - extracted tar file /vftmp/Chia-wei.Hsu/untar_dir/20120101.ocean_month.nc exist, skipping...
2025-04-23 04:43:11,268 - INFO - (ncks) extracting variable /collab1/data_untrusted/Chia-wei.Hsu/decadel_output_dir/decadal.ocean_month.i200801.e10.2012.tos.nc ...
2025-04-23 04:46:41,785 - WARNING - extracted tar file /vftmp/Chia-wei.Hsu/untar_dir/20130101.ocean_month.nc exist, skipping...
2025-04-23 04:46:41,785 - INFO - (ncks) extracting variable /collab1/data_untrusted/Chia-wei.Hsu/decadel_output_dir/decadal.ocean_month.i200801.e10.2013.tos.nc ...
2025-04-23 04:49:34,574 - WARNING - extracted tar file /vftmp/Chia-wei.Hsu/untar_dir/20140101.ocean_month.nc exist, skipping...
2025-04-23 04:49:34,575 - INFO - (ncks) extracting variable /collab1/data_untrusted/Chia-wei.Hsu/decadel_output_dir/decadal.ocean_month.i200801.e10.2014.tos.nc ...
2025-04-23 04:52:09,577 - WARNING - extracted tar file /vftmp/Chia-wei.Hsu/untar_dir/20150101.ocean_month.nc exist, skipping...
2025-04-23 04:52:09,579 - INFO - (ncks) extracting variable /collab1/data_untrusted/Chia-wei.Hsu/decadel_output_dir/decadal.ocean_month.i200801.e10.2015.tos.nc ...
2025-04-23 04:59:04,182 - WARNING - extracted tar file /vftmp/Chia-wei.Hsu/untar_dir/20160101.ocean_month.nc exist, skipping...
2025-04-23 04:59:04,183 - INFO - (ncks) extracting variable /collab1/data_untrusted/Chia-wei.Hsu/decadel_output_dir/decadal.ocean_month.i200801.e10.2016.tos.nc ...
2025-04-23 05:11:16,097 - WARNING - extracted tar file /vftmp/Chia-wei.Hsu/untar_dir/20170101.ocean_month.nc exist, skipping...
2025-04-23 05:11:16,098 - INFO - (ncks) extracting variable /collab1/data_untrusted/Chia-wei.Hsu/decadel_output_dir/decadal.ocean_month.i200801.e10.2017.tos.nc ...
2025-04-23 05:11:16,176 - INFO - (ncrcat) concatenating files for single variable, single ensemble, multi-lead ...
2025-04-23 05:11:21,692 - INFO - concatenated file at /collab1/data_untrusted/Chia-wei.Hsu/decadel_output_dir/decadal.ocean_month.i200801.e10.tos.nc ...
2025-04-23 05:11:21,699 - INFO - remove individual files
