2025-05-09 13:19:02,777 - INFO - === Processing variable tos ...
2025-05-09 13:19:02,779 - WARNING - concatenate file /collab1/data_untrusted/Chia-wei.Hsu/decadel_output_dir/decadal.ocean_month.i201401.e07.tos.nc exist, skipping...
2025-05-09 13:19:02,780 - INFO - === Processing variable tos ...
2025-05-09 13:19:02,781 - INFO - ===== Processing initial year 2014 initial month  1 ensamble_number  8...
2025-05-09 13:19:03,037 - WARNING - extracted tar file /vftmp/Chia-wei.Hsu/untar_dir_decadal_2014_1_8_r20250505/20140101.ocean_month.nc exist, skipping...
2025-05-09 13:19:03,038 - WARNING - extracted variable file /collab1/data_untrusted/Chia-wei.Hsu/decadel_output_dir/decadal.ocean_month.i201401.e08.2014.tos.nc exist, skipping...
2025-05-09 13:19:03,290 - WARNING - extracted tar file /vftmp/Chia-wei.Hsu/untar_dir_decadal_2014_1_8_r20250505/20150101.ocean_month.nc exist, skipping...
2025-05-09 13:19:03,290 - WARNING - extracted variable file /collab1/data_untrusted/Chia-wei.Hsu/decadel_output_dir/decadal.ocean_month.i201401.e08.2015.tos.nc exist, skipping...
2025-05-09 13:19:03,541 - WARNING - extracted tar file /vftmp/Chia-wei.Hsu/untar_dir_decadal_2014_1_8_r20250505/20160101.ocean_month.nc exist, skipping...
2025-05-09 13:19:03,542 - WARNING - extracted variable file /collab1/data_untrusted/Chia-wei.Hsu/decadel_output_dir/decadal.ocean_month.i201401.e08.2016.tos.nc exist, skipping...
2025-05-09 13:19:03,793 - WARNING - extracted tar file /vftmp/Chia-wei.Hsu/untar_dir_decadal_2014_1_8_r20250505/20170101.ocean_month.nc exist, skipping...
2025-05-09 13:19:03,793 - WARNING - extracted variable file /collab1/data_untrusted/Chia-wei.Hsu/decadel_output_dir/decadal.ocean_month.i201401.e08.2017.tos.nc exist, skipping...
2025-05-09 13:19:04,044 - WARNING - extracted tar file /vftmp/Chia-wei.Hsu/untar_dir_decadal_2014_1_8_r20250505/20180101.ocean_month.nc exist, skipping...
2025-05-09 13:19:04,045 - WARNING - extracted variable file /collab1/data_untrusted/Chia-wei.Hsu/decadel_output_dir/decadal.ocean_month.i201401.e08.2018.tos.nc exist, skipping...
2025-05-09 13:19:04,295 - WARNING - extracted tar file /vftmp/Chia-wei.Hsu/untar_dir_decadal_2014_1_8_r20250505/20190101.ocean_month.nc exist, skipping...
2025-05-09 13:19:04,295 - WARNING - extracted variable file /collab1/data_untrusted/Chia-wei.Hsu/decadel_output_dir/decadal.ocean_month.i201401.e08.2019.tos.nc exist, skipping...
2025-05-09 13:19:04,546 - INFO - (tar -xf) extracting tar file /vftmp/Chia-wei.Hsu/untar_dir_decadal_2014_1_8_r20250505/20200101.ocean_month.nc ...
2025-05-09 13:19:19,656 - INFO - (ncks) extracting variable /collab1/data_untrusted/Chia-wei.Hsu/decadel_output_dir/decadal.ocean_month.i201401.e08.2020.tos.nc ...
2025-05-09 13:26:13,828 - INFO - (tar -xf) extracting tar file /vftmp/Chia-wei.Hsu/untar_dir_decadal_2014_1_8_r20250505/20210101.ocean_month.nc ...
2025-05-09 13:26:20,299 - INFO - (ncks) extracting variable /collab1/data_untrusted/Chia-wei.Hsu/decadel_output_dir/decadal.ocean_month.i201401.e08.2021.tos.nc ...
2025-05-09 13:30:20,759 - INFO - (tar -xf) extracting tar file /vftmp/Chia-wei.Hsu/untar_dir_decadal_2014_1_8_r20250505/20220101.ocean_month.nc ...
2025-05-09 13:30:39,327 - INFO - (ncks) extracting variable /collab1/data_untrusted/Chia-wei.Hsu/decadel_output_dir/decadal.ocean_month.i201401.e08.2022.tos.nc ...
2025-05-09 13:34:29,710 - INFO - (tar -xf) extracting tar file /vftmp/Chia-wei.Hsu/untar_dir_decadal_2014_1_8_r20250505/20230101.ocean_month.nc ...
2025-05-09 13:34:44,637 - INFO - (ncks) extracting variable /collab1/data_untrusted/Chia-wei.Hsu/decadel_output_dir/decadal.ocean_month.i201401.e08.2023.tos.nc ...
2025-05-09 13:34:44,729 - INFO - (ncrcat) concatenating files for single variable, single ensemble, multi-lead ...
2025-05-09 13:34:46,637 - INFO - concatenated file at /collab1/data_untrusted/Chia-wei.Hsu/decadel_output_dir/decadal.ocean_month.i201401.e08.tos.nc ...
2025-05-09 13:34:46,642 - INFO - remove individual files
2025-05-09 13:34:46,643 - INFO - === Processing variable tos ...
2025-05-09 13:34:46,643 - INFO - ===== Processing initial year 2014 initial month  1 ensamble_number  9...
2025-05-09 13:38:48,764 - INFO - (tar -xf) extracting tar file /vftmp/Chia-wei.Hsu/untar_dir_decadal_2014_1_9_r20250505/20140101.ocean_month.nc ...
2025-05-09 13:39:10,439 - INFO - (ncks) extracting variable /collab1/data_untrusted/Chia-wei.Hsu/decadel_output_dir/decadal.ocean_month.i201401.e09.2014.tos.nc ...
2025-05-09 13:43:07,770 - INFO - (tar -xf) extracting tar file /vftmp/Chia-wei.Hsu/untar_dir_decadal_2014_1_9_r20250505/20150101.ocean_month.nc ...
2025-05-09 13:43:17,135 - INFO - (ncks) extracting variable /collab1/data_untrusted/Chia-wei.Hsu/decadel_output_dir/decadal.ocean_month.i201401.e09.2015.tos.nc ...
2025-05-09 13:46:20,458 - INFO - (tar -xf) extracting tar file /vftmp/Chia-wei.Hsu/untar_dir_decadal_2014_1_9_r20250505/20160101.ocean_month.nc ...
2025-05-09 13:46:27,528 - INFO - (ncks) extracting variable /collab1/data_untrusted/Chia-wei.Hsu/decadel_output_dir/decadal.ocean_month.i201401.e09.2016.tos.nc ...
2025-05-09 13:50:16,776 - INFO - (tar -xf) extracting tar file /vftmp/Chia-wei.Hsu/untar_dir_decadal_2014_1_9_r20250505/20170101.ocean_month.nc ...
2025-05-09 13:50:24,374 - INFO - (ncks) extracting variable /collab1/data_untrusted/Chia-wei.Hsu/decadel_output_dir/decadal.ocean_month.i201401.e09.2017.tos.nc ...
2025-05-09 13:55:40,183 - INFO - (tar -xf) extracting tar file /vftmp/Chia-wei.Hsu/untar_dir_decadal_2014_1_9_r20250505/20180101.ocean_month.nc ...
2025-05-09 13:55:57,530 - INFO - (ncks) extracting variable /collab1/data_untrusted/Chia-wei.Hsu/decadel_output_dir/decadal.ocean_month.i201401.e09.2018.tos.nc ...
2025-05-09 14:23:04,119 - INFO - (tar -xf) extracting tar file /vftmp/Chia-wei.Hsu/untar_dir_decadal_2014_1_9_r20250505/20190101.ocean_month.nc ...
2025-05-09 14:23:15,193 - INFO - (ncks) extracting variable /collab1/data_untrusted/Chia-wei.Hsu/decadel_output_dir/decadal.ocean_month.i201401.e09.2019.tos.nc ...
2025-05-09 14:27:15,496 - INFO - (tar -xf) extracting tar file /vftmp/Chia-wei.Hsu/untar_dir_decadal_2014_1_9_r20250505/20200101.ocean_month.nc ...
2025-05-09 14:27:25,147 - INFO - (ncks) extracting variable /collab1/data_untrusted/Chia-wei.Hsu/decadel_output_dir/decadal.ocean_month.i201401.e09.2020.tos.nc ...
2025-05-09 14:33:58,484 - INFO - (tar -xf) extracting tar file /vftmp/Chia-wei.Hsu/untar_dir_decadal_2014_1_9_r20250505/20210101.ocean_month.nc ...
2025-05-09 14:34:08,490 - INFO - (ncks) extracting variable /collab1/data_untrusted/Chia-wei.Hsu/decadel_output_dir/decadal.ocean_month.i201401.e09.2021.tos.nc ...
2025-05-09 14:40:51,730 - INFO - (tar -xf) extracting tar file /vftmp/Chia-wei.Hsu/untar_dir_decadal_2014_1_9_r20250505/20220101.ocean_month.nc ...
2025-05-09 14:41:00,737 - INFO - (ncks) extracting variable /collab1/data_untrusted/Chia-wei.Hsu/decadel_output_dir/decadal.ocean_month.i201401.e09.2022.tos.nc ...
2025-05-09 14:43:28,315 - INFO - (tar -xf) extracting tar file /vftmp/Chia-wei.Hsu/untar_dir_decadal_2014_1_9_r20250505/20230101.ocean_month.nc ...
2025-05-09 14:43:31,377 - INFO - (ncks) extracting variable /collab1/data_untrusted/Chia-wei.Hsu/decadel_output_dir/decadal.ocean_month.i201401.e09.2023.tos.nc ...
2025-05-09 14:43:31,473 - INFO - (ncrcat) concatenating files for single variable, single ensemble, multi-lead ...
2025-05-09 14:43:33,784 - INFO - concatenated file at /collab1/data_untrusted/Chia-wei.Hsu/decadel_output_dir/decadal.ocean_month.i201401.e09.tos.nc ...
2025-05-09 14:43:33,790 - INFO - remove individual files
2025-05-09 14:43:33,835 - INFO - === Processing variable tos ...
2025-05-09 14:43:33,835 - INFO - ===== Processing initial year 2014 initial month  1 ensamble_number 10...
2025-05-09 14:47:19,916 - INFO - (tar -xf) extracting tar file /vftmp/Chia-wei.Hsu/untar_dir_decadal_2014_1_10_r20250505/20140101.ocean_month.nc ...
2025-05-09 14:47:28,224 - INFO - (ncks) extracting variable /collab1/data_untrusted/Chia-wei.Hsu/decadel_output_dir/decadal.ocean_month.i201401.e10.2014.tos.nc ...
2025-05-09 14:52:57,601 - INFO - (tar -xf) extracting tar file /vftmp/Chia-wei.Hsu/untar_dir_decadal_2014_1_10_r20250505/20150101.ocean_month.nc ...
2025-05-09 14:53:03,700 - INFO - (ncks) extracting variable /collab1/data_untrusted/Chia-wei.Hsu/decadel_output_dir/decadal.ocean_month.i201401.e10.2015.tos.nc ...
2025-05-09 14:56:47,170 - INFO - (tar -xf) extracting tar file /vftmp/Chia-wei.Hsu/untar_dir_decadal_2014_1_10_r20250505/20160101.ocean_month.nc ...
2025-05-09 14:56:58,101 - INFO - (ncks) extracting variable /collab1/data_untrusted/Chia-wei.Hsu/decadel_output_dir/decadal.ocean_month.i201401.e10.2016.tos.nc ...
2025-05-09 15:00:52,632 - INFO - (tar -xf) extracting tar file /vftmp/Chia-wei.Hsu/untar_dir_decadal_2014_1_10_r20250505/20170101.ocean_month.nc ...
2025-05-09 15:01:04,493 - INFO - (ncks) extracting variable /collab1/data_untrusted/Chia-wei.Hsu/decadel_output_dir/decadal.ocean_month.i201401.e10.2017.tos.nc ...
2025-05-09 15:04:23,448 - INFO - (tar -xf) extracting tar file /vftmp/Chia-wei.Hsu/untar_dir_decadal_2014_1_10_r20250505/20180101.ocean_month.nc ...
2025-05-09 15:04:32,369 - INFO - (ncks) extracting variable /collab1/data_untrusted/Chia-wei.Hsu/decadel_output_dir/decadal.ocean_month.i201401.e10.2018.tos.nc ...
2025-05-09 15:08:00,598 - INFO - (tar -xf) extracting tar file /vftmp/Chia-wei.Hsu/untar_dir_decadal_2014_1_10_r20250505/20190101.ocean_month.nc ...
2025-05-09 15:08:12,470 - INFO - (ncks) extracting variable /collab1/data_untrusted/Chia-wei.Hsu/decadel_output_dir/decadal.ocean_month.i201401.e10.2019.tos.nc ...
2025-05-09 15:13:13,026 - INFO - (tar -xf) extracting tar file /vftmp/Chia-wei.Hsu/untar_dir_decadal_2014_1_10_r20250505/20200101.ocean_month.nc ...
2025-05-09 15:13:21,324 - INFO - (ncks) extracting variable /collab1/data_untrusted/Chia-wei.Hsu/decadel_output_dir/decadal.ocean_month.i201401.e10.2020.tos.nc ...
2025-05-09 15:16:09,229 - INFO - (tar -xf) extracting tar file /vftmp/Chia-wei.Hsu/untar_dir_decadal_2014_1_10_r20250505/20210101.ocean_month.nc ...
2025-05-09 15:16:19,391 - INFO - (ncks) extracting variable /collab1/data_untrusted/Chia-wei.Hsu/decadel_output_dir/decadal.ocean_month.i201401.e10.2021.tos.nc ...
2025-05-09 15:21:17,437 - INFO - (tar -xf) extracting tar file /vftmp/Chia-wei.Hsu/untar_dir_decadal_2014_1_10_r20250505/20220101.ocean_month.nc ...
2025-05-09 15:21:27,188 - INFO - (ncks) extracting variable /collab1/data_untrusted/Chia-wei.Hsu/decadel_output_dir/decadal.ocean_month.i201401.e10.2022.tos.nc ...
2025-05-09 15:26:03,562 - INFO - (tar -xf) extracting tar file /vftmp/Chia-wei.Hsu/untar_dir_decadal_2014_1_10_r20250505/20230101.ocean_month.nc ...
2025-05-09 15:26:13,468 - INFO - (ncks) extracting variable /collab1/data_untrusted/Chia-wei.Hsu/decadel_output_dir/decadal.ocean_month.i201401.e10.2023.tos.nc ...
2025-05-09 15:26:13,567 - INFO - (ncrcat) concatenating files for single variable, single ensemble, multi-lead ...
2025-05-09 15:26:15,412 - INFO - concatenated file at /collab1/data_untrusted/Chia-wei.Hsu/decadel_output_dir/decadal.ocean_month.i201401.e10.tos.nc ...
2025-05-09 15:26:15,417 - INFO - remove individual files
