2025-04-22 12:26:45,969 - INFO - === Processing variable tos ...
2025-04-22 12:26:45,969 - WARNING - concatenate file /collab1/data_untrusted/Chia-wei.Hsu/decadel_output_dir/decadal.ocean_month.i201701.e07.tos.nc exist, skipping...
2025-04-22 12:26:46,192 - INFO - === Processing variable tos ...
2025-04-22 12:26:46,193 - INFO - ===== Processing initial year 2017 initial month  1 ensamble_number  8...
2025-04-22 15:36:53,454 - WARNING - extracted tar file /vftmp/Chia-wei.Hsu/untar_dir/20170101.ocean_month.nc exist, skipping...
2025-04-22 15:36:53,455 - INFO - (ncks) extracting variable /collab1/data_untrusted/Chia-wei.Hsu/decadel_output_dir/decadal.ocean_month.i201701.e08.2017.tos.nc ...
2025-04-22 15:47:34,058 - WARNING - extracted tar file /vftmp/Chia-wei.Hsu/untar_dir/20180101.ocean_month.nc exist, skipping...
2025-04-22 15:47:34,059 - INFO - (ncks) extracting variable /collab1/data_untrusted/Chia-wei.Hsu/decadel_output_dir/decadal.ocean_month.i201701.e08.2018.tos.nc ...
2025-04-22 15:52:31,764 - WARNING - extracted tar file /vftmp/Chia-wei.Hsu/untar_dir/20190101.ocean_month.nc exist, skipping...
2025-04-22 15:52:31,766 - INFO - (ncks) extracting variable /collab1/data_untrusted/Chia-wei.Hsu/decadel_output_dir/decadal.ocean_month.i201701.e08.2019.tos.nc ...
2025-04-22 19:13:45,208 - WARNING - extracted tar file /vftmp/Chia-wei.Hsu/untar_dir/20200101.ocean_month.nc exist, skipping...
2025-04-22 19:13:45,209 - INFO - (ncks) extracting variable /collab1/data_untrusted/Chia-wei.Hsu/decadel_output_dir/decadal.ocean_month.i201701.e08.2020.tos.nc ...
2025-04-22 19:18:46,636 - WARNING - extracted tar file /vftmp/Chia-wei.Hsu/untar_dir/20210101.ocean_month.nc exist, skipping...
2025-04-22 19:18:46,637 - INFO - (ncks) extracting variable /collab1/data_untrusted/Chia-wei.Hsu/decadel_output_dir/decadal.ocean_month.i201701.e08.2021.tos.nc ...
2025-04-22 19:22:51,664 - WARNING - extracted tar file /vftmp/Chia-wei.Hsu/untar_dir/20220101.ocean_month.nc exist, skipping...
2025-04-22 19:22:51,665 - INFO - (ncks) extracting variable /collab1/data_untrusted/Chia-wei.Hsu/decadel_output_dir/decadal.ocean_month.i201701.e08.2022.tos.nc ...
2025-04-22 19:25:21,625 - WARNING - extracted tar file /vftmp/Chia-wei.Hsu/untar_dir/20230101.ocean_month.nc exist, skipping...
2025-04-22 19:25:21,626 - INFO - (ncks) extracting variable /collab1/data_untrusted/Chia-wei.Hsu/decadel_output_dir/decadal.ocean_month.i201701.e08.2023.tos.nc ...
2025-04-22 19:29:05,843 - WARNING - extracted tar file /vftmp/Chia-wei.Hsu/untar_dir/20240101.ocean_month.nc exist, skipping...
2025-04-22 19:29:05,844 - INFO - (ncks) extracting variable /collab1/data_untrusted/Chia-wei.Hsu/decadel_output_dir/decadal.ocean_month.i201701.e08.2024.tos.nc ...
2025-04-22 19:33:19,993 - WARNING - extracted tar file /vftmp/Chia-wei.Hsu/untar_dir/20250101.ocean_month.nc exist, skipping...
2025-04-22 19:33:19,994 - INFO - (ncks) extracting variable /collab1/data_untrusted/Chia-wei.Hsu/decadel_output_dir/decadal.ocean_month.i201701.e08.2025.tos.nc ...
2025-04-22 19:35:22,360 - WARNING - extracted tar file /vftmp/Chia-wei.Hsu/untar_dir/20260101.ocean_month.nc exist, skipping...
2025-04-22 19:35:22,362 - INFO - (ncks) extracting variable /collab1/data_untrusted/Chia-wei.Hsu/decadel_output_dir/decadal.ocean_month.i201701.e08.2026.tos.nc ...
2025-04-22 19:35:22,481 - INFO - (ncrcat) concatenating files for single variable, single ensemble, multi-lead ...
2025-04-22 19:35:25,457 - INFO - concatenated file at /collab1/data_untrusted/Chia-wei.Hsu/decadel_output_dir/decadal.ocean_month.i201701.e08.tos.nc ...
2025-04-22 19:35:25,463 - INFO - remove individual files
2025-04-22 19:35:25,501 - INFO - === Processing variable tos ...
2025-04-22 19:35:25,501 - INFO - ===== Processing initial year 2017 initial month  1 ensamble_number  9...
2025-04-22 19:40:52,741 - WARNING - extracted tar file /vftmp/Chia-wei.Hsu/untar_dir/20170101.ocean_month.nc exist, skipping...
2025-04-22 19:40:52,742 - INFO - (ncks) extracting variable /collab1/data_untrusted/Chia-wei.Hsu/decadel_output_dir/decadal.ocean_month.i201701.e09.2017.tos.nc ...
2025-04-22 22:05:57,947 - WARNING - extracted tar file /vftmp/Chia-wei.Hsu/untar_dir/20180101.ocean_month.nc exist, skipping...
2025-04-22 22:05:58,045 - INFO - (ncks) extracting variable /collab1/data_untrusted/Chia-wei.Hsu/decadel_output_dir/decadal.ocean_month.i201701.e09.2018.tos.nc ...
2025-04-22 22:08:06,217 - WARNING - extracted tar file /vftmp/Chia-wei.Hsu/untar_dir/20190101.ocean_month.nc exist, skipping...
2025-04-22 22:08:06,219 - INFO - (ncks) extracting variable /collab1/data_untrusted/Chia-wei.Hsu/decadel_output_dir/decadal.ocean_month.i201701.e09.2019.tos.nc ...
2025-04-22 22:18:14,216 - WARNING - extracted tar file /vftmp/Chia-wei.Hsu/untar_dir/20200101.ocean_month.nc exist, skipping...
2025-04-22 22:18:14,218 - INFO - (ncks) extracting variable /collab1/data_untrusted/Chia-wei.Hsu/decadel_output_dir/decadal.ocean_month.i201701.e09.2020.tos.nc ...
2025-04-22 22:22:26,128 - WARNING - extracted tar file /vftmp/Chia-wei.Hsu/untar_dir/20210101.ocean_month.nc exist, skipping...
2025-04-22 22:22:26,129 - INFO - (ncks) extracting variable /collab1/data_untrusted/Chia-wei.Hsu/decadel_output_dir/decadal.ocean_month.i201701.e09.2021.tos.nc ...
2025-04-22 22:29:31,507 - WARNING - extracted tar file /vftmp/Chia-wei.Hsu/untar_dir/20220101.ocean_month.nc exist, skipping...
2025-04-22 22:29:31,508 - INFO - (ncks) extracting variable /collab1/data_untrusted/Chia-wei.Hsu/decadel_output_dir/decadal.ocean_month.i201701.e09.2022.tos.nc ...
2025-04-22 22:36:02,064 - WARNING - extracted tar file /vftmp/Chia-wei.Hsu/untar_dir/20230101.ocean_month.nc exist, skipping...
2025-04-22 22:36:02,065 - INFO - (ncks) extracting variable /collab1/data_untrusted/Chia-wei.Hsu/decadel_output_dir/decadal.ocean_month.i201701.e09.2023.tos.nc ...
2025-04-22 22:38:27,988 - WARNING - extracted tar file /vftmp/Chia-wei.Hsu/untar_dir/20240101.ocean_month.nc exist, skipping...
2025-04-22 22:38:27,990 - INFO - (ncks) extracting variable /collab1/data_untrusted/Chia-wei.Hsu/decadel_output_dir/decadal.ocean_month.i201701.e09.2024.tos.nc ...
2025-04-22 22:42:37,776 - WARNING - extracted tar file /vftmp/Chia-wei.Hsu/untar_dir/20250101.ocean_month.nc exist, skipping...
2025-04-22 22:42:37,777 - INFO - (ncks) extracting variable /collab1/data_untrusted/Chia-wei.Hsu/decadel_output_dir/decadal.ocean_month.i201701.e09.2025.tos.nc ...
2025-04-22 22:47:24,279 - WARNING - extracted tar file /vftmp/Chia-wei.Hsu/untar_dir/20260101.ocean_month.nc exist, skipping...
2025-04-22 22:47:24,280 - INFO - (ncks) extracting variable /collab1/data_untrusted/Chia-wei.Hsu/decadel_output_dir/decadal.ocean_month.i201701.e09.2026.tos.nc ...
2025-04-22 22:47:24,756 - INFO - (ncrcat) concatenating files for single variable, single ensemble, multi-lead ...
2025-04-22 22:47:32,777 - INFO - concatenated file at /collab1/data_untrusted/Chia-wei.Hsu/decadel_output_dir/decadal.ocean_month.i201701.e09.tos.nc ...
2025-04-22 22:47:32,786 - INFO - remove individual files
2025-04-22 22:47:32,842 - INFO - === Processing variable tos ...
2025-04-22 22:47:32,842 - INFO - ===== Processing initial year 2017 initial month  1 ensamble_number 10...
2025-04-22 22:51:17,254 - WARNING - extracted tar file /vftmp/Chia-wei.Hsu/untar_dir/20170101.ocean_month.nc exist, skipping...
2025-04-22 22:51:17,255 - INFO - (ncks) extracting variable /collab1/data_untrusted/Chia-wei.Hsu/decadel_output_dir/decadal.ocean_month.i201701.e10.2017.tos.nc ...
2025-04-22 22:53:07,842 - WARNING - extracted tar file /vftmp/Chia-wei.Hsu/untar_dir/20180101.ocean_month.nc exist, skipping...
2025-04-22 22:53:07,852 - INFO - (ncks) extracting variable /collab1/data_untrusted/Chia-wei.Hsu/decadel_output_dir/decadal.ocean_month.i201701.e10.2018.tos.nc ...
2025-04-22 23:43:54,185 - WARNING - extracted tar file /vftmp/Chia-wei.Hsu/untar_dir/20190101.ocean_month.nc exist, skipping...
2025-04-22 23:43:54,187 - INFO - (ncks) extracting variable /collab1/data_untrusted/Chia-wei.Hsu/decadel_output_dir/decadal.ocean_month.i201701.e10.2019.tos.nc ...
2025-04-22 23:47:26,314 - WARNING - extracted tar file /vftmp/Chia-wei.Hsu/untar_dir/20200101.ocean_month.nc exist, skipping...
2025-04-22 23:47:26,315 - INFO - (ncks) extracting variable /collab1/data_untrusted/Chia-wei.Hsu/decadel_output_dir/decadal.ocean_month.i201701.e10.2020.tos.nc ...
2025-04-22 23:51:26,457 - WARNING - extracted tar file /vftmp/Chia-wei.Hsu/untar_dir/20210101.ocean_month.nc exist, skipping...
2025-04-22 23:51:26,458 - INFO - (ncks) extracting variable /collab1/data_untrusted/Chia-wei.Hsu/decadel_output_dir/decadal.ocean_month.i201701.e10.2021.tos.nc ...
2025-04-22 23:54:53,620 - WARNING - extracted tar file /vftmp/Chia-wei.Hsu/untar_dir/20220101.ocean_month.nc exist, skipping...
2025-04-22 23:54:53,620 - INFO - (ncks) extracting variable /collab1/data_untrusted/Chia-wei.Hsu/decadel_output_dir/decadal.ocean_month.i201701.e10.2022.tos.nc ...
2025-04-23 00:03:53,293 - WARNING - extracted tar file /vftmp/Chia-wei.Hsu/untar_dir/20230101.ocean_month.nc exist, skipping...
2025-04-23 00:03:53,293 - INFO - (ncks) extracting variable /collab1/data_untrusted/Chia-wei.Hsu/decadel_output_dir/decadal.ocean_month.i201701.e10.2023.tos.nc ...
2025-04-23 00:18:28,861 - WARNING - extracted tar file /vftmp/Chia-wei.Hsu/untar_dir/20240101.ocean_month.nc exist, skipping...
2025-04-23 00:18:28,862 - INFO - (ncks) extracting variable /collab1/data_untrusted/Chia-wei.Hsu/decadel_output_dir/decadal.ocean_month.i201701.e10.2024.tos.nc ...
2025-04-23 00:22:21,950 - WARNING - extracted tar file /vftmp/Chia-wei.Hsu/untar_dir/20250101.ocean_month.nc exist, skipping...
2025-04-23 00:22:21,951 - INFO - (ncks) extracting variable /collab1/data_untrusted/Chia-wei.Hsu/decadel_output_dir/decadal.ocean_month.i201701.e10.2025.tos.nc ...
2025-04-23 00:25:53,744 - WARNING - extracted tar file /vftmp/Chia-wei.Hsu/untar_dir/20260101.ocean_month.nc exist, skipping...
2025-04-23 00:25:53,744 - INFO - (ncks) extracting variable /collab1/data_untrusted/Chia-wei.Hsu/decadel_output_dir/decadal.ocean_month.i201701.e10.2026.tos.nc ...
2025-04-23 00:25:53,829 - INFO - (ncrcat) concatenating files for single variable, single ensemble, multi-lead ...
2025-04-23 00:25:57,239 - INFO - concatenated file at /collab1/data_untrusted/Chia-wei.Hsu/decadel_output_dir/decadal.ocean_month.i201701.e10.tos.nc ...
2025-04-23 00:25:57,246 - INFO - remove individual files
