2025-04-22 12:26:45,917 - INFO - === Processing variable tos ...
2025-04-22 12:26:45,928 - WARNING - concatenate file /collab1/data_untrusted/Chia-wei.Hsu/decadel_output_dir/decadal.ocean_month.i197301.e07.tos.nc exist, skipping...
2025-04-22 12:26:46,226 - INFO - === Processing variable tos ...
2025-04-22 12:26:46,226 - INFO - ===== Processing initial year 1973 initial month  1 ensamble_number  8...
2025-04-22 13:10:33,596 - WARNING - extracted tar file /vftmp/Chia-wei.Hsu/untar_dir/19730101.ocean_month.nc exist, skipping...
2025-04-22 13:10:33,598 - INFO - (ncks) extracting variable /collab1/data_untrusted/Chia-wei.Hsu/decadel_output_dir/decadal.ocean_month.i197301.e08.1973.tos.nc ...
2025-04-22 13:26:09,596 - WARNING - extracted tar file /vftmp/Chia-wei.Hsu/untar_dir/19740101.ocean_month.nc exist, skipping...
2025-04-22 13:26:09,597 - INFO - (ncks) extracting variable /collab1/data_untrusted/Chia-wei.Hsu/decadel_output_dir/decadal.ocean_month.i197301.e08.1974.tos.nc ...
2025-04-22 14:02:23,781 - WARNING - extracted tar file /vftmp/Chia-wei.Hsu/untar_dir/19750101.ocean_month.nc exist, skipping...
2025-04-22 14:02:23,782 - INFO - (ncks) extracting variable /collab1/data_untrusted/Chia-wei.Hsu/decadel_output_dir/decadal.ocean_month.i197301.e08.1975.tos.nc ...
2025-04-22 14:09:17,959 - WARNING - extracted tar file /vftmp/Chia-wei.Hsu/untar_dir/19760101.ocean_month.nc exist, skipping...
2025-04-22 14:09:17,960 - INFO - (ncks) extracting variable /collab1/data_untrusted/Chia-wei.Hsu/decadel_output_dir/decadal.ocean_month.i197301.e08.1976.tos.nc ...
2025-04-22 18:37:13,781 - WARNING - extracted tar file /vftmp/Chia-wei.Hsu/untar_dir/19770101.ocean_month.nc exist, skipping...
2025-04-22 18:37:13,782 - INFO - (ncks) extracting variable /collab1/data_untrusted/Chia-wei.Hsu/decadel_output_dir/decadal.ocean_month.i197301.e08.1977.tos.nc ...
2025-04-22 18:41:33,409 - WARNING - extracted tar file /vftmp/Chia-wei.Hsu/untar_dir/19780101.ocean_month.nc exist, skipping...
2025-04-22 18:41:33,410 - INFO - (ncks) extracting variable /collab1/data_untrusted/Chia-wei.Hsu/decadel_output_dir/decadal.ocean_month.i197301.e08.1978.tos.nc ...
2025-04-22 20:01:34,442 - WARNING - extracted tar file /vftmp/Chia-wei.Hsu/untar_dir/19790101.ocean_month.nc exist, skipping...
2025-04-22 20:01:34,546 - INFO - (ncks) extracting variable /collab1/data_untrusted/Chia-wei.Hsu/decadel_output_dir/decadal.ocean_month.i197301.e08.1979.tos.nc ...
2025-04-22 22:10:52,968 - WARNING - extracted tar file /vftmp/Chia-wei.Hsu/untar_dir/19800101.ocean_month.nc exist, skipping...
2025-04-22 22:10:53,056 - INFO - (ncks) extracting variable /collab1/data_untrusted/Chia-wei.Hsu/decadel_output_dir/decadal.ocean_month.i197301.e08.1980.tos.nc ...
2025-04-22 22:16:01,354 - WARNING - extracted tar file /vftmp/Chia-wei.Hsu/untar_dir/19810101.ocean_month.nc exist, skipping...
2025-04-22 22:16:01,355 - INFO - (ncks) extracting variable /collab1/data_untrusted/Chia-wei.Hsu/decadel_output_dir/decadal.ocean_month.i197301.e08.1981.tos.nc ...
2025-04-22 22:21:04,740 - WARNING - extracted tar file /vftmp/Chia-wei.Hsu/untar_dir/19820101.ocean_month.nc exist, skipping...
2025-04-22 22:21:04,742 - INFO - (ncks) extracting variable /collab1/data_untrusted/Chia-wei.Hsu/decadel_output_dir/decadal.ocean_month.i197301.e08.1982.tos.nc ...
2025-04-22 22:21:05,321 - INFO - (ncrcat) concatenating files for single variable, single ensemble, multi-lead ...
2025-04-22 22:21:11,379 - INFO - concatenated file at /collab1/data_untrusted/Chia-wei.Hsu/decadel_output_dir/decadal.ocean_month.i197301.e08.tos.nc ...
2025-04-22 22:21:11,438 - INFO - remove individual files
2025-04-22 22:21:11,506 - INFO - === Processing variable tos ...
2025-04-22 22:21:11,526 - INFO - ===== Processing initial year 1973 initial month  1 ensamble_number  9...
2025-04-22 22:29:19,404 - WARNING - extracted tar file /vftmp/Chia-wei.Hsu/untar_dir/19730101.ocean_month.nc exist, skipping...
2025-04-22 22:29:19,408 - INFO - (ncks) extracting variable /collab1/data_untrusted/Chia-wei.Hsu/decadel_output_dir/decadal.ocean_month.i197301.e09.1973.tos.nc ...
2025-04-23 00:33:36,312 - WARNING - extracted tar file /vftmp/Chia-wei.Hsu/untar_dir/19740101.ocean_month.nc exist, skipping...
2025-04-23 00:33:36,314 - INFO - (ncks) extracting variable /collab1/data_untrusted/Chia-wei.Hsu/decadel_output_dir/decadal.ocean_month.i197301.e09.1974.tos.nc ...
2025-04-23 00:36:43,506 - WARNING - extracted tar file /vftmp/Chia-wei.Hsu/untar_dir/19750101.ocean_month.nc exist, skipping...
2025-04-23 00:36:43,507 - INFO - (ncks) extracting variable /collab1/data_untrusted/Chia-wei.Hsu/decadel_output_dir/decadal.ocean_month.i197301.e09.1975.tos.nc ...
2025-04-23 00:43:20,583 - WARNING - extracted tar file /vftmp/Chia-wei.Hsu/untar_dir/19760101.ocean_month.nc exist, skipping...
2025-04-23 00:43:20,584 - INFO - (ncks) extracting variable /collab1/data_untrusted/Chia-wei.Hsu/decadel_output_dir/decadal.ocean_month.i197301.e09.1976.tos.nc ...
2025-04-23 00:46:03,087 - WARNING - extracted tar file /vftmp/Chia-wei.Hsu/untar_dir/19770101.ocean_month.nc exist, skipping...
2025-04-23 00:46:03,088 - INFO - (ncks) extracting variable /collab1/data_untrusted/Chia-wei.Hsu/decadel_output_dir/decadal.ocean_month.i197301.e09.1977.tos.nc ...
2025-04-23 02:17:20,820 - WARNING - extracted tar file /vftmp/Chia-wei.Hsu/untar_dir/19780101.ocean_month.nc exist, skipping...
2025-04-23 02:17:20,821 - INFO - (ncks) extracting variable /collab1/data_untrusted/Chia-wei.Hsu/decadel_output_dir/decadal.ocean_month.i197301.e09.1978.tos.nc ...
2025-04-23 02:24:15,053 - WARNING - extracted tar file /vftmp/Chia-wei.Hsu/untar_dir/19790101.ocean_month.nc exist, skipping...
2025-04-23 02:24:15,053 - INFO - (ncks) extracting variable /collab1/data_untrusted/Chia-wei.Hsu/decadel_output_dir/decadal.ocean_month.i197301.e09.1979.tos.nc ...
2025-04-23 02:27:12,679 - WARNING - extracted tar file /vftmp/Chia-wei.Hsu/untar_dir/19800101.ocean_month.nc exist, skipping...
2025-04-23 02:27:12,680 - INFO - (ncks) extracting variable /collab1/data_untrusted/Chia-wei.Hsu/decadel_output_dir/decadal.ocean_month.i197301.e09.1980.tos.nc ...
2025-04-23 02:31:09,251 - WARNING - extracted tar file /vftmp/Chia-wei.Hsu/untar_dir/19810101.ocean_month.nc exist, skipping...
2025-04-23 02:31:09,253 - INFO - (ncks) extracting variable /collab1/data_untrusted/Chia-wei.Hsu/decadel_output_dir/decadal.ocean_month.i197301.e09.1981.tos.nc ...
2025-04-23 02:34:25,048 - WARNING - extracted tar file /vftmp/Chia-wei.Hsu/untar_dir/19820101.ocean_month.nc exist, skipping...
2025-04-23 02:34:25,049 - INFO - (ncks) extracting variable /collab1/data_untrusted/Chia-wei.Hsu/decadel_output_dir/decadal.ocean_month.i197301.e09.1982.tos.nc ...
2025-04-23 02:34:25,166 - INFO - (ncrcat) concatenating files for single variable, single ensemble, multi-lead ...
2025-04-23 02:34:29,144 - INFO - concatenated file at /collab1/data_untrusted/Chia-wei.Hsu/decadel_output_dir/decadal.ocean_month.i197301.e09.tos.nc ...
2025-04-23 02:34:29,151 - INFO - remove individual files
2025-04-23 02:34:29,207 - INFO - === Processing variable tos ...
2025-04-23 02:34:29,207 - INFO - ===== Processing initial year 1973 initial month  1 ensamble_number 10...
2025-04-23 03:10:37,648 - WARNING - extracted tar file /vftmp/Chia-wei.Hsu/untar_dir/19730101.ocean_month.nc exist, skipping...
2025-04-23 03:10:37,649 - INFO - (ncks) extracting variable /collab1/data_untrusted/Chia-wei.Hsu/decadel_output_dir/decadal.ocean_month.i197301.e10.1973.tos.nc ...
2025-04-23 03:14:37,099 - WARNING - extracted tar file /vftmp/Chia-wei.Hsu/untar_dir/19740101.ocean_month.nc exist, skipping...
2025-04-23 03:14:37,100 - INFO - (ncks) extracting variable /collab1/data_untrusted/Chia-wei.Hsu/decadel_output_dir/decadal.ocean_month.i197301.e10.1974.tos.nc ...
2025-04-23 03:21:18,272 - WARNING - extracted tar file /vftmp/Chia-wei.Hsu/untar_dir/19750101.ocean_month.nc exist, skipping...
2025-04-23 03:21:18,272 - INFO - (ncks) extracting variable /collab1/data_untrusted/Chia-wei.Hsu/decadel_output_dir/decadal.ocean_month.i197301.e10.1975.tos.nc ...
2025-04-23 04:07:15,406 - WARNING - extracted tar file /vftmp/Chia-wei.Hsu/untar_dir/19760101.ocean_month.nc exist, skipping...
2025-04-23 04:07:15,407 - INFO - (ncks) extracting variable /collab1/data_untrusted/Chia-wei.Hsu/decadel_output_dir/decadal.ocean_month.i197301.e10.1976.tos.nc ...
2025-04-23 04:37:13,641 - WARNING - extracted tar file /vftmp/Chia-wei.Hsu/untar_dir/19770101.ocean_month.nc exist, skipping...
2025-04-23 04:37:13,642 - INFO - (ncks) extracting variable /collab1/data_untrusted/Chia-wei.Hsu/decadel_output_dir/decadal.ocean_month.i197301.e10.1977.tos.nc ...
2025-04-23 04:46:05,134 - WARNING - extracted tar file /vftmp/Chia-wei.Hsu/untar_dir/19780101.ocean_month.nc exist, skipping...
2025-04-23 04:46:05,135 - INFO - (ncks) extracting variable /collab1/data_untrusted/Chia-wei.Hsu/decadel_output_dir/decadal.ocean_month.i197301.e10.1978.tos.nc ...
2025-04-23 04:50:09,060 - WARNING - extracted tar file /vftmp/Chia-wei.Hsu/untar_dir/19790101.ocean_month.nc exist, skipping...
2025-04-23 04:50:09,061 - INFO - (ncks) extracting variable /collab1/data_untrusted/Chia-wei.Hsu/decadel_output_dir/decadal.ocean_month.i197301.e10.1979.tos.nc ...
2025-04-23 04:53:52,902 - WARNING - extracted tar file /vftmp/Chia-wei.Hsu/untar_dir/19800101.ocean_month.nc exist, skipping...
2025-04-23 04:53:52,902 - INFO - (ncks) extracting variable /collab1/data_untrusted/Chia-wei.Hsu/decadel_output_dir/decadal.ocean_month.i197301.e10.1980.tos.nc ...
2025-04-23 04:57:34,773 - WARNING - extracted tar file /vftmp/Chia-wei.Hsu/untar_dir/19810101.ocean_month.nc exist, skipping...
2025-04-23 04:57:34,774 - INFO - (ncks) extracting variable /collab1/data_untrusted/Chia-wei.Hsu/decadel_output_dir/decadal.ocean_month.i197301.e10.1981.tos.nc ...
2025-04-23 05:01:42,985 - WARNING - extracted tar file /vftmp/Chia-wei.Hsu/untar_dir/19820101.ocean_month.nc exist, skipping...
2025-04-23 05:01:42,986 - INFO - (ncks) extracting variable /collab1/data_untrusted/Chia-wei.Hsu/decadel_output_dir/decadal.ocean_month.i197301.e10.1982.tos.nc ...
2025-04-23 05:01:43,069 - INFO - (ncrcat) concatenating files for single variable, single ensemble, multi-lead ...
2025-04-23 05:01:47,432 - INFO - concatenated file at /collab1/data_untrusted/Chia-wei.Hsu/decadel_output_dir/decadal.ocean_month.i197301.e10.tos.nc ...
2025-04-23 05:01:47,440 - INFO - remove individual files
