2025-04-22 12:26:45,622 - INFO - === Processing variable tos ...
2025-04-22 12:26:45,622 - WARNING - concatenate file /collab1/data_untrusted/Chia-wei.Hsu/decadel_output_dir/decadal.ocean_month.i198401.e07.tos.nc exist, skipping...
2025-04-22 12:26:45,888 - INFO - === Processing variable tos ...
2025-04-22 12:26:45,888 - INFO - ===== Processing initial year 1984 initial month  1 ensamble_number  8...
2025-04-22 15:31:21,671 - WARNING - extracted tar file /vftmp/Chia-wei.Hsu/untar_dir/19840101.ocean_month.nc exist, skipping...
2025-04-22 15:31:21,672 - INFO - (ncks) extracting variable /collab1/data_untrusted/Chia-wei.Hsu/decadel_output_dir/decadal.ocean_month.i198401.e08.1984.tos.nc ...
2025-04-22 15:34:20,825 - WARNING - extracted tar file /vftmp/Chia-wei.Hsu/untar_dir/19850101.ocean_month.nc exist, skipping...
2025-04-22 15:34:20,826 - INFO - (ncks) extracting variable /collab1/data_untrusted/Chia-wei.Hsu/decadel_output_dir/decadal.ocean_month.i198401.e08.1985.tos.nc ...
2025-04-22 15:43:18,601 - WARNING - extracted tar file /vftmp/Chia-wei.Hsu/untar_dir/19860101.ocean_month.nc exist, skipping...
2025-04-22 15:43:18,602 - INFO - (ncks) extracting variable /collab1/data_untrusted/Chia-wei.Hsu/decadel_output_dir/decadal.ocean_month.i198401.e08.1986.tos.nc ...
2025-04-22 15:47:17,006 - WARNING - extracted tar file /vftmp/Chia-wei.Hsu/untar_dir/19870101.ocean_month.nc exist, skipping...
2025-04-22 15:47:17,007 - INFO - (ncks) extracting variable /collab1/data_untrusted/Chia-wei.Hsu/decadel_output_dir/decadal.ocean_month.i198401.e08.1987.tos.nc ...
2025-04-22 15:52:01,556 - WARNING - extracted tar file /vftmp/Chia-wei.Hsu/untar_dir/19880101.ocean_month.nc exist, skipping...
2025-04-22 15:52:01,557 - INFO - (ncks) extracting variable /collab1/data_untrusted/Chia-wei.Hsu/decadel_output_dir/decadal.ocean_month.i198401.e08.1988.tos.nc ...
2025-04-22 15:56:43,411 - WARNING - extracted tar file /vftmp/Chia-wei.Hsu/untar_dir/19890101.ocean_month.nc exist, skipping...
2025-04-22 15:56:43,412 - INFO - (ncks) extracting variable /collab1/data_untrusted/Chia-wei.Hsu/decadel_output_dir/decadal.ocean_month.i198401.e08.1989.tos.nc ...
2025-04-22 16:02:20,995 - WARNING - extracted tar file /vftmp/Chia-wei.Hsu/untar_dir/19900101.ocean_month.nc exist, skipping...
2025-04-22 16:02:20,996 - INFO - (ncks) extracting variable /collab1/data_untrusted/Chia-wei.Hsu/decadel_output_dir/decadal.ocean_month.i198401.e08.1990.tos.nc ...
2025-04-22 16:09:09,403 - WARNING - extracted tar file /vftmp/Chia-wei.Hsu/untar_dir/19910101.ocean_month.nc exist, skipping...
2025-04-22 16:09:09,404 - INFO - (ncks) extracting variable /collab1/data_untrusted/Chia-wei.Hsu/decadel_output_dir/decadal.ocean_month.i198401.e08.1991.tos.nc ...
2025-04-22 16:15:37,282 - WARNING - extracted tar file /vftmp/Chia-wei.Hsu/untar_dir/19920101.ocean_month.nc exist, skipping...
2025-04-22 16:15:37,282 - INFO - (ncks) extracting variable /collab1/data_untrusted/Chia-wei.Hsu/decadel_output_dir/decadal.ocean_month.i198401.e08.1992.tos.nc ...
2025-04-22 16:19:35,210 - WARNING - extracted tar file /vftmp/Chia-wei.Hsu/untar_dir/19930101.ocean_month.nc exist, skipping...
2025-04-22 16:19:35,211 - INFO - (ncks) extracting variable /collab1/data_untrusted/Chia-wei.Hsu/decadel_output_dir/decadal.ocean_month.i198401.e08.1993.tos.nc ...
2025-04-22 16:19:35,291 - INFO - (ncrcat) concatenating files for single variable, single ensemble, multi-lead ...
2025-04-22 16:19:38,583 - INFO - concatenated file at /collab1/data_untrusted/Chia-wei.Hsu/decadel_output_dir/decadal.ocean_month.i198401.e08.tos.nc ...
2025-04-22 16:19:38,601 - INFO - remove individual files
2025-04-22 16:19:38,648 - INFO - === Processing variable tos ...
2025-04-22 16:19:38,648 - INFO - ===== Processing initial year 1984 initial month  1 ensamble_number  9...
2025-04-22 16:26:02,297 - WARNING - extracted tar file /vftmp/Chia-wei.Hsu/untar_dir/19840101.ocean_month.nc exist, skipping...
2025-04-22 16:26:02,298 - INFO - (ncks) extracting variable /collab1/data_untrusted/Chia-wei.Hsu/decadel_output_dir/decadal.ocean_month.i198401.e09.1984.tos.nc ...
2025-04-22 16:31:15,664 - WARNING - extracted tar file /vftmp/Chia-wei.Hsu/untar_dir/19850101.ocean_month.nc exist, skipping...
2025-04-22 16:31:15,664 - INFO - (ncks) extracting variable /collab1/data_untrusted/Chia-wei.Hsu/decadel_output_dir/decadal.ocean_month.i198401.e09.1985.tos.nc ...
2025-04-22 19:33:48,591 - WARNING - extracted tar file /vftmp/Chia-wei.Hsu/untar_dir/19860101.ocean_month.nc exist, skipping...
2025-04-22 19:33:48,592 - INFO - (ncks) extracting variable /collab1/data_untrusted/Chia-wei.Hsu/decadel_output_dir/decadal.ocean_month.i198401.e09.1986.tos.nc ...
2025-04-22 19:38:28,720 - WARNING - extracted tar file /vftmp/Chia-wei.Hsu/untar_dir/19870101.ocean_month.nc exist, skipping...
2025-04-22 19:38:28,721 - INFO - (ncks) extracting variable /collab1/data_untrusted/Chia-wei.Hsu/decadel_output_dir/decadal.ocean_month.i198401.e09.1987.tos.nc ...
2025-04-22 22:12:53,888 - WARNING - extracted tar file /vftmp/Chia-wei.Hsu/untar_dir/19880101.ocean_month.nc exist, skipping...
2025-04-22 22:12:53,981 - INFO - (ncks) extracting variable /collab1/data_untrusted/Chia-wei.Hsu/decadel_output_dir/decadal.ocean_month.i198401.e09.1988.tos.nc ...
2025-04-22 22:24:52,355 - WARNING - extracted tar file /vftmp/Chia-wei.Hsu/untar_dir/19890101.ocean_month.nc exist, skipping...
2025-04-22 22:24:52,356 - INFO - (ncks) extracting variable /collab1/data_untrusted/Chia-wei.Hsu/decadel_output_dir/decadal.ocean_month.i198401.e09.1989.tos.nc ...
2025-04-22 22:37:23,917 - WARNING - extracted tar file /vftmp/Chia-wei.Hsu/untar_dir/19900101.ocean_month.nc exist, skipping...
2025-04-22 22:37:23,919 - INFO - (ncks) extracting variable /collab1/data_untrusted/Chia-wei.Hsu/decadel_output_dir/decadal.ocean_month.i198401.e09.1990.tos.nc ...
2025-04-22 23:18:13,466 - WARNING - extracted tar file /vftmp/Chia-wei.Hsu/untar_dir/19910101.ocean_month.nc exist, skipping...
2025-04-22 23:18:13,467 - INFO - (ncks) extracting variable /collab1/data_untrusted/Chia-wei.Hsu/decadel_output_dir/decadal.ocean_month.i198401.e09.1991.tos.nc ...
2025-04-22 23:22:43,336 - WARNING - extracted tar file /vftmp/Chia-wei.Hsu/untar_dir/19920101.ocean_month.nc exist, skipping...
2025-04-22 23:22:43,337 - INFO - (ncks) extracting variable /collab1/data_untrusted/Chia-wei.Hsu/decadel_output_dir/decadal.ocean_month.i198401.e09.1992.tos.nc ...
2025-04-23 01:07:43,663 - WARNING - extracted tar file /vftmp/Chia-wei.Hsu/untar_dir/19930101.ocean_month.nc exist, skipping...
2025-04-23 01:07:43,664 - INFO - (ncks) extracting variable /collab1/data_untrusted/Chia-wei.Hsu/decadel_output_dir/decadal.ocean_month.i198401.e09.1993.tos.nc ...
2025-04-23 01:07:45,916 - INFO - (ncrcat) concatenating files for single variable, single ensemble, multi-lead ...
2025-04-23 01:07:52,376 - INFO - concatenated file at /collab1/data_untrusted/Chia-wei.Hsu/decadel_output_dir/decadal.ocean_month.i198401.e09.tos.nc ...
2025-04-23 01:07:52,382 - INFO - remove individual files
2025-04-23 01:07:52,446 - INFO - === Processing variable tos ...
2025-04-23 01:07:52,446 - INFO - ===== Processing initial year 1984 initial month  1 ensamble_number 10...
2025-04-23 02:02:25,441 - WARNING - extracted tar file /vftmp/Chia-wei.Hsu/untar_dir/19840101.ocean_month.nc exist, skipping...
2025-04-23 02:02:25,442 - INFO - (ncks) extracting variable /collab1/data_untrusted/Chia-wei.Hsu/decadel_output_dir/decadal.ocean_month.i198401.e10.1984.tos.nc ...
2025-04-23 02:04:55,667 - WARNING - extracted tar file /vftmp/Chia-wei.Hsu/untar_dir/19850101.ocean_month.nc exist, skipping...
2025-04-23 02:04:55,667 - INFO - (ncks) extracting variable /collab1/data_untrusted/Chia-wei.Hsu/decadel_output_dir/decadal.ocean_month.i198401.e10.1985.tos.nc ...
2025-04-23 02:07:48,686 - WARNING - extracted tar file /vftmp/Chia-wei.Hsu/untar_dir/19860101.ocean_month.nc exist, skipping...
2025-04-23 02:07:48,686 - INFO - (ncks) extracting variable /collab1/data_untrusted/Chia-wei.Hsu/decadel_output_dir/decadal.ocean_month.i198401.e10.1986.tos.nc ...
2025-04-23 02:19:19,011 - WARNING - extracted tar file /vftmp/Chia-wei.Hsu/untar_dir/19870101.ocean_month.nc exist, skipping...
2025-04-23 02:19:19,011 - INFO - (ncks) extracting variable /collab1/data_untrusted/Chia-wei.Hsu/decadel_output_dir/decadal.ocean_month.i198401.e10.1987.tos.nc ...
2025-04-23 02:24:33,899 - WARNING - extracted tar file /vftmp/Chia-wei.Hsu/untar_dir/19880101.ocean_month.nc exist, skipping...
2025-04-23 02:24:33,900 - INFO - (ncks) extracting variable /collab1/data_untrusted/Chia-wei.Hsu/decadel_output_dir/decadal.ocean_month.i198401.e10.1988.tos.nc ...
2025-04-23 02:30:26,279 - WARNING - extracted tar file /vftmp/Chia-wei.Hsu/untar_dir/19890101.ocean_month.nc exist, skipping...
2025-04-23 02:30:26,280 - INFO - (ncks) extracting variable /collab1/data_untrusted/Chia-wei.Hsu/decadel_output_dir/decadal.ocean_month.i198401.e10.1989.tos.nc ...
2025-04-23 03:14:14,642 - WARNING - extracted tar file /vftmp/Chia-wei.Hsu/untar_dir/19900101.ocean_month.nc exist, skipping...
2025-04-23 03:14:14,643 - INFO - (ncks) extracting variable /collab1/data_untrusted/Chia-wei.Hsu/decadel_output_dir/decadal.ocean_month.i198401.e10.1990.tos.nc ...
2025-04-23 03:18:51,872 - WARNING - extracted tar file /vftmp/Chia-wei.Hsu/untar_dir/19910101.ocean_month.nc exist, skipping...
2025-04-23 03:18:51,873 - INFO - (ncks) extracting variable /collab1/data_untrusted/Chia-wei.Hsu/decadel_output_dir/decadal.ocean_month.i198401.e10.1991.tos.nc ...
2025-04-23 03:21:43,975 - WARNING - extracted tar file /vftmp/Chia-wei.Hsu/untar_dir/19920101.ocean_month.nc exist, skipping...
2025-04-23 03:21:43,976 - INFO - (ncks) extracting variable /collab1/data_untrusted/Chia-wei.Hsu/decadel_output_dir/decadal.ocean_month.i198401.e10.1992.tos.nc ...
2025-04-23 03:25:20,041 - WARNING - extracted tar file /vftmp/Chia-wei.Hsu/untar_dir/19930101.ocean_month.nc exist, skipping...
2025-04-23 03:25:20,042 - INFO - (ncks) extracting variable /collab1/data_untrusted/Chia-wei.Hsu/decadel_output_dir/decadal.ocean_month.i198401.e10.1993.tos.nc ...
2025-04-23 03:25:20,116 - INFO - (ncrcat) concatenating files for single variable, single ensemble, multi-lead ...
2025-04-23 03:25:24,366 - INFO - concatenated file at /collab1/data_untrusted/Chia-wei.Hsu/decadel_output_dir/decadal.ocean_month.i198401.e10.tos.nc ...
2025-04-23 03:25:24,372 - INFO - remove individual files
