2025-04-22 12:26:45,888 - INFO - === Processing variable tos ...
2025-04-22 12:26:45,889 - WARNING - concatenate file /collab1/data_untrusted/Chia-wei.Hsu/decadel_output_dir/decadal.ocean_month.i199401.e07.tos.nc exist, skipping...
2025-04-22 12:26:46,103 - INFO - === Processing variable tos ...
2025-04-22 12:26:46,104 - INFO - ===== Processing initial year 1994 initial month  1 ensamble_number  8...
2025-04-22 15:27:41,268 - WARNING - extracted tar file /vftmp/Chia-wei.Hsu/untar_dir/19940101.ocean_month.nc exist, skipping...
2025-04-22 15:27:41,269 - INFO - (ncks) extracting variable /collab1/data_untrusted/Chia-wei.Hsu/decadel_output_dir/decadal.ocean_month.i199401.e08.1994.tos.nc ...
2025-04-22 15:34:05,674 - WARNING - extracted tar file /vftmp/Chia-wei.Hsu/untar_dir/19950101.ocean_month.nc exist, skipping...
2025-04-22 15:34:05,675 - INFO - (ncks) extracting variable /collab1/data_untrusted/Chia-wei.Hsu/decadel_output_dir/decadal.ocean_month.i199401.e08.1995.tos.nc ...
2025-04-22 15:43:48,625 - WARNING - extracted tar file /vftmp/Chia-wei.Hsu/untar_dir/19960101.ocean_month.nc exist, skipping...
2025-04-22 15:43:48,626 - INFO - (ncks) extracting variable /collab1/data_untrusted/Chia-wei.Hsu/decadel_output_dir/decadal.ocean_month.i199401.e08.1996.tos.nc ...
2025-04-22 15:58:21,864 - WARNING - extracted tar file /vftmp/Chia-wei.Hsu/untar_dir/19970101.ocean_month.nc exist, skipping...
2025-04-22 15:58:21,865 - INFO - (ncks) extracting variable /collab1/data_untrusted/Chia-wei.Hsu/decadel_output_dir/decadal.ocean_month.i199401.e08.1997.tos.nc ...
2025-04-22 16:02:36,268 - WARNING - extracted tar file /vftmp/Chia-wei.Hsu/untar_dir/19980101.ocean_month.nc exist, skipping...
2025-04-22 16:02:36,269 - INFO - (ncks) extracting variable /collab1/data_untrusted/Chia-wei.Hsu/decadel_output_dir/decadal.ocean_month.i199401.e08.1998.tos.nc ...
2025-04-22 19:23:50,771 - WARNING - extracted tar file /vftmp/Chia-wei.Hsu/untar_dir/19990101.ocean_month.nc exist, skipping...
2025-04-22 19:23:50,772 - INFO - (ncks) extracting variable /collab1/data_untrusted/Chia-wei.Hsu/decadel_output_dir/decadal.ocean_month.i199401.e08.1999.tos.nc ...
2025-04-22 19:28:24,870 - WARNING - extracted tar file /vftmp/Chia-wei.Hsu/untar_dir/20000101.ocean_month.nc exist, skipping...
2025-04-22 19:28:24,871 - INFO - (ncks) extracting variable /collab1/data_untrusted/Chia-wei.Hsu/decadel_output_dir/decadal.ocean_month.i199401.e08.2000.tos.nc ...
2025-04-22 19:32:54,523 - WARNING - extracted tar file /vftmp/Chia-wei.Hsu/untar_dir/20010101.ocean_month.nc exist, skipping...
2025-04-22 19:32:54,524 - INFO - (ncks) extracting variable /collab1/data_untrusted/Chia-wei.Hsu/decadel_output_dir/decadal.ocean_month.i199401.e08.2001.tos.nc ...
2025-04-22 19:40:57,684 - WARNING - extracted tar file /vftmp/Chia-wei.Hsu/untar_dir/20020101.ocean_month.nc exist, skipping...
2025-04-22 19:40:57,685 - INFO - (ncks) extracting variable /collab1/data_untrusted/Chia-wei.Hsu/decadel_output_dir/decadal.ocean_month.i199401.e08.2002.tos.nc ...
2025-04-22 19:43:53,531 - WARNING - extracted tar file /vftmp/Chia-wei.Hsu/untar_dir/20030101.ocean_month.nc exist, skipping...
2025-04-22 19:43:53,532 - INFO - (ncks) extracting variable /collab1/data_untrusted/Chia-wei.Hsu/decadel_output_dir/decadal.ocean_month.i199401.e08.2003.tos.nc ...
2025-04-22 19:43:53,928 - INFO - (ncrcat) concatenating files for single variable, single ensemble, multi-lead ...
2025-04-22 19:43:57,199 - INFO - concatenated file at /collab1/data_untrusted/Chia-wei.Hsu/decadel_output_dir/decadal.ocean_month.i199401.e08.tos.nc ...
2025-04-22 19:43:57,207 - INFO - remove individual files
2025-04-22 19:43:57,249 - INFO - === Processing variable tos ...
2025-04-22 19:43:57,249 - INFO - ===== Processing initial year 1994 initial month  1 ensamble_number  9...
2025-04-22 19:46:29,916 - WARNING - extracted tar file /vftmp/Chia-wei.Hsu/untar_dir/19940101.ocean_month.nc exist, skipping...
2025-04-22 19:46:29,917 - INFO - (ncks) extracting variable /collab1/data_untrusted/Chia-wei.Hsu/decadel_output_dir/decadal.ocean_month.i199401.e09.1994.tos.nc ...
2025-04-22 19:49:12,629 - WARNING - extracted tar file /vftmp/Chia-wei.Hsu/untar_dir/19950101.ocean_month.nc exist, skipping...
2025-04-22 19:49:12,630 - INFO - (ncks) extracting variable /collab1/data_untrusted/Chia-wei.Hsu/decadel_output_dir/decadal.ocean_month.i199401.e09.1995.tos.nc ...
2025-04-22 21:58:51,636 - WARNING - extracted tar file /vftmp/Chia-wei.Hsu/untar_dir/19960101.ocean_month.nc exist, skipping...
2025-04-22 21:58:51,820 - INFO - (ncks) extracting variable /collab1/data_untrusted/Chia-wei.Hsu/decadel_output_dir/decadal.ocean_month.i199401.e09.1996.tos.nc ...
2025-04-22 22:02:36,517 - WARNING - extracted tar file /vftmp/Chia-wei.Hsu/untar_dir/19970101.ocean_month.nc exist, skipping...
2025-04-22 22:02:36,529 - INFO - (ncks) extracting variable /collab1/data_untrusted/Chia-wei.Hsu/decadel_output_dir/decadal.ocean_month.i199401.e09.1997.tos.nc ...
2025-04-22 23:51:33,298 - WARNING - extracted tar file /vftmp/Chia-wei.Hsu/untar_dir/19980101.ocean_month.nc exist, skipping...
2025-04-22 23:51:33,299 - INFO - (ncks) extracting variable /collab1/data_untrusted/Chia-wei.Hsu/decadel_output_dir/decadal.ocean_month.i199401.e09.1998.tos.nc ...
2025-04-22 23:56:45,524 - WARNING - extracted tar file /vftmp/Chia-wei.Hsu/untar_dir/19990101.ocean_month.nc exist, skipping...
2025-04-22 23:56:45,524 - INFO - (ncks) extracting variable /collab1/data_untrusted/Chia-wei.Hsu/decadel_output_dir/decadal.ocean_month.i199401.e09.1999.tos.nc ...
2025-04-22 23:59:56,768 - WARNING - extracted tar file /vftmp/Chia-wei.Hsu/untar_dir/20000101.ocean_month.nc exist, skipping...
2025-04-22 23:59:56,769 - INFO - (ncks) extracting variable /collab1/data_untrusted/Chia-wei.Hsu/decadel_output_dir/decadal.ocean_month.i199401.e09.2000.tos.nc ...
2025-04-23 00:03:31,293 - WARNING - extracted tar file /vftmp/Chia-wei.Hsu/untar_dir/20010101.ocean_month.nc exist, skipping...
2025-04-23 00:03:31,293 - INFO - (ncks) extracting variable /collab1/data_untrusted/Chia-wei.Hsu/decadel_output_dir/decadal.ocean_month.i199401.e09.2001.tos.nc ...
2025-04-23 00:07:32,860 - WARNING - extracted tar file /vftmp/Chia-wei.Hsu/untar_dir/20020101.ocean_month.nc exist, skipping...
2025-04-23 00:07:32,861 - INFO - (ncks) extracting variable /collab1/data_untrusted/Chia-wei.Hsu/decadel_output_dir/decadal.ocean_month.i199401.e09.2002.tos.nc ...
2025-04-23 00:11:13,323 - WARNING - extracted tar file /vftmp/Chia-wei.Hsu/untar_dir/20030101.ocean_month.nc exist, skipping...
2025-04-23 00:11:13,324 - INFO - (ncks) extracting variable /collab1/data_untrusted/Chia-wei.Hsu/decadel_output_dir/decadal.ocean_month.i199401.e09.2003.tos.nc ...
2025-04-23 00:11:13,711 - INFO - (ncrcat) concatenating files for single variable, single ensemble, multi-lead ...
2025-04-23 00:11:17,352 - INFO - concatenated file at /collab1/data_untrusted/Chia-wei.Hsu/decadel_output_dir/decadal.ocean_month.i199401.e09.tos.nc ...
2025-04-23 00:11:17,362 - INFO - remove individual files
2025-04-23 00:11:17,420 - INFO - === Processing variable tos ...
2025-04-23 00:11:17,420 - INFO - ===== Processing initial year 1994 initial month  1 ensamble_number 10...
2025-04-23 00:21:32,623 - WARNING - extracted tar file /vftmp/Chia-wei.Hsu/untar_dir/19940101.ocean_month.nc exist, skipping...
2025-04-23 00:21:32,624 - INFO - (ncks) extracting variable /collab1/data_untrusted/Chia-wei.Hsu/decadel_output_dir/decadal.ocean_month.i199401.e10.1994.tos.nc ...
2025-04-23 00:25:32,896 - WARNING - extracted tar file /vftmp/Chia-wei.Hsu/untar_dir/19950101.ocean_month.nc exist, skipping...
2025-04-23 00:25:32,896 - INFO - (ncks) extracting variable /collab1/data_untrusted/Chia-wei.Hsu/decadel_output_dir/decadal.ocean_month.i199401.e10.1995.tos.nc ...
2025-04-23 01:11:53,325 - WARNING - extracted tar file /vftmp/Chia-wei.Hsu/untar_dir/19960101.ocean_month.nc exist, skipping...
2025-04-23 01:11:53,326 - INFO - (ncks) extracting variable /collab1/data_untrusted/Chia-wei.Hsu/decadel_output_dir/decadal.ocean_month.i199401.e10.1996.tos.nc ...
2025-04-23 01:15:17,490 - WARNING - extracted tar file /vftmp/Chia-wei.Hsu/untar_dir/19970101.ocean_month.nc exist, skipping...
2025-04-23 01:15:17,491 - INFO - (ncks) extracting variable /collab1/data_untrusted/Chia-wei.Hsu/decadel_output_dir/decadal.ocean_month.i199401.e10.1997.tos.nc ...
2025-04-23 01:18:27,283 - WARNING - extracted tar file /vftmp/Chia-wei.Hsu/untar_dir/19980101.ocean_month.nc exist, skipping...
2025-04-23 01:18:27,284 - INFO - (ncks) extracting variable /collab1/data_untrusted/Chia-wei.Hsu/decadel_output_dir/decadal.ocean_month.i199401.e10.1998.tos.nc ...
2025-04-23 01:22:14,253 - WARNING - extracted tar file /vftmp/Chia-wei.Hsu/untar_dir/19990101.ocean_month.nc exist, skipping...
2025-04-23 01:22:14,254 - INFO - (ncks) extracting variable /collab1/data_untrusted/Chia-wei.Hsu/decadel_output_dir/decadal.ocean_month.i199401.e10.1999.tos.nc ...
2025-04-23 01:25:23,708 - WARNING - extracted tar file /vftmp/Chia-wei.Hsu/untar_dir/20000101.ocean_month.nc exist, skipping...
2025-04-23 01:25:23,709 - INFO - (ncks) extracting variable /collab1/data_untrusted/Chia-wei.Hsu/decadel_output_dir/decadal.ocean_month.i199401.e10.2000.tos.nc ...
2025-04-23 01:28:00,180 - WARNING - extracted tar file /vftmp/Chia-wei.Hsu/untar_dir/20010101.ocean_month.nc exist, skipping...
2025-04-23 01:28:00,180 - INFO - (ncks) extracting variable /collab1/data_untrusted/Chia-wei.Hsu/decadel_output_dir/decadal.ocean_month.i199401.e10.2001.tos.nc ...
2025-04-23 01:31:00,423 - WARNING - extracted tar file /vftmp/Chia-wei.Hsu/untar_dir/20020101.ocean_month.nc exist, skipping...
2025-04-23 01:31:00,424 - INFO - (ncks) extracting variable /collab1/data_untrusted/Chia-wei.Hsu/decadel_output_dir/decadal.ocean_month.i199401.e10.2002.tos.nc ...
2025-04-23 01:39:42,585 - WARNING - extracted tar file /vftmp/Chia-wei.Hsu/untar_dir/20030101.ocean_month.nc exist, skipping...
2025-04-23 01:39:42,586 - INFO - (ncks) extracting variable /collab1/data_untrusted/Chia-wei.Hsu/decadel_output_dir/decadal.ocean_month.i199401.e10.2003.tos.nc ...
2025-04-23 01:39:42,678 - INFO - (ncrcat) concatenating files for single variable, single ensemble, multi-lead ...
2025-04-23 01:39:46,772 - INFO - concatenated file at /collab1/data_untrusted/Chia-wei.Hsu/decadel_output_dir/decadal.ocean_month.i199401.e10.tos.nc ...
2025-04-23 01:39:46,783 - INFO - remove individual files
