2025-04-22 12:26:45,746 - INFO - === Processing variable tos ...
2025-04-22 12:26:45,746 - WARNING - concatenate file /collab1/data_untrusted/Chia-wei.Hsu/decadel_output_dir/decadal.ocean_month.i200201.e07.tos.nc exist, skipping...
2025-04-22 12:26:45,959 - INFO - === Processing variable tos ...
2025-04-22 12:26:45,960 - INFO - ===== Processing initial year 2002 initial month  1 ensamble_number  8...
2025-04-22 12:26:46,925 - WARNING - extracted tar file /vftmp/Chia-wei.Hsu/untar_dir/20020101.ocean_month.nc exist, skipping...
2025-04-22 12:26:46,926 - WARNING - extracted variable file /collab1/data_untrusted/Chia-wei.Hsu/decadel_output_dir/decadal.ocean_month.i200201.e08.2002.tos.nc exist, skipping...
2025-04-22 12:26:47,188 - WARNING - extracted tar file /vftmp/Chia-wei.Hsu/untar_dir/20030101.ocean_month.nc exist, skipping...
2025-04-22 12:26:47,188 - WARNING - extracted variable file /collab1/data_untrusted/Chia-wei.Hsu/decadel_output_dir/decadal.ocean_month.i200201.e08.2003.tos.nc exist, skipping...
2025-04-22 13:25:49,512 - WARNING - extracted tar file /vftmp/Chia-wei.Hsu/untar_dir/20040101.ocean_month.nc exist, skipping...
2025-04-22 13:25:49,513 - INFO - (ncks) extracting variable /collab1/data_untrusted/Chia-wei.Hsu/decadel_output_dir/decadal.ocean_month.i200201.e08.2004.tos.nc ...
2025-04-22 13:29:30,337 - WARNING - extracted tar file /vftmp/Chia-wei.Hsu/untar_dir/20050101.ocean_month.nc exist, skipping...
2025-04-22 13:29:30,338 - INFO - (ncks) extracting variable /collab1/data_untrusted/Chia-wei.Hsu/decadel_output_dir/decadal.ocean_month.i200201.e08.2005.tos.nc ...
2025-04-22 13:34:06,003 - WARNING - extracted tar file /vftmp/Chia-wei.Hsu/untar_dir/20060101.ocean_month.nc exist, skipping...
2025-04-22 13:34:06,004 - INFO - (ncks) extracting variable /collab1/data_untrusted/Chia-wei.Hsu/decadel_output_dir/decadal.ocean_month.i200201.e08.2006.tos.nc ...
2025-04-22 13:41:00,192 - WARNING - extracted tar file /vftmp/Chia-wei.Hsu/untar_dir/20070101.ocean_month.nc exist, skipping...
2025-04-22 13:41:00,192 - INFO - (ncks) extracting variable /collab1/data_untrusted/Chia-wei.Hsu/decadel_output_dir/decadal.ocean_month.i200201.e08.2007.tos.nc ...
2025-04-22 14:04:24,010 - WARNING - extracted tar file /vftmp/Chia-wei.Hsu/untar_dir/20080101.ocean_month.nc exist, skipping...
2025-04-22 14:04:24,011 - INFO - (ncks) extracting variable /collab1/data_untrusted/Chia-wei.Hsu/decadel_output_dir/decadal.ocean_month.i200201.e08.2008.tos.nc ...
2025-04-22 14:07:33,592 - WARNING - extracted tar file /vftmp/Chia-wei.Hsu/untar_dir/20090101.ocean_month.nc exist, skipping...
2025-04-22 14:07:33,593 - INFO - (ncks) extracting variable /collab1/data_untrusted/Chia-wei.Hsu/decadel_output_dir/decadal.ocean_month.i200201.e08.2009.tos.nc ...
2025-04-22 14:12:25,598 - WARNING - extracted tar file /vftmp/Chia-wei.Hsu/untar_dir/20100101.ocean_month.nc exist, skipping...
2025-04-22 14:12:25,599 - INFO - (ncks) extracting variable /collab1/data_untrusted/Chia-wei.Hsu/decadel_output_dir/decadal.ocean_month.i200201.e08.2010.tos.nc ...
2025-04-22 14:17:05,558 - WARNING - extracted tar file /vftmp/Chia-wei.Hsu/untar_dir/20110101.ocean_month.nc exist, skipping...
2025-04-22 14:17:05,558 - INFO - (ncks) extracting variable /collab1/data_untrusted/Chia-wei.Hsu/decadel_output_dir/decadal.ocean_month.i200201.e08.2011.tos.nc ...
2025-04-22 14:17:05,633 - INFO - (ncrcat) concatenating files for single variable, single ensemble, multi-lead ...
2025-04-22 14:17:09,254 - INFO - concatenated file at /collab1/data_untrusted/Chia-wei.Hsu/decadel_output_dir/decadal.ocean_month.i200201.e08.tos.nc ...
2025-04-22 14:17:09,264 - INFO - remove individual files
2025-04-22 14:17:09,305 - INFO - === Processing variable tos ...
2025-04-22 14:17:09,305 - INFO - ===== Processing initial year 2002 initial month  1 ensamble_number  9...
2025-04-22 14:19:51,002 - WARNING - extracted tar file /vftmp/Chia-wei.Hsu/untar_dir/20020101.ocean_month.nc exist, skipping...
2025-04-22 14:19:51,002 - INFO - (ncks) extracting variable /collab1/data_untrusted/Chia-wei.Hsu/decadel_output_dir/decadal.ocean_month.i200201.e09.2002.tos.nc ...
2025-04-22 18:43:53,070 - WARNING - extracted tar file /vftmp/Chia-wei.Hsu/untar_dir/20030101.ocean_month.nc exist, skipping...
2025-04-22 18:43:53,071 - INFO - (ncks) extracting variable /collab1/data_untrusted/Chia-wei.Hsu/decadel_output_dir/decadal.ocean_month.i200201.e09.2003.tos.nc ...
2025-04-22 18:50:27,069 - WARNING - extracted tar file /vftmp/Chia-wei.Hsu/untar_dir/20040101.ocean_month.nc exist, skipping...
2025-04-22 18:50:27,070 - INFO - (ncks) extracting variable /collab1/data_untrusted/Chia-wei.Hsu/decadel_output_dir/decadal.ocean_month.i200201.e09.2004.tos.nc ...
2025-04-22 18:55:21,450 - WARNING - extracted tar file /vftmp/Chia-wei.Hsu/untar_dir/20050101.ocean_month.nc exist, skipping...
2025-04-22 18:55:21,451 - INFO - (ncks) extracting variable /collab1/data_untrusted/Chia-wei.Hsu/decadel_output_dir/decadal.ocean_month.i200201.e09.2005.tos.nc ...
2025-04-22 18:59:44,492 - WARNING - extracted tar file /vftmp/Chia-wei.Hsu/untar_dir/20060101.ocean_month.nc exist, skipping...
2025-04-22 18:59:44,492 - INFO - (ncks) extracting variable /collab1/data_untrusted/Chia-wei.Hsu/decadel_output_dir/decadal.ocean_month.i200201.e09.2006.tos.nc ...
2025-04-22 19:02:24,446 - WARNING - extracted tar file /vftmp/Chia-wei.Hsu/untar_dir/20070101.ocean_month.nc exist, skipping...
2025-04-22 19:02:24,446 - INFO - (ncks) extracting variable /collab1/data_untrusted/Chia-wei.Hsu/decadel_output_dir/decadal.ocean_month.i200201.e09.2007.tos.nc ...
2025-04-22 21:13:35,242 - WARNING - extracted tar file /vftmp/Chia-wei.Hsu/untar_dir/20080101.ocean_month.nc exist, skipping...
2025-04-22 21:13:35,442 - INFO - (ncks) extracting variable /collab1/data_untrusted/Chia-wei.Hsu/decadel_output_dir/decadal.ocean_month.i200201.e09.2008.tos.nc ...
2025-04-22 21:17:19,306 - WARNING - extracted tar file /vftmp/Chia-wei.Hsu/untar_dir/20090101.ocean_month.nc exist, skipping...
2025-04-22 21:17:19,307 - INFO - (ncks) extracting variable /collab1/data_untrusted/Chia-wei.Hsu/decadel_output_dir/decadal.ocean_month.i200201.e09.2009.tos.nc ...
2025-04-22 21:20:51,679 - WARNING - extracted tar file /vftmp/Chia-wei.Hsu/untar_dir/20100101.ocean_month.nc exist, skipping...
2025-04-22 21:20:51,680 - INFO - (ncks) extracting variable /collab1/data_untrusted/Chia-wei.Hsu/decadel_output_dir/decadal.ocean_month.i200201.e09.2010.tos.nc ...
2025-04-22 21:24:07,556 - WARNING - extracted tar file /vftmp/Chia-wei.Hsu/untar_dir/20110101.ocean_month.nc exist, skipping...
2025-04-22 21:24:07,557 - INFO - (ncks) extracting variable /collab1/data_untrusted/Chia-wei.Hsu/decadel_output_dir/decadal.ocean_month.i200201.e09.2011.tos.nc ...
2025-04-22 21:24:08,731 - INFO - (ncrcat) concatenating files for single variable, single ensemble, multi-lead ...
2025-04-22 21:24:12,553 - INFO - concatenated file at /collab1/data_untrusted/Chia-wei.Hsu/decadel_output_dir/decadal.ocean_month.i200201.e09.tos.nc ...
2025-04-22 21:24:12,562 - INFO - remove individual files
2025-04-22 21:24:12,687 - INFO - === Processing variable tos ...
2025-04-22 21:24:12,688 - INFO - ===== Processing initial year 2002 initial month  1 ensamble_number 10...
2025-04-22 21:29:59,795 - WARNING - extracted tar file /vftmp/Chia-wei.Hsu/untar_dir/20020101.ocean_month.nc exist, skipping...
2025-04-22 21:29:59,795 - INFO - (ncks) extracting variable /collab1/data_untrusted/Chia-wei.Hsu/decadel_output_dir/decadal.ocean_month.i200201.e10.2002.tos.nc ...
2025-04-22 21:40:28,007 - WARNING - extracted tar file /vftmp/Chia-wei.Hsu/untar_dir/20030101.ocean_month.nc exist, skipping...
2025-04-22 21:40:28,008 - INFO - (ncks) extracting variable /collab1/data_untrusted/Chia-wei.Hsu/decadel_output_dir/decadal.ocean_month.i200201.e10.2003.tos.nc ...
2025-04-22 21:44:17,036 - WARNING - extracted tar file /vftmp/Chia-wei.Hsu/untar_dir/20040101.ocean_month.nc exist, skipping...
2025-04-22 21:44:17,037 - INFO - (ncks) extracting variable /collab1/data_untrusted/Chia-wei.Hsu/decadel_output_dir/decadal.ocean_month.i200201.e10.2004.tos.nc ...
2025-04-22 23:34:20,822 - WARNING - extracted tar file /vftmp/Chia-wei.Hsu/untar_dir/20050101.ocean_month.nc exist, skipping...
2025-04-22 23:34:20,823 - INFO - (ncks) extracting variable /collab1/data_untrusted/Chia-wei.Hsu/decadel_output_dir/decadal.ocean_month.i200201.e10.2005.tos.nc ...
2025-04-22 23:38:24,381 - WARNING - extracted tar file /vftmp/Chia-wei.Hsu/untar_dir/20060101.ocean_month.nc exist, skipping...
2025-04-22 23:38:24,382 - INFO - (ncks) extracting variable /collab1/data_untrusted/Chia-wei.Hsu/decadel_output_dir/decadal.ocean_month.i200201.e10.2006.tos.nc ...
2025-04-22 23:42:48,373 - WARNING - extracted tar file /vftmp/Chia-wei.Hsu/untar_dir/20070101.ocean_month.nc exist, skipping...
2025-04-22 23:42:48,374 - INFO - (ncks) extracting variable /collab1/data_untrusted/Chia-wei.Hsu/decadel_output_dir/decadal.ocean_month.i200201.e10.2007.tos.nc ...
2025-04-22 23:44:19,202 - WARNING - extracted tar file /vftmp/Chia-wei.Hsu/untar_dir/20080101.ocean_month.nc exist, skipping...
2025-04-22 23:44:19,203 - INFO - (ncks) extracting variable /collab1/data_untrusted/Chia-wei.Hsu/decadel_output_dir/decadal.ocean_month.i200201.e10.2008.tos.nc ...
2025-04-23 01:21:26,750 - WARNING - extracted tar file /vftmp/Chia-wei.Hsu/untar_dir/20090101.ocean_month.nc exist, skipping...
2025-04-23 01:21:26,752 - INFO - (ncks) extracting variable /collab1/data_untrusted/Chia-wei.Hsu/decadel_output_dir/decadal.ocean_month.i200201.e10.2009.tos.nc ...
2025-04-23 01:24:15,285 - WARNING - extracted tar file /vftmp/Chia-wei.Hsu/untar_dir/20100101.ocean_month.nc exist, skipping...
2025-04-23 01:24:15,286 - INFO - (ncks) extracting variable /collab1/data_untrusted/Chia-wei.Hsu/decadel_output_dir/decadal.ocean_month.i200201.e10.2010.tos.nc ...
2025-04-23 01:35:08,428 - WARNING - extracted tar file /vftmp/Chia-wei.Hsu/untar_dir/20110101.ocean_month.nc exist, skipping...
2025-04-23 01:35:08,430 - INFO - (ncks) extracting variable /collab1/data_untrusted/Chia-wei.Hsu/decadel_output_dir/decadal.ocean_month.i200201.e10.2011.tos.nc ...
2025-04-23 01:35:08,507 - INFO - (ncrcat) concatenating files for single variable, single ensemble, multi-lead ...
2025-04-23 01:35:12,158 - INFO - concatenated file at /collab1/data_untrusted/Chia-wei.Hsu/decadel_output_dir/decadal.ocean_month.i200201.e10.tos.nc ...
2025-04-23 01:35:12,165 - INFO - remove individual files
