2025-04-22 12:26:45,888 - INFO - === Processing variable tos ...
2025-04-22 12:26:45,889 - WARNING - concatenate file /collab1/data_untrusted/Chia-wei.Hsu/decadel_output_dir/decadal.ocean_month.i199101.e07.tos.nc exist, skipping...
2025-04-22 12:26:46,202 - INFO - === Processing variable tos ...
2025-04-22 12:26:46,202 - INFO - ===== Processing initial year 1991 initial month  1 ensamble_number  8...
2025-04-22 12:26:46,925 - WARNING - extracted tar file /vftmp/Chia-wei.Hsu/untar_dir/19910101.ocean_month.nc exist, skipping...
2025-04-22 12:26:46,926 - WARNING - extracted variable file /collab1/data_untrusted/Chia-wei.Hsu/decadel_output_dir/decadal.ocean_month.i199101.e08.1991.tos.nc exist, skipping...
2025-04-22 15:33:01,078 - WARNING - extracted tar file /vftmp/Chia-wei.Hsu/untar_dir/19920101.ocean_month.nc exist, skipping...
2025-04-22 15:33:01,079 - INFO - (ncks) extracting variable /collab1/data_untrusted/Chia-wei.Hsu/decadel_output_dir/decadal.ocean_month.i199101.e08.1992.tos.nc ...
2025-04-22 15:38:51,236 - WARNING - extracted tar file /vftmp/Chia-wei.Hsu/untar_dir/19930101.ocean_month.nc exist, skipping...
2025-04-22 15:38:51,237 - INFO - (ncks) extracting variable /collab1/data_untrusted/Chia-wei.Hsu/decadel_output_dir/decadal.ocean_month.i199101.e08.1993.tos.nc ...
2025-04-22 15:44:54,070 - WARNING - extracted tar file /vftmp/Chia-wei.Hsu/untar_dir/19940101.ocean_month.nc exist, skipping...
2025-04-22 15:44:54,071 - INFO - (ncks) extracting variable /collab1/data_untrusted/Chia-wei.Hsu/decadel_output_dir/decadal.ocean_month.i199101.e08.1994.tos.nc ...
2025-04-22 15:56:42,885 - WARNING - extracted tar file /vftmp/Chia-wei.Hsu/untar_dir/19950101.ocean_month.nc exist, skipping...
2025-04-22 15:56:42,886 - INFO - (ncks) extracting variable /collab1/data_untrusted/Chia-wei.Hsu/decadel_output_dir/decadal.ocean_month.i199101.e08.1995.tos.nc ...
2025-04-22 16:04:08,801 - WARNING - extracted tar file /vftmp/Chia-wei.Hsu/untar_dir/19960101.ocean_month.nc exist, skipping...
2025-04-22 16:04:08,802 - INFO - (ncks) extracting variable /collab1/data_untrusted/Chia-wei.Hsu/decadel_output_dir/decadal.ocean_month.i199101.e08.1996.tos.nc ...
2025-04-22 16:07:58,342 - WARNING - extracted tar file /vftmp/Chia-wei.Hsu/untar_dir/19970101.ocean_month.nc exist, skipping...
2025-04-22 16:07:58,343 - INFO - (ncks) extracting variable /collab1/data_untrusted/Chia-wei.Hsu/decadel_output_dir/decadal.ocean_month.i199101.e08.1997.tos.nc ...
2025-04-22 16:10:43,242 - WARNING - extracted tar file /vftmp/Chia-wei.Hsu/untar_dir/19980101.ocean_month.nc exist, skipping...
2025-04-22 16:10:43,243 - INFO - (ncks) extracting variable /collab1/data_untrusted/Chia-wei.Hsu/decadel_output_dir/decadal.ocean_month.i199101.e08.1998.tos.nc ...
2025-04-22 16:13:36,707 - WARNING - extracted tar file /vftmp/Chia-wei.Hsu/untar_dir/19990101.ocean_month.nc exist, skipping...
2025-04-22 16:13:36,708 - INFO - (ncks) extracting variable /collab1/data_untrusted/Chia-wei.Hsu/decadel_output_dir/decadal.ocean_month.i199101.e08.1999.tos.nc ...
2025-04-22 19:28:32,886 - WARNING - extracted tar file /vftmp/Chia-wei.Hsu/untar_dir/20000101.ocean_month.nc exist, skipping...
2025-04-22 19:28:32,887 - INFO - (ncks) extracting variable /collab1/data_untrusted/Chia-wei.Hsu/decadel_output_dir/decadal.ocean_month.i199101.e08.2000.tos.nc ...
2025-04-22 19:28:32,968 - INFO - (ncrcat) concatenating files for single variable, single ensemble, multi-lead ...
2025-04-22 19:28:37,517 - INFO - concatenated file at /collab1/data_untrusted/Chia-wei.Hsu/decadel_output_dir/decadal.ocean_month.i199101.e08.tos.nc ...
2025-04-22 19:28:37,528 - INFO - remove individual files
2025-04-22 19:28:37,581 - INFO - === Processing variable tos ...
2025-04-22 19:28:37,582 - INFO - ===== Processing initial year 1991 initial month  1 ensamble_number  9...
2025-04-22 19:31:19,076 - WARNING - extracted tar file /vftmp/Chia-wei.Hsu/untar_dir/19910101.ocean_month.nc exist, skipping...
2025-04-22 19:31:19,076 - INFO - (ncks) extracting variable /collab1/data_untrusted/Chia-wei.Hsu/decadel_output_dir/decadal.ocean_month.i199101.e09.1991.tos.nc ...
2025-04-22 23:25:10,258 - WARNING - extracted tar file /vftmp/Chia-wei.Hsu/untar_dir/19920101.ocean_month.nc exist, skipping...
2025-04-22 23:25:10,361 - INFO - (ncks) extracting variable /collab1/data_untrusted/Chia-wei.Hsu/decadel_output_dir/decadal.ocean_month.i199101.e09.1992.tos.nc ...
2025-04-23 00:58:16,854 - WARNING - extracted tar file /vftmp/Chia-wei.Hsu/untar_dir/19930101.ocean_month.nc exist, skipping...
2025-04-23 00:58:16,855 - INFO - (ncks) extracting variable /collab1/data_untrusted/Chia-wei.Hsu/decadel_output_dir/decadal.ocean_month.i199101.e09.1993.tos.nc ...
2025-04-23 01:01:30,759 - WARNING - extracted tar file /vftmp/Chia-wei.Hsu/untar_dir/19940101.ocean_month.nc exist, skipping...
2025-04-23 01:01:30,760 - INFO - (ncks) extracting variable /collab1/data_untrusted/Chia-wei.Hsu/decadel_output_dir/decadal.ocean_month.i199101.e09.1994.tos.nc ...
2025-04-23 01:22:07,761 - WARNING - extracted tar file /vftmp/Chia-wei.Hsu/untar_dir/19950101.ocean_month.nc exist, skipping...
2025-04-23 01:22:07,762 - INFO - (ncks) extracting variable /collab1/data_untrusted/Chia-wei.Hsu/decadel_output_dir/decadal.ocean_month.i199101.e09.1995.tos.nc ...
2025-04-23 01:32:16,844 - WARNING - extracted tar file /vftmp/Chia-wei.Hsu/untar_dir/19960101.ocean_month.nc exist, skipping...
2025-04-23 01:32:16,845 - INFO - (ncks) extracting variable /collab1/data_untrusted/Chia-wei.Hsu/decadel_output_dir/decadal.ocean_month.i199101.e09.1996.tos.nc ...
2025-04-23 01:34:47,948 - WARNING - extracted tar file /vftmp/Chia-wei.Hsu/untar_dir/19970101.ocean_month.nc exist, skipping...
2025-04-23 01:34:47,949 - INFO - (ncks) extracting variable /collab1/data_untrusted/Chia-wei.Hsu/decadel_output_dir/decadal.ocean_month.i199101.e09.1997.tos.nc ...
2025-04-23 01:38:48,065 - WARNING - extracted tar file /vftmp/Chia-wei.Hsu/untar_dir/19980101.ocean_month.nc exist, skipping...
2025-04-23 01:38:48,066 - INFO - (ncks) extracting variable /collab1/data_untrusted/Chia-wei.Hsu/decadel_output_dir/decadal.ocean_month.i199101.e09.1998.tos.nc ...
2025-04-23 01:47:30,647 - WARNING - extracted tar file /vftmp/Chia-wei.Hsu/untar_dir/19990101.ocean_month.nc exist, skipping...
2025-04-23 01:47:30,648 - INFO - (ncks) extracting variable /collab1/data_untrusted/Chia-wei.Hsu/decadel_output_dir/decadal.ocean_month.i199101.e09.1999.tos.nc ...
2025-04-23 01:51:19,053 - WARNING - extracted tar file /vftmp/Chia-wei.Hsu/untar_dir/20000101.ocean_month.nc exist, skipping...
2025-04-23 01:51:19,054 - INFO - (ncks) extracting variable /collab1/data_untrusted/Chia-wei.Hsu/decadel_output_dir/decadal.ocean_month.i199101.e09.2000.tos.nc ...
2025-04-23 01:51:22,157 - INFO - (ncrcat) concatenating files for single variable, single ensemble, multi-lead ...
2025-04-23 01:51:28,684 - INFO - concatenated file at /collab1/data_untrusted/Chia-wei.Hsu/decadel_output_dir/decadal.ocean_month.i199101.e09.tos.nc ...
2025-04-23 01:51:28,692 - INFO - remove individual files
2025-04-23 01:51:28,728 - INFO - === Processing variable tos ...
2025-04-23 01:51:28,728 - INFO - ===== Processing initial year 1991 initial month  1 ensamble_number 10...
2025-04-23 01:54:12,691 - WARNING - extracted tar file /vftmp/Chia-wei.Hsu/untar_dir/19910101.ocean_month.nc exist, skipping...
2025-04-23 01:54:12,692 - INFO - (ncks) extracting variable /collab1/data_untrusted/Chia-wei.Hsu/decadel_output_dir/decadal.ocean_month.i199101.e10.1991.tos.nc ...
2025-04-23 02:04:58,847 - WARNING - extracted tar file /vftmp/Chia-wei.Hsu/untar_dir/19920101.ocean_month.nc exist, skipping...
2025-04-23 02:04:58,848 - INFO - (ncks) extracting variable /collab1/data_untrusted/Chia-wei.Hsu/decadel_output_dir/decadal.ocean_month.i199101.e10.1992.tos.nc ...
2025-04-23 02:08:35,066 - WARNING - extracted tar file /vftmp/Chia-wei.Hsu/untar_dir/19930101.ocean_month.nc exist, skipping...
2025-04-23 02:08:35,067 - INFO - (ncks) extracting variable /collab1/data_untrusted/Chia-wei.Hsu/decadel_output_dir/decadal.ocean_month.i199101.e10.1993.tos.nc ...
2025-04-23 02:12:13,894 - WARNING - extracted tar file /vftmp/Chia-wei.Hsu/untar_dir/19940101.ocean_month.nc exist, skipping...
2025-04-23 02:12:13,895 - INFO - (ncks) extracting variable /collab1/data_untrusted/Chia-wei.Hsu/decadel_output_dir/decadal.ocean_month.i199101.e10.1994.tos.nc ...
2025-04-23 02:16:57,586 - WARNING - extracted tar file /vftmp/Chia-wei.Hsu/untar_dir/19950101.ocean_month.nc exist, skipping...
2025-04-23 02:16:57,586 - INFO - (ncks) extracting variable /collab1/data_untrusted/Chia-wei.Hsu/decadel_output_dir/decadal.ocean_month.i199101.e10.1995.tos.nc ...
2025-04-23 03:16:26,220 - WARNING - extracted tar file /vftmp/Chia-wei.Hsu/untar_dir/19960101.ocean_month.nc exist, skipping...
2025-04-23 03:16:26,221 - INFO - (ncks) extracting variable /collab1/data_untrusted/Chia-wei.Hsu/decadel_output_dir/decadal.ocean_month.i199101.e10.1996.tos.nc ...
2025-04-23 03:19:05,397 - WARNING - extracted tar file /vftmp/Chia-wei.Hsu/untar_dir/19970101.ocean_month.nc exist, skipping...
2025-04-23 03:19:05,398 - INFO - (ncks) extracting variable /collab1/data_untrusted/Chia-wei.Hsu/decadel_output_dir/decadal.ocean_month.i199101.e10.1997.tos.nc ...
2025-04-23 03:26:26,751 - WARNING - extracted tar file /vftmp/Chia-wei.Hsu/untar_dir/19980101.ocean_month.nc exist, skipping...
2025-04-23 03:26:26,752 - INFO - (ncks) extracting variable /collab1/data_untrusted/Chia-wei.Hsu/decadel_output_dir/decadal.ocean_month.i199101.e10.1998.tos.nc ...
2025-04-23 03:30:40,974 - WARNING - extracted tar file /vftmp/Chia-wei.Hsu/untar_dir/19990101.ocean_month.nc exist, skipping...
2025-04-23 03:30:40,974 - INFO - (ncks) extracting variable /collab1/data_untrusted/Chia-wei.Hsu/decadel_output_dir/decadal.ocean_month.i199101.e10.1999.tos.nc ...
2025-04-23 03:34:35,941 - WARNING - extracted tar file /vftmp/Chia-wei.Hsu/untar_dir/20000101.ocean_month.nc exist, skipping...
2025-04-23 03:34:35,942 - INFO - (ncks) extracting variable /collab1/data_untrusted/Chia-wei.Hsu/decadel_output_dir/decadal.ocean_month.i199101.e10.2000.tos.nc ...
2025-04-23 03:34:36,024 - INFO - (ncrcat) concatenating files for single variable, single ensemble, multi-lead ...
2025-04-23 03:34:41,785 - INFO - concatenated file at /collab1/data_untrusted/Chia-wei.Hsu/decadel_output_dir/decadal.ocean_month.i199101.e10.tos.nc ...
2025-04-23 03:34:41,794 - INFO - remove individual files
