2025-04-22 12:26:45,692 - INFO - === Processing variable tos ...
2025-04-22 12:26:45,693 - WARNING - concatenate file /collab1/data_untrusted/Chia-wei.Hsu/decadel_output_dir/decadal.ocean_month.i201901.e07.tos.nc exist, skipping...
2025-04-22 12:26:45,888 - INFO - === Processing variable tos ...
2025-04-22 12:26:45,889 - INFO - ===== Processing initial year 2019 initial month  1 ensamble_number  8...
2025-04-22 12:26:47,189 - WARNING - extracted tar file /vftmp/Chia-wei.Hsu/untar_dir/20190101.ocean_month.nc exist, skipping...
2025-04-22 12:26:47,190 - WARNING - extracted variable file /collab1/data_untrusted/Chia-wei.Hsu/decadel_output_dir/decadal.ocean_month.i201901.e08.2019.tos.nc exist, skipping...
2025-04-22 15:28:49,918 - WARNING - extracted tar file /vftmp/Chia-wei.Hsu/untar_dir/20200101.ocean_month.nc exist, skipping...
2025-04-22 15:28:49,919 - INFO - (ncks) extracting variable /collab1/data_untrusted/Chia-wei.Hsu/decadel_output_dir/decadal.ocean_month.i201901.e08.2020.tos.nc ...
2025-04-22 15:39:41,579 - WARNING - extracted tar file /vftmp/Chia-wei.Hsu/untar_dir/20210101.ocean_month.nc exist, skipping...
2025-04-22 15:39:41,580 - INFO - (ncks) extracting variable /collab1/data_untrusted/Chia-wei.Hsu/decadel_output_dir/decadal.ocean_month.i201901.e08.2021.tos.nc ...
2025-04-22 15:45:45,534 - WARNING - extracted tar file /vftmp/Chia-wei.Hsu/untar_dir/20220101.ocean_month.nc exist, skipping...
2025-04-22 15:45:45,535 - INFO - (ncks) extracting variable /collab1/data_untrusted/Chia-wei.Hsu/decadel_output_dir/decadal.ocean_month.i201901.e08.2022.tos.nc ...
2025-04-22 15:57:48,160 - WARNING - extracted tar file /vftmp/Chia-wei.Hsu/untar_dir/20230101.ocean_month.nc exist, skipping...
2025-04-22 15:57:48,161 - INFO - (ncks) extracting variable /collab1/data_untrusted/Chia-wei.Hsu/decadel_output_dir/decadal.ocean_month.i201901.e08.2023.tos.nc ...
2025-04-22 16:03:12,808 - WARNING - extracted tar file /vftmp/Chia-wei.Hsu/untar_dir/20240101.ocean_month.nc exist, skipping...
2025-04-22 16:03:12,809 - INFO - (ncks) extracting variable /collab1/data_untrusted/Chia-wei.Hsu/decadel_output_dir/decadal.ocean_month.i201901.e08.2024.tos.nc ...
2025-04-22 16:14:38,167 - WARNING - extracted tar file /vftmp/Chia-wei.Hsu/untar_dir/20250101.ocean_month.nc exist, skipping...
2025-04-22 16:14:38,168 - INFO - (ncks) extracting variable /collab1/data_untrusted/Chia-wei.Hsu/decadel_output_dir/decadal.ocean_month.i201901.e08.2025.tos.nc ...
2025-04-22 16:18:37,581 - WARNING - extracted tar file /vftmp/Chia-wei.Hsu/untar_dir/20260101.ocean_month.nc exist, skipping...
2025-04-22 16:18:37,582 - INFO - (ncks) extracting variable /collab1/data_untrusted/Chia-wei.Hsu/decadel_output_dir/decadal.ocean_month.i201901.e08.2026.tos.nc ...
2025-04-22 16:20:18,993 - WARNING - extracted tar file /vftmp/Chia-wei.Hsu/untar_dir/20270101.ocean_month.nc exist, skipping...
2025-04-22 16:20:18,994 - INFO - (ncks) extracting variable /collab1/data_untrusted/Chia-wei.Hsu/decadel_output_dir/decadal.ocean_month.i201901.e08.2027.tos.nc ...
2025-04-22 16:27:22,968 - WARNING - extracted tar file /vftmp/Chia-wei.Hsu/untar_dir/20280101.ocean_month.nc exist, skipping...
2025-04-22 16:27:22,969 - INFO - (ncks) extracting variable /collab1/data_untrusted/Chia-wei.Hsu/decadel_output_dir/decadal.ocean_month.i201901.e08.2028.tos.nc ...
2025-04-22 16:27:23,068 - INFO - (ncrcat) concatenating files for single variable, single ensemble, multi-lead ...
2025-04-22 16:27:26,143 - INFO - concatenated file at /collab1/data_untrusted/Chia-wei.Hsu/decadel_output_dir/decadal.ocean_month.i201901.e08.tos.nc ...
2025-04-22 16:27:26,155 - INFO - remove individual files
2025-04-22 16:27:26,188 - INFO - === Processing variable tos ...
2025-04-22 16:27:26,188 - INFO - ===== Processing initial year 2019 initial month  1 ensamble_number  9...
2025-04-22 16:30:56,946 - WARNING - extracted tar file /vftmp/Chia-wei.Hsu/untar_dir/20190101.ocean_month.nc exist, skipping...
2025-04-22 16:30:56,947 - INFO - (ncks) extracting variable /collab1/data_untrusted/Chia-wei.Hsu/decadel_output_dir/decadal.ocean_month.i201901.e09.2019.tos.nc ...
2025-04-22 16:34:12,885 - WARNING - extracted tar file /vftmp/Chia-wei.Hsu/untar_dir/20200101.ocean_month.nc exist, skipping...
2025-04-22 16:34:12,886 - INFO - (ncks) extracting variable /collab1/data_untrusted/Chia-wei.Hsu/decadel_output_dir/decadal.ocean_month.i201901.e09.2020.tos.nc ...
2025-04-22 16:37:09,312 - WARNING - extracted tar file /vftmp/Chia-wei.Hsu/untar_dir/20210101.ocean_month.nc exist, skipping...
2025-04-22 16:37:09,313 - INFO - (ncks) extracting variable /collab1/data_untrusted/Chia-wei.Hsu/decadel_output_dir/decadal.ocean_month.i201901.e09.2021.tos.nc ...
2025-04-22 19:31:41,646 - WARNING - extracted tar file /vftmp/Chia-wei.Hsu/untar_dir/20220101.ocean_month.nc exist, skipping...
2025-04-22 19:31:41,647 - INFO - (ncks) extracting variable /collab1/data_untrusted/Chia-wei.Hsu/decadel_output_dir/decadal.ocean_month.i201901.e09.2022.tos.nc ...
2025-04-22 21:10:21,874 - WARNING - extracted tar file /vftmp/Chia-wei.Hsu/untar_dir/20230101.ocean_month.nc exist, skipping...
2025-04-22 21:10:22,290 - INFO - (ncks) extracting variable /collab1/data_untrusted/Chia-wei.Hsu/decadel_output_dir/decadal.ocean_month.i201901.e09.2023.tos.nc ...
2025-04-22 21:13:01,531 - WARNING - extracted tar file /vftmp/Chia-wei.Hsu/untar_dir/20240101.ocean_month.nc exist, skipping...
2025-04-22 21:13:01,532 - INFO - (ncks) extracting variable /collab1/data_untrusted/Chia-wei.Hsu/decadel_output_dir/decadal.ocean_month.i201901.e09.2024.tos.nc ...
2025-04-22 21:18:26,583 - WARNING - extracted tar file /vftmp/Chia-wei.Hsu/untar_dir/20250101.ocean_month.nc exist, skipping...
2025-04-22 21:18:26,584 - INFO - (ncks) extracting variable /collab1/data_untrusted/Chia-wei.Hsu/decadel_output_dir/decadal.ocean_month.i201901.e09.2025.tos.nc ...
2025-04-22 22:41:06,942 - WARNING - extracted tar file /vftmp/Chia-wei.Hsu/untar_dir/20260101.ocean_month.nc exist, skipping...
2025-04-22 22:41:06,944 - INFO - (ncks) extracting variable /collab1/data_untrusted/Chia-wei.Hsu/decadel_output_dir/decadal.ocean_month.i201901.e09.2026.tos.nc ...
2025-04-23 00:09:11,303 - WARNING - extracted tar file /vftmp/Chia-wei.Hsu/untar_dir/20270101.ocean_month.nc exist, skipping...
2025-04-23 00:09:11,305 - INFO - (ncks) extracting variable /collab1/data_untrusted/Chia-wei.Hsu/decadel_output_dir/decadal.ocean_month.i201901.e09.2027.tos.nc ...
2025-04-23 00:12:45,346 - WARNING - extracted tar file /vftmp/Chia-wei.Hsu/untar_dir/20280101.ocean_month.nc exist, skipping...
2025-04-23 00:12:45,347 - INFO - (ncks) extracting variable /collab1/data_untrusted/Chia-wei.Hsu/decadel_output_dir/decadal.ocean_month.i201901.e09.2028.tos.nc ...
2025-04-23 00:12:45,971 - INFO - (ncrcat) concatenating files for single variable, single ensemble, multi-lead ...
2025-04-23 00:12:51,657 - INFO - concatenated file at /collab1/data_untrusted/Chia-wei.Hsu/decadel_output_dir/decadal.ocean_month.i201901.e09.tos.nc ...
2025-04-23 00:12:51,667 - INFO - remove individual files
2025-04-23 00:12:51,677 - INFO - === Processing variable tos ...
2025-04-23 00:12:51,678 - INFO - ===== Processing initial year 2019 initial month  1 ensamble_number 10...
2025-04-23 00:16:34,210 - WARNING - extracted tar file /vftmp/Chia-wei.Hsu/untar_dir/20190101.ocean_month.nc exist, skipping...
2025-04-23 00:16:34,211 - INFO - (ncks) extracting variable /collab1/data_untrusted/Chia-wei.Hsu/decadel_output_dir/decadal.ocean_month.i201901.e10.2019.tos.nc ...
2025-04-23 01:50:04,687 - WARNING - extracted tar file /vftmp/Chia-wei.Hsu/untar_dir/20200101.ocean_month.nc exist, skipping...
2025-04-23 01:50:04,688 - INFO - (ncks) extracting variable /collab1/data_untrusted/Chia-wei.Hsu/decadel_output_dir/decadal.ocean_month.i201901.e10.2020.tos.nc ...
2025-04-23 01:53:29,862 - WARNING - extracted tar file /vftmp/Chia-wei.Hsu/untar_dir/20210101.ocean_month.nc exist, skipping...
2025-04-23 01:53:29,863 - INFO - (ncks) extracting variable /collab1/data_untrusted/Chia-wei.Hsu/decadel_output_dir/decadal.ocean_month.i201901.e10.2021.tos.nc ...
2025-04-23 01:56:11,007 - WARNING - extracted tar file /vftmp/Chia-wei.Hsu/untar_dir/20220101.ocean_month.nc exist, skipping...
2025-04-23 01:56:11,008 - INFO - (ncks) extracting variable /collab1/data_untrusted/Chia-wei.Hsu/decadel_output_dir/decadal.ocean_month.i201901.e10.2022.tos.nc ...
2025-04-23 01:58:32,104 - WARNING - extracted tar file /vftmp/Chia-wei.Hsu/untar_dir/20230101.ocean_month.nc exist, skipping...
2025-04-23 01:58:32,105 - INFO - (ncks) extracting variable /collab1/data_untrusted/Chia-wei.Hsu/decadel_output_dir/decadal.ocean_month.i201901.e10.2023.tos.nc ...
2025-04-23 02:04:51,005 - WARNING - extracted tar file /vftmp/Chia-wei.Hsu/untar_dir/20240101.ocean_month.nc exist, skipping...
2025-04-23 02:04:51,006 - INFO - (ncks) extracting variable /collab1/data_untrusted/Chia-wei.Hsu/decadel_output_dir/decadal.ocean_month.i201901.e10.2024.tos.nc ...
2025-04-23 02:11:19,544 - WARNING - extracted tar file /vftmp/Chia-wei.Hsu/untar_dir/20250101.ocean_month.nc exist, skipping...
2025-04-23 02:11:19,545 - INFO - (ncks) extracting variable /collab1/data_untrusted/Chia-wei.Hsu/decadel_output_dir/decadal.ocean_month.i201901.e10.2025.tos.nc ...
2025-04-23 02:14:50,338 - WARNING - extracted tar file /vftmp/Chia-wei.Hsu/untar_dir/20260101.ocean_month.nc exist, skipping...
2025-04-23 02:14:50,339 - INFO - (ncks) extracting variable /collab1/data_untrusted/Chia-wei.Hsu/decadel_output_dir/decadal.ocean_month.i201901.e10.2026.tos.nc ...
2025-04-23 02:24:50,476 - WARNING - extracted tar file /vftmp/Chia-wei.Hsu/untar_dir/20270101.ocean_month.nc exist, skipping...
2025-04-23 02:24:50,477 - INFO - (ncks) extracting variable /collab1/data_untrusted/Chia-wei.Hsu/decadel_output_dir/decadal.ocean_month.i201901.e10.2027.tos.nc ...
2025-04-23 02:32:29,994 - WARNING - extracted tar file /vftmp/Chia-wei.Hsu/untar_dir/20280101.ocean_month.nc exist, skipping...
2025-04-23 02:32:29,995 - INFO - (ncks) extracting variable /collab1/data_untrusted/Chia-wei.Hsu/decadel_output_dir/decadal.ocean_month.i201901.e10.2028.tos.nc ...
2025-04-23 02:32:30,070 - INFO - (ncrcat) concatenating files for single variable, single ensemble, multi-lead ...
2025-04-23 02:32:33,814 - INFO - concatenated file at /collab1/data_untrusted/Chia-wei.Hsu/decadel_output_dir/decadal.ocean_month.i201901.e10.tos.nc ...
2025-04-23 02:32:33,822 - INFO - remove individual files
