2025-04-22 12:26:45,973 - INFO - === Processing variable tos ...
2025-04-22 12:26:45,974 - WARNING - concatenate file /collab1/data_untrusted/Chia-wei.Hsu/decadel_output_dir/decadal.ocean_month.i201801.e07.tos.nc exist, skipping...
2025-04-22 12:26:46,202 - INFO - === Processing variable tos ...
2025-04-22 12:26:46,202 - INFO - ===== Processing initial year 2018 initial month  1 ensamble_number  8...
2025-04-22 15:38:34,597 - WARNING - extracted tar file /vftmp/Chia-wei.Hsu/untar_dir/20180101.ocean_month.nc exist, skipping...
2025-04-22 15:38:34,598 - INFO - (ncks) extracting variable /collab1/data_untrusted/Chia-wei.Hsu/decadel_output_dir/decadal.ocean_month.i201801.e08.2018.tos.nc ...
2025-04-22 15:44:12,584 - WARNING - extracted tar file /vftmp/Chia-wei.Hsu/untar_dir/20190101.ocean_month.nc exist, skipping...
2025-04-22 15:44:12,585 - INFO - (ncks) extracting variable /collab1/data_untrusted/Chia-wei.Hsu/decadel_output_dir/decadal.ocean_month.i201801.e08.2019.tos.nc ...
2025-04-22 15:54:32,306 - WARNING - extracted tar file /vftmp/Chia-wei.Hsu/untar_dir/20200101.ocean_month.nc exist, skipping...
2025-04-22 15:54:32,307 - INFO - (ncks) extracting variable /collab1/data_untrusted/Chia-wei.Hsu/decadel_output_dir/decadal.ocean_month.i201801.e08.2020.tos.nc ...
2025-04-22 16:04:00,123 - WARNING - extracted tar file /vftmp/Chia-wei.Hsu/untar_dir/20210101.ocean_month.nc exist, skipping...
2025-04-22 16:04:00,124 - INFO - (ncks) extracting variable /collab1/data_untrusted/Chia-wei.Hsu/decadel_output_dir/decadal.ocean_month.i201801.e08.2021.tos.nc ...
2025-04-22 16:06:44,287 - WARNING - extracted tar file /vftmp/Chia-wei.Hsu/untar_dir/20220101.ocean_month.nc exist, skipping...
2025-04-22 16:06:44,288 - INFO - (ncks) extracting variable /collab1/data_untrusted/Chia-wei.Hsu/decadel_output_dir/decadal.ocean_month.i201801.e08.2022.tos.nc ...
2025-04-22 19:11:17,565 - WARNING - extracted tar file /vftmp/Chia-wei.Hsu/untar_dir/20230101.ocean_month.nc exist, skipping...
2025-04-22 19:11:17,566 - INFO - (ncks) extracting variable /collab1/data_untrusted/Chia-wei.Hsu/decadel_output_dir/decadal.ocean_month.i201801.e08.2023.tos.nc ...
2025-04-22 19:14:03,053 - WARNING - extracted tar file /vftmp/Chia-wei.Hsu/untar_dir/20240101.ocean_month.nc exist, skipping...
2025-04-22 19:14:03,053 - INFO - (ncks) extracting variable /collab1/data_untrusted/Chia-wei.Hsu/decadel_output_dir/decadal.ocean_month.i201801.e08.2024.tos.nc ...
2025-04-22 19:22:57,126 - WARNING - extracted tar file /vftmp/Chia-wei.Hsu/untar_dir/20250101.ocean_month.nc exist, skipping...
2025-04-22 19:22:57,127 - INFO - (ncks) extracting variable /collab1/data_untrusted/Chia-wei.Hsu/decadel_output_dir/decadal.ocean_month.i201801.e08.2025.tos.nc ...
2025-04-22 21:33:33,760 - WARNING - extracted tar file /vftmp/Chia-wei.Hsu/untar_dir/20260101.ocean_month.nc exist, skipping...
2025-04-22 21:33:33,863 - INFO - (ncks) extracting variable /collab1/data_untrusted/Chia-wei.Hsu/decadel_output_dir/decadal.ocean_month.i201801.e08.2026.tos.nc ...
2025-04-22 21:36:38,359 - WARNING - extracted tar file /vftmp/Chia-wei.Hsu/untar_dir/20270101.ocean_month.nc exist, skipping...
2025-04-22 21:36:38,376 - INFO - (ncks) extracting variable /collab1/data_untrusted/Chia-wei.Hsu/decadel_output_dir/decadal.ocean_month.i201801.e08.2027.tos.nc ...
2025-04-22 21:36:40,916 - INFO - (ncrcat) concatenating files for single variable, single ensemble, multi-lead ...
2025-04-22 21:36:44,699 - INFO - concatenated file at /collab1/data_untrusted/Chia-wei.Hsu/decadel_output_dir/decadal.ocean_month.i201801.e08.tos.nc ...
2025-04-22 21:36:44,707 - INFO - remove individual files
2025-04-22 21:36:44,754 - INFO - === Processing variable tos ...
2025-04-22 21:36:44,755 - INFO - ===== Processing initial year 2018 initial month  1 ensamble_number  9...
2025-04-22 21:43:22,984 - WARNING - extracted tar file /vftmp/Chia-wei.Hsu/untar_dir/20180101.ocean_month.nc exist, skipping...
2025-04-22 21:43:22,985 - INFO - (ncks) extracting variable /collab1/data_untrusted/Chia-wei.Hsu/decadel_output_dir/decadal.ocean_month.i201801.e09.2018.tos.nc ...
2025-04-22 21:48:30,580 - WARNING - extracted tar file /vftmp/Chia-wei.Hsu/untar_dir/20190101.ocean_month.nc exist, skipping...
2025-04-22 21:48:30,581 - INFO - (ncks) extracting variable /collab1/data_untrusted/Chia-wei.Hsu/decadel_output_dir/decadal.ocean_month.i201801.e09.2019.tos.nc ...
2025-04-22 21:53:37,455 - WARNING - extracted tar file /vftmp/Chia-wei.Hsu/untar_dir/20200101.ocean_month.nc exist, skipping...
2025-04-22 21:53:37,456 - INFO - (ncks) extracting variable /collab1/data_untrusted/Chia-wei.Hsu/decadel_output_dir/decadal.ocean_month.i201801.e09.2020.tos.nc ...
2025-04-22 22:01:42,191 - WARNING - extracted tar file /vftmp/Chia-wei.Hsu/untar_dir/20210101.ocean_month.nc exist, skipping...
2025-04-22 22:01:42,193 - INFO - (ncks) extracting variable /collab1/data_untrusted/Chia-wei.Hsu/decadel_output_dir/decadal.ocean_month.i201801.e09.2021.tos.nc ...
2025-04-22 22:07:20,460 - WARNING - extracted tar file /vftmp/Chia-wei.Hsu/untar_dir/20220101.ocean_month.nc exist, skipping...
2025-04-22 22:07:20,461 - INFO - (ncks) extracting variable /collab1/data_untrusted/Chia-wei.Hsu/decadel_output_dir/decadal.ocean_month.i201801.e09.2022.tos.nc ...
2025-04-22 22:13:10,682 - WARNING - extracted tar file /vftmp/Chia-wei.Hsu/untar_dir/20230101.ocean_month.nc exist, skipping...
2025-04-22 22:13:10,683 - INFO - (ncks) extracting variable /collab1/data_untrusted/Chia-wei.Hsu/decadel_output_dir/decadal.ocean_month.i201801.e09.2023.tos.nc ...
2025-04-22 22:20:14,835 - WARNING - extracted tar file /vftmp/Chia-wei.Hsu/untar_dir/20240101.ocean_month.nc exist, skipping...
2025-04-22 22:20:14,836 - INFO - (ncks) extracting variable /collab1/data_untrusted/Chia-wei.Hsu/decadel_output_dir/decadal.ocean_month.i201801.e09.2024.tos.nc ...
2025-04-22 22:23:16,952 - WARNING - extracted tar file /vftmp/Chia-wei.Hsu/untar_dir/20250101.ocean_month.nc exist, skipping...
2025-04-22 22:23:16,953 - INFO - (ncks) extracting variable /collab1/data_untrusted/Chia-wei.Hsu/decadel_output_dir/decadal.ocean_month.i201801.e09.2025.tos.nc ...
2025-04-22 22:27:31,131 - WARNING - extracted tar file /vftmp/Chia-wei.Hsu/untar_dir/20260101.ocean_month.nc exist, skipping...
2025-04-22 22:27:31,132 - INFO - (ncks) extracting variable /collab1/data_untrusted/Chia-wei.Hsu/decadel_output_dir/decadal.ocean_month.i201801.e09.2026.tos.nc ...
2025-04-22 22:30:03,694 - WARNING - extracted tar file /vftmp/Chia-wei.Hsu/untar_dir/20270101.ocean_month.nc exist, skipping...
2025-04-22 22:30:03,695 - INFO - (ncks) extracting variable /collab1/data_untrusted/Chia-wei.Hsu/decadel_output_dir/decadal.ocean_month.i201801.e09.2027.tos.nc ...
2025-04-22 22:30:03,879 - INFO - (ncrcat) concatenating files for single variable, single ensemble, multi-lead ...
2025-04-22 22:30:09,204 - INFO - concatenated file at /collab1/data_untrusted/Chia-wei.Hsu/decadel_output_dir/decadal.ocean_month.i201801.e09.tos.nc ...
2025-04-22 22:30:09,224 - INFO - remove individual files
2025-04-22 22:30:09,277 - INFO - === Processing variable tos ...
2025-04-22 22:30:09,278 - INFO - ===== Processing initial year 2018 initial month  1 ensamble_number 10...
2025-04-22 22:34:25,216 - WARNING - extracted tar file /vftmp/Chia-wei.Hsu/untar_dir/20180101.ocean_month.nc exist, skipping...
2025-04-22 22:34:25,229 - INFO - (ncks) extracting variable /collab1/data_untrusted/Chia-wei.Hsu/decadel_output_dir/decadal.ocean_month.i201801.e10.2018.tos.nc ...
2025-04-22 23:44:47,052 - WARNING - extracted tar file /vftmp/Chia-wei.Hsu/untar_dir/20190101.ocean_month.nc exist, skipping...
2025-04-22 23:44:47,054 - INFO - (ncks) extracting variable /collab1/data_untrusted/Chia-wei.Hsu/decadel_output_dir/decadal.ocean_month.i201801.e10.2019.tos.nc ...
2025-04-22 23:49:38,215 - WARNING - extracted tar file /vftmp/Chia-wei.Hsu/untar_dir/20200101.ocean_month.nc exist, skipping...
2025-04-22 23:49:38,216 - INFO - (ncks) extracting variable /collab1/data_untrusted/Chia-wei.Hsu/decadel_output_dir/decadal.ocean_month.i201801.e10.2020.tos.nc ...
2025-04-22 23:53:28,574 - WARNING - extracted tar file /vftmp/Chia-wei.Hsu/untar_dir/20210101.ocean_month.nc exist, skipping...
2025-04-22 23:53:28,575 - INFO - (ncks) extracting variable /collab1/data_untrusted/Chia-wei.Hsu/decadel_output_dir/decadal.ocean_month.i201801.e10.2021.tos.nc ...
2025-04-22 23:56:05,915 - WARNING - extracted tar file /vftmp/Chia-wei.Hsu/untar_dir/20220101.ocean_month.nc exist, skipping...
2025-04-22 23:56:05,916 - INFO - (ncks) extracting variable /collab1/data_untrusted/Chia-wei.Hsu/decadel_output_dir/decadal.ocean_month.i201801.e10.2022.tos.nc ...
2025-04-23 00:01:05,478 - WARNING - extracted tar file /vftmp/Chia-wei.Hsu/untar_dir/20230101.ocean_month.nc exist, skipping...
2025-04-23 00:01:05,479 - INFO - (ncks) extracting variable /collab1/data_untrusted/Chia-wei.Hsu/decadel_output_dir/decadal.ocean_month.i201801.e10.2023.tos.nc ...
2025-04-23 01:28:15,898 - WARNING - extracted tar file /vftmp/Chia-wei.Hsu/untar_dir/20240101.ocean_month.nc exist, skipping...
2025-04-23 01:28:15,899 - INFO - (ncks) extracting variable /collab1/data_untrusted/Chia-wei.Hsu/decadel_output_dir/decadal.ocean_month.i201801.e10.2024.tos.nc ...
2025-04-23 01:52:01,215 - WARNING - extracted tar file /vftmp/Chia-wei.Hsu/untar_dir/20250101.ocean_month.nc exist, skipping...
2025-04-23 01:52:01,216 - INFO - (ncks) extracting variable /collab1/data_untrusted/Chia-wei.Hsu/decadel_output_dir/decadal.ocean_month.i201801.e10.2025.tos.nc ...
2025-04-23 01:56:00,493 - WARNING - extracted tar file /vftmp/Chia-wei.Hsu/untar_dir/20260101.ocean_month.nc exist, skipping...
2025-04-23 01:56:00,494 - INFO - (ncks) extracting variable /collab1/data_untrusted/Chia-wei.Hsu/decadel_output_dir/decadal.ocean_month.i201801.e10.2026.tos.nc ...
2025-04-23 02:01:51,172 - WARNING - extracted tar file /vftmp/Chia-wei.Hsu/untar_dir/20270101.ocean_month.nc exist, skipping...
2025-04-23 02:01:51,173 - INFO - (ncks) extracting variable /collab1/data_untrusted/Chia-wei.Hsu/decadel_output_dir/decadal.ocean_month.i201801.e10.2027.tos.nc ...
2025-04-23 02:01:51,256 - INFO - (ncrcat) concatenating files for single variable, single ensemble, multi-lead ...
2025-04-23 02:01:54,462 - INFO - concatenated file at /collab1/data_untrusted/Chia-wei.Hsu/decadel_output_dir/decadal.ocean_month.i201801.e10.tos.nc ...
2025-04-23 02:01:54,470 - INFO - remove individual files
