2025-04-22 12:26:45,888 - INFO - === Processing variable tos ...
2025-04-22 12:26:45,889 - WARNING - concatenate file /collab1/data_untrusted/Chia-wei.Hsu/decadel_output_dir/decadal.ocean_month.i202201.e07.tos.nc exist, skipping...
2025-04-22 12:26:46,202 - INFO - === Processing variable tos ...
2025-04-22 12:26:46,202 - INFO - ===== Processing initial year 2022 initial month  1 ensamble_number  8...
2025-04-22 12:26:46,932 - WARNING - extracted tar file /vftmp/Chia-wei.Hsu/untar_dir/20220101.ocean_month.nc exist, skipping...
2025-04-22 12:26:46,939 - WARNING - extracted variable file /collab1/data_untrusted/Chia-wei.Hsu/decadel_output_dir/decadal.ocean_month.i202201.e08.2022.tos.nc exist, skipping...
2025-04-22 12:26:47,213 - WARNING - extracted tar file /vftmp/Chia-wei.Hsu/untar_dir/20230101.ocean_month.nc exist, skipping...
2025-04-22 12:26:47,213 - WARNING - extracted variable file /collab1/data_untrusted/Chia-wei.Hsu/decadel_output_dir/decadal.ocean_month.i202201.e08.2023.tos.nc exist, skipping...
2025-04-22 12:26:47,466 - WARNING - extracted tar file /vftmp/Chia-wei.Hsu/untar_dir/20240101.ocean_month.nc exist, skipping...
2025-04-22 12:26:47,466 - WARNING - extracted variable file /collab1/data_untrusted/Chia-wei.Hsu/decadel_output_dir/decadal.ocean_month.i202201.e08.2024.tos.nc exist, skipping...
2025-04-22 12:26:47,717 - WARNING - extracted tar file /vftmp/Chia-wei.Hsu/untar_dir/20250101.ocean_month.nc exist, skipping...
2025-04-22 12:26:47,718 - WARNING - extracted variable file /collab1/data_untrusted/Chia-wei.Hsu/decadel_output_dir/decadal.ocean_month.i202201.e08.2025.tos.nc exist, skipping...
2025-04-22 12:26:47,968 - WARNING - extracted tar file /vftmp/Chia-wei.Hsu/untar_dir/20260101.ocean_month.nc exist, skipping...
2025-04-22 12:26:47,969 - WARNING - extracted variable file /collab1/data_untrusted/Chia-wei.Hsu/decadel_output_dir/decadal.ocean_month.i202201.e08.2026.tos.nc exist, skipping...
2025-04-22 13:28:32,969 - WARNING - extracted tar file /vftmp/Chia-wei.Hsu/untar_dir/20270101.ocean_month.nc exist, skipping...
2025-04-22 13:28:32,970 - INFO - (ncks) extracting variable /collab1/data_untrusted/Chia-wei.Hsu/decadel_output_dir/decadal.ocean_month.i202201.e08.2027.tos.nc ...
2025-04-22 13:32:32,770 - WARNING - extracted tar file /vftmp/Chia-wei.Hsu/untar_dir/20280101.ocean_month.nc exist, skipping...
2025-04-22 13:32:32,771 - INFO - (ncks) extracting variable /collab1/data_untrusted/Chia-wei.Hsu/decadel_output_dir/decadal.ocean_month.i202201.e08.2028.tos.nc ...
2025-04-22 13:39:13,229 - WARNING - extracted tar file /vftmp/Chia-wei.Hsu/untar_dir/20290101.ocean_month.nc exist, skipping...
2025-04-22 13:39:13,230 - INFO - (ncks) extracting variable /collab1/data_untrusted/Chia-wei.Hsu/decadel_output_dir/decadal.ocean_month.i202201.e08.2029.tos.nc ...
2025-04-22 17:06:47,806 - WARNING - extracted tar file /vftmp/Chia-wei.Hsu/untar_dir/20300101.ocean_month.nc exist, skipping...
2025-04-22 17:06:47,807 - INFO - (ncks) extracting variable /collab1/data_untrusted/Chia-wei.Hsu/decadel_output_dir/decadal.ocean_month.i202201.e08.2030.tos.nc ...
2025-04-22 17:06:48,151 - WARNING - extracted tar file /vftmp/Chia-wei.Hsu/untar_dir/20310101.ocean_month.nc exist, skipping...
2025-04-22 17:06:48,151 - INFO - (ncks) extracting variable /collab1/data_untrusted/Chia-wei.Hsu/decadel_output_dir/decadal.ocean_month.i202201.e08.2031.tos.nc ...
2025-04-22 17:06:48,232 - INFO - (ncrcat) concatenating files for single variable, single ensemble, multi-lead ...
2025-04-22 17:06:51,026 - INFO - concatenated file at /collab1/data_untrusted/Chia-wei.Hsu/decadel_output_dir/decadal.ocean_month.i202201.e08.tos.nc ...
2025-04-22 17:06:51,034 - INFO - remove individual files
2025-04-22 17:06:51,075 - INFO - === Processing variable tos ...
2025-04-22 17:06:51,075 - INFO - ===== Processing initial year 2022 initial month  1 ensamble_number  9...
2025-04-22 17:09:15,074 - WARNING - extracted tar file /vftmp/Chia-wei.Hsu/untar_dir/20220101.ocean_month.nc exist, skipping...
2025-04-22 17:09:15,075 - INFO - (ncks) extracting variable /collab1/data_untrusted/Chia-wei.Hsu/decadel_output_dir/decadal.ocean_month.i202201.e09.2022.tos.nc ...
2025-04-22 17:13:09,871 - WARNING - extracted tar file /vftmp/Chia-wei.Hsu/untar_dir/20230101.ocean_month.nc exist, skipping...
2025-04-22 17:13:09,871 - INFO - (ncks) extracting variable /collab1/data_untrusted/Chia-wei.Hsu/decadel_output_dir/decadal.ocean_month.i202201.e09.2023.tos.nc ...
2025-04-22 17:19:30,649 - WARNING - extracted tar file /vftmp/Chia-wei.Hsu/untar_dir/20240101.ocean_month.nc exist, skipping...
2025-04-22 17:19:30,649 - INFO - (ncks) extracting variable /collab1/data_untrusted/Chia-wei.Hsu/decadel_output_dir/decadal.ocean_month.i202201.e09.2024.tos.nc ...
2025-04-22 17:22:00,345 - WARNING - extracted tar file /vftmp/Chia-wei.Hsu/untar_dir/20250101.ocean_month.nc exist, skipping...
2025-04-22 17:22:00,346 - INFO - (ncks) extracting variable /collab1/data_untrusted/Chia-wei.Hsu/decadel_output_dir/decadal.ocean_month.i202201.e09.2025.tos.nc ...
2025-04-22 19:37:20,121 - WARNING - extracted tar file /vftmp/Chia-wei.Hsu/untar_dir/20260101.ocean_month.nc exist, skipping...
2025-04-22 19:37:20,122 - INFO - (ncks) extracting variable /collab1/data_untrusted/Chia-wei.Hsu/decadel_output_dir/decadal.ocean_month.i202201.e09.2026.tos.nc ...
2025-04-22 21:12:42,475 - WARNING - extracted tar file /vftmp/Chia-wei.Hsu/untar_dir/20270101.ocean_month.nc exist, skipping...
2025-04-22 21:12:42,631 - INFO - (ncks) extracting variable /collab1/data_untrusted/Chia-wei.Hsu/decadel_output_dir/decadal.ocean_month.i202201.e09.2027.tos.nc ...
2025-04-22 21:15:55,989 - WARNING - extracted tar file /vftmp/Chia-wei.Hsu/untar_dir/20280101.ocean_month.nc exist, skipping...
2025-04-22 21:15:55,990 - INFO - (ncks) extracting variable /collab1/data_untrusted/Chia-wei.Hsu/decadel_output_dir/decadal.ocean_month.i202201.e09.2028.tos.nc ...
2025-04-22 21:25:33,510 - WARNING - extracted tar file /vftmp/Chia-wei.Hsu/untar_dir/20290101.ocean_month.nc exist, skipping...
2025-04-22 21:25:33,511 - INFO - (ncks) extracting variable /collab1/data_untrusted/Chia-wei.Hsu/decadel_output_dir/decadal.ocean_month.i202201.e09.2029.tos.nc ...
2025-04-22 21:28:45,948 - WARNING - extracted tar file /vftmp/Chia-wei.Hsu/untar_dir/20300101.ocean_month.nc exist, skipping...
2025-04-22 21:28:45,954 - INFO - (ncks) extracting variable /collab1/data_untrusted/Chia-wei.Hsu/decadel_output_dir/decadal.ocean_month.i202201.e09.2030.tos.nc ...
2025-04-22 23:40:38,449 - WARNING - extracted tar file /vftmp/Chia-wei.Hsu/untar_dir/20310101.ocean_month.nc exist, skipping...
2025-04-22 23:40:38,451 - INFO - (ncks) extracting variable /collab1/data_untrusted/Chia-wei.Hsu/decadel_output_dir/decadal.ocean_month.i202201.e09.2031.tos.nc ...
2025-04-22 23:40:39,430 - INFO - (ncrcat) concatenating files for single variable, single ensemble, multi-lead ...
2025-04-22 23:40:42,732 - INFO - concatenated file at /collab1/data_untrusted/Chia-wei.Hsu/decadel_output_dir/decadal.ocean_month.i202201.e09.tos.nc ...
2025-04-22 23:40:42,739 - INFO - remove individual files
2025-04-22 23:40:42,807 - INFO - === Processing variable tos ...
2025-04-22 23:40:42,808 - INFO - ===== Processing initial year 2022 initial month  1 ensamble_number 10...
2025-04-22 23:44:24,927 - WARNING - extracted tar file /vftmp/Chia-wei.Hsu/untar_dir/20220101.ocean_month.nc exist, skipping...
2025-04-22 23:44:24,928 - INFO - (ncks) extracting variable /collab1/data_untrusted/Chia-wei.Hsu/decadel_output_dir/decadal.ocean_month.i202201.e10.2022.tos.nc ...
2025-04-22 23:48:23,355 - WARNING - extracted tar file /vftmp/Chia-wei.Hsu/untar_dir/20230101.ocean_month.nc exist, skipping...
2025-04-22 23:48:23,356 - INFO - (ncks) extracting variable /collab1/data_untrusted/Chia-wei.Hsu/decadel_output_dir/decadal.ocean_month.i202201.e10.2023.tos.nc ...
2025-04-23 00:14:56,233 - WARNING - extracted tar file /vftmp/Chia-wei.Hsu/untar_dir/20240101.ocean_month.nc exist, skipping...
2025-04-23 00:14:56,234 - INFO - (ncks) extracting variable /collab1/data_untrusted/Chia-wei.Hsu/decadel_output_dir/decadal.ocean_month.i202201.e10.2024.tos.nc ...
2025-04-23 00:18:30,660 - WARNING - extracted tar file /vftmp/Chia-wei.Hsu/untar_dir/20250101.ocean_month.nc exist, skipping...
2025-04-23 00:18:30,662 - INFO - (ncks) extracting variable /collab1/data_untrusted/Chia-wei.Hsu/decadel_output_dir/decadal.ocean_month.i202201.e10.2025.tos.nc ...
2025-04-23 00:30:01,009 - WARNING - extracted tar file /vftmp/Chia-wei.Hsu/untar_dir/20260101.ocean_month.nc exist, skipping...
2025-04-23 00:30:01,010 - INFO - (ncks) extracting variable /collab1/data_untrusted/Chia-wei.Hsu/decadel_output_dir/decadal.ocean_month.i202201.e10.2026.tos.nc ...
2025-04-23 00:33:18,361 - WARNING - extracted tar file /vftmp/Chia-wei.Hsu/untar_dir/20270101.ocean_month.nc exist, skipping...
2025-04-23 00:33:18,362 - INFO - (ncks) extracting variable /collab1/data_untrusted/Chia-wei.Hsu/decadel_output_dir/decadal.ocean_month.i202201.e10.2027.tos.nc ...
2025-04-23 00:37:44,269 - WARNING - extracted tar file /vftmp/Chia-wei.Hsu/untar_dir/20280101.ocean_month.nc exist, skipping...
2025-04-23 00:37:44,270 - INFO - (ncks) extracting variable /collab1/data_untrusted/Chia-wei.Hsu/decadel_output_dir/decadal.ocean_month.i202201.e10.2028.tos.nc ...
2025-04-23 00:40:19,070 - WARNING - extracted tar file /vftmp/Chia-wei.Hsu/untar_dir/20290101.ocean_month.nc exist, skipping...
2025-04-23 00:40:19,071 - INFO - (ncks) extracting variable /collab1/data_untrusted/Chia-wei.Hsu/decadel_output_dir/decadal.ocean_month.i202201.e10.2029.tos.nc ...
2025-04-23 00:43:36,726 - WARNING - extracted tar file /vftmp/Chia-wei.Hsu/untar_dir/20300101.ocean_month.nc exist, skipping...
2025-04-23 00:43:36,727 - INFO - (ncks) extracting variable /collab1/data_untrusted/Chia-wei.Hsu/decadel_output_dir/decadal.ocean_month.i202201.e10.2030.tos.nc ...
2025-04-23 00:47:18,709 - WARNING - extracted tar file /vftmp/Chia-wei.Hsu/untar_dir/20310101.ocean_month.nc exist, skipping...
2025-04-23 00:47:18,710 - INFO - (ncks) extracting variable /collab1/data_untrusted/Chia-wei.Hsu/decadel_output_dir/decadal.ocean_month.i202201.e10.2031.tos.nc ...
2025-04-23 00:47:18,811 - INFO - (ncrcat) concatenating files for single variable, single ensemble, multi-lead ...
2025-04-23 00:47:22,551 - INFO - concatenated file at /collab1/data_untrusted/Chia-wei.Hsu/decadel_output_dir/decadal.ocean_month.i202201.e10.tos.nc ...
2025-04-23 00:47:22,559 - INFO - remove individual files
