2025-04-22 12:26:45,534 - INFO - === Processing variable tos ...
2025-04-22 12:26:45,535 - WARNING - concatenate file /collab1/data_untrusted/Chia-wei.Hsu/decadel_output_dir/decadal.ocean_month.i196901.e07.tos.nc exist, skipping...
2025-04-22 12:26:46,021 - INFO - === Processing variable tos ...
2025-04-22 12:26:46,022 - INFO - ===== Processing initial year 1969 initial month  1 ensamble_number  8...
2025-04-22 12:26:46,931 - WARNING - extracted tar file /vftmp/Chia-wei.Hsu/untar_dir/19690101.ocean_month.nc exist, skipping...
2025-04-22 12:26:46,932 - WARNING - extracted variable file /collab1/data_untrusted/Chia-wei.Hsu/decadel_output_dir/decadal.ocean_month.i196901.e08.1969.tos.nc exist, skipping...
2025-04-22 12:26:47,202 - WARNING - extracted tar file /vftmp/Chia-wei.Hsu/untar_dir/19700101.ocean_month.nc exist, skipping...
2025-04-22 12:26:47,203 - WARNING - extracted variable file /collab1/data_untrusted/Chia-wei.Hsu/decadel_output_dir/decadal.ocean_month.i196901.e08.1970.tos.nc exist, skipping...
2025-04-22 13:22:34,619 - WARNING - extracted tar file /vftmp/Chia-wei.Hsu/untar_dir/19710101.ocean_month.nc exist, skipping...
2025-04-22 13:22:34,620 - INFO - (ncks) extracting variable /collab1/data_untrusted/Chia-wei.Hsu/decadel_output_dir/decadal.ocean_month.i196901.e08.1971.tos.nc ...
2025-04-22 13:25:50,730 - WARNING - extracted tar file /vftmp/Chia-wei.Hsu/untar_dir/19720101.ocean_month.nc exist, skipping...
2025-04-22 13:25:50,731 - INFO - (ncks) extracting variable /collab1/data_untrusted/Chia-wei.Hsu/decadel_output_dir/decadal.ocean_month.i196901.e08.1972.tos.nc ...
2025-04-22 15:59:18,818 - WARNING - extracted tar file /vftmp/Chia-wei.Hsu/untar_dir/19730101.ocean_month.nc exist, skipping...
2025-04-22 15:59:18,819 - INFO - (ncks) extracting variable /collab1/data_untrusted/Chia-wei.Hsu/decadel_output_dir/decadal.ocean_month.i196901.e08.1973.tos.nc ...
2025-04-22 16:05:20,019 - WARNING - extracted tar file /vftmp/Chia-wei.Hsu/untar_dir/19740101.ocean_month.nc exist, skipping...
2025-04-22 16:05:20,020 - INFO - (ncks) extracting variable /collab1/data_untrusted/Chia-wei.Hsu/decadel_output_dir/decadal.ocean_month.i196901.e08.1974.tos.nc ...
2025-04-22 16:08:09,742 - WARNING - extracted tar file /vftmp/Chia-wei.Hsu/untar_dir/19750101.ocean_month.nc exist, skipping...
2025-04-22 16:08:09,743 - INFO - (ncks) extracting variable /collab1/data_untrusted/Chia-wei.Hsu/decadel_output_dir/decadal.ocean_month.i196901.e08.1975.tos.nc ...
2025-04-22 16:11:34,939 - WARNING - extracted tar file /vftmp/Chia-wei.Hsu/untar_dir/19760101.ocean_month.nc exist, skipping...
2025-04-22 16:11:34,940 - INFO - (ncks) extracting variable /collab1/data_untrusted/Chia-wei.Hsu/decadel_output_dir/decadal.ocean_month.i196901.e08.1976.tos.nc ...
2025-04-22 19:19:09,350 - WARNING - extracted tar file /vftmp/Chia-wei.Hsu/untar_dir/19770101.ocean_month.nc exist, skipping...
2025-04-22 19:19:09,351 - INFO - (ncks) extracting variable /collab1/data_untrusted/Chia-wei.Hsu/decadel_output_dir/decadal.ocean_month.i196901.e08.1977.tos.nc ...
2025-04-22 19:23:25,601 - WARNING - extracted tar file /vftmp/Chia-wei.Hsu/untar_dir/19780101.ocean_month.nc exist, skipping...
2025-04-22 19:23:25,602 - INFO - (ncks) extracting variable /collab1/data_untrusted/Chia-wei.Hsu/decadel_output_dir/decadal.ocean_month.i196901.e08.1978.tos.nc ...
2025-04-22 19:23:25,682 - INFO - (ncrcat) concatenating files for single variable, single ensemble, multi-lead ...
2025-04-22 19:23:29,440 - INFO - concatenated file at /collab1/data_untrusted/Chia-wei.Hsu/decadel_output_dir/decadal.ocean_month.i196901.e08.tos.nc ...
2025-04-22 19:23:29,451 - INFO - remove individual files
2025-04-22 19:23:29,512 - INFO - === Processing variable tos ...
2025-04-22 19:23:29,512 - INFO - ===== Processing initial year 1969 initial month  1 ensamble_number  9...
2025-04-22 19:25:36,875 - WARNING - extracted tar file /vftmp/Chia-wei.Hsu/untar_dir/19690101.ocean_month.nc exist, skipping...
2025-04-22 19:25:36,876 - INFO - (ncks) extracting variable /collab1/data_untrusted/Chia-wei.Hsu/decadel_output_dir/decadal.ocean_month.i196901.e09.1969.tos.nc ...
2025-04-22 21:50:57,443 - WARNING - extracted tar file /vftmp/Chia-wei.Hsu/untar_dir/19700101.ocean_month.nc exist, skipping...
2025-04-22 21:50:57,604 - INFO - (ncks) extracting variable /collab1/data_untrusted/Chia-wei.Hsu/decadel_output_dir/decadal.ocean_month.i196901.e09.1970.tos.nc ...
2025-04-22 21:54:01,168 - WARNING - extracted tar file /vftmp/Chia-wei.Hsu/untar_dir/19710101.ocean_month.nc exist, skipping...
2025-04-22 21:54:01,169 - INFO - (ncks) extracting variable /collab1/data_untrusted/Chia-wei.Hsu/decadel_output_dir/decadal.ocean_month.i196901.e09.1971.tos.nc ...
2025-04-22 21:57:31,625 - WARNING - extracted tar file /vftmp/Chia-wei.Hsu/untar_dir/19720101.ocean_month.nc exist, skipping...
2025-04-22 21:57:31,625 - INFO - (ncks) extracting variable /collab1/data_untrusted/Chia-wei.Hsu/decadel_output_dir/decadal.ocean_month.i196901.e09.1972.tos.nc ...
2025-04-22 22:01:55,956 - WARNING - extracted tar file /vftmp/Chia-wei.Hsu/untar_dir/19730101.ocean_month.nc exist, skipping...
2025-04-22 22:01:55,956 - INFO - (ncks) extracting variable /collab1/data_untrusted/Chia-wei.Hsu/decadel_output_dir/decadal.ocean_month.i196901.e09.1973.tos.nc ...
2025-04-22 22:09:16,402 - WARNING - extracted tar file /vftmp/Chia-wei.Hsu/untar_dir/19740101.ocean_month.nc exist, skipping...
2025-04-22 22:09:16,403 - INFO - (ncks) extracting variable /collab1/data_untrusted/Chia-wei.Hsu/decadel_output_dir/decadal.ocean_month.i196901.e09.1974.tos.nc ...
2025-04-22 22:15:27,456 - WARNING - extracted tar file /vftmp/Chia-wei.Hsu/untar_dir/19750101.ocean_month.nc exist, skipping...
2025-04-22 22:15:27,458 - INFO - (ncks) extracting variable /collab1/data_untrusted/Chia-wei.Hsu/decadel_output_dir/decadal.ocean_month.i196901.e09.1975.tos.nc ...
2025-04-22 22:19:08,130 - WARNING - extracted tar file /vftmp/Chia-wei.Hsu/untar_dir/19760101.ocean_month.nc exist, skipping...
2025-04-22 22:19:08,141 - INFO - (ncks) extracting variable /collab1/data_untrusted/Chia-wei.Hsu/decadel_output_dir/decadal.ocean_month.i196901.e09.1976.tos.nc ...
2025-04-22 22:40:27,863 - WARNING - extracted tar file /vftmp/Chia-wei.Hsu/untar_dir/19770101.ocean_month.nc exist, skipping...
2025-04-22 22:40:27,864 - INFO - (ncks) extracting variable /collab1/data_untrusted/Chia-wei.Hsu/decadel_output_dir/decadal.ocean_month.i196901.e09.1977.tos.nc ...
2025-04-22 22:43:24,967 - WARNING - extracted tar file /vftmp/Chia-wei.Hsu/untar_dir/19780101.ocean_month.nc exist, skipping...
2025-04-22 22:43:24,968 - INFO - (ncks) extracting variable /collab1/data_untrusted/Chia-wei.Hsu/decadel_output_dir/decadal.ocean_month.i196901.e09.1978.tos.nc ...
2025-04-22 22:43:25,524 - INFO - (ncrcat) concatenating files for single variable, single ensemble, multi-lead ...
2025-04-22 22:43:31,877 - INFO - concatenated file at /collab1/data_untrusted/Chia-wei.Hsu/decadel_output_dir/decadal.ocean_month.i196901.e09.tos.nc ...
2025-04-22 22:43:31,884 - INFO - remove individual files
2025-04-22 22:43:31,947 - INFO - === Processing variable tos ...
2025-04-22 22:43:31,947 - INFO - ===== Processing initial year 1969 initial month  1 ensamble_number 10...
2025-04-22 22:55:36,297 - WARNING - extracted tar file /vftmp/Chia-wei.Hsu/untar_dir/19690101.ocean_month.nc exist, skipping...
2025-04-22 22:55:36,298 - INFO - (ncks) extracting variable /collab1/data_untrusted/Chia-wei.Hsu/decadel_output_dir/decadal.ocean_month.i196901.e10.1969.tos.nc ...
2025-04-22 23:02:08,976 - WARNING - extracted tar file /vftmp/Chia-wei.Hsu/untar_dir/19700101.ocean_month.nc exist, skipping...
2025-04-22 23:02:08,977 - INFO - (ncks) extracting variable /collab1/data_untrusted/Chia-wei.Hsu/decadel_output_dir/decadal.ocean_month.i196901.e10.1970.tos.nc ...
2025-04-22 23:06:02,251 - WARNING - extracted tar file /vftmp/Chia-wei.Hsu/untar_dir/19710101.ocean_month.nc exist, skipping...
2025-04-22 23:06:02,262 - INFO - (ncks) extracting variable /collab1/data_untrusted/Chia-wei.Hsu/decadel_output_dir/decadal.ocean_month.i196901.e10.1971.tos.nc ...
2025-04-22 23:09:21,636 - WARNING - extracted tar file /vftmp/Chia-wei.Hsu/untar_dir/19720101.ocean_month.nc exist, skipping...
2025-04-22 23:09:21,637 - INFO - (ncks) extracting variable /collab1/data_untrusted/Chia-wei.Hsu/decadel_output_dir/decadal.ocean_month.i196901.e10.1972.tos.nc ...
2025-04-22 23:12:45,308 - WARNING - extracted tar file /vftmp/Chia-wei.Hsu/untar_dir/19730101.ocean_month.nc exist, skipping...
2025-04-22 23:12:45,308 - INFO - (ncks) extracting variable /collab1/data_untrusted/Chia-wei.Hsu/decadel_output_dir/decadal.ocean_month.i196901.e10.1973.tos.nc ...
2025-04-22 23:15:48,717 - WARNING - extracted tar file /vftmp/Chia-wei.Hsu/untar_dir/19740101.ocean_month.nc exist, skipping...
2025-04-22 23:15:48,718 - INFO - (ncks) extracting variable /collab1/data_untrusted/Chia-wei.Hsu/decadel_output_dir/decadal.ocean_month.i196901.e10.1974.tos.nc ...
2025-04-22 23:41:20,330 - WARNING - extracted tar file /vftmp/Chia-wei.Hsu/untar_dir/19750101.ocean_month.nc exist, skipping...
2025-04-22 23:41:20,331 - INFO - (ncks) extracting variable /collab1/data_untrusted/Chia-wei.Hsu/decadel_output_dir/decadal.ocean_month.i196901.e10.1975.tos.nc ...
2025-04-22 23:44:22,494 - WARNING - extracted tar file /vftmp/Chia-wei.Hsu/untar_dir/19760101.ocean_month.nc exist, skipping...
2025-04-22 23:44:22,495 - INFO - (ncks) extracting variable /collab1/data_untrusted/Chia-wei.Hsu/decadel_output_dir/decadal.ocean_month.i196901.e10.1976.tos.nc ...
2025-04-22 23:47:58,157 - WARNING - extracted tar file /vftmp/Chia-wei.Hsu/untar_dir/19770101.ocean_month.nc exist, skipping...
2025-04-22 23:47:58,158 - INFO - (ncks) extracting variable /collab1/data_untrusted/Chia-wei.Hsu/decadel_output_dir/decadal.ocean_month.i196901.e10.1977.tos.nc ...
2025-04-22 23:50:46,615 - WARNING - extracted tar file /vftmp/Chia-wei.Hsu/untar_dir/19780101.ocean_month.nc exist, skipping...
2025-04-22 23:50:46,616 - INFO - (ncks) extracting variable /collab1/data_untrusted/Chia-wei.Hsu/decadel_output_dir/decadal.ocean_month.i196901.e10.1978.tos.nc ...
2025-04-22 23:50:46,737 - INFO - (ncrcat) concatenating files for single variable, single ensemble, multi-lead ...
2025-04-22 23:50:50,507 - INFO - concatenated file at /collab1/data_untrusted/Chia-wei.Hsu/decadel_output_dir/decadal.ocean_month.i196901.e10.tos.nc ...
2025-04-22 23:50:50,514 - INFO - remove individual files
