2025-04-22 12:26:45,659 - INFO - === Processing variable tos ...
2025-04-22 12:26:45,660 - WARNING - concatenate file /collab1/data_untrusted/Chia-wei.Hsu/decadel_output_dir/decadal.ocean_month.i197901.e07.tos.nc exist, skipping...
2025-04-22 12:26:45,888 - INFO - === Processing variable tos ...
2025-04-22 12:26:45,888 - INFO - ===== Processing initial year 1979 initial month  1 ensamble_number  8...
2025-04-22 15:37:47,043 - WARNING - extracted tar file /vftmp/Chia-wei.Hsu/untar_dir/19790101.ocean_month.nc exist, skipping...
2025-04-22 15:37:47,044 - INFO - (ncks) extracting variable /collab1/data_untrusted/Chia-wei.Hsu/decadel_output_dir/decadal.ocean_month.i197901.e08.1979.tos.nc ...
2025-04-22 15:42:39,452 - WARNING - extracted tar file /vftmp/Chia-wei.Hsu/untar_dir/19800101.ocean_month.nc exist, skipping...
2025-04-22 15:42:39,453 - INFO - (ncks) extracting variable /collab1/data_untrusted/Chia-wei.Hsu/decadel_output_dir/decadal.ocean_month.i197901.e08.1980.tos.nc ...
2025-04-22 15:46:05,394 - WARNING - extracted tar file /vftmp/Chia-wei.Hsu/untar_dir/19810101.ocean_month.nc exist, skipping...
2025-04-22 15:46:05,395 - INFO - (ncks) extracting variable /collab1/data_untrusted/Chia-wei.Hsu/decadel_output_dir/decadal.ocean_month.i197901.e08.1981.tos.nc ...
2025-04-22 15:54:13,495 - WARNING - extracted tar file /vftmp/Chia-wei.Hsu/untar_dir/19820101.ocean_month.nc exist, skipping...
2025-04-22 15:54:13,496 - INFO - (ncks) extracting variable /collab1/data_untrusted/Chia-wei.Hsu/decadel_output_dir/decadal.ocean_month.i197901.e08.1982.tos.nc ...
2025-04-22 16:01:14,028 - WARNING - extracted tar file /vftmp/Chia-wei.Hsu/untar_dir/19830101.ocean_month.nc exist, skipping...
2025-04-22 16:01:14,029 - INFO - (ncks) extracting variable /collab1/data_untrusted/Chia-wei.Hsu/decadel_output_dir/decadal.ocean_month.i197901.e08.1983.tos.nc ...
2025-04-22 19:05:02,247 - WARNING - extracted tar file /vftmp/Chia-wei.Hsu/untar_dir/19840101.ocean_month.nc exist, skipping...
2025-04-22 19:05:02,247 - INFO - (ncks) extracting variable /collab1/data_untrusted/Chia-wei.Hsu/decadel_output_dir/decadal.ocean_month.i197901.e08.1984.tos.nc ...
2025-04-22 19:11:41,039 - WARNING - extracted tar file /vftmp/Chia-wei.Hsu/untar_dir/19850101.ocean_month.nc exist, skipping...
2025-04-22 19:11:41,040 - INFO - (ncks) extracting variable /collab1/data_untrusted/Chia-wei.Hsu/decadel_output_dir/decadal.ocean_month.i197901.e08.1985.tos.nc ...
2025-04-22 19:18:49,417 - WARNING - extracted tar file /vftmp/Chia-wei.Hsu/untar_dir/19860101.ocean_month.nc exist, skipping...
2025-04-22 19:18:49,418 - INFO - (ncks) extracting variable /collab1/data_untrusted/Chia-wei.Hsu/decadel_output_dir/decadal.ocean_month.i197901.e08.1986.tos.nc ...
2025-04-22 19:25:29,047 - WARNING - extracted tar file /vftmp/Chia-wei.Hsu/untar_dir/19870101.ocean_month.nc exist, skipping...
2025-04-22 19:25:29,048 - INFO - (ncks) extracting variable /collab1/data_untrusted/Chia-wei.Hsu/decadel_output_dir/decadal.ocean_month.i197901.e08.1987.tos.nc ...
2025-04-22 21:46:12,423 - WARNING - extracted tar file /vftmp/Chia-wei.Hsu/untar_dir/19880101.ocean_month.nc exist, skipping...
2025-04-22 21:46:12,603 - INFO - (ncks) extracting variable /collab1/data_untrusted/Chia-wei.Hsu/decadel_output_dir/decadal.ocean_month.i197901.e08.1988.tos.nc ...
2025-04-22 21:46:13,655 - INFO - (ncrcat) concatenating files for single variable, single ensemble, multi-lead ...
2025-04-22 21:46:18,823 - INFO - concatenated file at /collab1/data_untrusted/Chia-wei.Hsu/decadel_output_dir/decadal.ocean_month.i197901.e08.tos.nc ...
2025-04-22 21:46:18,833 - INFO - remove individual files
2025-04-22 21:46:18,983 - INFO - === Processing variable tos ...
2025-04-22 21:46:18,983 - INFO - ===== Processing initial year 1979 initial month  1 ensamble_number  9...
2025-04-22 21:51:57,059 - WARNING - extracted tar file /vftmp/Chia-wei.Hsu/untar_dir/19790101.ocean_month.nc exist, skipping...
2025-04-22 21:51:57,060 - INFO - (ncks) extracting variable /collab1/data_untrusted/Chia-wei.Hsu/decadel_output_dir/decadal.ocean_month.i197901.e09.1979.tos.nc ...
2025-04-22 21:56:46,119 - WARNING - extracted tar file /vftmp/Chia-wei.Hsu/untar_dir/19800101.ocean_month.nc exist, skipping...
2025-04-22 21:56:46,120 - INFO - (ncks) extracting variable /collab1/data_untrusted/Chia-wei.Hsu/decadel_output_dir/decadal.ocean_month.i197901.e09.1980.tos.nc ...
2025-04-22 22:00:15,814 - WARNING - extracted tar file /vftmp/Chia-wei.Hsu/untar_dir/19810101.ocean_month.nc exist, skipping...
2025-04-22 22:00:15,816 - INFO - (ncks) extracting variable /collab1/data_untrusted/Chia-wei.Hsu/decadel_output_dir/decadal.ocean_month.i197901.e09.1981.tos.nc ...
2025-04-22 22:03:35,812 - WARNING - extracted tar file /vftmp/Chia-wei.Hsu/untar_dir/19820101.ocean_month.nc exist, skipping...
2025-04-22 22:03:35,813 - INFO - (ncks) extracting variable /collab1/data_untrusted/Chia-wei.Hsu/decadel_output_dir/decadal.ocean_month.i197901.e09.1982.tos.nc ...
2025-04-22 22:08:10,176 - WARNING - extracted tar file /vftmp/Chia-wei.Hsu/untar_dir/19830101.ocean_month.nc exist, skipping...
2025-04-22 22:08:10,177 - INFO - (ncks) extracting variable /collab1/data_untrusted/Chia-wei.Hsu/decadel_output_dir/decadal.ocean_month.i197901.e09.1983.tos.nc ...
2025-04-22 22:30:56,395 - WARNING - extracted tar file /vftmp/Chia-wei.Hsu/untar_dir/19840101.ocean_month.nc exist, skipping...
2025-04-22 22:30:56,396 - INFO - (ncks) extracting variable /collab1/data_untrusted/Chia-wei.Hsu/decadel_output_dir/decadal.ocean_month.i197901.e09.1984.tos.nc ...
2025-04-22 22:40:35,507 - WARNING - extracted tar file /vftmp/Chia-wei.Hsu/untar_dir/19850101.ocean_month.nc exist, skipping...
2025-04-22 22:40:35,509 - INFO - (ncks) extracting variable /collab1/data_untrusted/Chia-wei.Hsu/decadel_output_dir/decadal.ocean_month.i197901.e09.1985.tos.nc ...
2025-04-22 22:52:25,686 - WARNING - extracted tar file /vftmp/Chia-wei.Hsu/untar_dir/19860101.ocean_month.nc exist, skipping...
2025-04-22 22:52:25,697 - INFO - (ncks) extracting variable /collab1/data_untrusted/Chia-wei.Hsu/decadel_output_dir/decadal.ocean_month.i197901.e09.1986.tos.nc ...
2025-04-23 00:45:14,785 - WARNING - extracted tar file /vftmp/Chia-wei.Hsu/untar_dir/19870101.ocean_month.nc exist, skipping...
2025-04-23 00:45:14,786 - INFO - (ncks) extracting variable /collab1/data_untrusted/Chia-wei.Hsu/decadel_output_dir/decadal.ocean_month.i197901.e09.1987.tos.nc ...
2025-04-23 00:48:36,519 - WARNING - extracted tar file /vftmp/Chia-wei.Hsu/untar_dir/19880101.ocean_month.nc exist, skipping...
2025-04-23 00:48:36,519 - INFO - (ncks) extracting variable /collab1/data_untrusted/Chia-wei.Hsu/decadel_output_dir/decadal.ocean_month.i197901.e09.1988.tos.nc ...
2025-04-23 00:48:36,609 - INFO - (ncrcat) concatenating files for single variable, single ensemble, multi-lead ...
2025-04-23 00:48:40,373 - INFO - concatenated file at /collab1/data_untrusted/Chia-wei.Hsu/decadel_output_dir/decadal.ocean_month.i197901.e09.tos.nc ...
2025-04-23 00:48:40,381 - INFO - remove individual files
2025-04-23 00:48:40,425 - INFO - === Processing variable tos ...
2025-04-23 00:48:40,426 - INFO - ===== Processing initial year 1979 initial month  1 ensamble_number 10...
2025-04-23 00:51:23,432 - WARNING - extracted tar file /vftmp/Chia-wei.Hsu/untar_dir/19790101.ocean_month.nc exist, skipping...
2025-04-23 00:51:23,433 - INFO - (ncks) extracting variable /collab1/data_untrusted/Chia-wei.Hsu/decadel_output_dir/decadal.ocean_month.i197901.e10.1979.tos.nc ...
2025-04-23 01:52:59,178 - WARNING - extracted tar file /vftmp/Chia-wei.Hsu/untar_dir/19800101.ocean_month.nc exist, skipping...
2025-04-23 01:52:59,179 - INFO - (ncks) extracting variable /collab1/data_untrusted/Chia-wei.Hsu/decadel_output_dir/decadal.ocean_month.i197901.e10.1980.tos.nc ...
2025-04-23 01:56:51,275 - WARNING - extracted tar file /vftmp/Chia-wei.Hsu/untar_dir/19810101.ocean_month.nc exist, skipping...
2025-04-23 01:56:51,275 - INFO - (ncks) extracting variable /collab1/data_untrusted/Chia-wei.Hsu/decadel_output_dir/decadal.ocean_month.i197901.e10.1981.tos.nc ...
2025-04-23 02:02:41,307 - WARNING - extracted tar file /vftmp/Chia-wei.Hsu/untar_dir/19820101.ocean_month.nc exist, skipping...
2025-04-23 02:02:41,308 - INFO - (ncks) extracting variable /collab1/data_untrusted/Chia-wei.Hsu/decadel_output_dir/decadal.ocean_month.i197901.e10.1982.tos.nc ...
2025-04-23 02:05:31,648 - WARNING - extracted tar file /vftmp/Chia-wei.Hsu/untar_dir/19830101.ocean_month.nc exist, skipping...
2025-04-23 02:05:31,649 - INFO - (ncks) extracting variable /collab1/data_untrusted/Chia-wei.Hsu/decadel_output_dir/decadal.ocean_month.i197901.e10.1983.tos.nc ...
2025-04-23 03:30:48,219 - WARNING - extracted tar file /vftmp/Chia-wei.Hsu/untar_dir/19840101.ocean_month.nc exist, skipping...
2025-04-23 03:30:48,219 - INFO - (ncks) extracting variable /collab1/data_untrusted/Chia-wei.Hsu/decadel_output_dir/decadal.ocean_month.i197901.e10.1984.tos.nc ...
2025-04-23 03:42:22,624 - WARNING - extracted tar file /vftmp/Chia-wei.Hsu/untar_dir/19850101.ocean_month.nc exist, skipping...
2025-04-23 03:42:22,625 - INFO - (ncks) extracting variable /collab1/data_untrusted/Chia-wei.Hsu/decadel_output_dir/decadal.ocean_month.i197901.e10.1985.tos.nc ...
2025-04-23 03:45:58,826 - WARNING - extracted tar file /vftmp/Chia-wei.Hsu/untar_dir/19860101.ocean_month.nc exist, skipping...
2025-04-23 03:45:58,827 - INFO - (ncks) extracting variable /collab1/data_untrusted/Chia-wei.Hsu/decadel_output_dir/decadal.ocean_month.i197901.e10.1986.tos.nc ...
2025-04-23 03:49:47,245 - WARNING - extracted tar file /vftmp/Chia-wei.Hsu/untar_dir/19870101.ocean_month.nc exist, skipping...
2025-04-23 03:49:47,247 - INFO - (ncks) extracting variable /collab1/data_untrusted/Chia-wei.Hsu/decadel_output_dir/decadal.ocean_month.i197901.e10.1987.tos.nc ...
2025-04-23 03:52:53,348 - WARNING - extracted tar file /vftmp/Chia-wei.Hsu/untar_dir/19880101.ocean_month.nc exist, skipping...
2025-04-23 03:52:53,350 - INFO - (ncks) extracting variable /collab1/data_untrusted/Chia-wei.Hsu/decadel_output_dir/decadal.ocean_month.i197901.e10.1988.tos.nc ...
2025-04-23 03:52:53,429 - INFO - (ncrcat) concatenating files for single variable, single ensemble, multi-lead ...
2025-04-23 03:52:57,118 - INFO - concatenated file at /collab1/data_untrusted/Chia-wei.Hsu/decadel_output_dir/decadal.ocean_month.i197901.e10.tos.nc ...
2025-04-23 03:52:57,124 - INFO - remove individual files
