2025-04-22 12:26:45,519 - INFO - === Processing variable tos ...
2025-04-22 12:26:45,521 - WARNING - concatenate file /collab1/data_untrusted/Chia-wei.Hsu/decadel_output_dir/decadal.ocean_month.i196601.e07.tos.nc exist, skipping...
2025-04-22 12:26:45,887 - INFO - === Processing variable tos ...
2025-04-22 12:26:45,887 - INFO - ===== Processing initial year 1966 initial month  1 ensamble_number  8...
2025-04-22 12:26:46,925 - WARNING - extracted tar file /vftmp/Chia-wei.Hsu/untar_dir/19660101.ocean_month.nc exist, skipping...
2025-04-22 12:26:46,926 - WARNING - extracted variable file /collab1/data_untrusted/Chia-wei.Hsu/decadel_output_dir/decadal.ocean_month.i196601.e08.1966.tos.nc exist, skipping...
2025-04-22 15:33:43,319 - WARNING - extracted tar file /vftmp/Chia-wei.Hsu/untar_dir/19670101.ocean_month.nc exist, skipping...
2025-04-22 15:33:43,320 - INFO - (ncks) extracting variable /collab1/data_untrusted/Chia-wei.Hsu/decadel_output_dir/decadal.ocean_month.i196601.e08.1967.tos.nc ...
2025-04-22 18:57:30,586 - WARNING - extracted tar file /vftmp/Chia-wei.Hsu/untar_dir/19680101.ocean_month.nc exist, skipping...
2025-04-22 18:57:30,586 - INFO - (ncks) extracting variable /collab1/data_untrusted/Chia-wei.Hsu/decadel_output_dir/decadal.ocean_month.i196601.e08.1968.tos.nc ...
2025-04-22 19:02:07,374 - WARNING - extracted tar file /vftmp/Chia-wei.Hsu/untar_dir/19690101.ocean_month.nc exist, skipping...
2025-04-22 19:02:07,374 - INFO - (ncks) extracting variable /collab1/data_untrusted/Chia-wei.Hsu/decadel_output_dir/decadal.ocean_month.i196601.e08.1969.tos.nc ...
2025-04-22 19:06:17,187 - WARNING - extracted tar file /vftmp/Chia-wei.Hsu/untar_dir/19700101.ocean_month.nc exist, skipping...
2025-04-22 19:06:17,188 - INFO - (ncks) extracting variable /collab1/data_untrusted/Chia-wei.Hsu/decadel_output_dir/decadal.ocean_month.i196601.e08.1970.tos.nc ...
2025-04-22 19:16:28,455 - WARNING - extracted tar file /vftmp/Chia-wei.Hsu/untar_dir/19710101.ocean_month.nc exist, skipping...
2025-04-22 19:16:28,456 - INFO - (ncks) extracting variable /collab1/data_untrusted/Chia-wei.Hsu/decadel_output_dir/decadal.ocean_month.i196601.e08.1971.tos.nc ...
2025-04-22 19:20:04,782 - WARNING - extracted tar file /vftmp/Chia-wei.Hsu/untar_dir/19720101.ocean_month.nc exist, skipping...
2025-04-22 19:20:04,783 - INFO - (ncks) extracting variable /collab1/data_untrusted/Chia-wei.Hsu/decadel_output_dir/decadal.ocean_month.i196601.e08.1972.tos.nc ...
2025-04-22 19:22:21,640 - WARNING - extracted tar file /vftmp/Chia-wei.Hsu/untar_dir/19730101.ocean_month.nc exist, skipping...
2025-04-22 19:22:21,641 - INFO - (ncks) extracting variable /collab1/data_untrusted/Chia-wei.Hsu/decadel_output_dir/decadal.ocean_month.i196601.e08.1973.tos.nc ...
2025-04-22 19:25:35,019 - WARNING - extracted tar file /vftmp/Chia-wei.Hsu/untar_dir/19740101.ocean_month.nc exist, skipping...
2025-04-22 19:25:35,019 - INFO - (ncks) extracting variable /collab1/data_untrusted/Chia-wei.Hsu/decadel_output_dir/decadal.ocean_month.i196601.e08.1974.tos.nc ...
2025-04-22 19:29:30,528 - WARNING - extracted tar file /vftmp/Chia-wei.Hsu/untar_dir/19750101.ocean_month.nc exist, skipping...
2025-04-22 19:29:30,529 - INFO - (ncks) extracting variable /collab1/data_untrusted/Chia-wei.Hsu/decadel_output_dir/decadal.ocean_month.i196601.e08.1975.tos.nc ...
2025-04-22 19:29:30,608 - INFO - (ncrcat) concatenating files for single variable, single ensemble, multi-lead ...
2025-04-22 19:29:33,548 - INFO - concatenated file at /collab1/data_untrusted/Chia-wei.Hsu/decadel_output_dir/decadal.ocean_month.i196601.e08.tos.nc ...
2025-04-22 19:29:33,554 - INFO - remove individual files
2025-04-22 19:29:33,587 - INFO - === Processing variable tos ...
2025-04-22 19:29:33,588 - INFO - ===== Processing initial year 1966 initial month  1 ensamble_number  9...
2025-04-22 19:32:40,568 - WARNING - extracted tar file /vftmp/Chia-wei.Hsu/untar_dir/19660101.ocean_month.nc exist, skipping...
2025-04-22 19:32:40,569 - INFO - (ncks) extracting variable /collab1/data_untrusted/Chia-wei.Hsu/decadel_output_dir/decadal.ocean_month.i196601.e09.1966.tos.nc ...
2025-04-22 19:37:00,413 - WARNING - extracted tar file /vftmp/Chia-wei.Hsu/untar_dir/19670101.ocean_month.nc exist, skipping...
2025-04-22 19:37:00,414 - INFO - (ncks) extracting variable /collab1/data_untrusted/Chia-wei.Hsu/decadel_output_dir/decadal.ocean_month.i196601.e09.1967.tos.nc ...
2025-04-22 22:02:52,631 - WARNING - extracted tar file /vftmp/Chia-wei.Hsu/untar_dir/19680101.ocean_month.nc exist, skipping...
2025-04-22 22:02:52,741 - INFO - (ncks) extracting variable /collab1/data_untrusted/Chia-wei.Hsu/decadel_output_dir/decadal.ocean_month.i196601.e09.1968.tos.nc ...
2025-04-22 22:11:12,831 - WARNING - extracted tar file /vftmp/Chia-wei.Hsu/untar_dir/19690101.ocean_month.nc exist, skipping...
2025-04-22 22:11:12,832 - INFO - (ncks) extracting variable /collab1/data_untrusted/Chia-wei.Hsu/decadel_output_dir/decadal.ocean_month.i196601.e09.1969.tos.nc ...
2025-04-22 22:17:12,094 - WARNING - extracted tar file /vftmp/Chia-wei.Hsu/untar_dir/19700101.ocean_month.nc exist, skipping...
2025-04-22 22:17:12,104 - INFO - (ncks) extracting variable /collab1/data_untrusted/Chia-wei.Hsu/decadel_output_dir/decadal.ocean_month.i196601.e09.1970.tos.nc ...
2025-04-22 22:26:22,355 - WARNING - extracted tar file /vftmp/Chia-wei.Hsu/untar_dir/19710101.ocean_month.nc exist, skipping...
2025-04-22 22:26:22,357 - INFO - (ncks) extracting variable /collab1/data_untrusted/Chia-wei.Hsu/decadel_output_dir/decadal.ocean_month.i196601.e09.1971.tos.nc ...
2025-04-22 22:36:41,885 - WARNING - extracted tar file /vftmp/Chia-wei.Hsu/untar_dir/19720101.ocean_month.nc exist, skipping...
2025-04-22 22:36:41,886 - INFO - (ncks) extracting variable /collab1/data_untrusted/Chia-wei.Hsu/decadel_output_dir/decadal.ocean_month.i196601.e09.1972.tos.nc ...
2025-04-22 22:40:59,579 - WARNING - extracted tar file /vftmp/Chia-wei.Hsu/untar_dir/19730101.ocean_month.nc exist, skipping...
2025-04-22 22:40:59,580 - INFO - (ncks) extracting variable /collab1/data_untrusted/Chia-wei.Hsu/decadel_output_dir/decadal.ocean_month.i196601.e09.1973.tos.nc ...
2025-04-22 22:53:36,608 - WARNING - extracted tar file /vftmp/Chia-wei.Hsu/untar_dir/19740101.ocean_month.nc exist, skipping...
2025-04-22 22:53:36,620 - INFO - (ncks) extracting variable /collab1/data_untrusted/Chia-wei.Hsu/decadel_output_dir/decadal.ocean_month.i196601.e09.1974.tos.nc ...
2025-04-23 01:07:45,578 - WARNING - extracted tar file /vftmp/Chia-wei.Hsu/untar_dir/19750101.ocean_month.nc exist, skipping...
2025-04-23 01:07:45,581 - INFO - (ncks) extracting variable /collab1/data_untrusted/Chia-wei.Hsu/decadel_output_dir/decadal.ocean_month.i196601.e09.1975.tos.nc ...
2025-04-23 01:07:45,753 - INFO - (ncrcat) concatenating files for single variable, single ensemble, multi-lead ...
2025-04-23 01:07:51,779 - INFO - concatenated file at /collab1/data_untrusted/Chia-wei.Hsu/decadel_output_dir/decadal.ocean_month.i196601.e09.tos.nc ...
2025-04-23 01:07:51,785 - INFO - remove individual files
2025-04-23 01:07:52,573 - INFO - === Processing variable tos ...
2025-04-23 01:07:52,574 - INFO - ===== Processing initial year 1966 initial month  1 ensamble_number 10...
2025-04-23 01:11:36,777 - WARNING - extracted tar file /vftmp/Chia-wei.Hsu/untar_dir/19660101.ocean_month.nc exist, skipping...
2025-04-23 01:11:36,778 - INFO - (ncks) extracting variable /collab1/data_untrusted/Chia-wei.Hsu/decadel_output_dir/decadal.ocean_month.i196601.e10.1966.tos.nc ...
2025-04-23 01:14:50,186 - WARNING - extracted tar file /vftmp/Chia-wei.Hsu/untar_dir/19670101.ocean_month.nc exist, skipping...
2025-04-23 01:14:50,187 - INFO - (ncks) extracting variable /collab1/data_untrusted/Chia-wei.Hsu/decadel_output_dir/decadal.ocean_month.i196601.e10.1967.tos.nc ...
2025-04-23 02:41:16,945 - WARNING - extracted tar file /vftmp/Chia-wei.Hsu/untar_dir/19680101.ocean_month.nc exist, skipping...
2025-04-23 02:41:16,947 - INFO - (ncks) extracting variable /collab1/data_untrusted/Chia-wei.Hsu/decadel_output_dir/decadal.ocean_month.i196601.e10.1968.tos.nc ...
2025-04-23 02:45:19,293 - WARNING - extracted tar file /vftmp/Chia-wei.Hsu/untar_dir/19690101.ocean_month.nc exist, skipping...
2025-04-23 02:45:19,294 - INFO - (ncks) extracting variable /collab1/data_untrusted/Chia-wei.Hsu/decadel_output_dir/decadal.ocean_month.i196601.e10.1969.tos.nc ...
2025-04-23 02:52:40,131 - WARNING - extracted tar file /vftmp/Chia-wei.Hsu/untar_dir/19700101.ocean_month.nc exist, skipping...
2025-04-23 02:52:40,132 - INFO - (ncks) extracting variable /collab1/data_untrusted/Chia-wei.Hsu/decadel_output_dir/decadal.ocean_month.i196601.e10.1970.tos.nc ...
2025-04-23 02:55:31,420 - WARNING - extracted tar file /vftmp/Chia-wei.Hsu/untar_dir/19710101.ocean_month.nc exist, skipping...
2025-04-23 02:55:31,421 - INFO - (ncks) extracting variable /collab1/data_untrusted/Chia-wei.Hsu/decadel_output_dir/decadal.ocean_month.i196601.e10.1971.tos.nc ...
2025-04-23 03:01:51,059 - WARNING - extracted tar file /vftmp/Chia-wei.Hsu/untar_dir/19720101.ocean_month.nc exist, skipping...
2025-04-23 03:01:51,060 - INFO - (ncks) extracting variable /collab1/data_untrusted/Chia-wei.Hsu/decadel_output_dir/decadal.ocean_month.i196601.e10.1972.tos.nc ...
2025-04-23 03:56:04,469 - WARNING - extracted tar file /vftmp/Chia-wei.Hsu/untar_dir/19730101.ocean_month.nc exist, skipping...
2025-04-23 03:56:04,470 - INFO - (ncks) extracting variable /collab1/data_untrusted/Chia-wei.Hsu/decadel_output_dir/decadal.ocean_month.i196601.e10.1973.tos.nc ...
2025-04-23 03:59:58,793 - WARNING - extracted tar file /vftmp/Chia-wei.Hsu/untar_dir/19740101.ocean_month.nc exist, skipping...
2025-04-23 03:59:58,794 - INFO - (ncks) extracting variable /collab1/data_untrusted/Chia-wei.Hsu/decadel_output_dir/decadal.ocean_month.i196601.e10.1974.tos.nc ...
2025-04-23 04:02:19,332 - WARNING - extracted tar file /vftmp/Chia-wei.Hsu/untar_dir/19750101.ocean_month.nc exist, skipping...
2025-04-23 04:02:19,332 - INFO - (ncks) extracting variable /collab1/data_untrusted/Chia-wei.Hsu/decadel_output_dir/decadal.ocean_month.i196601.e10.1975.tos.nc ...
2025-04-23 04:02:19,406 - INFO - (ncrcat) concatenating files for single variable, single ensemble, multi-lead ...
2025-04-23 04:02:23,697 - INFO - concatenated file at /collab1/data_untrusted/Chia-wei.Hsu/decadel_output_dir/decadal.ocean_month.i196601.e10.tos.nc ...
2025-04-23 04:02:23,707 - INFO - remove individual files
