2025-04-22 12:26:45,697 - INFO - === Processing variable tos ...
2025-04-22 12:26:45,698 - WARNING - concatenate file /collab1/data_untrusted/Chia-wei.Hsu/decadel_output_dir/decadal.ocean_month.i198501.e07.tos.nc exist, skipping...
2025-04-22 12:26:45,888 - INFO - === Processing variable tos ...
2025-04-22 12:26:45,889 - INFO - ===== Processing initial year 1985 initial month  1 ensamble_number  8...
2025-04-22 12:56:00,620 - WARNING - extracted tar file /vftmp/Chia-wei.Hsu/untar_dir/19850101.ocean_month.nc exist, skipping...
2025-04-22 12:56:00,621 - INFO - (ncks) extracting variable /collab1/data_untrusted/Chia-wei.Hsu/decadel_output_dir/decadal.ocean_month.i198501.e08.1985.tos.nc ...
2025-04-22 13:00:52,772 - WARNING - extracted tar file /vftmp/Chia-wei.Hsu/untar_dir/19860101.ocean_month.nc exist, skipping...
2025-04-22 13:00:52,773 - INFO - (ncks) extracting variable /collab1/data_untrusted/Chia-wei.Hsu/decadel_output_dir/decadal.ocean_month.i198501.e08.1986.tos.nc ...
2025-04-22 15:23:35,075 - WARNING - extracted tar file /vftmp/Chia-wei.Hsu/untar_dir/19870101.ocean_month.nc exist, skipping...
2025-04-22 15:23:35,076 - INFO - (ncks) extracting variable /collab1/data_untrusted/Chia-wei.Hsu/decadel_output_dir/decadal.ocean_month.i198501.e08.1987.tos.nc ...
2025-04-22 15:26:24,985 - WARNING - extracted tar file /vftmp/Chia-wei.Hsu/untar_dir/19880101.ocean_month.nc exist, skipping...
2025-04-22 15:26:24,985 - INFO - (ncks) extracting variable /collab1/data_untrusted/Chia-wei.Hsu/decadel_output_dir/decadal.ocean_month.i198501.e08.1988.tos.nc ...
2025-04-22 15:30:22,664 - WARNING - extracted tar file /vftmp/Chia-wei.Hsu/untar_dir/19890101.ocean_month.nc exist, skipping...
2025-04-22 15:30:22,665 - INFO - (ncks) extracting variable /collab1/data_untrusted/Chia-wei.Hsu/decadel_output_dir/decadal.ocean_month.i198501.e08.1989.tos.nc ...
2025-04-22 16:01:17,831 - WARNING - extracted tar file /vftmp/Chia-wei.Hsu/untar_dir/19900101.ocean_month.nc exist, skipping...
2025-04-22 16:01:17,832 - INFO - (ncks) extracting variable /collab1/data_untrusted/Chia-wei.Hsu/decadel_output_dir/decadal.ocean_month.i198501.e08.1990.tos.nc ...
2025-04-22 16:09:05,625 - WARNING - extracted tar file /vftmp/Chia-wei.Hsu/untar_dir/19910101.ocean_month.nc exist, skipping...
2025-04-22 16:09:05,626 - INFO - (ncks) extracting variable /collab1/data_untrusted/Chia-wei.Hsu/decadel_output_dir/decadal.ocean_month.i198501.e08.1991.tos.nc ...
2025-04-22 16:15:22,669 - WARNING - extracted tar file /vftmp/Chia-wei.Hsu/untar_dir/19920101.ocean_month.nc exist, skipping...
2025-04-22 16:15:22,670 - INFO - (ncks) extracting variable /collab1/data_untrusted/Chia-wei.Hsu/decadel_output_dir/decadal.ocean_month.i198501.e08.1992.tos.nc ...
2025-04-22 19:37:02,391 - WARNING - extracted tar file /vftmp/Chia-wei.Hsu/untar_dir/19930101.ocean_month.nc exist, skipping...
2025-04-22 19:37:02,392 - INFO - (ncks) extracting variable /collab1/data_untrusted/Chia-wei.Hsu/decadel_output_dir/decadal.ocean_month.i198501.e08.1993.tos.nc ...
2025-04-22 19:47:59,542 - WARNING - extracted tar file /vftmp/Chia-wei.Hsu/untar_dir/19940101.ocean_month.nc exist, skipping...
2025-04-22 19:47:59,543 - INFO - (ncks) extracting variable /collab1/data_untrusted/Chia-wei.Hsu/decadel_output_dir/decadal.ocean_month.i198501.e08.1994.tos.nc ...
2025-04-22 19:47:59,617 - INFO - (ncrcat) concatenating files for single variable, single ensemble, multi-lead ...
2025-04-22 19:48:03,700 - INFO - concatenated file at /collab1/data_untrusted/Chia-wei.Hsu/decadel_output_dir/decadal.ocean_month.i198501.e08.tos.nc ...
2025-04-22 19:48:03,708 - INFO - remove individual files
2025-04-22 19:48:03,748 - INFO - === Processing variable tos ...
2025-04-22 19:48:03,749 - INFO - ===== Processing initial year 1985 initial month  1 ensamble_number  9...
2025-04-22 19:52:05,612 - WARNING - extracted tar file /vftmp/Chia-wei.Hsu/untar_dir/19850101.ocean_month.nc exist, skipping...
2025-04-22 19:52:05,612 - INFO - (ncks) extracting variable /collab1/data_untrusted/Chia-wei.Hsu/decadel_output_dir/decadal.ocean_month.i198501.e09.1985.tos.nc ...
2025-04-22 23:16:18,174 - WARNING - extracted tar file /vftmp/Chia-wei.Hsu/untar_dir/19860101.ocean_month.nc exist, skipping...
2025-04-22 23:16:18,281 - INFO - (ncks) extracting variable /collab1/data_untrusted/Chia-wei.Hsu/decadel_output_dir/decadal.ocean_month.i198501.e09.1986.tos.nc ...
2025-04-23 00:10:59,273 - WARNING - extracted tar file /vftmp/Chia-wei.Hsu/untar_dir/19870101.ocean_month.nc exist, skipping...
2025-04-23 00:10:59,274 - INFO - (ncks) extracting variable /collab1/data_untrusted/Chia-wei.Hsu/decadel_output_dir/decadal.ocean_month.i198501.e09.1987.tos.nc ...
2025-04-23 00:20:31,231 - WARNING - extracted tar file /vftmp/Chia-wei.Hsu/untar_dir/19880101.ocean_month.nc exist, skipping...
2025-04-23 00:20:31,232 - INFO - (ncks) extracting variable /collab1/data_untrusted/Chia-wei.Hsu/decadel_output_dir/decadal.ocean_month.i198501.e09.1988.tos.nc ...
2025-04-23 00:28:38,794 - WARNING - extracted tar file /vftmp/Chia-wei.Hsu/untar_dir/19890101.ocean_month.nc exist, skipping...
2025-04-23 00:28:38,795 - INFO - (ncks) extracting variable /collab1/data_untrusted/Chia-wei.Hsu/decadel_output_dir/decadal.ocean_month.i198501.e09.1989.tos.nc ...
2025-04-23 00:32:43,192 - WARNING - extracted tar file /vftmp/Chia-wei.Hsu/untar_dir/19900101.ocean_month.nc exist, skipping...
2025-04-23 00:32:43,193 - INFO - (ncks) extracting variable /collab1/data_untrusted/Chia-wei.Hsu/decadel_output_dir/decadal.ocean_month.i198501.e09.1990.tos.nc ...
2025-04-23 00:42:20,485 - WARNING - extracted tar file /vftmp/Chia-wei.Hsu/untar_dir/19910101.ocean_month.nc exist, skipping...
2025-04-23 00:42:20,486 - INFO - (ncks) extracting variable /collab1/data_untrusted/Chia-wei.Hsu/decadel_output_dir/decadal.ocean_month.i198501.e09.1991.tos.nc ...
2025-04-23 02:16:19,237 - WARNING - extracted tar file /vftmp/Chia-wei.Hsu/untar_dir/19920101.ocean_month.nc exist, skipping...
2025-04-23 02:16:19,238 - INFO - (ncks) extracting variable /collab1/data_untrusted/Chia-wei.Hsu/decadel_output_dir/decadal.ocean_month.i198501.e09.1992.tos.nc ...
2025-04-23 02:24:22,724 - WARNING - extracted tar file /vftmp/Chia-wei.Hsu/untar_dir/19930101.ocean_month.nc exist, skipping...
2025-04-23 02:24:22,724 - INFO - (ncks) extracting variable /collab1/data_untrusted/Chia-wei.Hsu/decadel_output_dir/decadal.ocean_month.i198501.e09.1993.tos.nc ...
2025-04-23 02:27:33,455 - WARNING - extracted tar file /vftmp/Chia-wei.Hsu/untar_dir/19940101.ocean_month.nc exist, skipping...
2025-04-23 02:27:33,456 - INFO - (ncks) extracting variable /collab1/data_untrusted/Chia-wei.Hsu/decadel_output_dir/decadal.ocean_month.i198501.e09.1994.tos.nc ...
2025-04-23 02:27:37,331 - INFO - (ncrcat) concatenating files for single variable, single ensemble, multi-lead ...
2025-04-23 02:27:42,524 - INFO - concatenated file at /collab1/data_untrusted/Chia-wei.Hsu/decadel_output_dir/decadal.ocean_month.i198501.e09.tos.nc ...
2025-04-23 02:27:42,532 - INFO - remove individual files
2025-04-23 02:27:42,576 - INFO - === Processing variable tos ...
2025-04-23 02:27:42,577 - INFO - ===== Processing initial year 1985 initial month  1 ensamble_number 10...
2025-04-23 02:31:21,695 - WARNING - extracted tar file /vftmp/Chia-wei.Hsu/untar_dir/19850101.ocean_month.nc exist, skipping...
2025-04-23 02:31:21,696 - INFO - (ncks) extracting variable /collab1/data_untrusted/Chia-wei.Hsu/decadel_output_dir/decadal.ocean_month.i198501.e10.1985.tos.nc ...
2025-04-23 02:50:42,100 - WARNING - extracted tar file /vftmp/Chia-wei.Hsu/untar_dir/19860101.ocean_month.nc exist, skipping...
2025-04-23 02:50:42,102 - INFO - (ncks) extracting variable /collab1/data_untrusted/Chia-wei.Hsu/decadel_output_dir/decadal.ocean_month.i198501.e10.1986.tos.nc ...
2025-04-23 02:53:36,106 - WARNING - extracted tar file /vftmp/Chia-wei.Hsu/untar_dir/19870101.ocean_month.nc exist, skipping...
2025-04-23 02:53:36,107 - INFO - (ncks) extracting variable /collab1/data_untrusted/Chia-wei.Hsu/decadel_output_dir/decadal.ocean_month.i198501.e10.1987.tos.nc ...
2025-04-23 02:57:41,818 - WARNING - extracted tar file /vftmp/Chia-wei.Hsu/untar_dir/19880101.ocean_month.nc exist, skipping...
2025-04-23 02:57:41,819 - INFO - (ncks) extracting variable /collab1/data_untrusted/Chia-wei.Hsu/decadel_output_dir/decadal.ocean_month.i198501.e10.1988.tos.nc ...
2025-04-23 03:00:26,574 - WARNING - extracted tar file /vftmp/Chia-wei.Hsu/untar_dir/19890101.ocean_month.nc exist, skipping...
2025-04-23 03:00:26,575 - INFO - (ncks) extracting variable /collab1/data_untrusted/Chia-wei.Hsu/decadel_output_dir/decadal.ocean_month.i198501.e10.1989.tos.nc ...
2025-04-23 03:03:52,025 - WARNING - extracted tar file /vftmp/Chia-wei.Hsu/untar_dir/19900101.ocean_month.nc exist, skipping...
2025-04-23 03:03:52,026 - INFO - (ncks) extracting variable /collab1/data_untrusted/Chia-wei.Hsu/decadel_output_dir/decadal.ocean_month.i198501.e10.1990.tos.nc ...
2025-04-23 03:12:30,891 - WARNING - extracted tar file /vftmp/Chia-wei.Hsu/untar_dir/19910101.ocean_month.nc exist, skipping...
2025-04-23 03:12:30,891 - INFO - (ncks) extracting variable /collab1/data_untrusted/Chia-wei.Hsu/decadel_output_dir/decadal.ocean_month.i198501.e10.1991.tos.nc ...
2025-04-23 03:21:13,595 - WARNING - extracted tar file /vftmp/Chia-wei.Hsu/untar_dir/19920101.ocean_month.nc exist, skipping...
2025-04-23 03:21:13,596 - INFO - (ncks) extracting variable /collab1/data_untrusted/Chia-wei.Hsu/decadel_output_dir/decadal.ocean_month.i198501.e10.1992.tos.nc ...
2025-04-23 03:24:39,350 - WARNING - extracted tar file /vftmp/Chia-wei.Hsu/untar_dir/19930101.ocean_month.nc exist, skipping...
2025-04-23 03:24:39,351 - INFO - (ncks) extracting variable /collab1/data_untrusted/Chia-wei.Hsu/decadel_output_dir/decadal.ocean_month.i198501.e10.1993.tos.nc ...
2025-04-23 03:47:18,773 - WARNING - extracted tar file /vftmp/Chia-wei.Hsu/untar_dir/19940101.ocean_month.nc exist, skipping...
2025-04-23 03:47:18,777 - INFO - (ncks) extracting variable /collab1/data_untrusted/Chia-wei.Hsu/decadel_output_dir/decadal.ocean_month.i198501.e10.1994.tos.nc ...
2025-04-23 03:47:18,891 - INFO - (ncrcat) concatenating files for single variable, single ensemble, multi-lead ...
2025-04-23 03:47:22,772 - INFO - concatenated file at /collab1/data_untrusted/Chia-wei.Hsu/decadel_output_dir/decadal.ocean_month.i198501.e10.tos.nc ...
2025-04-23 03:47:22,781 - INFO - remove individual files
