2025-04-22 12:26:45,608 - INFO - === Processing variable tos ...
2025-04-22 12:26:45,608 - WARNING - concatenate file /collab1/data_untrusted/Chia-wei.Hsu/decadel_output_dir/decadal.ocean_month.i196701.e07.tos.nc exist, skipping...
2025-04-22 12:26:45,888 - INFO - === Processing variable tos ...
2025-04-22 12:26:45,889 - INFO - ===== Processing initial year 1967 initial month  1 ensamble_number  8...
2025-04-22 15:23:05,508 - WARNING - extracted tar file /vftmp/Chia-wei.Hsu/untar_dir/19670101.ocean_month.nc exist, skipping...
2025-04-22 15:23:05,509 - INFO - (ncks) extracting variable /collab1/data_untrusted/Chia-wei.Hsu/decadel_output_dir/decadal.ocean_month.i196701.e08.1967.tos.nc ...
2025-04-22 15:26:54,394 - WARNING - extracted tar file /vftmp/Chia-wei.Hsu/untar_dir/19680101.ocean_month.nc exist, skipping...
2025-04-22 15:26:54,395 - INFO - (ncks) extracting variable /collab1/data_untrusted/Chia-wei.Hsu/decadel_output_dir/decadal.ocean_month.i196701.e08.1968.tos.nc ...
2025-04-22 15:31:24,258 - WARNING - extracted tar file /vftmp/Chia-wei.Hsu/untar_dir/19690101.ocean_month.nc exist, skipping...
2025-04-22 15:31:24,259 - INFO - (ncks) extracting variable /collab1/data_untrusted/Chia-wei.Hsu/decadel_output_dir/decadal.ocean_month.i196701.e08.1969.tos.nc ...
2025-04-22 15:34:21,990 - WARNING - extracted tar file /vftmp/Chia-wei.Hsu/untar_dir/19700101.ocean_month.nc exist, skipping...
2025-04-22 15:34:21,991 - INFO - (ncks) extracting variable /collab1/data_untrusted/Chia-wei.Hsu/decadel_output_dir/decadal.ocean_month.i196701.e08.1970.tos.nc ...
2025-04-22 15:41:41,298 - WARNING - extracted tar file /vftmp/Chia-wei.Hsu/untar_dir/19710101.ocean_month.nc exist, skipping...
2025-04-22 15:41:41,299 - INFO - (ncks) extracting variable /collab1/data_untrusted/Chia-wei.Hsu/decadel_output_dir/decadal.ocean_month.i196701.e08.1971.tos.nc ...
2025-04-22 15:45:09,147 - WARNING - extracted tar file /vftmp/Chia-wei.Hsu/untar_dir/19720101.ocean_month.nc exist, skipping...
2025-04-22 15:45:09,148 - INFO - (ncks) extracting variable /collab1/data_untrusted/Chia-wei.Hsu/decadel_output_dir/decadal.ocean_month.i196701.e08.1972.tos.nc ...
2025-04-22 15:49:53,260 - WARNING - extracted tar file /vftmp/Chia-wei.Hsu/untar_dir/19730101.ocean_month.nc exist, skipping...
2025-04-22 15:49:53,261 - INFO - (ncks) extracting variable /collab1/data_untrusted/Chia-wei.Hsu/decadel_output_dir/decadal.ocean_month.i196701.e08.1973.tos.nc ...
2025-04-22 18:39:27,786 - WARNING - extracted tar file /vftmp/Chia-wei.Hsu/untar_dir/19740101.ocean_month.nc exist, skipping...
2025-04-22 18:39:27,787 - INFO - (ncks) extracting variable /collab1/data_untrusted/Chia-wei.Hsu/decadel_output_dir/decadal.ocean_month.i196701.e08.1974.tos.nc ...
2025-04-22 18:43:53,263 - WARNING - extracted tar file /vftmp/Chia-wei.Hsu/untar_dir/19750101.ocean_month.nc exist, skipping...
2025-04-22 18:43:53,264 - INFO - (ncks) extracting variable /collab1/data_untrusted/Chia-wei.Hsu/decadel_output_dir/decadal.ocean_month.i196701.e08.1975.tos.nc ...
2025-04-22 19:56:54,516 - WARNING - extracted tar file /vftmp/Chia-wei.Hsu/untar_dir/19760101.ocean_month.nc exist, skipping...
2025-04-22 19:56:54,568 - INFO - (ncks) extracting variable /collab1/data_untrusted/Chia-wei.Hsu/decadel_output_dir/decadal.ocean_month.i196701.e08.1976.tos.nc ...
2025-04-22 19:56:55,333 - INFO - (ncrcat) concatenating files for single variable, single ensemble, multi-lead ...
2025-04-22 19:57:00,346 - INFO - concatenated file at /collab1/data_untrusted/Chia-wei.Hsu/decadel_output_dir/decadal.ocean_month.i196701.e08.tos.nc ...
2025-04-22 19:57:00,353 - INFO - remove individual files
2025-04-22 19:57:00,376 - INFO - === Processing variable tos ...
2025-04-22 19:57:00,377 - INFO - ===== Processing initial year 1967 initial month  1 ensamble_number  9...
2025-04-22 20:01:13,234 - WARNING - extracted tar file /vftmp/Chia-wei.Hsu/untar_dir/19670101.ocean_month.nc exist, skipping...
2025-04-22 20:01:13,235 - INFO - (ncks) extracting variable /collab1/data_untrusted/Chia-wei.Hsu/decadel_output_dir/decadal.ocean_month.i196701.e09.1967.tos.nc ...
2025-04-22 20:04:24,527 - WARNING - extracted tar file /vftmp/Chia-wei.Hsu/untar_dir/19680101.ocean_month.nc exist, skipping...
2025-04-22 20:04:24,528 - INFO - (ncks) extracting variable /collab1/data_untrusted/Chia-wei.Hsu/decadel_output_dir/decadal.ocean_month.i196701.e09.1968.tos.nc ...
2025-04-22 22:04:52,400 - WARNING - extracted tar file /vftmp/Chia-wei.Hsu/untar_dir/19690101.ocean_month.nc exist, skipping...
2025-04-22 22:04:52,519 - INFO - (ncks) extracting variable /collab1/data_untrusted/Chia-wei.Hsu/decadel_output_dir/decadal.ocean_month.i196701.e09.1969.tos.nc ...
2025-04-22 22:12:48,525 - WARNING - extracted tar file /vftmp/Chia-wei.Hsu/untar_dir/19700101.ocean_month.nc exist, skipping...
2025-04-22 22:12:48,526 - INFO - (ncks) extracting variable /collab1/data_untrusted/Chia-wei.Hsu/decadel_output_dir/decadal.ocean_month.i196701.e09.1970.tos.nc ...
2025-04-22 22:19:08,587 - WARNING - extracted tar file /vftmp/Chia-wei.Hsu/untar_dir/19710101.ocean_month.nc exist, skipping...
2025-04-22 22:19:08,588 - INFO - (ncks) extracting variable /collab1/data_untrusted/Chia-wei.Hsu/decadel_output_dir/decadal.ocean_month.i196701.e09.1971.tos.nc ...
2025-04-22 22:26:35,287 - WARNING - extracted tar file /vftmp/Chia-wei.Hsu/untar_dir/19720101.ocean_month.nc exist, skipping...
2025-04-22 22:26:35,288 - INFO - (ncks) extracting variable /collab1/data_untrusted/Chia-wei.Hsu/decadel_output_dir/decadal.ocean_month.i196701.e09.1972.tos.nc ...
2025-04-22 22:32:56,642 - WARNING - extracted tar file /vftmp/Chia-wei.Hsu/untar_dir/19730101.ocean_month.nc exist, skipping...
2025-04-22 22:32:56,643 - INFO - (ncks) extracting variable /collab1/data_untrusted/Chia-wei.Hsu/decadel_output_dir/decadal.ocean_month.i196701.e09.1973.tos.nc ...
2025-04-22 22:36:31,593 - WARNING - extracted tar file /vftmp/Chia-wei.Hsu/untar_dir/19740101.ocean_month.nc exist, skipping...
2025-04-22 22:36:31,595 - INFO - (ncks) extracting variable /collab1/data_untrusted/Chia-wei.Hsu/decadel_output_dir/decadal.ocean_month.i196701.e09.1974.tos.nc ...
2025-04-23 00:56:16,406 - WARNING - extracted tar file /vftmp/Chia-wei.Hsu/untar_dir/19750101.ocean_month.nc exist, skipping...
2025-04-23 00:56:16,408 - INFO - (ncks) extracting variable /collab1/data_untrusted/Chia-wei.Hsu/decadel_output_dir/decadal.ocean_month.i196701.e09.1975.tos.nc ...
2025-04-23 01:00:42,447 - WARNING - extracted tar file /vftmp/Chia-wei.Hsu/untar_dir/19760101.ocean_month.nc exist, skipping...
2025-04-23 01:00:42,448 - INFO - (ncks) extracting variable /collab1/data_untrusted/Chia-wei.Hsu/decadel_output_dir/decadal.ocean_month.i196701.e09.1976.tos.nc ...
2025-04-23 01:00:42,693 - INFO - (ncrcat) concatenating files for single variable, single ensemble, multi-lead ...
2025-04-23 01:00:46,428 - INFO - concatenated file at /collab1/data_untrusted/Chia-wei.Hsu/decadel_output_dir/decadal.ocean_month.i196701.e09.tos.nc ...
2025-04-23 01:00:46,443 - INFO - remove individual files
2025-04-23 01:00:46,487 - INFO - === Processing variable tos ...
2025-04-23 01:00:46,488 - INFO - ===== Processing initial year 1967 initial month  1 ensamble_number 10...
2025-04-23 02:24:39,841 - WARNING - extracted tar file /vftmp/Chia-wei.Hsu/untar_dir/19670101.ocean_month.nc exist, skipping...
2025-04-23 02:24:39,842 - INFO - (ncks) extracting variable /collab1/data_untrusted/Chia-wei.Hsu/decadel_output_dir/decadal.ocean_month.i196701.e10.1967.tos.nc ...
2025-04-23 02:27:09,775 - WARNING - extracted tar file /vftmp/Chia-wei.Hsu/untar_dir/19680101.ocean_month.nc exist, skipping...
2025-04-23 02:27:09,776 - INFO - (ncks) extracting variable /collab1/data_untrusted/Chia-wei.Hsu/decadel_output_dir/decadal.ocean_month.i196701.e10.1968.tos.nc ...
2025-04-23 02:31:05,917 - WARNING - extracted tar file /vftmp/Chia-wei.Hsu/untar_dir/19690101.ocean_month.nc exist, skipping...
2025-04-23 02:31:05,917 - INFO - (ncks) extracting variable /collab1/data_untrusted/Chia-wei.Hsu/decadel_output_dir/decadal.ocean_month.i196701.e10.1969.tos.nc ...
2025-04-23 02:35:06,150 - WARNING - extracted tar file /vftmp/Chia-wei.Hsu/untar_dir/19700101.ocean_month.nc exist, skipping...
2025-04-23 02:35:06,151 - INFO - (ncks) extracting variable /collab1/data_untrusted/Chia-wei.Hsu/decadel_output_dir/decadal.ocean_month.i196701.e10.1970.tos.nc ...
2025-04-23 02:38:14,560 - WARNING - extracted tar file /vftmp/Chia-wei.Hsu/untar_dir/19710101.ocean_month.nc exist, skipping...
2025-04-23 02:38:14,561 - INFO - (ncks) extracting variable /collab1/data_untrusted/Chia-wei.Hsu/decadel_output_dir/decadal.ocean_month.i196701.e10.1971.tos.nc ...
2025-04-23 02:40:48,591 - WARNING - extracted tar file /vftmp/Chia-wei.Hsu/untar_dir/19720101.ocean_month.nc exist, skipping...
2025-04-23 02:40:48,592 - INFO - (ncks) extracting variable /collab1/data_untrusted/Chia-wei.Hsu/decadel_output_dir/decadal.ocean_month.i196701.e10.1972.tos.nc ...
2025-04-23 02:46:42,491 - WARNING - extracted tar file /vftmp/Chia-wei.Hsu/untar_dir/19730101.ocean_month.nc exist, skipping...
2025-04-23 02:46:42,493 - INFO - (ncks) extracting variable /collab1/data_untrusted/Chia-wei.Hsu/decadel_output_dir/decadal.ocean_month.i196701.e10.1973.tos.nc ...
2025-04-23 02:53:49,419 - WARNING - extracted tar file /vftmp/Chia-wei.Hsu/untar_dir/19740101.ocean_month.nc exist, skipping...
2025-04-23 02:53:49,420 - INFO - (ncks) extracting variable /collab1/data_untrusted/Chia-wei.Hsu/decadel_output_dir/decadal.ocean_month.i196701.e10.1974.tos.nc ...
2025-04-23 02:56:54,440 - WARNING - extracted tar file /vftmp/Chia-wei.Hsu/untar_dir/19750101.ocean_month.nc exist, skipping...
2025-04-23 02:56:54,441 - INFO - (ncks) extracting variable /collab1/data_untrusted/Chia-wei.Hsu/decadel_output_dir/decadal.ocean_month.i196701.e10.1975.tos.nc ...
2025-04-23 03:00:20,423 - WARNING - extracted tar file /vftmp/Chia-wei.Hsu/untar_dir/19760101.ocean_month.nc exist, skipping...
2025-04-23 03:00:20,424 - INFO - (ncks) extracting variable /collab1/data_untrusted/Chia-wei.Hsu/decadel_output_dir/decadal.ocean_month.i196701.e10.1976.tos.nc ...
2025-04-23 03:00:20,509 - INFO - (ncrcat) concatenating files for single variable, single ensemble, multi-lead ...
2025-04-23 03:00:25,879 - INFO - concatenated file at /collab1/data_untrusted/Chia-wei.Hsu/decadel_output_dir/decadal.ocean_month.i196701.e10.tos.nc ...
2025-04-23 03:00:25,886 - INFO - remove individual files
