2025-04-22 12:26:45,701 - INFO - === Processing variable tos ...
2025-04-22 12:26:45,702 - WARNING - concatenate file /collab1/data_untrusted/Chia-wei.Hsu/decadel_output_dir/decadal.ocean_month.i199201.e07.tos.nc exist, skipping...
2025-04-22 12:26:45,952 - INFO - === Processing variable tos ...
2025-04-22 12:26:45,953 - INFO - ===== Processing initial year 1992 initial month  1 ensamble_number  8...
2025-04-22 15:29:51,278 - WARNING - extracted tar file /vftmp/Chia-wei.Hsu/untar_dir/19920101.ocean_month.nc exist, skipping...
2025-04-22 15:29:51,279 - INFO - (ncks) extracting variable /collab1/data_untrusted/Chia-wei.Hsu/decadel_output_dir/decadal.ocean_month.i199201.e08.1992.tos.nc ...
2025-04-22 15:32:06,287 - WARNING - extracted tar file /vftmp/Chia-wei.Hsu/untar_dir/19930101.ocean_month.nc exist, skipping...
2025-04-22 15:32:06,289 - INFO - (ncks) extracting variable /collab1/data_untrusted/Chia-wei.Hsu/decadel_output_dir/decadal.ocean_month.i199201.e08.1993.tos.nc ...
2025-04-22 15:35:53,604 - WARNING - extracted tar file /vftmp/Chia-wei.Hsu/untar_dir/19940101.ocean_month.nc exist, skipping...
2025-04-22 15:35:53,605 - INFO - (ncks) extracting variable /collab1/data_untrusted/Chia-wei.Hsu/decadel_output_dir/decadal.ocean_month.i199201.e08.1994.tos.nc ...
2025-04-22 18:55:38,347 - WARNING - extracted tar file /vftmp/Chia-wei.Hsu/untar_dir/19950101.ocean_month.nc exist, skipping...
2025-04-22 18:55:38,348 - INFO - (ncks) extracting variable /collab1/data_untrusted/Chia-wei.Hsu/decadel_output_dir/decadal.ocean_month.i199201.e08.1995.tos.nc ...
2025-04-22 18:58:39,367 - WARNING - extracted tar file /vftmp/Chia-wei.Hsu/untar_dir/19960101.ocean_month.nc exist, skipping...
2025-04-22 18:58:39,368 - INFO - (ncks) extracting variable /collab1/data_untrusted/Chia-wei.Hsu/decadel_output_dir/decadal.ocean_month.i199201.e08.1996.tos.nc ...
2025-04-22 19:01:44,345 - WARNING - extracted tar file /vftmp/Chia-wei.Hsu/untar_dir/19970101.ocean_month.nc exist, skipping...
2025-04-22 19:01:44,346 - INFO - (ncks) extracting variable /collab1/data_untrusted/Chia-wei.Hsu/decadel_output_dir/decadal.ocean_month.i199201.e08.1997.tos.nc ...
2025-04-22 19:04:50,465 - WARNING - extracted tar file /vftmp/Chia-wei.Hsu/untar_dir/19980101.ocean_month.nc exist, skipping...
2025-04-22 19:04:50,466 - INFO - (ncks) extracting variable /collab1/data_untrusted/Chia-wei.Hsu/decadel_output_dir/decadal.ocean_month.i199201.e08.1998.tos.nc ...
2025-04-22 19:39:21,119 - WARNING - extracted tar file /vftmp/Chia-wei.Hsu/untar_dir/19990101.ocean_month.nc exist, skipping...
2025-04-22 19:39:21,120 - INFO - (ncks) extracting variable /collab1/data_untrusted/Chia-wei.Hsu/decadel_output_dir/decadal.ocean_month.i199201.e08.1999.tos.nc ...
2025-04-22 19:49:10,844 - WARNING - extracted tar file /vftmp/Chia-wei.Hsu/untar_dir/20000101.ocean_month.nc exist, skipping...
2025-04-22 19:49:10,844 - INFO - (ncks) extracting variable /collab1/data_untrusted/Chia-wei.Hsu/decadel_output_dir/decadal.ocean_month.i199201.e08.2000.tos.nc ...
2025-04-22 19:53:24,209 - WARNING - extracted tar file /vftmp/Chia-wei.Hsu/untar_dir/20010101.ocean_month.nc exist, skipping...
2025-04-22 19:53:24,210 - INFO - (ncks) extracting variable /collab1/data_untrusted/Chia-wei.Hsu/decadel_output_dir/decadal.ocean_month.i199201.e08.2001.tos.nc ...
2025-04-22 19:53:24,629 - INFO - (ncrcat) concatenating files for single variable, single ensemble, multi-lead ...
2025-04-22 19:53:28,826 - INFO - concatenated file at /collab1/data_untrusted/Chia-wei.Hsu/decadel_output_dir/decadal.ocean_month.i199201.e08.tos.nc ...
2025-04-22 19:53:28,836 - INFO - remove individual files
2025-04-22 19:53:28,870 - INFO - === Processing variable tos ...
2025-04-22 19:53:28,871 - INFO - ===== Processing initial year 1992 initial month  1 ensamble_number  9...
2025-04-22 19:58:25,206 - WARNING - extracted tar file /vftmp/Chia-wei.Hsu/untar_dir/19920101.ocean_month.nc exist, skipping...
2025-04-22 19:58:25,207 - INFO - (ncks) extracting variable /collab1/data_untrusted/Chia-wei.Hsu/decadel_output_dir/decadal.ocean_month.i199201.e09.1992.tos.nc ...
2025-04-22 20:02:11,544 - WARNING - extracted tar file /vftmp/Chia-wei.Hsu/untar_dir/19930101.ocean_month.nc exist, skipping...
2025-04-22 20:02:11,545 - INFO - (ncks) extracting variable /collab1/data_untrusted/Chia-wei.Hsu/decadel_output_dir/decadal.ocean_month.i199201.e09.1993.tos.nc ...
2025-04-22 20:06:11,053 - WARNING - extracted tar file /vftmp/Chia-wei.Hsu/untar_dir/19940101.ocean_month.nc exist, skipping...
2025-04-22 20:06:11,054 - INFO - (ncks) extracting variable /collab1/data_untrusted/Chia-wei.Hsu/decadel_output_dir/decadal.ocean_month.i199201.e09.1994.tos.nc ...
2025-04-22 21:55:46,324 - WARNING - extracted tar file /vftmp/Chia-wei.Hsu/untar_dir/19950101.ocean_month.nc exist, skipping...
2025-04-22 21:55:46,351 - INFO - (ncks) extracting variable /collab1/data_untrusted/Chia-wei.Hsu/decadel_output_dir/decadal.ocean_month.i199201.e09.1995.tos.nc ...
2025-04-22 23:02:48,263 - WARNING - extracted tar file /vftmp/Chia-wei.Hsu/untar_dir/19960101.ocean_month.nc exist, skipping...
2025-04-22 23:02:48,264 - INFO - (ncks) extracting variable /collab1/data_untrusted/Chia-wei.Hsu/decadel_output_dir/decadal.ocean_month.i199201.e09.1996.tos.nc ...
2025-04-22 23:07:14,463 - WARNING - extracted tar file /vftmp/Chia-wei.Hsu/untar_dir/19970101.ocean_month.nc exist, skipping...
2025-04-22 23:07:14,464 - INFO - (ncks) extracting variable /collab1/data_untrusted/Chia-wei.Hsu/decadel_output_dir/decadal.ocean_month.i199201.e09.1997.tos.nc ...
2025-04-22 23:18:19,235 - WARNING - extracted tar file /vftmp/Chia-wei.Hsu/untar_dir/19980101.ocean_month.nc exist, skipping...
2025-04-22 23:18:19,236 - INFO - (ncks) extracting variable /collab1/data_untrusted/Chia-wei.Hsu/decadel_output_dir/decadal.ocean_month.i199201.e09.1998.tos.nc ...
2025-04-23 01:00:38,138 - WARNING - extracted tar file /vftmp/Chia-wei.Hsu/untar_dir/19990101.ocean_month.nc exist, skipping...
2025-04-23 01:00:38,139 - INFO - (ncks) extracting variable /collab1/data_untrusted/Chia-wei.Hsu/decadel_output_dir/decadal.ocean_month.i199201.e09.1999.tos.nc ...
2025-04-23 02:08:47,993 - WARNING - extracted tar file /vftmp/Chia-wei.Hsu/untar_dir/20000101.ocean_month.nc exist, skipping...
2025-04-23 02:08:47,993 - INFO - (ncks) extracting variable /collab1/data_untrusted/Chia-wei.Hsu/decadel_output_dir/decadal.ocean_month.i199201.e09.2000.tos.nc ...
2025-04-23 02:11:21,956 - WARNING - extracted tar file /vftmp/Chia-wei.Hsu/untar_dir/20010101.ocean_month.nc exist, skipping...
2025-04-23 02:11:21,957 - INFO - (ncks) extracting variable /collab1/data_untrusted/Chia-wei.Hsu/decadel_output_dir/decadal.ocean_month.i199201.e09.2001.tos.nc ...
2025-04-23 02:11:22,194 - INFO - (ncrcat) concatenating files for single variable, single ensemble, multi-lead ...
2025-04-23 02:11:25,845 - INFO - concatenated file at /collab1/data_untrusted/Chia-wei.Hsu/decadel_output_dir/decadal.ocean_month.i199201.e09.tos.nc ...
2025-04-23 02:11:25,852 - INFO - remove individual files
2025-04-23 02:11:25,896 - INFO - === Processing variable tos ...
2025-04-23 02:11:25,897 - INFO - ===== Processing initial year 1992 initial month  1 ensamble_number 10...
2025-04-23 02:15:05,545 - WARNING - extracted tar file /vftmp/Chia-wei.Hsu/untar_dir/19920101.ocean_month.nc exist, skipping...
2025-04-23 02:15:05,546 - INFO - (ncks) extracting variable /collab1/data_untrusted/Chia-wei.Hsu/decadel_output_dir/decadal.ocean_month.i199201.e10.1992.tos.nc ...
2025-04-23 02:16:40,302 - WARNING - extracted tar file /vftmp/Chia-wei.Hsu/untar_dir/19930101.ocean_month.nc exist, skipping...
2025-04-23 02:16:40,303 - INFO - (ncks) extracting variable /collab1/data_untrusted/Chia-wei.Hsu/decadel_output_dir/decadal.ocean_month.i199201.e10.1993.tos.nc ...
2025-04-23 03:18:54,773 - WARNING - extracted tar file /vftmp/Chia-wei.Hsu/untar_dir/19940101.ocean_month.nc exist, skipping...
2025-04-23 03:18:54,774 - INFO - (ncks) extracting variable /collab1/data_untrusted/Chia-wei.Hsu/decadel_output_dir/decadal.ocean_month.i199201.e10.1994.tos.nc ...
2025-04-23 03:22:25,747 - WARNING - extracted tar file /vftmp/Chia-wei.Hsu/untar_dir/19950101.ocean_month.nc exist, skipping...
2025-04-23 03:22:25,748 - INFO - (ncks) extracting variable /collab1/data_untrusted/Chia-wei.Hsu/decadel_output_dir/decadal.ocean_month.i199201.e10.1995.tos.nc ...
2025-04-23 03:29:12,806 - WARNING - extracted tar file /vftmp/Chia-wei.Hsu/untar_dir/19960101.ocean_month.nc exist, skipping...
2025-04-23 03:29:12,807 - INFO - (ncks) extracting variable /collab1/data_untrusted/Chia-wei.Hsu/decadel_output_dir/decadal.ocean_month.i199201.e10.1996.tos.nc ...
2025-04-23 03:32:54,424 - WARNING - extracted tar file /vftmp/Chia-wei.Hsu/untar_dir/19970101.ocean_month.nc exist, skipping...
2025-04-23 03:32:54,426 - INFO - (ncks) extracting variable /collab1/data_untrusted/Chia-wei.Hsu/decadel_output_dir/decadal.ocean_month.i199201.e10.1997.tos.nc ...
2025-04-23 04:16:37,572 - WARNING - extracted tar file /vftmp/Chia-wei.Hsu/untar_dir/19980101.ocean_month.nc exist, skipping...
2025-04-23 04:16:37,573 - INFO - (ncks) extracting variable /collab1/data_untrusted/Chia-wei.Hsu/decadel_output_dir/decadal.ocean_month.i199201.e10.1998.tos.nc ...
2025-04-23 04:19:56,519 - WARNING - extracted tar file /vftmp/Chia-wei.Hsu/untar_dir/19990101.ocean_month.nc exist, skipping...
2025-04-23 04:19:56,520 - INFO - (ncks) extracting variable /collab1/data_untrusted/Chia-wei.Hsu/decadel_output_dir/decadal.ocean_month.i199201.e10.1999.tos.nc ...
2025-04-23 04:25:35,381 - WARNING - extracted tar file /vftmp/Chia-wei.Hsu/untar_dir/20000101.ocean_month.nc exist, skipping...
2025-04-23 04:25:35,382 - INFO - (ncks) extracting variable /collab1/data_untrusted/Chia-wei.Hsu/decadel_output_dir/decadal.ocean_month.i199201.e10.2000.tos.nc ...
2025-04-23 04:28:04,349 - WARNING - extracted tar file /vftmp/Chia-wei.Hsu/untar_dir/20010101.ocean_month.nc exist, skipping...
2025-04-23 04:28:04,350 - INFO - (ncks) extracting variable /collab1/data_untrusted/Chia-wei.Hsu/decadel_output_dir/decadal.ocean_month.i199201.e10.2001.tos.nc ...
2025-04-23 04:28:04,430 - INFO - (ncrcat) concatenating files for single variable, single ensemble, multi-lead ...
2025-04-23 04:28:08,308 - INFO - concatenated file at /collab1/data_untrusted/Chia-wei.Hsu/decadel_output_dir/decadal.ocean_month.i199201.e10.tos.nc ...
2025-04-23 04:28:08,316 - INFO - remove individual files
