2025-04-22 12:26:45,697 - INFO - === Processing variable tos ...
2025-04-22 12:26:45,698 - WARNING - concatenate file /collab1/data_untrusted/Chia-wei.Hsu/decadel_output_dir/decadal.ocean_month.i202001.e07.tos.nc exist, skipping...
2025-04-22 12:26:45,888 - INFO - === Processing variable tos ...
2025-04-22 12:26:45,889 - INFO - ===== Processing initial year 2020 initial month  1 ensamble_number  8...
2025-04-22 13:21:25,177 - WARNING - extracted tar file /vftmp/Chia-wei.Hsu/untar_dir/20200101.ocean_month.nc exist, skipping...
2025-04-22 13:21:25,177 - INFO - (ncks) extracting variable /collab1/data_untrusted/Chia-wei.Hsu/decadel_output_dir/decadal.ocean_month.i202001.e08.2020.tos.nc ...
2025-04-22 15:41:27,947 - WARNING - extracted tar file /vftmp/Chia-wei.Hsu/untar_dir/20210101.ocean_month.nc exist, skipping...
2025-04-22 15:41:27,948 - INFO - (ncks) extracting variable /collab1/data_untrusted/Chia-wei.Hsu/decadel_output_dir/decadal.ocean_month.i202001.e08.2021.tos.nc ...
2025-04-22 15:59:33,523 - WARNING - extracted tar file /vftmp/Chia-wei.Hsu/untar_dir/20220101.ocean_month.nc exist, skipping...
2025-04-22 15:59:33,524 - INFO - (ncks) extracting variable /collab1/data_untrusted/Chia-wei.Hsu/decadel_output_dir/decadal.ocean_month.i202001.e08.2022.tos.nc ...
2025-04-22 16:03:55,718 - WARNING - extracted tar file /vftmp/Chia-wei.Hsu/untar_dir/20230101.ocean_month.nc exist, skipping...
2025-04-22 16:03:55,719 - INFO - (ncks) extracting variable /collab1/data_untrusted/Chia-wei.Hsu/decadel_output_dir/decadal.ocean_month.i202001.e08.2023.tos.nc ...
2025-04-22 16:06:38,078 - WARNING - extracted tar file /vftmp/Chia-wei.Hsu/untar_dir/20240101.ocean_month.nc exist, skipping...
2025-04-22 16:06:38,079 - INFO - (ncks) extracting variable /collab1/data_untrusted/Chia-wei.Hsu/decadel_output_dir/decadal.ocean_month.i202001.e08.2024.tos.nc ...
2025-04-22 16:10:06,355 - WARNING - extracted tar file /vftmp/Chia-wei.Hsu/untar_dir/20250101.ocean_month.nc exist, skipping...
2025-04-22 16:10:06,357 - INFO - (ncks) extracting variable /collab1/data_untrusted/Chia-wei.Hsu/decadel_output_dir/decadal.ocean_month.i202001.e08.2025.tos.nc ...
2025-04-22 19:13:43,564 - WARNING - extracted tar file /vftmp/Chia-wei.Hsu/untar_dir/20260101.ocean_month.nc exist, skipping...
2025-04-22 19:13:43,565 - INFO - (ncks) extracting variable /collab1/data_untrusted/Chia-wei.Hsu/decadel_output_dir/decadal.ocean_month.i202001.e08.2026.tos.nc ...
2025-04-22 19:16:29,528 - WARNING - extracted tar file /vftmp/Chia-wei.Hsu/untar_dir/20270101.ocean_month.nc exist, skipping...
2025-04-22 19:16:29,529 - INFO - (ncks) extracting variable /collab1/data_untrusted/Chia-wei.Hsu/decadel_output_dir/decadal.ocean_month.i202001.e08.2027.tos.nc ...
2025-04-22 19:21:10,324 - WARNING - extracted tar file /vftmp/Chia-wei.Hsu/untar_dir/20280101.ocean_month.nc exist, skipping...
2025-04-22 19:21:10,325 - INFO - (ncks) extracting variable /collab1/data_untrusted/Chia-wei.Hsu/decadel_output_dir/decadal.ocean_month.i202001.e08.2028.tos.nc ...
2025-04-22 19:25:20,762 - WARNING - extracted tar file /vftmp/Chia-wei.Hsu/untar_dir/20290101.ocean_month.nc exist, skipping...
2025-04-22 19:25:20,763 - INFO - (ncks) extracting variable /collab1/data_untrusted/Chia-wei.Hsu/decadel_output_dir/decadal.ocean_month.i202001.e08.2029.tos.nc ...
2025-04-22 19:25:20,873 - INFO - (ncrcat) concatenating files for single variable, single ensemble, multi-lead ...
2025-04-22 19:25:23,997 - INFO - concatenated file at /collab1/data_untrusted/Chia-wei.Hsu/decadel_output_dir/decadal.ocean_month.i202001.e08.tos.nc ...
2025-04-22 19:25:24,003 - INFO - remove individual files
2025-04-22 19:25:24,041 - INFO - === Processing variable tos ...
2025-04-22 19:25:24,041 - INFO - ===== Processing initial year 2020 initial month  1 ensamble_number  9...
2025-04-22 19:30:16,210 - WARNING - extracted tar file /vftmp/Chia-wei.Hsu/untar_dir/20200101.ocean_month.nc exist, skipping...
2025-04-22 19:30:16,211 - INFO - (ncks) extracting variable /collab1/data_untrusted/Chia-wei.Hsu/decadel_output_dir/decadal.ocean_month.i202001.e09.2020.tos.nc ...
2025-04-22 19:34:02,239 - WARNING - extracted tar file /vftmp/Chia-wei.Hsu/untar_dir/20210101.ocean_month.nc exist, skipping...
2025-04-22 19:34:02,240 - INFO - (ncks) extracting variable /collab1/data_untrusted/Chia-wei.Hsu/decadel_output_dir/decadal.ocean_month.i202001.e09.2021.tos.nc ...
2025-04-22 19:43:41,830 - WARNING - extracted tar file /vftmp/Chia-wei.Hsu/untar_dir/20220101.ocean_month.nc exist, skipping...
2025-04-22 19:43:41,831 - INFO - (ncks) extracting variable /collab1/data_untrusted/Chia-wei.Hsu/decadel_output_dir/decadal.ocean_month.i202001.e09.2022.tos.nc ...
2025-04-22 19:53:06,022 - WARNING - extracted tar file /vftmp/Chia-wei.Hsu/untar_dir/20230101.ocean_month.nc exist, skipping...
2025-04-22 19:53:06,023 - INFO - (ncks) extracting variable /collab1/data_untrusted/Chia-wei.Hsu/decadel_output_dir/decadal.ocean_month.i202001.e09.2023.tos.nc ...
2025-04-22 19:55:42,048 - WARNING - extracted tar file /vftmp/Chia-wei.Hsu/untar_dir/20240101.ocean_month.nc exist, skipping...
2025-04-22 19:55:42,049 - INFO - (ncks) extracting variable /collab1/data_untrusted/Chia-wei.Hsu/decadel_output_dir/decadal.ocean_month.i202001.e09.2024.tos.nc ...
2025-04-22 19:58:32,944 - WARNING - extracted tar file /vftmp/Chia-wei.Hsu/untar_dir/20250101.ocean_month.nc exist, skipping...
2025-04-22 19:58:32,945 - INFO - (ncks) extracting variable /collab1/data_untrusted/Chia-wei.Hsu/decadel_output_dir/decadal.ocean_month.i202001.e09.2025.tos.nc ...
2025-04-22 20:01:45,518 - WARNING - extracted tar file /vftmp/Chia-wei.Hsu/untar_dir/20260101.ocean_month.nc exist, skipping...
2025-04-22 20:01:45,518 - INFO - (ncks) extracting variable /collab1/data_untrusted/Chia-wei.Hsu/decadel_output_dir/decadal.ocean_month.i202001.e09.2026.tos.nc ...
2025-04-22 21:14:50,420 - WARNING - extracted tar file /vftmp/Chia-wei.Hsu/untar_dir/20270101.ocean_month.nc exist, skipping...
2025-04-22 21:14:50,588 - INFO - (ncks) extracting variable /collab1/data_untrusted/Chia-wei.Hsu/decadel_output_dir/decadal.ocean_month.i202001.e09.2027.tos.nc ...
2025-04-22 21:18:12,481 - WARNING - extracted tar file /vftmp/Chia-wei.Hsu/untar_dir/20280101.ocean_month.nc exist, skipping...
2025-04-22 21:18:12,482 - INFO - (ncks) extracting variable /collab1/data_untrusted/Chia-wei.Hsu/decadel_output_dir/decadal.ocean_month.i202001.e09.2028.tos.nc ...
2025-04-22 21:24:08,569 - WARNING - extracted tar file /vftmp/Chia-wei.Hsu/untar_dir/20290101.ocean_month.nc exist, skipping...
2025-04-22 21:24:08,570 - INFO - (ncks) extracting variable /collab1/data_untrusted/Chia-wei.Hsu/decadel_output_dir/decadal.ocean_month.i202001.e09.2029.tos.nc ...
2025-04-22 21:24:09,429 - INFO - (ncrcat) concatenating files for single variable, single ensemble, multi-lead ...
2025-04-22 21:24:12,906 - INFO - concatenated file at /collab1/data_untrusted/Chia-wei.Hsu/decadel_output_dir/decadal.ocean_month.i202001.e09.tos.nc ...
2025-04-22 21:24:12,921 - INFO - remove individual files
2025-04-22 21:24:12,974 - INFO - === Processing variable tos ...
2025-04-22 21:24:12,974 - INFO - ===== Processing initial year 2020 initial month  1 ensamble_number 10...
2025-04-22 23:45:59,077 - WARNING - extracted tar file /vftmp/Chia-wei.Hsu/untar_dir/20200101.ocean_month.nc exist, skipping...
2025-04-22 23:45:59,078 - INFO - (ncks) extracting variable /collab1/data_untrusted/Chia-wei.Hsu/decadel_output_dir/decadal.ocean_month.i202001.e10.2020.tos.nc ...
2025-04-22 23:51:14,810 - WARNING - extracted tar file /vftmp/Chia-wei.Hsu/untar_dir/20210101.ocean_month.nc exist, skipping...
2025-04-22 23:51:14,811 - INFO - (ncks) extracting variable /collab1/data_untrusted/Chia-wei.Hsu/decadel_output_dir/decadal.ocean_month.i202001.e10.2021.tos.nc ...
2025-04-23 00:03:24,459 - WARNING - extracted tar file /vftmp/Chia-wei.Hsu/untar_dir/20220101.ocean_month.nc exist, skipping...
2025-04-23 00:03:24,460 - INFO - (ncks) extracting variable /collab1/data_untrusted/Chia-wei.Hsu/decadel_output_dir/decadal.ocean_month.i202001.e10.2022.tos.nc ...
2025-04-23 00:17:56,110 - WARNING - extracted tar file /vftmp/Chia-wei.Hsu/untar_dir/20230101.ocean_month.nc exist, skipping...
2025-04-23 00:17:56,111 - INFO - (ncks) extracting variable /collab1/data_untrusted/Chia-wei.Hsu/decadel_output_dir/decadal.ocean_month.i202001.e10.2023.tos.nc ...
2025-04-23 00:23:37,582 - WARNING - extracted tar file /vftmp/Chia-wei.Hsu/untar_dir/20240101.ocean_month.nc exist, skipping...
2025-04-23 00:23:37,583 - INFO - (ncks) extracting variable /collab1/data_untrusted/Chia-wei.Hsu/decadel_output_dir/decadal.ocean_month.i202001.e10.2024.tos.nc ...
2025-04-23 01:50:49,703 - WARNING - extracted tar file /vftmp/Chia-wei.Hsu/untar_dir/20250101.ocean_month.nc exist, skipping...
2025-04-23 01:50:49,704 - INFO - (ncks) extracting variable /collab1/data_untrusted/Chia-wei.Hsu/decadel_output_dir/decadal.ocean_month.i202001.e10.2025.tos.nc ...
2025-04-23 01:55:53,662 - WARNING - extracted tar file /vftmp/Chia-wei.Hsu/untar_dir/20260101.ocean_month.nc exist, skipping...
2025-04-23 01:55:53,663 - INFO - (ncks) extracting variable /collab1/data_untrusted/Chia-wei.Hsu/decadel_output_dir/decadal.ocean_month.i202001.e10.2026.tos.nc ...
2025-04-23 02:03:13,863 - WARNING - extracted tar file /vftmp/Chia-wei.Hsu/untar_dir/20270101.ocean_month.nc exist, skipping...
2025-04-23 02:03:13,864 - INFO - (ncks) extracting variable /collab1/data_untrusted/Chia-wei.Hsu/decadel_output_dir/decadal.ocean_month.i202001.e10.2027.tos.nc ...
2025-04-23 02:12:39,517 - WARNING - extracted tar file /vftmp/Chia-wei.Hsu/untar_dir/20280101.ocean_month.nc exist, skipping...
2025-04-23 02:12:39,518 - INFO - (ncks) extracting variable /collab1/data_untrusted/Chia-wei.Hsu/decadel_output_dir/decadal.ocean_month.i202001.e10.2028.tos.nc ...
2025-04-23 02:58:36,678 - WARNING - extracted tar file /vftmp/Chia-wei.Hsu/untar_dir/20290101.ocean_month.nc exist, skipping...
2025-04-23 02:58:36,679 - INFO - (ncks) extracting variable /collab1/data_untrusted/Chia-wei.Hsu/decadel_output_dir/decadal.ocean_month.i202001.e10.2029.tos.nc ...
2025-04-23 02:58:36,789 - INFO - (ncrcat) concatenating files for single variable, single ensemble, multi-lead ...
2025-04-23 02:58:41,560 - INFO - concatenated file at /collab1/data_untrusted/Chia-wei.Hsu/decadel_output_dir/decadal.ocean_month.i202001.e10.tos.nc ...
2025-04-23 02:58:41,570 - INFO - remove individual files
