2025-04-22 12:26:45,888 - INFO - === Processing variable tos ...
2025-04-22 12:26:45,889 - WARNING - concatenate file /collab1/data_untrusted/Chia-wei.Hsu/decadel_output_dir/decadal.ocean_month.i197201.e07.tos.nc exist, skipping...
2025-04-22 12:26:46,056 - INFO - === Processing variable tos ...
2025-04-22 12:26:46,056 - INFO - ===== Processing initial year 1972 initial month  1 ensamble_number  8...
2025-04-22 13:04:08,476 - WARNING - extracted tar file /vftmp/Chia-wei.Hsu/untar_dir/19720101.ocean_month.nc exist, skipping...
2025-04-22 13:04:08,477 - INFO - (ncks) extracting variable /collab1/data_untrusted/Chia-wei.Hsu/decadel_output_dir/decadal.ocean_month.i197201.e08.1972.tos.nc ...
2025-04-22 15:25:25,941 - WARNING - extracted tar file /vftmp/Chia-wei.Hsu/untar_dir/19730101.ocean_month.nc exist, skipping...
2025-04-22 15:25:25,942 - INFO - (ncks) extracting variable /collab1/data_untrusted/Chia-wei.Hsu/decadel_output_dir/decadal.ocean_month.i197201.e08.1973.tos.nc ...
2025-04-22 15:30:06,971 - WARNING - extracted tar file /vftmp/Chia-wei.Hsu/untar_dir/19740101.ocean_month.nc exist, skipping...
2025-04-22 15:30:06,972 - INFO - (ncks) extracting variable /collab1/data_untrusted/Chia-wei.Hsu/decadel_output_dir/decadal.ocean_month.i197201.e08.1974.tos.nc ...
2025-04-22 15:32:54,182 - WARNING - extracted tar file /vftmp/Chia-wei.Hsu/untar_dir/19750101.ocean_month.nc exist, skipping...
2025-04-22 15:32:54,184 - INFO - (ncks) extracting variable /collab1/data_untrusted/Chia-wei.Hsu/decadel_output_dir/decadal.ocean_month.i197201.e08.1975.tos.nc ...
2025-04-22 15:36:18,168 - WARNING - extracted tar file /vftmp/Chia-wei.Hsu/untar_dir/19760101.ocean_month.nc exist, skipping...
2025-04-22 15:36:18,169 - INFO - (ncks) extracting variable /collab1/data_untrusted/Chia-wei.Hsu/decadel_output_dir/decadal.ocean_month.i197201.e08.1976.tos.nc ...
2025-04-22 19:01:55,873 - WARNING - extracted tar file /vftmp/Chia-wei.Hsu/untar_dir/19770101.ocean_month.nc exist, skipping...
2025-04-22 19:01:55,874 - INFO - (ncks) extracting variable /collab1/data_untrusted/Chia-wei.Hsu/decadel_output_dir/decadal.ocean_month.i197201.e08.1977.tos.nc ...
2025-04-22 19:05:52,021 - WARNING - extracted tar file /vftmp/Chia-wei.Hsu/untar_dir/19780101.ocean_month.nc exist, skipping...
2025-04-22 19:05:52,021 - INFO - (ncks) extracting variable /collab1/data_untrusted/Chia-wei.Hsu/decadel_output_dir/decadal.ocean_month.i197201.e08.1978.tos.nc ...
2025-04-22 19:08:07,559 - WARNING - extracted tar file /vftmp/Chia-wei.Hsu/untar_dir/19790101.ocean_month.nc exist, skipping...
2025-04-22 19:08:07,560 - INFO - (ncks) extracting variable /collab1/data_untrusted/Chia-wei.Hsu/decadel_output_dir/decadal.ocean_month.i197201.e08.1979.tos.nc ...
2025-04-22 19:11:23,414 - WARNING - extracted tar file /vftmp/Chia-wei.Hsu/untar_dir/19800101.ocean_month.nc exist, skipping...
2025-04-22 19:11:23,415 - INFO - (ncks) extracting variable /collab1/data_untrusted/Chia-wei.Hsu/decadel_output_dir/decadal.ocean_month.i197201.e08.1980.tos.nc ...
2025-04-22 19:17:07,668 - WARNING - extracted tar file /vftmp/Chia-wei.Hsu/untar_dir/19810101.ocean_month.nc exist, skipping...
2025-04-22 19:17:07,669 - INFO - (ncks) extracting variable /collab1/data_untrusted/Chia-wei.Hsu/decadel_output_dir/decadal.ocean_month.i197201.e08.1981.tos.nc ...
2025-04-22 19:17:07,748 - INFO - (ncrcat) concatenating files for single variable, single ensemble, multi-lead ...
2025-04-22 19:17:11,293 - INFO - concatenated file at /collab1/data_untrusted/Chia-wei.Hsu/decadel_output_dir/decadal.ocean_month.i197201.e08.tos.nc ...
2025-04-22 19:17:11,305 - INFO - remove individual files
2025-04-22 19:17:11,342 - INFO - === Processing variable tos ...
2025-04-22 19:17:11,343 - INFO - ===== Processing initial year 1972 initial month  1 ensamble_number  9...
2025-04-22 19:19:38,035 - WARNING - extracted tar file /vftmp/Chia-wei.Hsu/untar_dir/19720101.ocean_month.nc exist, skipping...
2025-04-22 19:19:38,035 - INFO - (ncks) extracting variable /collab1/data_untrusted/Chia-wei.Hsu/decadel_output_dir/decadal.ocean_month.i197201.e09.1972.tos.nc ...
2025-04-22 19:23:08,805 - WARNING - extracted tar file /vftmp/Chia-wei.Hsu/untar_dir/19730101.ocean_month.nc exist, skipping...
2025-04-22 19:23:08,806 - INFO - (ncks) extracting variable /collab1/data_untrusted/Chia-wei.Hsu/decadel_output_dir/decadal.ocean_month.i197201.e09.1973.tos.nc ...
2025-04-22 19:27:04,994 - WARNING - extracted tar file /vftmp/Chia-wei.Hsu/untar_dir/19740101.ocean_month.nc exist, skipping...
2025-04-22 19:27:04,994 - INFO - (ncks) extracting variable /collab1/data_untrusted/Chia-wei.Hsu/decadel_output_dir/decadal.ocean_month.i197201.e09.1974.tos.nc ...
2025-04-22 21:54:39,040 - WARNING - extracted tar file /vftmp/Chia-wei.Hsu/untar_dir/19750101.ocean_month.nc exist, skipping...
2025-04-22 21:54:39,221 - INFO - (ncks) extracting variable /collab1/data_untrusted/Chia-wei.Hsu/decadel_output_dir/decadal.ocean_month.i197201.e09.1975.tos.nc ...
2025-04-22 22:14:50,431 - WARNING - extracted tar file /vftmp/Chia-wei.Hsu/untar_dir/19760101.ocean_month.nc exist, skipping...
2025-04-22 22:14:50,432 - INFO - (ncks) extracting variable /collab1/data_untrusted/Chia-wei.Hsu/decadel_output_dir/decadal.ocean_month.i197201.e09.1976.tos.nc ...
2025-04-22 22:20:09,144 - WARNING - extracted tar file /vftmp/Chia-wei.Hsu/untar_dir/19770101.ocean_month.nc exist, skipping...
2025-04-22 22:20:09,145 - INFO - (ncks) extracting variable /collab1/data_untrusted/Chia-wei.Hsu/decadel_output_dir/decadal.ocean_month.i197201.e09.1977.tos.nc ...
2025-04-22 22:25:12,839 - WARNING - extracted tar file /vftmp/Chia-wei.Hsu/untar_dir/19780101.ocean_month.nc exist, skipping...
2025-04-22 22:25:12,846 - INFO - (ncks) extracting variable /collab1/data_untrusted/Chia-wei.Hsu/decadel_output_dir/decadal.ocean_month.i197201.e09.1978.tos.nc ...
2025-04-23 00:08:20,119 - WARNING - extracted tar file /vftmp/Chia-wei.Hsu/untar_dir/19790101.ocean_month.nc exist, skipping...
2025-04-23 00:08:20,120 - INFO - (ncks) extracting variable /collab1/data_untrusted/Chia-wei.Hsu/decadel_output_dir/decadal.ocean_month.i197201.e09.1979.tos.nc ...
2025-04-23 00:13:12,117 - WARNING - extracted tar file /vftmp/Chia-wei.Hsu/untar_dir/19800101.ocean_month.nc exist, skipping...
2025-04-23 00:13:12,117 - INFO - (ncks) extracting variable /collab1/data_untrusted/Chia-wei.Hsu/decadel_output_dir/decadal.ocean_month.i197201.e09.1980.tos.nc ...
2025-04-23 00:23:06,569 - WARNING - extracted tar file /vftmp/Chia-wei.Hsu/untar_dir/19810101.ocean_month.nc exist, skipping...
2025-04-23 00:23:06,570 - INFO - (ncks) extracting variable /collab1/data_untrusted/Chia-wei.Hsu/decadel_output_dir/decadal.ocean_month.i197201.e09.1981.tos.nc ...
2025-04-23 00:23:06,923 - INFO - (ncrcat) concatenating files for single variable, single ensemble, multi-lead ...
2025-04-23 00:23:10,983 - INFO - concatenated file at /collab1/data_untrusted/Chia-wei.Hsu/decadel_output_dir/decadal.ocean_month.i197201.e09.tos.nc ...
2025-04-23 00:23:10,988 - INFO - remove individual files
2025-04-23 00:23:11,045 - INFO - === Processing variable tos ...
2025-04-23 00:23:11,046 - INFO - ===== Processing initial year 1972 initial month  1 ensamble_number 10...
2025-04-23 01:48:28,885 - WARNING - extracted tar file /vftmp/Chia-wei.Hsu/untar_dir/19720101.ocean_month.nc exist, skipping...
2025-04-23 01:48:28,886 - INFO - (ncks) extracting variable /collab1/data_untrusted/Chia-wei.Hsu/decadel_output_dir/decadal.ocean_month.i197201.e10.1972.tos.nc ...
2025-04-23 01:52:24,115 - WARNING - extracted tar file /vftmp/Chia-wei.Hsu/untar_dir/19730101.ocean_month.nc exist, skipping...
2025-04-23 01:52:24,116 - INFO - (ncks) extracting variable /collab1/data_untrusted/Chia-wei.Hsu/decadel_output_dir/decadal.ocean_month.i197201.e10.1973.tos.nc ...
2025-04-23 01:56:30,560 - WARNING - extracted tar file /vftmp/Chia-wei.Hsu/untar_dir/19740101.ocean_month.nc exist, skipping...
2025-04-23 01:56:30,561 - INFO - (ncks) extracting variable /collab1/data_untrusted/Chia-wei.Hsu/decadel_output_dir/decadal.ocean_month.i197201.e10.1974.tos.nc ...
2025-04-23 02:00:07,056 - WARNING - extracted tar file /vftmp/Chia-wei.Hsu/untar_dir/19750101.ocean_month.nc exist, skipping...
2025-04-23 02:00:07,057 - INFO - (ncks) extracting variable /collab1/data_untrusted/Chia-wei.Hsu/decadel_output_dir/decadal.ocean_month.i197201.e10.1975.tos.nc ...
2025-04-23 02:07:47,054 - WARNING - extracted tar file /vftmp/Chia-wei.Hsu/untar_dir/19760101.ocean_month.nc exist, skipping...
2025-04-23 02:07:47,055 - INFO - (ncks) extracting variable /collab1/data_untrusted/Chia-wei.Hsu/decadel_output_dir/decadal.ocean_month.i197201.e10.1976.tos.nc ...
2025-04-23 03:33:26,723 - WARNING - extracted tar file /vftmp/Chia-wei.Hsu/untar_dir/19770101.ocean_month.nc exist, skipping...
2025-04-23 03:33:26,725 - INFO - (ncks) extracting variable /collab1/data_untrusted/Chia-wei.Hsu/decadel_output_dir/decadal.ocean_month.i197201.e10.1977.tos.nc ...
2025-04-23 03:36:46,681 - WARNING - extracted tar file /vftmp/Chia-wei.Hsu/untar_dir/19780101.ocean_month.nc exist, skipping...
2025-04-23 03:36:46,682 - INFO - (ncks) extracting variable /collab1/data_untrusted/Chia-wei.Hsu/decadel_output_dir/decadal.ocean_month.i197201.e10.1978.tos.nc ...
2025-04-23 03:40:41,992 - WARNING - extracted tar file /vftmp/Chia-wei.Hsu/untar_dir/19790101.ocean_month.nc exist, skipping...
2025-04-23 03:40:41,992 - INFO - (ncks) extracting variable /collab1/data_untrusted/Chia-wei.Hsu/decadel_output_dir/decadal.ocean_month.i197201.e10.1979.tos.nc ...
2025-04-23 03:49:14,863 - WARNING - extracted tar file /vftmp/Chia-wei.Hsu/untar_dir/19800101.ocean_month.nc exist, skipping...
2025-04-23 03:49:14,864 - INFO - (ncks) extracting variable /collab1/data_untrusted/Chia-wei.Hsu/decadel_output_dir/decadal.ocean_month.i197201.e10.1980.tos.nc ...
2025-04-23 04:25:36,423 - WARNING - extracted tar file /vftmp/Chia-wei.Hsu/untar_dir/19810101.ocean_month.nc exist, skipping...
2025-04-23 04:25:36,424 - INFO - (ncks) extracting variable /collab1/data_untrusted/Chia-wei.Hsu/decadel_output_dir/decadal.ocean_month.i197201.e10.1981.tos.nc ...
2025-04-23 04:25:36,500 - INFO - (ncrcat) concatenating files for single variable, single ensemble, multi-lead ...
2025-04-23 04:25:40,540 - INFO - concatenated file at /collab1/data_untrusted/Chia-wei.Hsu/decadel_output_dir/decadal.ocean_month.i197201.e10.tos.nc ...
2025-04-23 04:25:40,548 - INFO - remove individual files
