2025-04-22 12:26:45,857 - INFO - === Processing variable tos ...
2025-04-22 12:26:45,858 - WARNING - concatenate file /collab1/data_untrusted/Chia-wei.Hsu/decadel_output_dir/decadal.ocean_month.i199601.e07.tos.nc exist, skipping...
2025-04-22 12:26:46,031 - INFO - === Processing variable tos ...
2025-04-22 12:26:46,031 - INFO - ===== Processing initial year 1996 initial month  1 ensamble_number  8...
2025-04-22 12:26:46,931 - WARNING - extracted tar file /vftmp/Chia-wei.Hsu/untar_dir/19960101.ocean_month.nc exist, skipping...
2025-04-22 12:26:46,932 - WARNING - extracted variable file /collab1/data_untrusted/Chia-wei.Hsu/decadel_output_dir/decadal.ocean_month.i199601.e08.1996.tos.nc exist, skipping...
2025-04-22 15:31:45,455 - WARNING - extracted tar file /vftmp/Chia-wei.Hsu/untar_dir/19970101.ocean_month.nc exist, skipping...
2025-04-22 15:31:45,456 - INFO - (ncks) extracting variable /collab1/data_untrusted/Chia-wei.Hsu/decadel_output_dir/decadal.ocean_month.i199601.e08.1997.tos.nc ...
2025-04-22 15:36:13,464 - WARNING - extracted tar file /vftmp/Chia-wei.Hsu/untar_dir/19980101.ocean_month.nc exist, skipping...
2025-04-22 15:36:13,465 - INFO - (ncks) extracting variable /collab1/data_untrusted/Chia-wei.Hsu/decadel_output_dir/decadal.ocean_month.i199601.e08.1998.tos.nc ...
2025-04-22 15:43:28,021 - WARNING - extracted tar file /vftmp/Chia-wei.Hsu/untar_dir/19990101.ocean_month.nc exist, skipping...
2025-04-22 15:43:28,022 - INFO - (ncks) extracting variable /collab1/data_untrusted/Chia-wei.Hsu/decadel_output_dir/decadal.ocean_month.i199601.e08.1999.tos.nc ...
2025-04-22 15:47:02,404 - WARNING - extracted tar file /vftmp/Chia-wei.Hsu/untar_dir/20000101.ocean_month.nc exist, skipping...
2025-04-22 15:47:02,405 - INFO - (ncks) extracting variable /collab1/data_untrusted/Chia-wei.Hsu/decadel_output_dir/decadal.ocean_month.i199601.e08.2000.tos.nc ...
2025-04-22 15:49:27,637 - WARNING - extracted tar file /vftmp/Chia-wei.Hsu/untar_dir/20010101.ocean_month.nc exist, skipping...
2025-04-22 15:49:27,639 - INFO - (ncks) extracting variable /collab1/data_untrusted/Chia-wei.Hsu/decadel_output_dir/decadal.ocean_month.i199601.e08.2001.tos.nc ...
2025-04-22 19:11:26,495 - WARNING - extracted tar file /vftmp/Chia-wei.Hsu/untar_dir/20020101.ocean_month.nc exist, skipping...
2025-04-22 19:11:26,496 - INFO - (ncks) extracting variable /collab1/data_untrusted/Chia-wei.Hsu/decadel_output_dir/decadal.ocean_month.i199601.e08.2002.tos.nc ...
2025-04-22 19:16:52,448 - WARNING - extracted tar file /vftmp/Chia-wei.Hsu/untar_dir/20030101.ocean_month.nc exist, skipping...
2025-04-22 19:16:52,449 - INFO - (ncks) extracting variable /collab1/data_untrusted/Chia-wei.Hsu/decadel_output_dir/decadal.ocean_month.i199601.e08.2003.tos.nc ...
2025-04-22 19:20:15,761 - WARNING - extracted tar file /vftmp/Chia-wei.Hsu/untar_dir/20040101.ocean_month.nc exist, skipping...
2025-04-22 19:20:15,762 - INFO - (ncks) extracting variable /collab1/data_untrusted/Chia-wei.Hsu/decadel_output_dir/decadal.ocean_month.i199601.e08.2004.tos.nc ...
2025-04-22 19:23:48,651 - WARNING - extracted tar file /vftmp/Chia-wei.Hsu/untar_dir/20050101.ocean_month.nc exist, skipping...
2025-04-22 19:23:48,652 - INFO - (ncks) extracting variable /collab1/data_untrusted/Chia-wei.Hsu/decadel_output_dir/decadal.ocean_month.i199601.e08.2005.tos.nc ...
2025-04-22 19:23:48,879 - INFO - (ncrcat) concatenating files for single variable, single ensemble, multi-lead ...
2025-04-22 19:23:53,024 - INFO - concatenated file at /collab1/data_untrusted/Chia-wei.Hsu/decadel_output_dir/decadal.ocean_month.i199601.e08.tos.nc ...
2025-04-22 19:23:53,032 - INFO - remove individual files
2025-04-22 19:23:53,033 - INFO - === Processing variable tos ...
2025-04-22 19:23:53,034 - INFO - ===== Processing initial year 1996 initial month  1 ensamble_number  9...
2025-04-22 19:28:45,167 - WARNING - extracted tar file /vftmp/Chia-wei.Hsu/untar_dir/19960101.ocean_month.nc exist, skipping...
2025-04-22 19:28:45,168 - INFO - (ncks) extracting variable /collab1/data_untrusted/Chia-wei.Hsu/decadel_output_dir/decadal.ocean_month.i199601.e09.1996.tos.nc ...
2025-04-22 19:37:02,398 - WARNING - extracted tar file /vftmp/Chia-wei.Hsu/untar_dir/19970101.ocean_month.nc exist, skipping...
2025-04-22 19:37:02,399 - INFO - (ncks) extracting variable /collab1/data_untrusted/Chia-wei.Hsu/decadel_output_dir/decadal.ocean_month.i199601.e09.1997.tos.nc ...
2025-04-22 19:41:00,158 - WARNING - extracted tar file /vftmp/Chia-wei.Hsu/untar_dir/19980101.ocean_month.nc exist, skipping...
2025-04-22 19:41:00,158 - INFO - (ncks) extracting variable /collab1/data_untrusted/Chia-wei.Hsu/decadel_output_dir/decadal.ocean_month.i199601.e09.1998.tos.nc ...
2025-04-22 22:09:16,927 - WARNING - extracted tar file /vftmp/Chia-wei.Hsu/untar_dir/19990101.ocean_month.nc exist, skipping...
2025-04-22 22:09:17,075 - INFO - (ncks) extracting variable /collab1/data_untrusted/Chia-wei.Hsu/decadel_output_dir/decadal.ocean_month.i199601.e09.1999.tos.nc ...
2025-04-22 22:14:57,054 - WARNING - extracted tar file /vftmp/Chia-wei.Hsu/untar_dir/20000101.ocean_month.nc exist, skipping...
2025-04-22 22:14:57,055 - INFO - (ncks) extracting variable /collab1/data_untrusted/Chia-wei.Hsu/decadel_output_dir/decadal.ocean_month.i199601.e09.2000.tos.nc ...
2025-04-22 22:32:21,229 - WARNING - extracted tar file /vftmp/Chia-wei.Hsu/untar_dir/20010101.ocean_month.nc exist, skipping...
2025-04-22 22:32:21,229 - INFO - (ncks) extracting variable /collab1/data_untrusted/Chia-wei.Hsu/decadel_output_dir/decadal.ocean_month.i199601.e09.2001.tos.nc ...
2025-04-22 22:36:59,664 - WARNING - extracted tar file /vftmp/Chia-wei.Hsu/untar_dir/20020101.ocean_month.nc exist, skipping...
2025-04-22 22:36:59,666 - INFO - (ncks) extracting variable /collab1/data_untrusted/Chia-wei.Hsu/decadel_output_dir/decadal.ocean_month.i199601.e09.2002.tos.nc ...
2025-04-22 22:46:14,323 - WARNING - extracted tar file /vftmp/Chia-wei.Hsu/untar_dir/20030101.ocean_month.nc exist, skipping...
2025-04-22 22:46:14,324 - INFO - (ncks) extracting variable /collab1/data_untrusted/Chia-wei.Hsu/decadel_output_dir/decadal.ocean_month.i199601.e09.2003.tos.nc ...
2025-04-23 01:05:10,587 - WARNING - extracted tar file /vftmp/Chia-wei.Hsu/untar_dir/20040101.ocean_month.nc exist, skipping...
2025-04-23 01:05:10,590 - INFO - (ncks) extracting variable /collab1/data_untrusted/Chia-wei.Hsu/decadel_output_dir/decadal.ocean_month.i199601.e09.2004.tos.nc ...
2025-04-23 01:07:43,240 - WARNING - extracted tar file /vftmp/Chia-wei.Hsu/untar_dir/20050101.ocean_month.nc exist, skipping...
2025-04-23 01:07:43,241 - INFO - (ncks) extracting variable /collab1/data_untrusted/Chia-wei.Hsu/decadel_output_dir/decadal.ocean_month.i199601.e09.2005.tos.nc ...
2025-04-23 01:07:44,932 - INFO - (ncrcat) concatenating files for single variable, single ensemble, multi-lead ...
2025-04-23 01:07:50,566 - INFO - concatenated file at /collab1/data_untrusted/Chia-wei.Hsu/decadel_output_dir/decadal.ocean_month.i199601.e09.tos.nc ...
2025-04-23 01:07:50,572 - INFO - remove individual files
2025-04-23 01:07:50,599 - INFO - === Processing variable tos ...
2025-04-23 01:07:50,600 - INFO - ===== Processing initial year 1996 initial month  1 ensamble_number 10...
2025-04-23 02:07:06,092 - WARNING - extracted tar file /vftmp/Chia-wei.Hsu/untar_dir/19960101.ocean_month.nc exist, skipping...
2025-04-23 02:07:06,093 - INFO - (ncks) extracting variable /collab1/data_untrusted/Chia-wei.Hsu/decadel_output_dir/decadal.ocean_month.i199601.e10.1996.tos.nc ...
2025-04-23 02:11:22,944 - WARNING - extracted tar file /vftmp/Chia-wei.Hsu/untar_dir/19970101.ocean_month.nc exist, skipping...
2025-04-23 02:11:22,945 - INFO - (ncks) extracting variable /collab1/data_untrusted/Chia-wei.Hsu/decadel_output_dir/decadal.ocean_month.i199601.e10.1997.tos.nc ...
2025-04-23 02:14:09,720 - WARNING - extracted tar file /vftmp/Chia-wei.Hsu/untar_dir/19980101.ocean_month.nc exist, skipping...
2025-04-23 02:14:09,721 - INFO - (ncks) extracting variable /collab1/data_untrusted/Chia-wei.Hsu/decadel_output_dir/decadal.ocean_month.i199601.e10.1998.tos.nc ...
2025-04-23 02:18:04,839 - WARNING - extracted tar file /vftmp/Chia-wei.Hsu/untar_dir/19990101.ocean_month.nc exist, skipping...
2025-04-23 02:18:04,840 - INFO - (ncks) extracting variable /collab1/data_untrusted/Chia-wei.Hsu/decadel_output_dir/decadal.ocean_month.i199601.e10.1999.tos.nc ...
2025-04-23 02:23:54,157 - WARNING - extracted tar file /vftmp/Chia-wei.Hsu/untar_dir/20000101.ocean_month.nc exist, skipping...
2025-04-23 02:23:54,158 - INFO - (ncks) extracting variable /collab1/data_untrusted/Chia-wei.Hsu/decadel_output_dir/decadal.ocean_month.i199601.e10.2000.tos.nc ...
2025-04-23 02:30:52,921 - WARNING - extracted tar file /vftmp/Chia-wei.Hsu/untar_dir/20010101.ocean_month.nc exist, skipping...
2025-04-23 02:30:52,922 - INFO - (ncks) extracting variable /collab1/data_untrusted/Chia-wei.Hsu/decadel_output_dir/decadal.ocean_month.i199601.e10.2001.tos.nc ...
2025-04-23 02:34:56,641 - WARNING - extracted tar file /vftmp/Chia-wei.Hsu/untar_dir/20020101.ocean_month.nc exist, skipping...
2025-04-23 02:34:56,642 - INFO - (ncks) extracting variable /collab1/data_untrusted/Chia-wei.Hsu/decadel_output_dir/decadal.ocean_month.i199601.e10.2002.tos.nc ...
2025-04-23 02:38:52,823 - WARNING - extracted tar file /vftmp/Chia-wei.Hsu/untar_dir/20030101.ocean_month.nc exist, skipping...
2025-04-23 02:38:52,824 - INFO - (ncks) extracting variable /collab1/data_untrusted/Chia-wei.Hsu/decadel_output_dir/decadal.ocean_month.i199601.e10.2003.tos.nc ...
2025-04-23 02:45:23,073 - WARNING - extracted tar file /vftmp/Chia-wei.Hsu/untar_dir/20040101.ocean_month.nc exist, skipping...
2025-04-23 02:45:23,074 - INFO - (ncks) extracting variable /collab1/data_untrusted/Chia-wei.Hsu/decadel_output_dir/decadal.ocean_month.i199601.e10.2004.tos.nc ...
2025-04-23 02:48:24,561 - WARNING - extracted tar file /vftmp/Chia-wei.Hsu/untar_dir/20050101.ocean_month.nc exist, skipping...
2025-04-23 02:48:24,562 - INFO - (ncks) extracting variable /collab1/data_untrusted/Chia-wei.Hsu/decadel_output_dir/decadal.ocean_month.i199601.e10.2005.tos.nc ...
2025-04-23 02:48:24,643 - INFO - (ncrcat) concatenating files for single variable, single ensemble, multi-lead ...
2025-04-23 02:48:28,162 - INFO - concatenated file at /collab1/data_untrusted/Chia-wei.Hsu/decadel_output_dir/decadal.ocean_month.i199601.e10.tos.nc ...
2025-04-23 02:48:28,173 - INFO - remove individual files
