2025-04-22 12:26:45,888 - INFO - === Processing variable tos ...
2025-04-22 12:26:45,889 - WARNING - concatenate file /collab1/data_untrusted/Chia-wei.Hsu/decadel_output_dir/decadal.ocean_month.i199301.e07.tos.nc exist, skipping...
2025-04-22 12:26:46,110 - INFO - === Processing variable tos ...
2025-04-22 12:26:46,111 - INFO - ===== Processing initial year 1993 initial month  1 ensamble_number  8...
2025-04-22 12:26:46,931 - WARNING - extracted tar file /vftmp/Chia-wei.Hsu/untar_dir/19930101.ocean_month.nc exist, skipping...
2025-04-22 12:26:46,940 - WARNING - extracted variable file /collab1/data_untrusted/Chia-wei.Hsu/decadel_output_dir/decadal.ocean_month.i199301.e08.1993.tos.nc exist, skipping...
2025-04-22 12:26:47,214 - WARNING - extracted tar file /vftmp/Chia-wei.Hsu/untar_dir/19940101.ocean_month.nc exist, skipping...
2025-04-22 12:26:47,215 - WARNING - extracted variable file /collab1/data_untrusted/Chia-wei.Hsu/decadel_output_dir/decadal.ocean_month.i199301.e08.1994.tos.nc exist, skipping...
2025-04-22 12:26:47,470 - WARNING - extracted tar file /vftmp/Chia-wei.Hsu/untar_dir/19950101.ocean_month.nc exist, skipping...
2025-04-22 12:26:47,470 - WARNING - extracted variable file /collab1/data_untrusted/Chia-wei.Hsu/decadel_output_dir/decadal.ocean_month.i199301.e08.1995.tos.nc exist, skipping...
2025-04-22 12:26:47,720 - WARNING - extracted tar file /vftmp/Chia-wei.Hsu/untar_dir/19960101.ocean_month.nc exist, skipping...
2025-04-22 12:26:47,721 - WARNING - extracted variable file /collab1/data_untrusted/Chia-wei.Hsu/decadel_output_dir/decadal.ocean_month.i199301.e08.1996.tos.nc exist, skipping...
2025-04-22 15:37:21,246 - WARNING - extracted tar file /vftmp/Chia-wei.Hsu/untar_dir/19970101.ocean_month.nc exist, skipping...
2025-04-22 15:37:21,247 - INFO - (ncks) extracting variable /collab1/data_untrusted/Chia-wei.Hsu/decadel_output_dir/decadal.ocean_month.i199301.e08.1997.tos.nc ...
2025-04-22 15:48:13,126 - WARNING - extracted tar file /vftmp/Chia-wei.Hsu/untar_dir/19980101.ocean_month.nc exist, skipping...
2025-04-22 15:48:13,127 - INFO - (ncks) extracting variable /collab1/data_untrusted/Chia-wei.Hsu/decadel_output_dir/decadal.ocean_month.i199301.e08.1998.tos.nc ...
2025-04-22 15:50:39,312 - WARNING - extracted tar file /vftmp/Chia-wei.Hsu/untar_dir/19990101.ocean_month.nc exist, skipping...
2025-04-22 15:50:39,313 - INFO - (ncks) extracting variable /collab1/data_untrusted/Chia-wei.Hsu/decadel_output_dir/decadal.ocean_month.i199301.e08.1999.tos.nc ...
2025-04-22 16:11:26,281 - WARNING - extracted tar file /vftmp/Chia-wei.Hsu/untar_dir/20000101.ocean_month.nc exist, skipping...
2025-04-22 16:11:26,282 - INFO - (ncks) extracting variable /collab1/data_untrusted/Chia-wei.Hsu/decadel_output_dir/decadal.ocean_month.i199301.e08.2000.tos.nc ...
2025-04-22 16:15:23,063 - WARNING - extracted tar file /vftmp/Chia-wei.Hsu/untar_dir/20010101.ocean_month.nc exist, skipping...
2025-04-22 16:15:23,063 - INFO - (ncks) extracting variable /collab1/data_untrusted/Chia-wei.Hsu/decadel_output_dir/decadal.ocean_month.i199301.e08.2001.tos.nc ...
2025-04-22 19:30:18,272 - WARNING - extracted tar file /vftmp/Chia-wei.Hsu/untar_dir/20020101.ocean_month.nc exist, skipping...
2025-04-22 19:30:18,273 - INFO - (ncks) extracting variable /collab1/data_untrusted/Chia-wei.Hsu/decadel_output_dir/decadal.ocean_month.i199301.e08.2002.tos.nc ...
2025-04-22 19:30:18,348 - INFO - (ncrcat) concatenating files for single variable, single ensemble, multi-lead ...
2025-04-22 19:30:21,433 - INFO - concatenated file at /collab1/data_untrusted/Chia-wei.Hsu/decadel_output_dir/decadal.ocean_month.i199301.e08.tos.nc ...
2025-04-22 19:30:21,451 - INFO - remove individual files
2025-04-22 19:30:21,484 - INFO - === Processing variable tos ...
2025-04-22 19:30:21,484 - INFO - ===== Processing initial year 1993 initial month  1 ensamble_number  9...
2025-04-22 19:37:20,130 - WARNING - extracted tar file /vftmp/Chia-wei.Hsu/untar_dir/19930101.ocean_month.nc exist, skipping...
2025-04-22 19:37:20,131 - INFO - (ncks) extracting variable /collab1/data_untrusted/Chia-wei.Hsu/decadel_output_dir/decadal.ocean_month.i199301.e09.1993.tos.nc ...
2025-04-22 19:47:01,679 - WARNING - extracted tar file /vftmp/Chia-wei.Hsu/untar_dir/19940101.ocean_month.nc exist, skipping...
2025-04-22 19:47:01,680 - INFO - (ncks) extracting variable /collab1/data_untrusted/Chia-wei.Hsu/decadel_output_dir/decadal.ocean_month.i199301.e09.1994.tos.nc ...
2025-04-22 19:50:34,529 - WARNING - extracted tar file /vftmp/Chia-wei.Hsu/untar_dir/19950101.ocean_month.nc exist, skipping...
2025-04-22 19:50:34,529 - INFO - (ncks) extracting variable /collab1/data_untrusted/Chia-wei.Hsu/decadel_output_dir/decadal.ocean_month.i199301.e09.1995.tos.nc ...
2025-04-22 22:12:20,536 - WARNING - extracted tar file /vftmp/Chia-wei.Hsu/untar_dir/19960101.ocean_month.nc exist, skipping...
2025-04-22 22:12:20,683 - INFO - (ncks) extracting variable /collab1/data_untrusted/Chia-wei.Hsu/decadel_output_dir/decadal.ocean_month.i199301.e09.1996.tos.nc ...
2025-04-22 23:00:54,157 - WARNING - extracted tar file /vftmp/Chia-wei.Hsu/untar_dir/19970101.ocean_month.nc exist, skipping...
2025-04-22 23:00:54,159 - INFO - (ncks) extracting variable /collab1/data_untrusted/Chia-wei.Hsu/decadel_output_dir/decadal.ocean_month.i199301.e09.1997.tos.nc ...
2025-04-22 23:07:46,275 - WARNING - extracted tar file /vftmp/Chia-wei.Hsu/untar_dir/19980101.ocean_month.nc exist, skipping...
2025-04-22 23:07:46,276 - INFO - (ncks) extracting variable /collab1/data_untrusted/Chia-wei.Hsu/decadel_output_dir/decadal.ocean_month.i199301.e09.1998.tos.nc ...
2025-04-22 23:18:09,579 - WARNING - extracted tar file /vftmp/Chia-wei.Hsu/untar_dir/19990101.ocean_month.nc exist, skipping...
2025-04-22 23:18:09,580 - INFO - (ncks) extracting variable /collab1/data_untrusted/Chia-wei.Hsu/decadel_output_dir/decadal.ocean_month.i199301.e09.1999.tos.nc ...
2025-04-23 00:25:54,096 - WARNING - extracted tar file /vftmp/Chia-wei.Hsu/untar_dir/20000101.ocean_month.nc exist, skipping...
2025-04-23 00:25:54,097 - INFO - (ncks) extracting variable /collab1/data_untrusted/Chia-wei.Hsu/decadel_output_dir/decadal.ocean_month.i199301.e09.2000.tos.nc ...
2025-04-23 00:28:43,331 - WARNING - extracted tar file /vftmp/Chia-wei.Hsu/untar_dir/20010101.ocean_month.nc exist, skipping...
2025-04-23 00:28:43,332 - INFO - (ncks) extracting variable /collab1/data_untrusted/Chia-wei.Hsu/decadel_output_dir/decadal.ocean_month.i199301.e09.2001.tos.nc ...
2025-04-23 00:39:49,465 - WARNING - extracted tar file /vftmp/Chia-wei.Hsu/untar_dir/20020101.ocean_month.nc exist, skipping...
2025-04-23 00:39:49,466 - INFO - (ncks) extracting variable /collab1/data_untrusted/Chia-wei.Hsu/decadel_output_dir/decadal.ocean_month.i199301.e09.2002.tos.nc ...
2025-04-23 00:39:49,916 - INFO - (ncrcat) concatenating files for single variable, single ensemble, multi-lead ...
2025-04-23 00:39:53,938 - INFO - concatenated file at /collab1/data_untrusted/Chia-wei.Hsu/decadel_output_dir/decadal.ocean_month.i199301.e09.tos.nc ...
2025-04-23 00:39:53,946 - INFO - remove individual files
2025-04-23 00:39:53,975 - INFO - === Processing variable tos ...
2025-04-23 00:39:53,976 - INFO - ===== Processing initial year 1993 initial month  1 ensamble_number 10...
2025-04-23 00:42:39,372 - WARNING - extracted tar file /vftmp/Chia-wei.Hsu/untar_dir/19930101.ocean_month.nc exist, skipping...
2025-04-23 00:42:39,373 - INFO - (ncks) extracting variable /collab1/data_untrusted/Chia-wei.Hsu/decadel_output_dir/decadal.ocean_month.i199301.e10.1993.tos.nc ...
2025-04-23 02:05:01,267 - WARNING - extracted tar file /vftmp/Chia-wei.Hsu/untar_dir/19940101.ocean_month.nc exist, skipping...
2025-04-23 02:05:01,268 - INFO - (ncks) extracting variable /collab1/data_untrusted/Chia-wei.Hsu/decadel_output_dir/decadal.ocean_month.i199301.e10.1994.tos.nc ...
2025-04-23 02:08:00,905 - WARNING - extracted tar file /vftmp/Chia-wei.Hsu/untar_dir/19950101.ocean_month.nc exist, skipping...
2025-04-23 02:08:00,906 - INFO - (ncks) extracting variable /collab1/data_untrusted/Chia-wei.Hsu/decadel_output_dir/decadal.ocean_month.i199301.e10.1995.tos.nc ...
2025-04-23 02:20:35,770 - WARNING - extracted tar file /vftmp/Chia-wei.Hsu/untar_dir/19960101.ocean_month.nc exist, skipping...
2025-04-23 02:20:35,771 - INFO - (ncks) extracting variable /collab1/data_untrusted/Chia-wei.Hsu/decadel_output_dir/decadal.ocean_month.i199301.e10.1996.tos.nc ...
2025-04-23 02:26:14,847 - WARNING - extracted tar file /vftmp/Chia-wei.Hsu/untar_dir/19970101.ocean_month.nc exist, skipping...
2025-04-23 02:26:14,848 - INFO - (ncks) extracting variable /collab1/data_untrusted/Chia-wei.Hsu/decadel_output_dir/decadal.ocean_month.i199301.e10.1997.tos.nc ...
2025-04-23 02:28:47,749 - WARNING - extracted tar file /vftmp/Chia-wei.Hsu/untar_dir/19980101.ocean_month.nc exist, skipping...
2025-04-23 02:28:47,750 - INFO - (ncks) extracting variable /collab1/data_untrusted/Chia-wei.Hsu/decadel_output_dir/decadal.ocean_month.i199301.e10.1998.tos.nc ...
2025-04-23 02:32:10,274 - WARNING - extracted tar file /vftmp/Chia-wei.Hsu/untar_dir/19990101.ocean_month.nc exist, skipping...
2025-04-23 02:32:10,275 - INFO - (ncks) extracting variable /collab1/data_untrusted/Chia-wei.Hsu/decadel_output_dir/decadal.ocean_month.i199301.e10.1999.tos.nc ...
2025-04-23 02:35:52,289 - WARNING - extracted tar file /vftmp/Chia-wei.Hsu/untar_dir/20000101.ocean_month.nc exist, skipping...
2025-04-23 02:35:52,290 - INFO - (ncks) extracting variable /collab1/data_untrusted/Chia-wei.Hsu/decadel_output_dir/decadal.ocean_month.i199301.e10.2000.tos.nc ...
2025-04-23 03:14:10,471 - WARNING - extracted tar file /vftmp/Chia-wei.Hsu/untar_dir/20010101.ocean_month.nc exist, skipping...
2025-04-23 03:14:10,472 - INFO - (ncks) extracting variable /collab1/data_untrusted/Chia-wei.Hsu/decadel_output_dir/decadal.ocean_month.i199301.e10.2001.tos.nc ...
2025-04-23 03:16:44,483 - WARNING - extracted tar file /vftmp/Chia-wei.Hsu/untar_dir/20020101.ocean_month.nc exist, skipping...
2025-04-23 03:16:44,484 - INFO - (ncks) extracting variable /collab1/data_untrusted/Chia-wei.Hsu/decadel_output_dir/decadal.ocean_month.i199301.e10.2002.tos.nc ...
2025-04-23 03:16:44,566 - INFO - (ncrcat) concatenating files for single variable, single ensemble, multi-lead ...
2025-04-23 03:16:49,877 - INFO - concatenated file at /collab1/data_untrusted/Chia-wei.Hsu/decadel_output_dir/decadal.ocean_month.i199301.e10.tos.nc ...
2025-04-23 03:16:49,890 - INFO - remove individual files
