2025-04-22 12:26:45,751 - INFO - === Processing variable tos ...
2025-04-22 12:26:45,752 - WARNING - concatenate file /collab1/data_untrusted/Chia-wei.Hsu/decadel_output_dir/decadal.ocean_month.i200101.e07.tos.nc exist, skipping...
2025-04-22 12:26:46,028 - INFO - === Processing variable tos ...
2025-04-22 12:26:46,029 - INFO - ===== Processing initial year 2001 initial month  1 ensamble_number  8...
2025-04-22 12:26:46,931 - WARNING - extracted tar file /vftmp/Chia-wei.Hsu/untar_dir/20010101.ocean_month.nc exist, skipping...
2025-04-22 12:26:46,932 - WARNING - extracted variable file /collab1/data_untrusted/Chia-wei.Hsu/decadel_output_dir/decadal.ocean_month.i200101.e08.2001.tos.nc exist, skipping...
2025-04-22 12:26:47,205 - WARNING - extracted tar file /vftmp/Chia-wei.Hsu/untar_dir/20020101.ocean_month.nc exist, skipping...
2025-04-22 12:26:47,205 - WARNING - extracted variable file /collab1/data_untrusted/Chia-wei.Hsu/decadel_output_dir/decadal.ocean_month.i200101.e08.2002.tos.nc exist, skipping...
2025-04-22 12:59:32,997 - WARNING - extracted tar file /vftmp/Chia-wei.Hsu/untar_dir/20030101.ocean_month.nc exist, skipping...
2025-04-22 12:59:32,998 - INFO - (ncks) extracting variable /collab1/data_untrusted/Chia-wei.Hsu/decadel_output_dir/decadal.ocean_month.i200101.e08.2003.tos.nc ...
2025-04-22 13:03:51,199 - WARNING - extracted tar file /vftmp/Chia-wei.Hsu/untar_dir/20040101.ocean_month.nc exist, skipping...
2025-04-22 13:03:51,200 - INFO - (ncks) extracting variable /collab1/data_untrusted/Chia-wei.Hsu/decadel_output_dir/decadal.ocean_month.i200101.e08.2004.tos.nc ...
2025-04-22 13:15:59,585 - WARNING - extracted tar file /vftmp/Chia-wei.Hsu/untar_dir/20050101.ocean_month.nc exist, skipping...
2025-04-22 13:15:59,586 - INFO - (ncks) extracting variable /collab1/data_untrusted/Chia-wei.Hsu/decadel_output_dir/decadal.ocean_month.i200101.e08.2005.tos.nc ...
2025-04-22 16:43:05,105 - WARNING - extracted tar file /vftmp/Chia-wei.Hsu/untar_dir/20060101.ocean_month.nc exist, skipping...
2025-04-22 16:43:05,106 - INFO - (ncks) extracting variable /collab1/data_untrusted/Chia-wei.Hsu/decadel_output_dir/decadal.ocean_month.i200101.e08.2006.tos.nc ...
2025-04-22 16:46:50,980 - WARNING - extracted tar file /vftmp/Chia-wei.Hsu/untar_dir/20070101.ocean_month.nc exist, skipping...
2025-04-22 16:46:50,981 - INFO - (ncks) extracting variable /collab1/data_untrusted/Chia-wei.Hsu/decadel_output_dir/decadal.ocean_month.i200101.e08.2007.tos.nc ...
2025-04-22 16:50:45,369 - WARNING - extracted tar file /vftmp/Chia-wei.Hsu/untar_dir/20080101.ocean_month.nc exist, skipping...
2025-04-22 16:50:45,370 - INFO - (ncks) extracting variable /collab1/data_untrusted/Chia-wei.Hsu/decadel_output_dir/decadal.ocean_month.i200101.e08.2008.tos.nc ...
2025-04-22 18:29:56,035 - WARNING - extracted tar file /vftmp/Chia-wei.Hsu/untar_dir/20090101.ocean_month.nc exist, skipping...
2025-04-22 18:29:56,036 - INFO - (ncks) extracting variable /collab1/data_untrusted/Chia-wei.Hsu/decadel_output_dir/decadal.ocean_month.i200101.e08.2009.tos.nc ...
2025-04-22 18:32:52,912 - WARNING - extracted tar file /vftmp/Chia-wei.Hsu/untar_dir/20100101.ocean_month.nc exist, skipping...
2025-04-22 18:32:52,913 - INFO - (ncks) extracting variable /collab1/data_untrusted/Chia-wei.Hsu/decadel_output_dir/decadal.ocean_month.i200101.e08.2010.tos.nc ...
2025-04-22 18:32:52,992 - INFO - (ncrcat) concatenating files for single variable, single ensemble, multi-lead ...
2025-04-22 18:33:01,893 - INFO - concatenated file at /collab1/data_untrusted/Chia-wei.Hsu/decadel_output_dir/decadal.ocean_month.i200101.e08.tos.nc ...
2025-04-22 18:33:01,904 - INFO - remove individual files
2025-04-22 18:33:01,905 - INFO - === Processing variable tos ...
2025-04-22 18:33:01,905 - INFO - ===== Processing initial year 2001 initial month  1 ensamble_number  9...
2025-04-22 18:35:49,945 - WARNING - extracted tar file /vftmp/Chia-wei.Hsu/untar_dir/20010101.ocean_month.nc exist, skipping...
2025-04-22 18:35:49,946 - INFO - (ncks) extracting variable /collab1/data_untrusted/Chia-wei.Hsu/decadel_output_dir/decadal.ocean_month.i200101.e09.2001.tos.nc ...
2025-04-22 19:19:34,829 - WARNING - extracted tar file /vftmp/Chia-wei.Hsu/untar_dir/20020101.ocean_month.nc exist, skipping...
2025-04-22 19:19:34,829 - INFO - (ncks) extracting variable /collab1/data_untrusted/Chia-wei.Hsu/decadel_output_dir/decadal.ocean_month.i200101.e09.2002.tos.nc ...
2025-04-22 19:22:58,229 - WARNING - extracted tar file /vftmp/Chia-wei.Hsu/untar_dir/20030101.ocean_month.nc exist, skipping...
2025-04-22 19:22:58,230 - INFO - (ncks) extracting variable /collab1/data_untrusted/Chia-wei.Hsu/decadel_output_dir/decadal.ocean_month.i200101.e09.2003.tos.nc ...
2025-04-22 19:24:44,566 - WARNING - extracted tar file /vftmp/Chia-wei.Hsu/untar_dir/20040101.ocean_month.nc exist, skipping...
2025-04-22 19:24:44,568 - INFO - (ncks) extracting variable /collab1/data_untrusted/Chia-wei.Hsu/decadel_output_dir/decadal.ocean_month.i200101.e09.2004.tos.nc ...
2025-04-22 19:28:12,836 - WARNING - extracted tar file /vftmp/Chia-wei.Hsu/untar_dir/20050101.ocean_month.nc exist, skipping...
2025-04-22 19:28:12,836 - INFO - (ncks) extracting variable /collab1/data_untrusted/Chia-wei.Hsu/decadel_output_dir/decadal.ocean_month.i200101.e09.2005.tos.nc ...
2025-04-22 19:34:28,130 - WARNING - extracted tar file /vftmp/Chia-wei.Hsu/untar_dir/20060101.ocean_month.nc exist, skipping...
2025-04-22 19:34:28,131 - INFO - (ncks) extracting variable /collab1/data_untrusted/Chia-wei.Hsu/decadel_output_dir/decadal.ocean_month.i200101.e09.2006.tos.nc ...
2025-04-22 19:40:51,946 - WARNING - extracted tar file /vftmp/Chia-wei.Hsu/untar_dir/20070101.ocean_month.nc exist, skipping...
2025-04-22 19:40:51,947 - INFO - (ncks) extracting variable /collab1/data_untrusted/Chia-wei.Hsu/decadel_output_dir/decadal.ocean_month.i200101.e09.2007.tos.nc ...
2025-04-22 21:54:57,554 - WARNING - extracted tar file /vftmp/Chia-wei.Hsu/untar_dir/20080101.ocean_month.nc exist, skipping...
2025-04-22 21:54:57,734 - INFO - (ncks) extracting variable /collab1/data_untrusted/Chia-wei.Hsu/decadel_output_dir/decadal.ocean_month.i200101.e09.2008.tos.nc ...
2025-04-22 22:48:08,062 - WARNING - extracted tar file /vftmp/Chia-wei.Hsu/untar_dir/20090101.ocean_month.nc exist, skipping...
2025-04-22 22:48:08,065 - INFO - (ncks) extracting variable /collab1/data_untrusted/Chia-wei.Hsu/decadel_output_dir/decadal.ocean_month.i200101.e09.2009.tos.nc ...
2025-04-22 22:51:12,763 - WARNING - extracted tar file /vftmp/Chia-wei.Hsu/untar_dir/20100101.ocean_month.nc exist, skipping...
2025-04-22 22:51:12,764 - INFO - (ncks) extracting variable /collab1/data_untrusted/Chia-wei.Hsu/decadel_output_dir/decadal.ocean_month.i200101.e09.2010.tos.nc ...
2025-04-22 22:51:13,441 - INFO - (ncrcat) concatenating files for single variable, single ensemble, multi-lead ...
2025-04-22 22:51:20,179 - INFO - concatenated file at /collab1/data_untrusted/Chia-wei.Hsu/decadel_output_dir/decadal.ocean_month.i200101.e09.tos.nc ...
2025-04-22 22:51:20,187 - INFO - remove individual files
2025-04-22 22:51:20,238 - INFO - === Processing variable tos ...
2025-04-22 22:51:20,239 - INFO - ===== Processing initial year 2001 initial month  1 ensamble_number 10...
2025-04-22 22:54:09,025 - WARNING - extracted tar file /vftmp/Chia-wei.Hsu/untar_dir/20010101.ocean_month.nc exist, skipping...
2025-04-22 22:54:09,026 - INFO - (ncks) extracting variable /collab1/data_untrusted/Chia-wei.Hsu/decadel_output_dir/decadal.ocean_month.i200101.e10.2001.tos.nc ...
2025-04-22 22:56:01,392 - WARNING - extracted tar file /vftmp/Chia-wei.Hsu/untar_dir/20020101.ocean_month.nc exist, skipping...
2025-04-22 22:56:01,394 - INFO - (ncks) extracting variable /collab1/data_untrusted/Chia-wei.Hsu/decadel_output_dir/decadal.ocean_month.i200101.e10.2002.tos.nc ...
2025-04-23 00:12:49,791 - WARNING - extracted tar file /vftmp/Chia-wei.Hsu/untar_dir/20030101.ocean_month.nc exist, skipping...
2025-04-23 00:12:49,792 - INFO - (ncks) extracting variable /collab1/data_untrusted/Chia-wei.Hsu/decadel_output_dir/decadal.ocean_month.i200101.e10.2003.tos.nc ...
2025-04-23 00:17:04,326 - WARNING - extracted tar file /vftmp/Chia-wei.Hsu/untar_dir/20040101.ocean_month.nc exist, skipping...
2025-04-23 00:17:04,327 - INFO - (ncks) extracting variable /collab1/data_untrusted/Chia-wei.Hsu/decadel_output_dir/decadal.ocean_month.i200101.e10.2004.tos.nc ...
2025-04-23 00:21:08,368 - WARNING - extracted tar file /vftmp/Chia-wei.Hsu/untar_dir/20050101.ocean_month.nc exist, skipping...
2025-04-23 00:21:08,368 - INFO - (ncks) extracting variable /collab1/data_untrusted/Chia-wei.Hsu/decadel_output_dir/decadal.ocean_month.i200101.e10.2005.tos.nc ...
2025-04-23 00:26:39,150 - WARNING - extracted tar file /vftmp/Chia-wei.Hsu/untar_dir/20060101.ocean_month.nc exist, skipping...
2025-04-23 00:26:39,152 - INFO - (ncks) extracting variable /collab1/data_untrusted/Chia-wei.Hsu/decadel_output_dir/decadal.ocean_month.i200101.e10.2006.tos.nc ...
2025-04-23 01:57:52,033 - WARNING - extracted tar file /vftmp/Chia-wei.Hsu/untar_dir/20070101.ocean_month.nc exist, skipping...
2025-04-23 01:57:52,034 - INFO - (ncks) extracting variable /collab1/data_untrusted/Chia-wei.Hsu/decadel_output_dir/decadal.ocean_month.i200101.e10.2007.tos.nc ...
2025-04-23 02:02:31,724 - WARNING - extracted tar file /vftmp/Chia-wei.Hsu/untar_dir/20080101.ocean_month.nc exist, skipping...
2025-04-23 02:02:31,724 - INFO - (ncks) extracting variable /collab1/data_untrusted/Chia-wei.Hsu/decadel_output_dir/decadal.ocean_month.i200101.e10.2008.tos.nc ...
2025-04-23 02:04:52,079 - WARNING - extracted tar file /vftmp/Chia-wei.Hsu/untar_dir/20090101.ocean_month.nc exist, skipping...
2025-04-23 02:04:52,080 - INFO - (ncks) extracting variable /collab1/data_untrusted/Chia-wei.Hsu/decadel_output_dir/decadal.ocean_month.i200101.e10.2009.tos.nc ...
2025-04-23 02:07:23,785 - WARNING - extracted tar file /vftmp/Chia-wei.Hsu/untar_dir/20100101.ocean_month.nc exist, skipping...
2025-04-23 02:07:23,786 - INFO - (ncks) extracting variable /collab1/data_untrusted/Chia-wei.Hsu/decadel_output_dir/decadal.ocean_month.i200101.e10.2010.tos.nc ...
2025-04-23 02:07:23,871 - INFO - (ncrcat) concatenating files for single variable, single ensemble, multi-lead ...
2025-04-23 02:07:27,296 - INFO - concatenated file at /collab1/data_untrusted/Chia-wei.Hsu/decadel_output_dir/decadal.ocean_month.i200101.e10.tos.nc ...
2025-04-23 02:07:27,304 - INFO - remove individual files
