2025-04-22 12:26:45,903 - INFO - === Processing variable tos ...
2025-04-22 12:26:45,904 - WARNING - concatenate file /collab1/data_untrusted/Chia-wei.Hsu/decadel_output_dir/decadal.ocean_month.i196801.e07.tos.nc exist, skipping...
2025-04-22 12:26:46,270 - INFO - === Processing variable tos ...
2025-04-22 12:26:46,270 - INFO - ===== Processing initial year 1968 initial month  1 ensamble_number  8...
2025-04-22 13:23:40,674 - WARNING - extracted tar file /vftmp/Chia-wei.Hsu/untar_dir/19680101.ocean_month.nc exist, skipping...
2025-04-22 13:23:40,674 - INFO - (ncks) extracting variable /collab1/data_untrusted/Chia-wei.Hsu/decadel_output_dir/decadal.ocean_month.i196801.e08.1968.tos.nc ...
2025-04-22 16:47:24,856 - WARNING - extracted tar file /vftmp/Chia-wei.Hsu/untar_dir/19690101.ocean_month.nc exist, skipping...
2025-04-22 16:47:24,857 - INFO - (ncks) extracting variable /collab1/data_untrusted/Chia-wei.Hsu/decadel_output_dir/decadal.ocean_month.i196801.e08.1969.tos.nc ...
2025-04-22 16:55:11,952 - WARNING - extracted tar file /vftmp/Chia-wei.Hsu/untar_dir/19700101.ocean_month.nc exist, skipping...
2025-04-22 16:55:11,953 - INFO - (ncks) extracting variable /collab1/data_untrusted/Chia-wei.Hsu/decadel_output_dir/decadal.ocean_month.i196801.e08.1970.tos.nc ...
2025-04-22 16:57:51,905 - WARNING - extracted tar file /vftmp/Chia-wei.Hsu/untar_dir/19710101.ocean_month.nc exist, skipping...
2025-04-22 16:57:51,906 - INFO - (ncks) extracting variable /collab1/data_untrusted/Chia-wei.Hsu/decadel_output_dir/decadal.ocean_month.i196801.e08.1971.tos.nc ...
2025-04-22 17:01:42,788 - WARNING - extracted tar file /vftmp/Chia-wei.Hsu/untar_dir/19720101.ocean_month.nc exist, skipping...
2025-04-22 17:01:42,788 - INFO - (ncks) extracting variable /collab1/data_untrusted/Chia-wei.Hsu/decadel_output_dir/decadal.ocean_month.i196801.e08.1972.tos.nc ...
2025-04-22 17:05:38,699 - WARNING - extracted tar file /vftmp/Chia-wei.Hsu/untar_dir/19730101.ocean_month.nc exist, skipping...
2025-04-22 17:05:38,699 - INFO - (ncks) extracting variable /collab1/data_untrusted/Chia-wei.Hsu/decadel_output_dir/decadal.ocean_month.i196801.e08.1973.tos.nc ...
2025-04-22 19:59:16,164 - WARNING - extracted tar file /vftmp/Chia-wei.Hsu/untar_dir/19740101.ocean_month.nc exist, skipping...
2025-04-22 19:59:16,293 - INFO - (ncks) extracting variable /collab1/data_untrusted/Chia-wei.Hsu/decadel_output_dir/decadal.ocean_month.i196801.e08.1974.tos.nc ...
2025-04-22 20:02:16,720 - WARNING - extracted tar file /vftmp/Chia-wei.Hsu/untar_dir/19750101.ocean_month.nc exist, skipping...
2025-04-22 20:02:16,721 - INFO - (ncks) extracting variable /collab1/data_untrusted/Chia-wei.Hsu/decadel_output_dir/decadal.ocean_month.i196801.e08.1975.tos.nc ...
2025-04-22 20:07:36,473 - WARNING - extracted tar file /vftmp/Chia-wei.Hsu/untar_dir/19760101.ocean_month.nc exist, skipping...
2025-04-22 20:07:36,474 - INFO - (ncks) extracting variable /collab1/data_untrusted/Chia-wei.Hsu/decadel_output_dir/decadal.ocean_month.i196801.e08.1976.tos.nc ...
2025-04-22 22:15:20,598 - WARNING - extracted tar file /vftmp/Chia-wei.Hsu/untar_dir/19770101.ocean_month.nc exist, skipping...
2025-04-22 22:15:20,710 - INFO - (ncks) extracting variable /collab1/data_untrusted/Chia-wei.Hsu/decadel_output_dir/decadal.ocean_month.i196801.e08.1977.tos.nc ...
2025-04-22 22:15:21,228 - INFO - (ncrcat) concatenating files for single variable, single ensemble, multi-lead ...
2025-04-22 22:15:27,923 - INFO - concatenated file at /collab1/data_untrusted/Chia-wei.Hsu/decadel_output_dir/decadal.ocean_month.i196801.e08.tos.nc ...
2025-04-22 22:15:28,539 - INFO - remove individual files
2025-04-22 22:15:28,681 - INFO - === Processing variable tos ...
2025-04-22 22:15:28,681 - INFO - ===== Processing initial year 1968 initial month  1 ensamble_number  9...
2025-04-22 22:31:17,632 - WARNING - extracted tar file /vftmp/Chia-wei.Hsu/untar_dir/19680101.ocean_month.nc exist, skipping...
2025-04-22 22:31:17,633 - INFO - (ncks) extracting variable /collab1/data_untrusted/Chia-wei.Hsu/decadel_output_dir/decadal.ocean_month.i196801.e09.1968.tos.nc ...
2025-04-22 22:34:50,481 - WARNING - extracted tar file /vftmp/Chia-wei.Hsu/untar_dir/19690101.ocean_month.nc exist, skipping...
2025-04-22 22:34:50,487 - INFO - (ncks) extracting variable /collab1/data_untrusted/Chia-wei.Hsu/decadel_output_dir/decadal.ocean_month.i196801.e09.1969.tos.nc ...
2025-04-23 00:43:10,021 - WARNING - extracted tar file /vftmp/Chia-wei.Hsu/untar_dir/19700101.ocean_month.nc exist, skipping...
2025-04-23 00:43:10,023 - INFO - (ncks) extracting variable /collab1/data_untrusted/Chia-wei.Hsu/decadel_output_dir/decadal.ocean_month.i196801.e09.1970.tos.nc ...
2025-04-23 00:49:50,679 - WARNING - extracted tar file /vftmp/Chia-wei.Hsu/untar_dir/19710101.ocean_month.nc exist, skipping...
2025-04-23 00:49:50,680 - INFO - (ncks) extracting variable /collab1/data_untrusted/Chia-wei.Hsu/decadel_output_dir/decadal.ocean_month.i196801.e09.1971.tos.nc ...
2025-04-23 02:19:06,944 - WARNING - extracted tar file /vftmp/Chia-wei.Hsu/untar_dir/19720101.ocean_month.nc exist, skipping...
2025-04-23 02:19:06,945 - INFO - (ncks) extracting variable /collab1/data_untrusted/Chia-wei.Hsu/decadel_output_dir/decadal.ocean_month.i196801.e09.1972.tos.nc ...
2025-04-23 02:26:21,600 - WARNING - extracted tar file /vftmp/Chia-wei.Hsu/untar_dir/19730101.ocean_month.nc exist, skipping...
2025-04-23 02:26:21,601 - INFO - (ncks) extracting variable /collab1/data_untrusted/Chia-wei.Hsu/decadel_output_dir/decadal.ocean_month.i196801.e09.1973.tos.nc ...
2025-04-23 02:30:16,948 - WARNING - extracted tar file /vftmp/Chia-wei.Hsu/untar_dir/19740101.ocean_month.nc exist, skipping...
2025-04-23 02:30:16,949 - INFO - (ncks) extracting variable /collab1/data_untrusted/Chia-wei.Hsu/decadel_output_dir/decadal.ocean_month.i196801.e09.1974.tos.nc ...
2025-04-23 02:34:35,432 - WARNING - extracted tar file /vftmp/Chia-wei.Hsu/untar_dir/19750101.ocean_month.nc exist, skipping...
2025-04-23 02:34:35,432 - INFO - (ncks) extracting variable /collab1/data_untrusted/Chia-wei.Hsu/decadel_output_dir/decadal.ocean_month.i196801.e09.1975.tos.nc ...
2025-04-23 03:34:34,609 - WARNING - extracted tar file /vftmp/Chia-wei.Hsu/untar_dir/19760101.ocean_month.nc exist, skipping...
2025-04-23 03:34:34,610 - INFO - (ncks) extracting variable /collab1/data_untrusted/Chia-wei.Hsu/decadel_output_dir/decadal.ocean_month.i196801.e09.1976.tos.nc ...
2025-04-23 04:03:00,002 - WARNING - extracted tar file /vftmp/Chia-wei.Hsu/untar_dir/19770101.ocean_month.nc exist, skipping...
2025-04-23 04:03:00,003 - INFO - (ncks) extracting variable /collab1/data_untrusted/Chia-wei.Hsu/decadel_output_dir/decadal.ocean_month.i196801.e09.1977.tos.nc ...
2025-04-23 04:03:00,091 - INFO - (ncrcat) concatenating files for single variable, single ensemble, multi-lead ...
2025-04-23 04:03:04,017 - INFO - concatenated file at /collab1/data_untrusted/Chia-wei.Hsu/decadel_output_dir/decadal.ocean_month.i196801.e09.tos.nc ...
2025-04-23 04:03:04,023 - INFO - remove individual files
2025-04-23 04:03:04,060 - INFO - === Processing variable tos ...
2025-04-23 04:03:04,060 - INFO - ===== Processing initial year 1968 initial month  1 ensamble_number 10...
2025-04-23 04:06:59,319 - WARNING - extracted tar file /vftmp/Chia-wei.Hsu/untar_dir/19680101.ocean_month.nc exist, skipping...
2025-04-23 04:06:59,319 - INFO - (ncks) extracting variable /collab1/data_untrusted/Chia-wei.Hsu/decadel_output_dir/decadal.ocean_month.i196801.e10.1968.tos.nc ...
2025-04-23 04:34:47,072 - WARNING - extracted tar file /vftmp/Chia-wei.Hsu/untar_dir/19690101.ocean_month.nc exist, skipping...
2025-04-23 04:34:47,073 - INFO - (ncks) extracting variable /collab1/data_untrusted/Chia-wei.Hsu/decadel_output_dir/decadal.ocean_month.i196801.e10.1969.tos.nc ...
2025-04-23 04:37:36,800 - WARNING - extracted tar file /vftmp/Chia-wei.Hsu/untar_dir/19700101.ocean_month.nc exist, skipping...
2025-04-23 04:37:36,801 - INFO - (ncks) extracting variable /collab1/data_untrusted/Chia-wei.Hsu/decadel_output_dir/decadal.ocean_month.i196801.e10.1970.tos.nc ...
2025-04-23 04:47:24,167 - WARNING - extracted tar file /vftmp/Chia-wei.Hsu/untar_dir/19710101.ocean_month.nc exist, skipping...
2025-04-23 04:47:24,168 - INFO - (ncks) extracting variable /collab1/data_untrusted/Chia-wei.Hsu/decadel_output_dir/decadal.ocean_month.i196801.e10.1971.tos.nc ...
2025-04-23 04:51:19,622 - WARNING - extracted tar file /vftmp/Chia-wei.Hsu/untar_dir/19720101.ocean_month.nc exist, skipping...
2025-04-23 04:51:19,623 - INFO - (ncks) extracting variable /collab1/data_untrusted/Chia-wei.Hsu/decadel_output_dir/decadal.ocean_month.i196801.e10.1972.tos.nc ...
2025-04-23 05:08:11,210 - WARNING - extracted tar file /vftmp/Chia-wei.Hsu/untar_dir/19730101.ocean_month.nc exist, skipping...
2025-04-23 05:08:11,211 - INFO - (ncks) extracting variable /collab1/data_untrusted/Chia-wei.Hsu/decadel_output_dir/decadal.ocean_month.i196801.e10.1973.tos.nc ...
2025-04-23 05:11:35,535 - WARNING - extracted tar file /vftmp/Chia-wei.Hsu/untar_dir/19740101.ocean_month.nc exist, skipping...
2025-04-23 05:11:35,536 - INFO - (ncks) extracting variable /collab1/data_untrusted/Chia-wei.Hsu/decadel_output_dir/decadal.ocean_month.i196801.e10.1974.tos.nc ...
2025-04-23 05:16:49,037 - WARNING - extracted tar file /vftmp/Chia-wei.Hsu/untar_dir/19750101.ocean_month.nc exist, skipping...
2025-04-23 05:16:49,038 - INFO - (ncks) extracting variable /collab1/data_untrusted/Chia-wei.Hsu/decadel_output_dir/decadal.ocean_month.i196801.e10.1975.tos.nc ...
2025-04-23 05:20:45,691 - WARNING - extracted tar file /vftmp/Chia-wei.Hsu/untar_dir/19760101.ocean_month.nc exist, skipping...
2025-04-23 05:20:45,691 - INFO - (ncks) extracting variable /collab1/data_untrusted/Chia-wei.Hsu/decadel_output_dir/decadal.ocean_month.i196801.e10.1976.tos.nc ...
2025-04-23 05:38:46,386 - WARNING - extracted tar file /vftmp/Chia-wei.Hsu/untar_dir/19770101.ocean_month.nc exist, skipping...
2025-04-23 05:38:46,387 - INFO - (ncks) extracting variable /collab1/data_untrusted/Chia-wei.Hsu/decadel_output_dir/decadal.ocean_month.i196801.e10.1977.tos.nc ...
2025-04-23 05:38:46,464 - INFO - (ncrcat) concatenating files for single variable, single ensemble, multi-lead ...
2025-04-23 05:38:50,831 - INFO - concatenated file at /collab1/data_untrusted/Chia-wei.Hsu/decadel_output_dir/decadal.ocean_month.i196801.e10.tos.nc ...
2025-04-23 05:38:50,842 - INFO - remove individual files
