2025-04-22 12:26:45,701 - INFO - === Processing variable tos ...
2025-04-22 12:26:45,702 - WARNING - concatenate file /collab1/data_untrusted/Chia-wei.Hsu/decadel_output_dir/decadal.ocean_month.i198201.e07.tos.nc exist, skipping...
2025-04-22 12:26:46,021 - INFO - === Processing variable tos ...
2025-04-22 12:26:46,021 - INFO - ===== Processing initial year 1982 initial month  1 ensamble_number  8...
2025-04-22 15:44:10,910 - WARNING - extracted tar file /vftmp/Chia-wei.Hsu/untar_dir/19820101.ocean_month.nc exist, skipping...
2025-04-22 15:44:10,911 - INFO - (ncks) extracting variable /collab1/data_untrusted/Chia-wei.Hsu/decadel_output_dir/decadal.ocean_month.i198201.e08.1982.tos.nc ...
2025-04-22 15:51:23,678 - WARNING - extracted tar file /vftmp/Chia-wei.Hsu/untar_dir/19830101.ocean_month.nc exist, skipping...
2025-04-22 15:51:23,680 - INFO - (ncks) extracting variable /collab1/data_untrusted/Chia-wei.Hsu/decadel_output_dir/decadal.ocean_month.i198201.e08.1983.tos.nc ...
2025-04-22 15:58:36,692 - WARNING - extracted tar file /vftmp/Chia-wei.Hsu/untar_dir/19840101.ocean_month.nc exist, skipping...
2025-04-22 15:58:36,693 - INFO - (ncks) extracting variable /collab1/data_untrusted/Chia-wei.Hsu/decadel_output_dir/decadal.ocean_month.i198201.e08.1984.tos.nc ...
2025-04-22 19:00:30,917 - WARNING - extracted tar file /vftmp/Chia-wei.Hsu/untar_dir/19850101.ocean_month.nc exist, skipping...
2025-04-22 19:00:30,918 - INFO - (ncks) extracting variable /collab1/data_untrusted/Chia-wei.Hsu/decadel_output_dir/decadal.ocean_month.i198201.e08.1985.tos.nc ...
2025-04-22 19:04:40,334 - WARNING - extracted tar file /vftmp/Chia-wei.Hsu/untar_dir/19860101.ocean_month.nc exist, skipping...
2025-04-22 19:04:40,335 - INFO - (ncks) extracting variable /collab1/data_untrusted/Chia-wei.Hsu/decadel_output_dir/decadal.ocean_month.i198201.e08.1986.tos.nc ...
2025-04-22 19:08:05,344 - WARNING - extracted tar file /vftmp/Chia-wei.Hsu/untar_dir/19870101.ocean_month.nc exist, skipping...
2025-04-22 19:08:05,345 - INFO - (ncks) extracting variable /collab1/data_untrusted/Chia-wei.Hsu/decadel_output_dir/decadal.ocean_month.i198201.e08.1987.tos.nc ...
2025-04-22 19:33:02,757 - WARNING - extracted tar file /vftmp/Chia-wei.Hsu/untar_dir/19880101.ocean_month.nc exist, skipping...
2025-04-22 19:33:02,758 - INFO - (ncks) extracting variable /collab1/data_untrusted/Chia-wei.Hsu/decadel_output_dir/decadal.ocean_month.i198201.e08.1988.tos.nc ...
2025-04-22 19:36:01,038 - WARNING - extracted tar file /vftmp/Chia-wei.Hsu/untar_dir/19890101.ocean_month.nc exist, skipping...
2025-04-22 19:36:01,039 - INFO - (ncks) extracting variable /collab1/data_untrusted/Chia-wei.Hsu/decadel_output_dir/decadal.ocean_month.i198201.e08.1989.tos.nc ...
2025-04-22 19:38:54,595 - WARNING - extracted tar file /vftmp/Chia-wei.Hsu/untar_dir/19900101.ocean_month.nc exist, skipping...
2025-04-22 19:38:54,596 - INFO - (ncks) extracting variable /collab1/data_untrusted/Chia-wei.Hsu/decadel_output_dir/decadal.ocean_month.i198201.e08.1990.tos.nc ...
2025-04-22 19:42:36,018 - WARNING - extracted tar file /vftmp/Chia-wei.Hsu/untar_dir/19910101.ocean_month.nc exist, skipping...
2025-04-22 19:42:36,019 - INFO - (ncks) extracting variable /collab1/data_untrusted/Chia-wei.Hsu/decadel_output_dir/decadal.ocean_month.i198201.e08.1991.tos.nc ...
2025-04-22 19:42:36,095 - INFO - (ncrcat) concatenating files for single variable, single ensemble, multi-lead ...
2025-04-22 19:42:42,492 - INFO - concatenated file at /collab1/data_untrusted/Chia-wei.Hsu/decadel_output_dir/decadal.ocean_month.i198201.e08.tos.nc ...
2025-04-22 19:42:42,499 - INFO - remove individual files
2025-04-22 19:42:42,570 - INFO - === Processing variable tos ...
2025-04-22 19:42:42,570 - INFO - ===== Processing initial year 1982 initial month  1 ensamble_number  9...
2025-04-22 19:47:21,757 - WARNING - extracted tar file /vftmp/Chia-wei.Hsu/untar_dir/19820101.ocean_month.nc exist, skipping...
2025-04-22 19:47:21,757 - INFO - (ncks) extracting variable /collab1/data_untrusted/Chia-wei.Hsu/decadel_output_dir/decadal.ocean_month.i198201.e09.1982.tos.nc ...
2025-04-22 21:56:59,402 - WARNING - extracted tar file /vftmp/Chia-wei.Hsu/untar_dir/19830101.ocean_month.nc exist, skipping...
2025-04-22 21:56:59,538 - INFO - (ncks) extracting variable /collab1/data_untrusted/Chia-wei.Hsu/decadel_output_dir/decadal.ocean_month.i198201.e09.1983.tos.nc ...
2025-04-22 22:00:13,148 - WARNING - extracted tar file /vftmp/Chia-wei.Hsu/untar_dir/19840101.ocean_month.nc exist, skipping...
2025-04-22 22:00:13,163 - INFO - (ncks) extracting variable /collab1/data_untrusted/Chia-wei.Hsu/decadel_output_dir/decadal.ocean_month.i198201.e09.1984.tos.nc ...
2025-04-22 22:02:48,665 - WARNING - extracted tar file /vftmp/Chia-wei.Hsu/untar_dir/19850101.ocean_month.nc exist, skipping...
2025-04-22 22:02:48,666 - INFO - (ncks) extracting variable /collab1/data_untrusted/Chia-wei.Hsu/decadel_output_dir/decadal.ocean_month.i198201.e09.1985.tos.nc ...
2025-04-22 22:07:53,272 - WARNING - extracted tar file /vftmp/Chia-wei.Hsu/untar_dir/19860101.ocean_month.nc exist, skipping...
2025-04-22 22:07:53,273 - INFO - (ncks) extracting variable /collab1/data_untrusted/Chia-wei.Hsu/decadel_output_dir/decadal.ocean_month.i198201.e09.1986.tos.nc ...
2025-04-22 22:28:41,997 - WARNING - extracted tar file /vftmp/Chia-wei.Hsu/untar_dir/19870101.ocean_month.nc exist, skipping...
2025-04-22 22:28:41,998 - INFO - (ncks) extracting variable /collab1/data_untrusted/Chia-wei.Hsu/decadel_output_dir/decadal.ocean_month.i198201.e09.1987.tos.nc ...
2025-04-22 22:35:15,182 - WARNING - extracted tar file /vftmp/Chia-wei.Hsu/untar_dir/19880101.ocean_month.nc exist, skipping...
2025-04-22 22:35:15,183 - INFO - (ncks) extracting variable /collab1/data_untrusted/Chia-wei.Hsu/decadel_output_dir/decadal.ocean_month.i198201.e09.1988.tos.nc ...
2025-04-22 22:39:43,350 - WARNING - extracted tar file /vftmp/Chia-wei.Hsu/untar_dir/19890101.ocean_month.nc exist, skipping...
2025-04-22 22:39:43,352 - INFO - (ncks) extracting variable /collab1/data_untrusted/Chia-wei.Hsu/decadel_output_dir/decadal.ocean_month.i198201.e09.1989.tos.nc ...
2025-04-22 22:43:27,613 - WARNING - extracted tar file /vftmp/Chia-wei.Hsu/untar_dir/19900101.ocean_month.nc exist, skipping...
2025-04-22 22:43:27,614 - INFO - (ncks) extracting variable /collab1/data_untrusted/Chia-wei.Hsu/decadel_output_dir/decadal.ocean_month.i198201.e09.1990.tos.nc ...
2025-04-22 22:47:05,756 - WARNING - extracted tar file /vftmp/Chia-wei.Hsu/untar_dir/19910101.ocean_month.nc exist, skipping...
2025-04-22 22:47:05,757 - INFO - (ncks) extracting variable /collab1/data_untrusted/Chia-wei.Hsu/decadel_output_dir/decadal.ocean_month.i198201.e09.1991.tos.nc ...
2025-04-22 22:47:06,044 - INFO - (ncrcat) concatenating files for single variable, single ensemble, multi-lead ...
2025-04-22 22:47:15,683 - INFO - concatenated file at /collab1/data_untrusted/Chia-wei.Hsu/decadel_output_dir/decadal.ocean_month.i198201.e09.tos.nc ...
2025-04-22 22:47:15,690 - INFO - remove individual files
2025-04-22 22:47:15,732 - INFO - === Processing variable tos ...
2025-04-22 22:47:15,733 - INFO - ===== Processing initial year 1982 initial month  1 ensamble_number 10...
2025-04-22 22:52:39,601 - WARNING - extracted tar file /vftmp/Chia-wei.Hsu/untar_dir/19820101.ocean_month.nc exist, skipping...
2025-04-22 22:52:39,602 - INFO - (ncks) extracting variable /collab1/data_untrusted/Chia-wei.Hsu/decadel_output_dir/decadal.ocean_month.i198201.e10.1982.tos.nc ...
2025-04-22 22:55:36,595 - WARNING - extracted tar file /vftmp/Chia-wei.Hsu/untar_dir/19830101.ocean_month.nc exist, skipping...
2025-04-22 22:55:36,595 - INFO - (ncks) extracting variable /collab1/data_untrusted/Chia-wei.Hsu/decadel_output_dir/decadal.ocean_month.i198201.e10.1983.tos.nc ...
2025-04-22 22:59:44,089 - WARNING - extracted tar file /vftmp/Chia-wei.Hsu/untar_dir/19840101.ocean_month.nc exist, skipping...
2025-04-22 22:59:44,090 - INFO - (ncks) extracting variable /collab1/data_untrusted/Chia-wei.Hsu/decadel_output_dir/decadal.ocean_month.i198201.e10.1984.tos.nc ...
2025-04-22 23:03:04,269 - WARNING - extracted tar file /vftmp/Chia-wei.Hsu/untar_dir/19850101.ocean_month.nc exist, skipping...
2025-04-22 23:03:04,283 - INFO - (ncks) extracting variable /collab1/data_untrusted/Chia-wei.Hsu/decadel_output_dir/decadal.ocean_month.i198201.e10.1985.tos.nc ...
2025-04-22 23:06:08,842 - WARNING - extracted tar file /vftmp/Chia-wei.Hsu/untar_dir/19860101.ocean_month.nc exist, skipping...
2025-04-22 23:06:08,844 - INFO - (ncks) extracting variable /collab1/data_untrusted/Chia-wei.Hsu/decadel_output_dir/decadal.ocean_month.i198201.e10.1986.tos.nc ...
2025-04-22 23:09:23,441 - WARNING - extracted tar file /vftmp/Chia-wei.Hsu/untar_dir/19870101.ocean_month.nc exist, skipping...
2025-04-22 23:09:23,442 - INFO - (ncks) extracting variable /collab1/data_untrusted/Chia-wei.Hsu/decadel_output_dir/decadal.ocean_month.i198201.e10.1987.tos.nc ...
2025-04-22 23:13:10,271 - WARNING - extracted tar file /vftmp/Chia-wei.Hsu/untar_dir/19880101.ocean_month.nc exist, skipping...
2025-04-22 23:13:10,272 - INFO - (ncks) extracting variable /collab1/data_untrusted/Chia-wei.Hsu/decadel_output_dir/decadal.ocean_month.i198201.e10.1988.tos.nc ...
2025-04-22 23:16:38,763 - WARNING - extracted tar file /vftmp/Chia-wei.Hsu/untar_dir/19890101.ocean_month.nc exist, skipping...
2025-04-22 23:16:38,764 - INFO - (ncks) extracting variable /collab1/data_untrusted/Chia-wei.Hsu/decadel_output_dir/decadal.ocean_month.i198201.e10.1989.tos.nc ...
2025-04-22 23:20:41,839 - WARNING - extracted tar file /vftmp/Chia-wei.Hsu/untar_dir/19900101.ocean_month.nc exist, skipping...
2025-04-22 23:20:41,840 - INFO - (ncks) extracting variable /collab1/data_untrusted/Chia-wei.Hsu/decadel_output_dir/decadal.ocean_month.i198201.e10.1990.tos.nc ...
2025-04-22 23:55:15,802 - WARNING - extracted tar file /vftmp/Chia-wei.Hsu/untar_dir/19910101.ocean_month.nc exist, skipping...
2025-04-22 23:55:15,803 - INFO - (ncks) extracting variable /collab1/data_untrusted/Chia-wei.Hsu/decadel_output_dir/decadal.ocean_month.i198201.e10.1991.tos.nc ...
2025-04-22 23:55:15,922 - INFO - (ncrcat) concatenating files for single variable, single ensemble, multi-lead ...
2025-04-22 23:55:19,973 - INFO - concatenated file at /collab1/data_untrusted/Chia-wei.Hsu/decadel_output_dir/decadal.ocean_month.i198201.e10.tos.nc ...
2025-04-22 23:55:19,981 - INFO - remove individual files
