2025-04-22 12:26:53,036 - INFO - === Processing variable tos ...
2025-04-22 12:26:53,065 - WARNING - concatenate file /collab1/data_untrusted/Chia-wei.Hsu/decadel_output_dir/decadal.ocean_month.i199101.e01.tos.nc exist, skipping...
2025-04-22 12:26:53,087 - INFO - === Processing variable tos ...
2025-04-22 12:26:53,088 - INFO - ===== Processing initial year 1991 initial month  1 ensamble_number  2...
2025-04-22 13:16:51,055 - WARNING - extracted tar file /vftmp/Chia-wei.Hsu/untar_dir/19910101.ocean_month.nc exist, skipping...
2025-04-22 13:16:51,057 - INFO - (ncks) extracting variable /collab1/data_untrusted/Chia-wei.Hsu/decadel_output_dir/decadal.ocean_month.i199101.e02.1991.tos.nc ...
2025-04-22 16:29:28,854 - WARNING - extracted tar file /vftmp/Chia-wei.Hsu/untar_dir/19920101.ocean_month.nc exist, skipping...
2025-04-22 16:29:28,854 - INFO - (ncks) extracting variable /collab1/data_untrusted/Chia-wei.Hsu/decadel_output_dir/decadal.ocean_month.i199101.e02.1992.tos.nc ...
2025-04-22 16:34:56,025 - WARNING - extracted tar file /vftmp/Chia-wei.Hsu/untar_dir/19930101.ocean_month.nc exist, skipping...
2025-04-22 16:34:56,025 - INFO - (ncks) extracting variable /collab1/data_untrusted/Chia-wei.Hsu/decadel_output_dir/decadal.ocean_month.i199101.e02.1993.tos.nc ...
2025-04-22 16:37:45,439 - WARNING - extracted tar file /vftmp/Chia-wei.Hsu/untar_dir/19940101.ocean_month.nc exist, skipping...
2025-04-22 16:37:45,440 - INFO - (ncks) extracting variable /collab1/data_untrusted/Chia-wei.Hsu/decadel_output_dir/decadal.ocean_month.i199101.e02.1994.tos.nc ...
2025-04-22 16:41:15,705 - WARNING - extracted tar file /vftmp/Chia-wei.Hsu/untar_dir/19950101.ocean_month.nc exist, skipping...
2025-04-22 16:41:15,706 - INFO - (ncks) extracting variable /collab1/data_untrusted/Chia-wei.Hsu/decadel_output_dir/decadal.ocean_month.i199101.e02.1995.tos.nc ...
2025-04-22 16:44:15,808 - WARNING - extracted tar file /vftmp/Chia-wei.Hsu/untar_dir/19960101.ocean_month.nc exist, skipping...
2025-04-22 16:44:15,809 - INFO - (ncks) extracting variable /collab1/data_untrusted/Chia-wei.Hsu/decadel_output_dir/decadal.ocean_month.i199101.e02.1996.tos.nc ...
2025-04-22 16:47:46,437 - WARNING - extracted tar file /vftmp/Chia-wei.Hsu/untar_dir/19970101.ocean_month.nc exist, skipping...
2025-04-22 16:47:46,437 - INFO - (ncks) extracting variable /collab1/data_untrusted/Chia-wei.Hsu/decadel_output_dir/decadal.ocean_month.i199101.e02.1997.tos.nc ...
2025-04-22 16:52:37,670 - WARNING - extracted tar file /vftmp/Chia-wei.Hsu/untar_dir/19980101.ocean_month.nc exist, skipping...
2025-04-22 16:52:37,671 - INFO - (ncks) extracting variable /collab1/data_untrusted/Chia-wei.Hsu/decadel_output_dir/decadal.ocean_month.i199101.e02.1998.tos.nc ...
2025-04-22 17:00:26,135 - WARNING - extracted tar file /vftmp/Chia-wei.Hsu/untar_dir/19990101.ocean_month.nc exist, skipping...
2025-04-22 17:00:26,136 - INFO - (ncks) extracting variable /collab1/data_untrusted/Chia-wei.Hsu/decadel_output_dir/decadal.ocean_month.i199101.e02.1999.tos.nc ...
2025-04-22 17:08:00,565 - WARNING - extracted tar file /vftmp/Chia-wei.Hsu/untar_dir/20000101.ocean_month.nc exist, skipping...
2025-04-22 17:08:00,566 - INFO - (ncks) extracting variable /collab1/data_untrusted/Chia-wei.Hsu/decadel_output_dir/decadal.ocean_month.i199101.e02.2000.tos.nc ...
2025-04-22 17:08:00,645 - INFO - (ncrcat) concatenating files for single variable, single ensemble, multi-lead ...
2025-04-22 17:08:03,108 - INFO - concatenated file at /collab1/data_untrusted/Chia-wei.Hsu/decadel_output_dir/decadal.ocean_month.i199101.e02.tos.nc ...
2025-04-22 17:08:03,116 - INFO - remove individual files
2025-04-22 17:08:03,153 - INFO - === Processing variable tos ...
2025-04-22 17:08:03,154 - INFO - ===== Processing initial year 1991 initial month  1 ensamble_number  3...
2025-04-22 17:10:51,718 - WARNING - extracted tar file /vftmp/Chia-wei.Hsu/untar_dir/19910101.ocean_month.nc exist, skipping...
2025-04-22 17:10:51,719 - INFO - (ncks) extracting variable /collab1/data_untrusted/Chia-wei.Hsu/decadel_output_dir/decadal.ocean_month.i199101.e03.1991.tos.nc ...
2025-04-22 17:15:09,073 - WARNING - extracted tar file /vftmp/Chia-wei.Hsu/untar_dir/19920101.ocean_month.nc exist, skipping...
2025-04-22 17:15:09,074 - INFO - (ncks) extracting variable /collab1/data_untrusted/Chia-wei.Hsu/decadel_output_dir/decadal.ocean_month.i199101.e03.1992.tos.nc ...
2025-04-22 17:29:02,489 - WARNING - extracted tar file /vftmp/Chia-wei.Hsu/untar_dir/19930101.ocean_month.nc exist, skipping...
2025-04-22 17:29:02,490 - INFO - (ncks) extracting variable /collab1/data_untrusted/Chia-wei.Hsu/decadel_output_dir/decadal.ocean_month.i199101.e03.1993.tos.nc ...
2025-04-22 17:53:46,708 - WARNING - extracted tar file /vftmp/Chia-wei.Hsu/untar_dir/19940101.ocean_month.nc exist, skipping...
2025-04-22 17:53:46,709 - INFO - (ncks) extracting variable /collab1/data_untrusted/Chia-wei.Hsu/decadel_output_dir/decadal.ocean_month.i199101.e03.1994.tos.nc ...
2025-04-22 20:10:03,614 - WARNING - extracted tar file /vftmp/Chia-wei.Hsu/untar_dir/19950101.ocean_month.nc exist, skipping...
2025-04-22 20:10:03,636 - INFO - (ncks) extracting variable /collab1/data_untrusted/Chia-wei.Hsu/decadel_output_dir/decadal.ocean_month.i199101.e03.1995.tos.nc ...
2025-04-22 20:16:21,319 - WARNING - extracted tar file /vftmp/Chia-wei.Hsu/untar_dir/19960101.ocean_month.nc exist, skipping...
2025-04-22 20:16:21,320 - INFO - (ncks) extracting variable /collab1/data_untrusted/Chia-wei.Hsu/decadel_output_dir/decadal.ocean_month.i199101.e03.1996.tos.nc ...
2025-04-22 20:20:02,115 - WARNING - extracted tar file /vftmp/Chia-wei.Hsu/untar_dir/19970101.ocean_month.nc exist, skipping...
2025-04-22 20:20:02,116 - INFO - (ncks) extracting variable /collab1/data_untrusted/Chia-wei.Hsu/decadel_output_dir/decadal.ocean_month.i199101.e03.1997.tos.nc ...
2025-04-22 20:23:12,446 - WARNING - extracted tar file /vftmp/Chia-wei.Hsu/untar_dir/19980101.ocean_month.nc exist, skipping...
2025-04-22 20:23:12,447 - INFO - (ncks) extracting variable /collab1/data_untrusted/Chia-wei.Hsu/decadel_output_dir/decadal.ocean_month.i199101.e03.1998.tos.nc ...
2025-04-22 20:25:12,428 - WARNING - extracted tar file /vftmp/Chia-wei.Hsu/untar_dir/19990101.ocean_month.nc exist, skipping...
2025-04-22 20:25:12,429 - INFO - (ncks) extracting variable /collab1/data_untrusted/Chia-wei.Hsu/decadel_output_dir/decadal.ocean_month.i199101.e03.1999.tos.nc ...
2025-04-22 20:28:03,097 - WARNING - extracted tar file /vftmp/Chia-wei.Hsu/untar_dir/20000101.ocean_month.nc exist, skipping...
2025-04-22 20:28:03,097 - INFO - (ncks) extracting variable /collab1/data_untrusted/Chia-wei.Hsu/decadel_output_dir/decadal.ocean_month.i199101.e03.2000.tos.nc ...
2025-04-22 20:28:03,234 - INFO - (ncrcat) concatenating files for single variable, single ensemble, multi-lead ...
2025-04-22 20:28:07,032 - INFO - concatenated file at /collab1/data_untrusted/Chia-wei.Hsu/decadel_output_dir/decadal.ocean_month.i199101.e03.tos.nc ...
2025-04-22 20:28:07,042 - INFO - remove individual files
2025-04-22 20:28:07,043 - INFO - === Processing variable tos ...
2025-04-22 20:28:07,043 - INFO - ===== Processing initial year 1991 initial month  1 ensamble_number  4...
2025-04-22 20:31:14,441 - WARNING - extracted tar file /vftmp/Chia-wei.Hsu/untar_dir/19910101.ocean_month.nc exist, skipping...
2025-04-22 20:31:14,442 - INFO - (ncks) extracting variable /collab1/data_untrusted/Chia-wei.Hsu/decadel_output_dir/decadal.ocean_month.i199101.e04.1991.tos.nc ...
2025-04-22 20:36:08,477 - WARNING - extracted tar file /vftmp/Chia-wei.Hsu/untar_dir/19920101.ocean_month.nc exist, skipping...
2025-04-22 20:36:08,477 - INFO - (ncks) extracting variable /collab1/data_untrusted/Chia-wei.Hsu/decadel_output_dir/decadal.ocean_month.i199101.e04.1992.tos.nc ...
2025-04-22 20:38:40,475 - WARNING - extracted tar file /vftmp/Chia-wei.Hsu/untar_dir/19930101.ocean_month.nc exist, skipping...
2025-04-22 20:38:40,476 - INFO - (ncks) extracting variable /collab1/data_untrusted/Chia-wei.Hsu/decadel_output_dir/decadal.ocean_month.i199101.e04.1993.tos.nc ...
2025-04-22 23:24:00,926 - WARNING - extracted tar file /vftmp/Chia-wei.Hsu/untar_dir/19940101.ocean_month.nc exist, skipping...
2025-04-22 23:24:00,936 - INFO - (ncks) extracting variable /collab1/data_untrusted/Chia-wei.Hsu/decadel_output_dir/decadal.ocean_month.i199101.e04.1994.tos.nc ...
2025-04-23 01:25:13,701 - WARNING - extracted tar file /vftmp/Chia-wei.Hsu/untar_dir/19950101.ocean_month.nc exist, skipping...
2025-04-23 01:25:13,703 - INFO - (ncks) extracting variable /collab1/data_untrusted/Chia-wei.Hsu/decadel_output_dir/decadal.ocean_month.i199101.e04.1995.tos.nc ...
