2025-04-22 12:26:52,925 - INFO - === Processing variable tos ...
2025-04-22 12:26:52,925 - WARNING - concatenate file /collab1/data_untrusted/Chia-wei.Hsu/decadel_output_dir/decadal.ocean_month.i198501.e01.tos.nc exist, skipping...
2025-04-22 12:26:52,981 - INFO - === Processing variable tos ...
2025-04-22 12:26:52,985 - INFO - ===== Processing initial year 1985 initial month  1 ensamble_number  2...
2025-04-22 12:26:53,324 - WARNING - extracted tar file /vftmp/Chia-wei.Hsu/untar_dir/19850101.ocean_month.nc exist, skipping...
2025-04-22 12:26:53,325 - WARNING - extracted variable file /collab1/data_untrusted/Chia-wei.Hsu/decadel_output_dir/decadal.ocean_month.i198501.e02.1985.tos.nc exist, skipping...
2025-04-22 12:26:54,580 - WARNING - extracted tar file /vftmp/Chia-wei.Hsu/untar_dir/19860101.ocean_month.nc exist, skipping...
2025-04-22 12:26:54,581 - WARNING - extracted variable file /collab1/data_untrusted/Chia-wei.Hsu/decadel_output_dir/decadal.ocean_month.i198501.e02.1986.tos.nc exist, skipping...
2025-04-22 12:26:54,834 - WARNING - extracted tar file /vftmp/Chia-wei.Hsu/untar_dir/19870101.ocean_month.nc exist, skipping...
2025-04-22 12:26:54,835 - WARNING - extracted variable file /collab1/data_untrusted/Chia-wei.Hsu/decadel_output_dir/decadal.ocean_month.i198501.e02.1987.tos.nc exist, skipping...
2025-04-22 13:35:11,931 - WARNING - extracted tar file /vftmp/Chia-wei.Hsu/untar_dir/19880101.ocean_month.nc exist, skipping...
2025-04-22 13:35:11,932 - INFO - (ncks) extracting variable /collab1/data_untrusted/Chia-wei.Hsu/decadel_output_dir/decadal.ocean_month.i198501.e02.1988.tos.nc ...
2025-04-22 13:39:23,068 - WARNING - extracted tar file /vftmp/Chia-wei.Hsu/untar_dir/19890101.ocean_month.nc exist, skipping...
2025-04-22 13:39:23,069 - INFO - (ncks) extracting variable /collab1/data_untrusted/Chia-wei.Hsu/decadel_output_dir/decadal.ocean_month.i198501.e02.1989.tos.nc ...
2025-04-22 17:10:15,303 - WARNING - extracted tar file /vftmp/Chia-wei.Hsu/untar_dir/19900101.ocean_month.nc exist, skipping...
2025-04-22 17:10:15,304 - INFO - (ncks) extracting variable /collab1/data_untrusted/Chia-wei.Hsu/decadel_output_dir/decadal.ocean_month.i198501.e02.1990.tos.nc ...
2025-04-22 17:18:52,244 - WARNING - extracted tar file /vftmp/Chia-wei.Hsu/untar_dir/19910101.ocean_month.nc exist, skipping...
2025-04-22 17:18:52,245 - INFO - (ncks) extracting variable /collab1/data_untrusted/Chia-wei.Hsu/decadel_output_dir/decadal.ocean_month.i198501.e02.1991.tos.nc ...
2025-04-22 19:34:25,903 - WARNING - extracted tar file /vftmp/Chia-wei.Hsu/untar_dir/19920101.ocean_month.nc exist, skipping...
2025-04-22 19:34:25,904 - INFO - (ncks) extracting variable /collab1/data_untrusted/Chia-wei.Hsu/decadel_output_dir/decadal.ocean_month.i198501.e02.1992.tos.nc ...
2025-04-22 19:38:01,010 - WARNING - extracted tar file /vftmp/Chia-wei.Hsu/untar_dir/19930101.ocean_month.nc exist, skipping...
2025-04-22 19:38:01,011 - INFO - (ncks) extracting variable /collab1/data_untrusted/Chia-wei.Hsu/decadel_output_dir/decadal.ocean_month.i198501.e02.1993.tos.nc ...
2025-04-22 19:49:21,727 - WARNING - extracted tar file /vftmp/Chia-wei.Hsu/untar_dir/19940101.ocean_month.nc exist, skipping...
2025-04-22 19:49:21,728 - INFO - (ncks) extracting variable /collab1/data_untrusted/Chia-wei.Hsu/decadel_output_dir/decadal.ocean_month.i198501.e02.1994.tos.nc ...
2025-04-22 19:49:21,804 - INFO - (ncrcat) concatenating files for single variable, single ensemble, multi-lead ...
2025-04-22 19:49:26,957 - INFO - concatenated file at /collab1/data_untrusted/Chia-wei.Hsu/decadel_output_dir/decadal.ocean_month.i198501.e02.tos.nc ...
2025-04-22 19:49:26,967 - INFO - remove individual files
2025-04-22 19:49:26,968 - INFO - === Processing variable tos ...
2025-04-22 19:49:26,968 - INFO - ===== Processing initial year 1985 initial month  1 ensamble_number  3...
2025-04-22 19:53:38,964 - WARNING - extracted tar file /vftmp/Chia-wei.Hsu/untar_dir/19850101.ocean_month.nc exist, skipping...
2025-04-22 19:53:38,965 - INFO - (ncks) extracting variable /collab1/data_untrusted/Chia-wei.Hsu/decadel_output_dir/decadal.ocean_month.i198501.e03.1985.tos.nc ...
2025-04-22 19:56:42,566 - WARNING - extracted tar file /vftmp/Chia-wei.Hsu/untar_dir/19860101.ocean_month.nc exist, skipping...
2025-04-22 19:56:42,567 - INFO - (ncks) extracting variable /collab1/data_untrusted/Chia-wei.Hsu/decadel_output_dir/decadal.ocean_month.i198501.e03.1986.tos.nc ...
2025-04-22 20:00:30,785 - WARNING - extracted tar file /vftmp/Chia-wei.Hsu/untar_dir/19870101.ocean_month.nc exist, skipping...
2025-04-22 20:00:30,785 - INFO - (ncks) extracting variable /collab1/data_untrusted/Chia-wei.Hsu/decadel_output_dir/decadal.ocean_month.i198501.e03.1987.tos.nc ...
2025-04-22 21:23:58,604 - WARNING - extracted tar file /vftmp/Chia-wei.Hsu/untar_dir/19880101.ocean_month.nc exist, skipping...
2025-04-22 21:23:58,776 - INFO - (ncks) extracting variable /collab1/data_untrusted/Chia-wei.Hsu/decadel_output_dir/decadal.ocean_month.i198501.e03.1988.tos.nc ...
2025-04-22 21:33:50,597 - WARNING - extracted tar file /vftmp/Chia-wei.Hsu/untar_dir/19890101.ocean_month.nc exist, skipping...
2025-04-22 21:33:50,598 - INFO - (ncks) extracting variable /collab1/data_untrusted/Chia-wei.Hsu/decadel_output_dir/decadal.ocean_month.i198501.e03.1989.tos.nc ...
2025-04-22 23:03:05,757 - WARNING - extracted tar file /vftmp/Chia-wei.Hsu/untar_dir/19900101.ocean_month.nc exist, skipping...
2025-04-22 23:03:05,760 - INFO - (ncks) extracting variable /collab1/data_untrusted/Chia-wei.Hsu/decadel_output_dir/decadal.ocean_month.i198501.e03.1990.tos.nc ...
2025-04-22 23:09:20,214 - WARNING - extracted tar file /vftmp/Chia-wei.Hsu/untar_dir/19910101.ocean_month.nc exist, skipping...
2025-04-22 23:09:20,215 - INFO - (ncks) extracting variable /collab1/data_untrusted/Chia-wei.Hsu/decadel_output_dir/decadal.ocean_month.i198501.e03.1991.tos.nc ...
2025-04-22 23:59:35,337 - WARNING - extracted tar file /vftmp/Chia-wei.Hsu/untar_dir/19920101.ocean_month.nc exist, skipping...
2025-04-22 23:59:35,338 - INFO - (ncks) extracting variable /collab1/data_untrusted/Chia-wei.Hsu/decadel_output_dir/decadal.ocean_month.i198501.e03.1992.tos.nc ...
2025-04-23 01:20:15,180 - WARNING - extracted tar file /vftmp/Chia-wei.Hsu/untar_dir/19930101.ocean_month.nc exist, skipping...
2025-04-23 01:20:15,181 - INFO - (ncks) extracting variable /collab1/data_untrusted/Chia-wei.Hsu/decadel_output_dir/decadal.ocean_month.i198501.e03.1993.tos.nc ...
