2025-04-22 12:26:52,954 - INFO - === Processing variable tos ...
2025-04-22 12:26:52,954 - WARNING - concatenate file /collab1/data_untrusted/Chia-wei.Hsu/decadel_output_dir/decadal.ocean_month.i201001.e01.tos.nc exist, skipping...
2025-04-22 12:26:52,989 - INFO - === Processing variable tos ...
2025-04-22 12:26:52,998 - INFO - ===== Processing initial year 2010 initial month  1 ensamble_number  2...
2025-04-22 12:26:53,305 - WARNING - extracted tar file /vftmp/Chia-wei.Hsu/untar_dir/20100101.ocean_month.nc exist, skipping...
2025-04-22 12:26:53,306 - WARNING - extracted variable file /collab1/data_untrusted/Chia-wei.Hsu/decadel_output_dir/decadal.ocean_month.i201001.e02.2010.tos.nc exist, skipping...
2025-04-22 12:26:53,575 - WARNING - extracted tar file /vftmp/Chia-wei.Hsu/untar_dir/20110101.ocean_month.nc exist, skipping...
2025-04-22 12:26:53,575 - WARNING - extracted variable file /collab1/data_untrusted/Chia-wei.Hsu/decadel_output_dir/decadal.ocean_month.i201001.e02.2011.tos.nc exist, skipping...
2025-04-22 13:37:35,991 - WARNING - extracted tar file /vftmp/Chia-wei.Hsu/untar_dir/20120101.ocean_month.nc exist, skipping...
2025-04-22 13:37:35,992 - INFO - (ncks) extracting variable /collab1/data_untrusted/Chia-wei.Hsu/decadel_output_dir/decadal.ocean_month.i201001.e02.2012.tos.nc ...
2025-04-22 13:51:23,474 - WARNING - extracted tar file /vftmp/Chia-wei.Hsu/untar_dir/20130101.ocean_month.nc exist, skipping...
2025-04-22 13:51:23,475 - INFO - (ncks) extracting variable /collab1/data_untrusted/Chia-wei.Hsu/decadel_output_dir/decadal.ocean_month.i201001.e02.2013.tos.nc ...
2025-04-22 13:57:19,620 - WARNING - extracted tar file /vftmp/Chia-wei.Hsu/untar_dir/20140101.ocean_month.nc exist, skipping...
2025-04-22 13:57:19,621 - INFO - (ncks) extracting variable /collab1/data_untrusted/Chia-wei.Hsu/decadel_output_dir/decadal.ocean_month.i201001.e02.2014.tos.nc ...
2025-04-22 16:23:28,130 - WARNING - extracted tar file /vftmp/Chia-wei.Hsu/untar_dir/20150101.ocean_month.nc exist, skipping...
2025-04-22 16:23:28,131 - INFO - (ncks) extracting variable /collab1/data_untrusted/Chia-wei.Hsu/decadel_output_dir/decadal.ocean_month.i201001.e02.2015.tos.nc ...
2025-04-22 16:30:24,188 - WARNING - extracted tar file /vftmp/Chia-wei.Hsu/untar_dir/20160101.ocean_month.nc exist, skipping...
2025-04-22 16:30:24,189 - INFO - (ncks) extracting variable /collab1/data_untrusted/Chia-wei.Hsu/decadel_output_dir/decadal.ocean_month.i201001.e02.2016.tos.nc ...
2025-04-22 16:34:56,085 - WARNING - extracted tar file /vftmp/Chia-wei.Hsu/untar_dir/20170101.ocean_month.nc exist, skipping...
2025-04-22 16:34:56,085 - INFO - (ncks) extracting variable /collab1/data_untrusted/Chia-wei.Hsu/decadel_output_dir/decadal.ocean_month.i201001.e02.2017.tos.nc ...
2025-04-22 16:38:42,600 - WARNING - extracted tar file /vftmp/Chia-wei.Hsu/untar_dir/20180101.ocean_month.nc exist, skipping...
2025-04-22 16:38:42,601 - INFO - (ncks) extracting variable /collab1/data_untrusted/Chia-wei.Hsu/decadel_output_dir/decadal.ocean_month.i201001.e02.2018.tos.nc ...
2025-04-22 16:53:49,624 - WARNING - extracted tar file /vftmp/Chia-wei.Hsu/untar_dir/20190101.ocean_month.nc exist, skipping...
2025-04-22 16:53:49,625 - INFO - (ncks) extracting variable /collab1/data_untrusted/Chia-wei.Hsu/decadel_output_dir/decadal.ocean_month.i201001.e02.2019.tos.nc ...
2025-04-22 16:53:49,695 - INFO - (ncrcat) concatenating files for single variable, single ensemble, multi-lead ...
2025-04-22 16:53:52,719 - INFO - concatenated file at /collab1/data_untrusted/Chia-wei.Hsu/decadel_output_dir/decadal.ocean_month.i201001.e02.tos.nc ...
2025-04-22 16:53:52,728 - INFO - remove individual files
2025-04-22 16:53:52,856 - INFO - === Processing variable tos ...
2025-04-22 16:53:52,856 - INFO - ===== Processing initial year 2010 initial month  1 ensamble_number  3...
2025-04-22 16:58:27,472 - WARNING - extracted tar file /vftmp/Chia-wei.Hsu/untar_dir/20100101.ocean_month.nc exist, skipping...
2025-04-22 16:58:27,473 - INFO - (ncks) extracting variable /collab1/data_untrusted/Chia-wei.Hsu/decadel_output_dir/decadal.ocean_month.i201001.e03.2010.tos.nc ...
2025-04-22 17:02:44,578 - WARNING - extracted tar file /vftmp/Chia-wei.Hsu/untar_dir/20110101.ocean_month.nc exist, skipping...
2025-04-22 17:02:44,579 - INFO - (ncks) extracting variable /collab1/data_untrusted/Chia-wei.Hsu/decadel_output_dir/decadal.ocean_month.i201001.e03.2011.tos.nc ...
2025-04-22 17:06:53,053 - WARNING - extracted tar file /vftmp/Chia-wei.Hsu/untar_dir/20120101.ocean_month.nc exist, skipping...
2025-04-22 17:06:53,054 - INFO - (ncks) extracting variable /collab1/data_untrusted/Chia-wei.Hsu/decadel_output_dir/decadal.ocean_month.i201001.e03.2012.tos.nc ...
2025-04-22 17:10:57,685 - WARNING - extracted tar file /vftmp/Chia-wei.Hsu/untar_dir/20130101.ocean_month.nc exist, skipping...
2025-04-22 17:10:57,686 - INFO - (ncks) extracting variable /collab1/data_untrusted/Chia-wei.Hsu/decadel_output_dir/decadal.ocean_month.i201001.e03.2013.tos.nc ...
2025-04-22 17:18:46,642 - WARNING - extracted tar file /vftmp/Chia-wei.Hsu/untar_dir/20140101.ocean_month.nc exist, skipping...
2025-04-22 17:18:46,642 - INFO - (ncks) extracting variable /collab1/data_untrusted/Chia-wei.Hsu/decadel_output_dir/decadal.ocean_month.i201001.e03.2014.tos.nc ...
2025-04-22 17:21:53,272 - WARNING - extracted tar file /vftmp/Chia-wei.Hsu/untar_dir/20150101.ocean_month.nc exist, skipping...
2025-04-22 17:21:53,273 - INFO - (ncks) extracting variable /collab1/data_untrusted/Chia-wei.Hsu/decadel_output_dir/decadal.ocean_month.i201001.e03.2015.tos.nc ...
2025-04-22 17:27:08,493 - WARNING - extracted tar file /vftmp/Chia-wei.Hsu/untar_dir/20160101.ocean_month.nc exist, skipping...
2025-04-22 17:27:08,494 - INFO - (ncks) extracting variable /collab1/data_untrusted/Chia-wei.Hsu/decadel_output_dir/decadal.ocean_month.i201001.e03.2016.tos.nc ...
2025-04-22 17:42:53,655 - WARNING - extracted tar file /vftmp/Chia-wei.Hsu/untar_dir/20170101.ocean_month.nc exist, skipping...
2025-04-22 17:42:53,656 - INFO - (ncks) extracting variable /collab1/data_untrusted/Chia-wei.Hsu/decadel_output_dir/decadal.ocean_month.i201001.e03.2017.tos.nc ...
2025-04-22 17:48:05,053 - WARNING - extracted tar file /vftmp/Chia-wei.Hsu/untar_dir/20180101.ocean_month.nc exist, skipping...
2025-04-22 17:48:05,053 - INFO - (ncks) extracting variable /collab1/data_untrusted/Chia-wei.Hsu/decadel_output_dir/decadal.ocean_month.i201001.e03.2018.tos.nc ...
2025-04-22 17:55:26,286 - WARNING - extracted tar file /vftmp/Chia-wei.Hsu/untar_dir/20190101.ocean_month.nc exist, skipping...
2025-04-22 17:55:26,287 - INFO - (ncks) extracting variable /collab1/data_untrusted/Chia-wei.Hsu/decadel_output_dir/decadal.ocean_month.i201001.e03.2019.tos.nc ...
2025-04-22 17:55:26,360 - INFO - (ncrcat) concatenating files for single variable, single ensemble, multi-lead ...
2025-04-22 17:55:29,861 - INFO - concatenated file at /collab1/data_untrusted/Chia-wei.Hsu/decadel_output_dir/decadal.ocean_month.i201001.e03.tos.nc ...
2025-04-22 17:55:29,871 - INFO - remove individual files
2025-04-22 17:55:29,871 - INFO - === Processing variable tos ...
2025-04-22 17:55:29,872 - INFO - ===== Processing initial year 2010 initial month  1 ensamble_number  4...
2025-04-22 18:00:17,016 - WARNING - extracted tar file /vftmp/Chia-wei.Hsu/untar_dir/20100101.ocean_month.nc exist, skipping...
2025-04-22 18:00:17,017 - INFO - (ncks) extracting variable /collab1/data_untrusted/Chia-wei.Hsu/decadel_output_dir/decadal.ocean_month.i201001.e04.2010.tos.nc ...
2025-04-22 18:03:55,783 - WARNING - extracted tar file /vftmp/Chia-wei.Hsu/untar_dir/20110101.ocean_month.nc exist, skipping...
2025-04-22 18:03:55,784 - INFO - (ncks) extracting variable /collab1/data_untrusted/Chia-wei.Hsu/decadel_output_dir/decadal.ocean_month.i201001.e04.2011.tos.nc ...
2025-04-22 20:35:43,017 - WARNING - extracted tar file /vftmp/Chia-wei.Hsu/untar_dir/20120101.ocean_month.nc exist, skipping...
2025-04-22 20:35:43,249 - INFO - (ncks) extracting variable /collab1/data_untrusted/Chia-wei.Hsu/decadel_output_dir/decadal.ocean_month.i201001.e04.2012.tos.nc ...
2025-04-22 20:45:06,859 - WARNING - extracted tar file /vftmp/Chia-wei.Hsu/untar_dir/20130101.ocean_month.nc exist, skipping...
2025-04-22 20:45:06,860 - INFO - (ncks) extracting variable /collab1/data_untrusted/Chia-wei.Hsu/decadel_output_dir/decadal.ocean_month.i201001.e04.2013.tos.nc ...
2025-04-22 20:50:37,280 - WARNING - extracted tar file /vftmp/Chia-wei.Hsu/untar_dir/20140101.ocean_month.nc exist, skipping...
2025-04-22 20:50:37,281 - INFO - (ncks) extracting variable /collab1/data_untrusted/Chia-wei.Hsu/decadel_output_dir/decadal.ocean_month.i201001.e04.2014.tos.nc ...
2025-04-22 20:56:34,588 - WARNING - extracted tar file /vftmp/Chia-wei.Hsu/untar_dir/20150101.ocean_month.nc exist, skipping...
2025-04-22 20:56:34,589 - INFO - (ncks) extracting variable /collab1/data_untrusted/Chia-wei.Hsu/decadel_output_dir/decadal.ocean_month.i201001.e04.2015.tos.nc ...
2025-04-22 23:05:50,255 - WARNING - extracted tar file /vftmp/Chia-wei.Hsu/untar_dir/20160101.ocean_month.nc exist, skipping...
2025-04-22 23:05:50,271 - INFO - (ncks) extracting variable /collab1/data_untrusted/Chia-wei.Hsu/decadel_output_dir/decadal.ocean_month.i201001.e04.2016.tos.nc ...
2025-04-22 23:11:50,538 - WARNING - extracted tar file /vftmp/Chia-wei.Hsu/untar_dir/20170101.ocean_month.nc exist, skipping...
2025-04-22 23:11:50,542 - INFO - (ncks) extracting variable /collab1/data_untrusted/Chia-wei.Hsu/decadel_output_dir/decadal.ocean_month.i201001.e04.2017.tos.nc ...
2025-04-22 23:36:00,845 - WARNING - extracted tar file /vftmp/Chia-wei.Hsu/untar_dir/20180101.ocean_month.nc exist, skipping...
2025-04-22 23:36:00,846 - INFO - (ncks) extracting variable /collab1/data_untrusted/Chia-wei.Hsu/decadel_output_dir/decadal.ocean_month.i201001.e04.2018.tos.nc ...
2025-04-22 23:39:48,465 - WARNING - extracted tar file /vftmp/Chia-wei.Hsu/untar_dir/20190101.ocean_month.nc exist, skipping...
2025-04-22 23:39:48,466 - INFO - (ncks) extracting variable /collab1/data_untrusted/Chia-wei.Hsu/decadel_output_dir/decadal.ocean_month.i201001.e04.2019.tos.nc ...
2025-04-22 23:39:49,307 - INFO - (ncrcat) concatenating files for single variable, single ensemble, multi-lead ...
2025-04-22 23:39:53,523 - INFO - concatenated file at /collab1/data_untrusted/Chia-wei.Hsu/decadel_output_dir/decadal.ocean_month.i201001.e04.tos.nc ...
2025-04-22 23:39:53,532 - INFO - remove individual files
2025-04-22 23:39:53,617 - INFO - === Processing variable tos ...
2025-04-22 23:39:53,618 - INFO - ===== Processing initial year 2010 initial month  1 ensamble_number  5...
2025-04-22 23:43:03,681 - WARNING - extracted tar file /vftmp/Chia-wei.Hsu/untar_dir/20100101.ocean_month.nc exist, skipping...
2025-04-22 23:43:03,682 - INFO - (ncks) extracting variable /collab1/data_untrusted/Chia-wei.Hsu/decadel_output_dir/decadal.ocean_month.i201001.e05.2010.tos.nc ...
2025-04-22 23:48:23,048 - WARNING - extracted tar file /vftmp/Chia-wei.Hsu/untar_dir/20110101.ocean_month.nc exist, skipping...
2025-04-22 23:48:23,049 - INFO - (ncks) extracting variable /collab1/data_untrusted/Chia-wei.Hsu/decadel_output_dir/decadal.ocean_month.i201001.e05.2011.tos.nc ...
2025-04-22 23:53:44,858 - WARNING - extracted tar file /vftmp/Chia-wei.Hsu/untar_dir/20120101.ocean_month.nc exist, skipping...
2025-04-22 23:53:44,859 - INFO - (ncks) extracting variable /collab1/data_untrusted/Chia-wei.Hsu/decadel_output_dir/decadal.ocean_month.i201001.e05.2012.tos.nc ...
2025-04-23 00:26:12,653 - WARNING - extracted tar file /vftmp/Chia-wei.Hsu/untar_dir/20130101.ocean_month.nc exist, skipping...
2025-04-23 00:26:12,654 - INFO - (ncks) extracting variable /collab1/data_untrusted/Chia-wei.Hsu/decadel_output_dir/decadal.ocean_month.i201001.e05.2013.tos.nc ...
2025-04-23 01:22:56,775 - WARNING - extracted tar file /vftmp/Chia-wei.Hsu/untar_dir/20140101.ocean_month.nc exist, skipping...
2025-04-23 01:22:56,776 - INFO - (ncks) extracting variable /collab1/data_untrusted/Chia-wei.Hsu/decadel_output_dir/decadal.ocean_month.i201001.e05.2014.tos.nc ...
2025-04-23 01:29:34,906 - WARNING - extracted tar file /vftmp/Chia-wei.Hsu/untar_dir/20150101.ocean_month.nc exist, skipping...
2025-04-23 01:29:34,908 - INFO - (ncks) extracting variable /collab1/data_untrusted/Chia-wei.Hsu/decadel_output_dir/decadal.ocean_month.i201001.e05.2015.tos.nc ...
2025-04-23 01:31:56,343 - WARNING - extracted tar file /vftmp/Chia-wei.Hsu/untar_dir/20160101.ocean_month.nc exist, skipping...
2025-04-23 01:31:56,344 - INFO - (ncks) extracting variable /collab1/data_untrusted/Chia-wei.Hsu/decadel_output_dir/decadal.ocean_month.i201001.e05.2016.tos.nc ...
2025-04-23 01:40:01,197 - WARNING - extracted tar file /vftmp/Chia-wei.Hsu/untar_dir/20170101.ocean_month.nc exist, skipping...
2025-04-23 01:40:01,197 - INFO - (ncks) extracting variable /collab1/data_untrusted/Chia-wei.Hsu/decadel_output_dir/decadal.ocean_month.i201001.e05.2017.tos.nc ...
2025-04-23 01:42:28,788 - WARNING - extracted tar file /vftmp/Chia-wei.Hsu/untar_dir/20180101.ocean_month.nc exist, skipping...
2025-04-23 01:42:28,789 - INFO - (ncks) extracting variable /collab1/data_untrusted/Chia-wei.Hsu/decadel_output_dir/decadal.ocean_month.i201001.e05.2018.tos.nc ...
2025-04-23 01:52:40,277 - WARNING - extracted tar file /vftmp/Chia-wei.Hsu/untar_dir/20190101.ocean_month.nc exist, skipping...
2025-04-23 01:52:40,278 - INFO - (ncks) extracting variable /collab1/data_untrusted/Chia-wei.Hsu/decadel_output_dir/decadal.ocean_month.i201001.e05.2019.tos.nc ...
2025-04-23 01:52:40,380 - INFO - (ncrcat) concatenating files for single variable, single ensemble, multi-lead ...
2025-04-23 01:52:44,904 - INFO - concatenated file at /collab1/data_untrusted/Chia-wei.Hsu/decadel_output_dir/decadal.ocean_month.i201001.e05.tos.nc ...
2025-04-23 01:52:44,910 - INFO - remove individual files
2025-04-23 01:52:44,946 - INFO - === Processing variable tos ...
2025-04-23 01:52:44,947 - INFO - ===== Processing initial year 2010 initial month  1 ensamble_number  6...
2025-04-23 01:55:25,170 - WARNING - extracted tar file /vftmp/Chia-wei.Hsu/untar_dir/20100101.ocean_month.nc exist, skipping...
2025-04-23 01:55:25,171 - INFO - (ncks) extracting variable /collab1/data_untrusted/Chia-wei.Hsu/decadel_output_dir/decadal.ocean_month.i201001.e06.2010.tos.nc ...
2025-04-23 01:59:38,965 - WARNING - extracted tar file /vftmp/Chia-wei.Hsu/untar_dir/20110101.ocean_month.nc exist, skipping...
2025-04-23 01:59:38,966 - INFO - (ncks) extracting variable /collab1/data_untrusted/Chia-wei.Hsu/decadel_output_dir/decadal.ocean_month.i201001.e06.2011.tos.nc ...
2025-04-23 02:02:57,722 - WARNING - extracted tar file /vftmp/Chia-wei.Hsu/untar_dir/20120101.ocean_month.nc exist, skipping...
2025-04-23 02:02:57,723 - INFO - (ncks) extracting variable /collab1/data_untrusted/Chia-wei.Hsu/decadel_output_dir/decadal.ocean_month.i201001.e06.2012.tos.nc ...
2025-04-23 02:09:00,506 - WARNING - extracted tar file /vftmp/Chia-wei.Hsu/untar_dir/20130101.ocean_month.nc exist, skipping...
2025-04-23 02:09:00,507 - INFO - (ncks) extracting variable /collab1/data_untrusted/Chia-wei.Hsu/decadel_output_dir/decadal.ocean_month.i201001.e06.2013.tos.nc ...
2025-04-23 02:38:04,794 - WARNING - extracted tar file /vftmp/Chia-wei.Hsu/untar_dir/20140101.ocean_month.nc exist, skipping...
2025-04-23 02:38:04,795 - INFO - (ncks) extracting variable /collab1/data_untrusted/Chia-wei.Hsu/decadel_output_dir/decadal.ocean_month.i201001.e06.2014.tos.nc ...
2025-04-23 02:42:33,160 - WARNING - extracted tar file /vftmp/Chia-wei.Hsu/untar_dir/20150101.ocean_month.nc exist, skipping...
2025-04-23 02:42:33,161 - INFO - (ncks) extracting variable /collab1/data_untrusted/Chia-wei.Hsu/decadel_output_dir/decadal.ocean_month.i201001.e06.2015.tos.nc ...
2025-04-23 02:46:00,486 - WARNING - extracted tar file /vftmp/Chia-wei.Hsu/untar_dir/20160101.ocean_month.nc exist, skipping...
2025-04-23 02:46:00,487 - INFO - (ncks) extracting variable /collab1/data_untrusted/Chia-wei.Hsu/decadel_output_dir/decadal.ocean_month.i201001.e06.2016.tos.nc ...
2025-04-23 02:49:56,264 - WARNING - extracted tar file /vftmp/Chia-wei.Hsu/untar_dir/20170101.ocean_month.nc exist, skipping...
2025-04-23 02:49:56,265 - INFO - (ncks) extracting variable /collab1/data_untrusted/Chia-wei.Hsu/decadel_output_dir/decadal.ocean_month.i201001.e06.2017.tos.nc ...
2025-04-23 02:52:28,206 - WARNING - extracted tar file /vftmp/Chia-wei.Hsu/untar_dir/20180101.ocean_month.nc exist, skipping...
2025-04-23 02:52:28,207 - INFO - (ncks) extracting variable /collab1/data_untrusted/Chia-wei.Hsu/decadel_output_dir/decadal.ocean_month.i201001.e06.2018.tos.nc ...
2025-04-23 02:55:04,473 - WARNING - extracted tar file /vftmp/Chia-wei.Hsu/untar_dir/20190101.ocean_month.nc exist, skipping...
2025-04-23 02:55:04,474 - INFO - (ncks) extracting variable /collab1/data_untrusted/Chia-wei.Hsu/decadel_output_dir/decadal.ocean_month.i201001.e06.2019.tos.nc ...
2025-04-23 02:55:04,586 - INFO - (ncrcat) concatenating files for single variable, single ensemble, multi-lead ...
2025-04-23 02:55:09,679 - INFO - concatenated file at /collab1/data_untrusted/Chia-wei.Hsu/decadel_output_dir/decadal.ocean_month.i201001.e06.tos.nc ...
2025-04-23 02:55:09,685 - INFO - remove individual files
