2025-04-22 12:26:53,025 - INFO - === Processing variable tos ...
2025-04-22 12:26:53,027 - WARNING - concatenate file /collab1/data_untrusted/Chia-wei.Hsu/decadel_output_dir/decadal.ocean_month.i200101.e01.tos.nc exist, skipping...
2025-04-22 12:26:53,051 - INFO - === Processing variable tos ...
2025-04-22 12:26:53,051 - INFO - ===== Processing initial year 2001 initial month  1 ensamble_number  2...
2025-04-22 15:37:43,089 - WARNING - extracted tar file /vftmp/Chia-wei.Hsu/untar_dir/20010101.ocean_month.nc exist, skipping...
2025-04-22 15:37:43,090 - INFO - (ncks) extracting variable /collab1/data_untrusted/Chia-wei.Hsu/decadel_output_dir/decadal.ocean_month.i200101.e02.2001.tos.nc ...
2025-04-22 15:46:14,223 - WARNING - extracted tar file /vftmp/Chia-wei.Hsu/untar_dir/20020101.ocean_month.nc exist, skipping...
2025-04-22 15:46:14,224 - INFO - (ncks) extracting variable /collab1/data_untrusted/Chia-wei.Hsu/decadel_output_dir/decadal.ocean_month.i200101.e02.2002.tos.nc ...
2025-04-22 16:38:17,575 - WARNING - extracted tar file /vftmp/Chia-wei.Hsu/untar_dir/20030101.ocean_month.nc exist, skipping...
2025-04-22 16:38:17,576 - INFO - (ncks) extracting variable /collab1/data_untrusted/Chia-wei.Hsu/decadel_output_dir/decadal.ocean_month.i200101.e02.2003.tos.nc ...
2025-04-22 16:46:19,636 - WARNING - extracted tar file /vftmp/Chia-wei.Hsu/untar_dir/20040101.ocean_month.nc exist, skipping...
2025-04-22 16:46:19,636 - INFO - (ncks) extracting variable /collab1/data_untrusted/Chia-wei.Hsu/decadel_output_dir/decadal.ocean_month.i200101.e02.2004.tos.nc ...
2025-04-22 16:50:56,168 - WARNING - extracted tar file /vftmp/Chia-wei.Hsu/untar_dir/20050101.ocean_month.nc exist, skipping...
2025-04-22 16:50:56,169 - INFO - (ncks) extracting variable /collab1/data_untrusted/Chia-wei.Hsu/decadel_output_dir/decadal.ocean_month.i200101.e02.2005.tos.nc ...
2025-04-22 16:57:45,549 - WARNING - extracted tar file /vftmp/Chia-wei.Hsu/untar_dir/20060101.ocean_month.nc exist, skipping...
2025-04-22 16:57:45,550 - INFO - (ncks) extracting variable /collab1/data_untrusted/Chia-wei.Hsu/decadel_output_dir/decadal.ocean_month.i200101.e02.2006.tos.nc ...
2025-04-22 17:13:02,382 - WARNING - extracted tar file /vftmp/Chia-wei.Hsu/untar_dir/20070101.ocean_month.nc exist, skipping...
2025-04-22 17:13:02,382 - INFO - (ncks) extracting variable /collab1/data_untrusted/Chia-wei.Hsu/decadel_output_dir/decadal.ocean_month.i200101.e02.2007.tos.nc ...
2025-04-22 17:16:50,955 - WARNING - extracted tar file /vftmp/Chia-wei.Hsu/untar_dir/20080101.ocean_month.nc exist, skipping...
2025-04-22 17:16:50,956 - INFO - (ncks) extracting variable /collab1/data_untrusted/Chia-wei.Hsu/decadel_output_dir/decadal.ocean_month.i200101.e02.2008.tos.nc ...
2025-04-22 17:19:56,030 - WARNING - extracted tar file /vftmp/Chia-wei.Hsu/untar_dir/20090101.ocean_month.nc exist, skipping...
2025-04-22 17:19:56,037 - INFO - (ncks) extracting variable /collab1/data_untrusted/Chia-wei.Hsu/decadel_output_dir/decadal.ocean_month.i200101.e02.2009.tos.nc ...
2025-04-22 17:31:56,982 - WARNING - extracted tar file /vftmp/Chia-wei.Hsu/untar_dir/20100101.ocean_month.nc exist, skipping...
2025-04-22 17:31:56,983 - INFO - (ncks) extracting variable /collab1/data_untrusted/Chia-wei.Hsu/decadel_output_dir/decadal.ocean_month.i200101.e02.2010.tos.nc ...
2025-04-22 17:31:57,056 - INFO - (ncrcat) concatenating files for single variable, single ensemble, multi-lead ...
2025-04-22 17:32:10,741 - INFO - concatenated file at /collab1/data_untrusted/Chia-wei.Hsu/decadel_output_dir/decadal.ocean_month.i200101.e02.tos.nc ...
2025-04-22 17:32:10,749 - INFO - remove individual files
2025-04-22 17:32:10,750 - INFO - === Processing variable tos ...
2025-04-22 17:32:10,750 - INFO - ===== Processing initial year 2001 initial month  1 ensamble_number  3...
2025-04-22 17:36:14,218 - WARNING - extracted tar file /vftmp/Chia-wei.Hsu/untar_dir/20010101.ocean_month.nc exist, skipping...
2025-04-22 17:36:14,218 - INFO - (ncks) extracting variable /collab1/data_untrusted/Chia-wei.Hsu/decadel_output_dir/decadal.ocean_month.i200101.e03.2001.tos.nc ...
2025-04-22 19:50:02,151 - WARNING - extracted tar file /vftmp/Chia-wei.Hsu/untar_dir/20020101.ocean_month.nc exist, skipping...
2025-04-22 19:50:02,152 - INFO - (ncks) extracting variable /collab1/data_untrusted/Chia-wei.Hsu/decadel_output_dir/decadal.ocean_month.i200101.e03.2002.tos.nc ...
2025-04-22 19:57:21,037 - WARNING - extracted tar file /vftmp/Chia-wei.Hsu/untar_dir/20030101.ocean_month.nc exist, skipping...
2025-04-22 19:57:21,038 - INFO - (ncks) extracting variable /collab1/data_untrusted/Chia-wei.Hsu/decadel_output_dir/decadal.ocean_month.i200101.e03.2003.tos.nc ...
2025-04-22 20:01:40,939 - WARNING - extracted tar file /vftmp/Chia-wei.Hsu/untar_dir/20040101.ocean_month.nc exist, skipping...
2025-04-22 20:01:40,940 - INFO - (ncks) extracting variable /collab1/data_untrusted/Chia-wei.Hsu/decadel_output_dir/decadal.ocean_month.i200101.e03.2004.tos.nc ...
2025-04-22 20:07:42,199 - WARNING - extracted tar file /vftmp/Chia-wei.Hsu/untar_dir/20050101.ocean_month.nc exist, skipping...
2025-04-22 20:07:42,200 - INFO - (ncks) extracting variable /collab1/data_untrusted/Chia-wei.Hsu/decadel_output_dir/decadal.ocean_month.i200101.e03.2005.tos.nc ...
2025-04-22 20:14:50,718 - WARNING - extracted tar file /vftmp/Chia-wei.Hsu/untar_dir/20060101.ocean_month.nc exist, skipping...
2025-04-22 20:14:50,718 - INFO - (ncks) extracting variable /collab1/data_untrusted/Chia-wei.Hsu/decadel_output_dir/decadal.ocean_month.i200101.e03.2006.tos.nc ...
2025-04-22 20:20:12,985 - WARNING - extracted tar file /vftmp/Chia-wei.Hsu/untar_dir/20070101.ocean_month.nc exist, skipping...
2025-04-22 20:20:12,986 - INFO - (ncks) extracting variable /collab1/data_untrusted/Chia-wei.Hsu/decadel_output_dir/decadal.ocean_month.i200101.e03.2007.tos.nc ...
2025-04-22 20:40:56,267 - WARNING - extracted tar file /vftmp/Chia-wei.Hsu/untar_dir/20080101.ocean_month.nc exist, skipping...
2025-04-22 20:40:56,268 - INFO - (ncks) extracting variable /collab1/data_untrusted/Chia-wei.Hsu/decadel_output_dir/decadal.ocean_month.i200101.e03.2008.tos.nc ...
2025-04-22 22:51:28,129 - WARNING - extracted tar file /vftmp/Chia-wei.Hsu/untar_dir/20090101.ocean_month.nc exist, skipping...
2025-04-22 22:51:28,198 - INFO - (ncks) extracting variable /collab1/data_untrusted/Chia-wei.Hsu/decadel_output_dir/decadal.ocean_month.i200101.e03.2009.tos.nc ...
2025-04-22 23:54:38,290 - WARNING - extracted tar file /vftmp/Chia-wei.Hsu/untar_dir/20100101.ocean_month.nc exist, skipping...
2025-04-22 23:54:38,292 - INFO - (ncks) extracting variable /collab1/data_untrusted/Chia-wei.Hsu/decadel_output_dir/decadal.ocean_month.i200101.e03.2010.tos.nc ...
2025-04-22 23:54:39,325 - INFO - (ncrcat) concatenating files for single variable, single ensemble, multi-lead ...
2025-04-22 23:54:42,333 - INFO - concatenated file at /collab1/data_untrusted/Chia-wei.Hsu/decadel_output_dir/decadal.ocean_month.i200101.e03.tos.nc ...
2025-04-22 23:54:42,343 - INFO - remove individual files
2025-04-22 23:54:42,387 - INFO - === Processing variable tos ...
2025-04-22 23:54:42,387 - INFO - ===== Processing initial year 2001 initial month  1 ensamble_number  4...
2025-04-22 23:58:16,581 - WARNING - extracted tar file /vftmp/Chia-wei.Hsu/untar_dir/20010101.ocean_month.nc exist, skipping...
2025-04-22 23:58:16,582 - INFO - (ncks) extracting variable /collab1/data_untrusted/Chia-wei.Hsu/decadel_output_dir/decadal.ocean_month.i200101.e04.2001.tos.nc ...
2025-04-23 00:00:50,382 - WARNING - extracted tar file /vftmp/Chia-wei.Hsu/untar_dir/20020101.ocean_month.nc exist, skipping...
2025-04-23 00:00:50,383 - INFO - (ncks) extracting variable /collab1/data_untrusted/Chia-wei.Hsu/decadel_output_dir/decadal.ocean_month.i200101.e04.2002.tos.nc ...
2025-04-23 00:05:15,634 - WARNING - extracted tar file /vftmp/Chia-wei.Hsu/untar_dir/20030101.ocean_month.nc exist, skipping...
2025-04-23 00:05:15,634 - INFO - (ncks) extracting variable /collab1/data_untrusted/Chia-wei.Hsu/decadel_output_dir/decadal.ocean_month.i200101.e04.2003.tos.nc ...
2025-04-23 00:12:18,122 - WARNING - extracted tar file /vftmp/Chia-wei.Hsu/untar_dir/20040101.ocean_month.nc exist, skipping...
2025-04-23 00:12:18,123 - INFO - (ncks) extracting variable /collab1/data_untrusted/Chia-wei.Hsu/decadel_output_dir/decadal.ocean_month.i200101.e04.2004.tos.nc ...
2025-04-23 00:15:17,601 - WARNING - extracted tar file /vftmp/Chia-wei.Hsu/untar_dir/20050101.ocean_month.nc exist, skipping...
2025-04-23 00:15:17,603 - INFO - (ncks) extracting variable /collab1/data_untrusted/Chia-wei.Hsu/decadel_output_dir/decadal.ocean_month.i200101.e04.2005.tos.nc ...
2025-04-23 00:18:00,815 - WARNING - extracted tar file /vftmp/Chia-wei.Hsu/untar_dir/20060101.ocean_month.nc exist, skipping...
2025-04-23 00:18:00,816 - INFO - (ncks) extracting variable /collab1/data_untrusted/Chia-wei.Hsu/decadel_output_dir/decadal.ocean_month.i200101.e04.2006.tos.nc ...
2025-04-23 00:21:57,282 - WARNING - extracted tar file /vftmp/Chia-wei.Hsu/untar_dir/20070101.ocean_month.nc exist, skipping...
2025-04-23 00:21:57,283 - INFO - (ncks) extracting variable /collab1/data_untrusted/Chia-wei.Hsu/decadel_output_dir/decadal.ocean_month.i200101.e04.2007.tos.nc ...
2025-04-23 00:25:12,339 - WARNING - extracted tar file /vftmp/Chia-wei.Hsu/untar_dir/20080101.ocean_month.nc exist, skipping...
2025-04-23 00:25:12,341 - INFO - (ncks) extracting variable /collab1/data_untrusted/Chia-wei.Hsu/decadel_output_dir/decadal.ocean_month.i200101.e04.2008.tos.nc ...
2025-04-23 00:30:47,783 - WARNING - extracted tar file /vftmp/Chia-wei.Hsu/untar_dir/20090101.ocean_month.nc exist, skipping...
2025-04-23 00:30:47,784 - INFO - (ncks) extracting variable /collab1/data_untrusted/Chia-wei.Hsu/decadel_output_dir/decadal.ocean_month.i200101.e04.2009.tos.nc ...
2025-04-23 00:42:09,026 - WARNING - extracted tar file /vftmp/Chia-wei.Hsu/untar_dir/20100101.ocean_month.nc exist, skipping...
2025-04-23 00:42:09,026 - INFO - (ncks) extracting variable /collab1/data_untrusted/Chia-wei.Hsu/decadel_output_dir/decadal.ocean_month.i200101.e04.2010.tos.nc ...
2025-04-23 00:42:09,161 - INFO - (ncrcat) concatenating files for single variable, single ensemble, multi-lead ...
2025-04-23 00:42:12,282 - INFO - concatenated file at /collab1/data_untrusted/Chia-wei.Hsu/decadel_output_dir/decadal.ocean_month.i200101.e04.tos.nc ...
2025-04-23 00:42:12,291 - INFO - remove individual files
2025-04-23 00:42:12,344 - INFO - === Processing variable tos ...
2025-04-23 00:42:12,345 - INFO - ===== Processing initial year 2001 initial month  1 ensamble_number  5...
2025-04-23 00:44:49,048 - WARNING - extracted tar file /vftmp/Chia-wei.Hsu/untar_dir/20010101.ocean_month.nc exist, skipping...
2025-04-23 00:44:49,049 - INFO - (ncks) extracting variable /collab1/data_untrusted/Chia-wei.Hsu/decadel_output_dir/decadal.ocean_month.i200101.e05.2001.tos.nc ...
2025-04-23 00:49:02,305 - WARNING - extracted tar file /vftmp/Chia-wei.Hsu/untar_dir/20020101.ocean_month.nc exist, skipping...
2025-04-23 00:49:02,306 - INFO - (ncks) extracting variable /collab1/data_untrusted/Chia-wei.Hsu/decadel_output_dir/decadal.ocean_month.i200101.e05.2002.tos.nc ...
2025-04-23 00:53:05,688 - WARNING - extracted tar file /vftmp/Chia-wei.Hsu/untar_dir/20030101.ocean_month.nc exist, skipping...
2025-04-23 00:53:05,688 - INFO - (ncks) extracting variable /collab1/data_untrusted/Chia-wei.Hsu/decadel_output_dir/decadal.ocean_month.i200101.e05.2003.tos.nc ...
2025-04-23 02:28:40,771 - WARNING - extracted tar file /vftmp/Chia-wei.Hsu/untar_dir/20040101.ocean_month.nc exist, skipping...
2025-04-23 02:28:40,772 - INFO - (ncks) extracting variable /collab1/data_untrusted/Chia-wei.Hsu/decadel_output_dir/decadal.ocean_month.i200101.e05.2004.tos.nc ...
2025-04-23 02:51:00,383 - WARNING - extracted tar file /vftmp/Chia-wei.Hsu/untar_dir/20050101.ocean_month.nc exist, skipping...
2025-04-23 02:51:00,384 - INFO - (ncks) extracting variable /collab1/data_untrusted/Chia-wei.Hsu/decadel_output_dir/decadal.ocean_month.i200101.e05.2005.tos.nc ...
2025-04-23 02:54:20,996 - WARNING - extracted tar file /vftmp/Chia-wei.Hsu/untar_dir/20060101.ocean_month.nc exist, skipping...
2025-04-23 02:54:20,997 - INFO - (ncks) extracting variable /collab1/data_untrusted/Chia-wei.Hsu/decadel_output_dir/decadal.ocean_month.i200101.e05.2006.tos.nc ...
