2025-04-22 12:26:52,976 - INFO - === Processing variable tos ...
2025-04-22 12:26:52,981 - WARNING - concatenate file /collab1/data_untrusted/Chia-wei.Hsu/decadel_output_dir/decadal.ocean_month.i201201.e01.tos.nc exist, skipping...
2025-04-22 12:26:53,040 - INFO - === Processing variable tos ...
2025-04-22 12:26:53,053 - INFO - ===== Processing initial year 2012 initial month  1 ensamble_number  2...
2025-04-22 12:26:53,325 - WARNING - extracted tar file /vftmp/Chia-wei.Hsu/untar_dir/20120101.ocean_month.nc exist, skipping...
2025-04-22 12:26:53,325 - WARNING - extracted variable file /collab1/data_untrusted/Chia-wei.Hsu/decadel_output_dir/decadal.ocean_month.i201201.e02.2012.tos.nc exist, skipping...
2025-04-22 16:28:35,206 - WARNING - extracted tar file /vftmp/Chia-wei.Hsu/untar_dir/20130101.ocean_month.nc exist, skipping...
2025-04-22 16:28:35,207 - INFO - (ncks) extracting variable /collab1/data_untrusted/Chia-wei.Hsu/decadel_output_dir/decadal.ocean_month.i201201.e02.2013.tos.nc ...
2025-04-22 16:31:52,269 - WARNING - extracted tar file /vftmp/Chia-wei.Hsu/untar_dir/20140101.ocean_month.nc exist, skipping...
2025-04-22 16:31:52,269 - INFO - (ncks) extracting variable /collab1/data_untrusted/Chia-wei.Hsu/decadel_output_dir/decadal.ocean_month.i201201.e02.2014.tos.nc ...
2025-04-22 16:45:32,867 - WARNING - extracted tar file /vftmp/Chia-wei.Hsu/untar_dir/20150101.ocean_month.nc exist, skipping...
2025-04-22 16:45:32,868 - INFO - (ncks) extracting variable /collab1/data_untrusted/Chia-wei.Hsu/decadel_output_dir/decadal.ocean_month.i201201.e02.2015.tos.nc ...
2025-04-22 16:52:05,626 - WARNING - extracted tar file /vftmp/Chia-wei.Hsu/untar_dir/20160101.ocean_month.nc exist, skipping...
2025-04-22 16:52:05,627 - INFO - (ncks) extracting variable /collab1/data_untrusted/Chia-wei.Hsu/decadel_output_dir/decadal.ocean_month.i201201.e02.2016.tos.nc ...
2025-04-22 17:01:10,268 - WARNING - extracted tar file /vftmp/Chia-wei.Hsu/untar_dir/20170101.ocean_month.nc exist, skipping...
2025-04-22 17:01:10,269 - INFO - (ncks) extracting variable /collab1/data_untrusted/Chia-wei.Hsu/decadel_output_dir/decadal.ocean_month.i201201.e02.2017.tos.nc ...
2025-04-22 17:20:08,960 - WARNING - extracted tar file /vftmp/Chia-wei.Hsu/untar_dir/20180101.ocean_month.nc exist, skipping...
2025-04-22 17:20:08,960 - INFO - (ncks) extracting variable /collab1/data_untrusted/Chia-wei.Hsu/decadel_output_dir/decadal.ocean_month.i201201.e02.2018.tos.nc ...
2025-04-22 17:23:05,694 - WARNING - extracted tar file /vftmp/Chia-wei.Hsu/untar_dir/20190101.ocean_month.nc exist, skipping...
2025-04-22 17:23:05,695 - INFO - (ncks) extracting variable /collab1/data_untrusted/Chia-wei.Hsu/decadel_output_dir/decadal.ocean_month.i201201.e02.2019.tos.nc ...
2025-04-22 17:29:00,253 - WARNING - extracted tar file /vftmp/Chia-wei.Hsu/untar_dir/20200101.ocean_month.nc exist, skipping...
2025-04-22 17:29:00,253 - INFO - (ncks) extracting variable /collab1/data_untrusted/Chia-wei.Hsu/decadel_output_dir/decadal.ocean_month.i201201.e02.2020.tos.nc ...
2025-04-22 17:34:33,738 - WARNING - extracted tar file /vftmp/Chia-wei.Hsu/untar_dir/20210101.ocean_month.nc exist, skipping...
2025-04-22 17:34:33,739 - INFO - (ncks) extracting variable /collab1/data_untrusted/Chia-wei.Hsu/decadel_output_dir/decadal.ocean_month.i201201.e02.2021.tos.nc ...
2025-04-22 17:34:33,811 - INFO - (ncrcat) concatenating files for single variable, single ensemble, multi-lead ...
2025-04-22 17:34:38,074 - INFO - concatenated file at /collab1/data_untrusted/Chia-wei.Hsu/decadel_output_dir/decadal.ocean_month.i201201.e02.tos.nc ...
2025-04-22 17:34:38,079 - INFO - remove individual files
2025-04-22 17:34:38,080 - INFO - === Processing variable tos ...
2025-04-22 17:34:38,080 - INFO - ===== Processing initial year 2012 initial month  1 ensamble_number  3...
2025-04-22 17:38:12,326 - WARNING - extracted tar file /vftmp/Chia-wei.Hsu/untar_dir/20120101.ocean_month.nc exist, skipping...
2025-04-22 17:38:12,327 - INFO - (ncks) extracting variable /collab1/data_untrusted/Chia-wei.Hsu/decadel_output_dir/decadal.ocean_month.i201201.e03.2012.tos.nc ...
2025-04-22 17:43:43,755 - WARNING - extracted tar file /vftmp/Chia-wei.Hsu/untar_dir/20130101.ocean_month.nc exist, skipping...
2025-04-22 17:43:43,756 - INFO - (ncks) extracting variable /collab1/data_untrusted/Chia-wei.Hsu/decadel_output_dir/decadal.ocean_month.i201201.e03.2013.tos.nc ...
2025-04-22 17:48:49,797 - WARNING - extracted tar file /vftmp/Chia-wei.Hsu/untar_dir/20140101.ocean_month.nc exist, skipping...
2025-04-22 17:48:49,798 - INFO - (ncks) extracting variable /collab1/data_untrusted/Chia-wei.Hsu/decadel_output_dir/decadal.ocean_month.i201201.e03.2014.tos.nc ...
2025-04-22 17:53:45,681 - WARNING - extracted tar file /vftmp/Chia-wei.Hsu/untar_dir/20150101.ocean_month.nc exist, skipping...
2025-04-22 17:53:45,682 - INFO - (ncks) extracting variable /collab1/data_untrusted/Chia-wei.Hsu/decadel_output_dir/decadal.ocean_month.i201201.e03.2015.tos.nc ...
2025-04-22 17:57:11,431 - WARNING - extracted tar file /vftmp/Chia-wei.Hsu/untar_dir/20160101.ocean_month.nc exist, skipping...
2025-04-22 17:57:11,431 - INFO - (ncks) extracting variable /collab1/data_untrusted/Chia-wei.Hsu/decadel_output_dir/decadal.ocean_month.i201201.e03.2016.tos.nc ...
2025-04-22 18:01:15,016 - WARNING - extracted tar file /vftmp/Chia-wei.Hsu/untar_dir/20170101.ocean_month.nc exist, skipping...
2025-04-22 18:01:15,017 - INFO - (ncks) extracting variable /collab1/data_untrusted/Chia-wei.Hsu/decadel_output_dir/decadal.ocean_month.i201201.e03.2017.tos.nc ...
2025-04-22 18:04:51,175 - WARNING - extracted tar file /vftmp/Chia-wei.Hsu/untar_dir/20180101.ocean_month.nc exist, skipping...
2025-04-22 18:04:51,176 - INFO - (ncks) extracting variable /collab1/data_untrusted/Chia-wei.Hsu/decadel_output_dir/decadal.ocean_month.i201201.e03.2018.tos.nc ...
2025-04-22 18:07:11,756 - WARNING - extracted tar file /vftmp/Chia-wei.Hsu/untar_dir/20190101.ocean_month.nc exist, skipping...
2025-04-22 18:07:11,757 - INFO - (ncks) extracting variable /collab1/data_untrusted/Chia-wei.Hsu/decadel_output_dir/decadal.ocean_month.i201201.e03.2019.tos.nc ...
2025-04-22 18:10:48,713 - WARNING - extracted tar file /vftmp/Chia-wei.Hsu/untar_dir/20200101.ocean_month.nc exist, skipping...
2025-04-22 18:10:48,714 - INFO - (ncks) extracting variable /collab1/data_untrusted/Chia-wei.Hsu/decadel_output_dir/decadal.ocean_month.i201201.e03.2020.tos.nc ...
2025-04-22 18:15:58,124 - WARNING - extracted tar file /vftmp/Chia-wei.Hsu/untar_dir/20210101.ocean_month.nc exist, skipping...
2025-04-22 18:15:58,124 - INFO - (ncks) extracting variable /collab1/data_untrusted/Chia-wei.Hsu/decadel_output_dir/decadal.ocean_month.i201201.e03.2021.tos.nc ...
2025-04-22 18:15:58,220 - INFO - (ncrcat) concatenating files for single variable, single ensemble, multi-lead ...
2025-04-22 18:16:02,677 - INFO - concatenated file at /collab1/data_untrusted/Chia-wei.Hsu/decadel_output_dir/decadal.ocean_month.i201201.e03.tos.nc ...
2025-04-22 18:16:02,691 - INFO - remove individual files
2025-04-22 18:16:02,729 - INFO - === Processing variable tos ...
2025-04-22 18:16:02,729 - INFO - ===== Processing initial year 2012 initial month  1 ensamble_number  4...
2025-04-22 18:19:28,819 - WARNING - extracted tar file /vftmp/Chia-wei.Hsu/untar_dir/20120101.ocean_month.nc exist, skipping...
2025-04-22 18:19:28,820 - INFO - (ncks) extracting variable /collab1/data_untrusted/Chia-wei.Hsu/decadel_output_dir/decadal.ocean_month.i201201.e04.2012.tos.nc ...
2025-04-22 18:38:41,560 - WARNING - extracted tar file /vftmp/Chia-wei.Hsu/untar_dir/20130101.ocean_month.nc exist, skipping...
2025-04-22 18:38:41,560 - INFO - (ncks) extracting variable /collab1/data_untrusted/Chia-wei.Hsu/decadel_output_dir/decadal.ocean_month.i201201.e04.2013.tos.nc ...
2025-04-22 18:42:34,061 - WARNING - extracted tar file /vftmp/Chia-wei.Hsu/untar_dir/20140101.ocean_month.nc exist, skipping...
2025-04-22 18:42:34,062 - INFO - (ncks) extracting variable /collab1/data_untrusted/Chia-wei.Hsu/decadel_output_dir/decadal.ocean_month.i201201.e04.2014.tos.nc ...
2025-04-22 18:45:39,319 - WARNING - extracted tar file /vftmp/Chia-wei.Hsu/untar_dir/20150101.ocean_month.nc exist, skipping...
2025-04-22 18:45:39,319 - INFO - (ncks) extracting variable /collab1/data_untrusted/Chia-wei.Hsu/decadel_output_dir/decadal.ocean_month.i201201.e04.2015.tos.nc ...
2025-04-22 18:52:06,032 - WARNING - extracted tar file /vftmp/Chia-wei.Hsu/untar_dir/20160101.ocean_month.nc exist, skipping...
2025-04-22 18:52:06,033 - INFO - (ncks) extracting variable /collab1/data_untrusted/Chia-wei.Hsu/decadel_output_dir/decadal.ocean_month.i201201.e04.2016.tos.nc ...
2025-04-22 18:55:15,735 - WARNING - extracted tar file /vftmp/Chia-wei.Hsu/untar_dir/20170101.ocean_month.nc exist, skipping...
2025-04-22 18:55:15,736 - INFO - (ncks) extracting variable /collab1/data_untrusted/Chia-wei.Hsu/decadel_output_dir/decadal.ocean_month.i201201.e04.2017.tos.nc ...
2025-04-22 19:00:33,084 - WARNING - extracted tar file /vftmp/Chia-wei.Hsu/untar_dir/20180101.ocean_month.nc exist, skipping...
2025-04-22 19:00:33,085 - INFO - (ncks) extracting variable /collab1/data_untrusted/Chia-wei.Hsu/decadel_output_dir/decadal.ocean_month.i201201.e04.2018.tos.nc ...
2025-04-22 19:07:21,532 - WARNING - extracted tar file /vftmp/Chia-wei.Hsu/untar_dir/20190101.ocean_month.nc exist, skipping...
2025-04-22 19:07:21,532 - INFO - (ncks) extracting variable /collab1/data_untrusted/Chia-wei.Hsu/decadel_output_dir/decadal.ocean_month.i201201.e04.2019.tos.nc ...
2025-04-22 23:22:21,244 - WARNING - extracted tar file /vftmp/Chia-wei.Hsu/untar_dir/20200101.ocean_month.nc exist, skipping...
2025-04-22 23:22:21,469 - INFO - (ncks) extracting variable /collab1/data_untrusted/Chia-wei.Hsu/decadel_output_dir/decadal.ocean_month.i201201.e04.2020.tos.nc ...
2025-04-22 23:25:21,804 - WARNING - extracted tar file /vftmp/Chia-wei.Hsu/untar_dir/20210101.ocean_month.nc exist, skipping...
2025-04-22 23:25:21,805 - INFO - (ncks) extracting variable /collab1/data_untrusted/Chia-wei.Hsu/decadel_output_dir/decadal.ocean_month.i201201.e04.2021.tos.nc ...
2025-04-22 23:25:22,376 - INFO - (ncrcat) concatenating files for single variable, single ensemble, multi-lead ...
2025-04-22 23:25:26,448 - INFO - concatenated file at /collab1/data_untrusted/Chia-wei.Hsu/decadel_output_dir/decadal.ocean_month.i201201.e04.tos.nc ...
2025-04-22 23:25:30,038 - INFO - remove individual files
2025-04-22 23:25:30,081 - INFO - === Processing variable tos ...
2025-04-22 23:25:30,082 - INFO - ===== Processing initial year 2012 initial month  1 ensamble_number  5...
2025-04-22 23:30:07,301 - WARNING - extracted tar file /vftmp/Chia-wei.Hsu/untar_dir/20120101.ocean_month.nc exist, skipping...
2025-04-22 23:30:07,303 - INFO - (ncks) extracting variable /collab1/data_untrusted/Chia-wei.Hsu/decadel_output_dir/decadal.ocean_month.i201201.e05.2012.tos.nc ...
2025-04-22 23:36:06,930 - WARNING - extracted tar file /vftmp/Chia-wei.Hsu/untar_dir/20130101.ocean_month.nc exist, skipping...
2025-04-22 23:36:06,931 - INFO - (ncks) extracting variable /collab1/data_untrusted/Chia-wei.Hsu/decadel_output_dir/decadal.ocean_month.i201201.e05.2013.tos.nc ...
2025-04-22 23:40:32,197 - WARNING - extracted tar file /vftmp/Chia-wei.Hsu/untar_dir/20140101.ocean_month.nc exist, skipping...
2025-04-22 23:40:32,198 - INFO - (ncks) extracting variable /collab1/data_untrusted/Chia-wei.Hsu/decadel_output_dir/decadal.ocean_month.i201201.e05.2014.tos.nc ...
2025-04-23 01:18:09,838 - WARNING - extracted tar file /vftmp/Chia-wei.Hsu/untar_dir/20150101.ocean_month.nc exist, skipping...
2025-04-23 01:18:09,839 - INFO - (ncks) extracting variable /collab1/data_untrusted/Chia-wei.Hsu/decadel_output_dir/decadal.ocean_month.i201201.e05.2015.tos.nc ...
2025-04-23 01:38:50,559 - WARNING - extracted tar file /vftmp/Chia-wei.Hsu/untar_dir/20160101.ocean_month.nc exist, skipping...
2025-04-23 01:38:50,560 - INFO - (ncks) extracting variable /collab1/data_untrusted/Chia-wei.Hsu/decadel_output_dir/decadal.ocean_month.i201201.e05.2016.tos.nc ...
2025-04-23 01:42:11,180 - WARNING - extracted tar file /vftmp/Chia-wei.Hsu/untar_dir/20170101.ocean_month.nc exist, skipping...
2025-04-23 01:42:11,181 - INFO - (ncks) extracting variable /collab1/data_untrusted/Chia-wei.Hsu/decadel_output_dir/decadal.ocean_month.i201201.e05.2017.tos.nc ...
2025-04-23 01:48:14,171 - WARNING - extracted tar file /vftmp/Chia-wei.Hsu/untar_dir/20180101.ocean_month.nc exist, skipping...
2025-04-23 01:48:14,171 - INFO - (ncks) extracting variable /collab1/data_untrusted/Chia-wei.Hsu/decadel_output_dir/decadal.ocean_month.i201201.e05.2018.tos.nc ...
2025-04-23 01:50:46,236 - WARNING - extracted tar file /vftmp/Chia-wei.Hsu/untar_dir/20190101.ocean_month.nc exist, skipping...
2025-04-23 01:50:46,236 - INFO - (ncks) extracting variable /collab1/data_untrusted/Chia-wei.Hsu/decadel_output_dir/decadal.ocean_month.i201201.e05.2019.tos.nc ...
2025-04-23 01:54:52,219 - WARNING - extracted tar file /vftmp/Chia-wei.Hsu/untar_dir/20200101.ocean_month.nc exist, skipping...
2025-04-23 01:54:52,220 - INFO - (ncks) extracting variable /collab1/data_untrusted/Chia-wei.Hsu/decadel_output_dir/decadal.ocean_month.i201201.e05.2020.tos.nc ...
2025-04-23 02:04:18,766 - WARNING - extracted tar file /vftmp/Chia-wei.Hsu/untar_dir/20210101.ocean_month.nc exist, skipping...
2025-04-23 02:04:18,767 - INFO - (ncks) extracting variable /collab1/data_untrusted/Chia-wei.Hsu/decadel_output_dir/decadal.ocean_month.i201201.e05.2021.tos.nc ...
2025-04-23 02:04:18,877 - INFO - (ncrcat) concatenating files for single variable, single ensemble, multi-lead ...
2025-04-23 02:04:22,384 - INFO - concatenated file at /collab1/data_untrusted/Chia-wei.Hsu/decadel_output_dir/decadal.ocean_month.i201201.e05.tos.nc ...
2025-04-23 02:04:22,391 - INFO - remove individual files
2025-04-23 02:04:22,392 - INFO - === Processing variable tos ...
2025-04-23 02:04:22,393 - INFO - ===== Processing initial year 2012 initial month  1 ensamble_number  6...
2025-04-23 03:11:14,616 - WARNING - extracted tar file /vftmp/Chia-wei.Hsu/untar_dir/20120101.ocean_month.nc exist, skipping...
2025-04-23 03:11:14,617 - INFO - (ncks) extracting variable /collab1/data_untrusted/Chia-wei.Hsu/decadel_output_dir/decadal.ocean_month.i201201.e06.2012.tos.nc ...
2025-04-23 03:13:53,249 - WARNING - extracted tar file /vftmp/Chia-wei.Hsu/untar_dir/20130101.ocean_month.nc exist, skipping...
2025-04-23 03:13:53,250 - INFO - (ncks) extracting variable /collab1/data_untrusted/Chia-wei.Hsu/decadel_output_dir/decadal.ocean_month.i201201.e06.2013.tos.nc ...
2025-04-23 03:17:58,938 - WARNING - extracted tar file /vftmp/Chia-wei.Hsu/untar_dir/20140101.ocean_month.nc exist, skipping...
2025-04-23 03:17:58,939 - INFO - (ncks) extracting variable /collab1/data_untrusted/Chia-wei.Hsu/decadel_output_dir/decadal.ocean_month.i201201.e06.2014.tos.nc ...
2025-04-23 03:24:50,765 - WARNING - extracted tar file /vftmp/Chia-wei.Hsu/untar_dir/20150101.ocean_month.nc exist, skipping...
2025-04-23 03:24:50,766 - INFO - (ncks) extracting variable /collab1/data_untrusted/Chia-wei.Hsu/decadel_output_dir/decadal.ocean_month.i201201.e06.2015.tos.nc ...
2025-04-23 03:47:25,152 - WARNING - extracted tar file /vftmp/Chia-wei.Hsu/untar_dir/20160101.ocean_month.nc exist, skipping...
2025-04-23 03:47:25,153 - INFO - (ncks) extracting variable /collab1/data_untrusted/Chia-wei.Hsu/decadel_output_dir/decadal.ocean_month.i201201.e06.2016.tos.nc ...
2025-04-23 03:55:27,266 - WARNING - extracted tar file /vftmp/Chia-wei.Hsu/untar_dir/20170101.ocean_month.nc exist, skipping...
2025-04-23 03:55:27,267 - INFO - (ncks) extracting variable /collab1/data_untrusted/Chia-wei.Hsu/decadel_output_dir/decadal.ocean_month.i201201.e06.2017.tos.nc ...
2025-04-23 03:59:09,742 - WARNING - extracted tar file /vftmp/Chia-wei.Hsu/untar_dir/20180101.ocean_month.nc exist, skipping...
2025-04-23 03:59:09,743 - INFO - (ncks) extracting variable /collab1/data_untrusted/Chia-wei.Hsu/decadel_output_dir/decadal.ocean_month.i201201.e06.2018.tos.nc ...
2025-04-23 04:01:36,126 - WARNING - extracted tar file /vftmp/Chia-wei.Hsu/untar_dir/20190101.ocean_month.nc exist, skipping...
2025-04-23 04:01:36,127 - INFO - (ncks) extracting variable /collab1/data_untrusted/Chia-wei.Hsu/decadel_output_dir/decadal.ocean_month.i201201.e06.2019.tos.nc ...
2025-04-23 04:04:43,273 - WARNING - extracted tar file /vftmp/Chia-wei.Hsu/untar_dir/20200101.ocean_month.nc exist, skipping...
2025-04-23 04:04:43,274 - INFO - (ncks) extracting variable /collab1/data_untrusted/Chia-wei.Hsu/decadel_output_dir/decadal.ocean_month.i201201.e06.2020.tos.nc ...
2025-04-23 04:07:55,372 - WARNING - extracted tar file /vftmp/Chia-wei.Hsu/untar_dir/20210101.ocean_month.nc exist, skipping...
2025-04-23 04:07:55,373 - INFO - (ncks) extracting variable /collab1/data_untrusted/Chia-wei.Hsu/decadel_output_dir/decadal.ocean_month.i201201.e06.2021.tos.nc ...
2025-04-23 04:07:55,451 - INFO - (ncrcat) concatenating files for single variable, single ensemble, multi-lead ...
2025-04-23 04:07:59,348 - INFO - concatenated file at /collab1/data_untrusted/Chia-wei.Hsu/decadel_output_dir/decadal.ocean_month.i201201.e06.tos.nc ...
2025-04-23 04:07:59,355 - INFO - remove individual files
