2025-04-22 12:26:52,981 - INFO - === Processing variable tos ...
2025-04-22 12:26:52,982 - WARNING - concatenate file /collab1/data_untrusted/Chia-wei.Hsu/decadel_output_dir/decadal.ocean_month.i196801.e01.tos.nc exist, skipping...
2025-04-22 12:26:53,046 - INFO - === Processing variable tos ...
2025-04-22 12:26:53,065 - INFO - ===== Processing initial year 1968 initial month  1 ensamble_number  2...
2025-04-22 13:26:44,728 - WARNING - extracted tar file /vftmp/Chia-wei.Hsu/untar_dir/19680101.ocean_month.nc exist, skipping...
2025-04-22 13:26:44,729 - INFO - (ncks) extracting variable /collab1/data_untrusted/Chia-wei.Hsu/decadel_output_dir/decadal.ocean_month.i196801.e02.1968.tos.nc ...
2025-04-22 13:31:26,334 - WARNING - extracted tar file /vftmp/Chia-wei.Hsu/untar_dir/19690101.ocean_month.nc exist, skipping...
2025-04-22 13:31:26,336 - INFO - (ncks) extracting variable /collab1/data_untrusted/Chia-wei.Hsu/decadel_output_dir/decadal.ocean_month.i196801.e02.1969.tos.nc ...
2025-04-22 15:58:08,357 - WARNING - extracted tar file /vftmp/Chia-wei.Hsu/untar_dir/19700101.ocean_month.nc exist, skipping...
2025-04-22 15:58:08,358 - INFO - (ncks) extracting variable /collab1/data_untrusted/Chia-wei.Hsu/decadel_output_dir/decadal.ocean_month.i196801.e02.1970.tos.nc ...
2025-04-22 16:05:36,846 - WARNING - extracted tar file /vftmp/Chia-wei.Hsu/untar_dir/19710101.ocean_month.nc exist, skipping...
2025-04-22 16:05:36,847 - INFO - (ncks) extracting variable /collab1/data_untrusted/Chia-wei.Hsu/decadel_output_dir/decadal.ocean_month.i196801.e02.1971.tos.nc ...
2025-04-22 16:11:02,732 - WARNING - extracted tar file /vftmp/Chia-wei.Hsu/untar_dir/19720101.ocean_month.nc exist, skipping...
2025-04-22 16:11:02,733 - INFO - (ncks) extracting variable /collab1/data_untrusted/Chia-wei.Hsu/decadel_output_dir/decadal.ocean_month.i196801.e02.1972.tos.nc ...
2025-04-22 16:13:11,517 - WARNING - extracted tar file /vftmp/Chia-wei.Hsu/untar_dir/19730101.ocean_month.nc exist, skipping...
2025-04-22 16:13:11,518 - INFO - (ncks) extracting variable /collab1/data_untrusted/Chia-wei.Hsu/decadel_output_dir/decadal.ocean_month.i196801.e02.1973.tos.nc ...
2025-04-22 16:16:22,026 - WARNING - extracted tar file /vftmp/Chia-wei.Hsu/untar_dir/19740101.ocean_month.nc exist, skipping...
2025-04-22 16:16:22,027 - INFO - (ncks) extracting variable /collab1/data_untrusted/Chia-wei.Hsu/decadel_output_dir/decadal.ocean_month.i196801.e02.1974.tos.nc ...
2025-04-22 16:21:04,928 - WARNING - extracted tar file /vftmp/Chia-wei.Hsu/untar_dir/19750101.ocean_month.nc exist, skipping...
2025-04-22 16:21:04,929 - INFO - (ncks) extracting variable /collab1/data_untrusted/Chia-wei.Hsu/decadel_output_dir/decadal.ocean_month.i196801.e02.1975.tos.nc ...
2025-04-22 16:23:51,245 - WARNING - extracted tar file /vftmp/Chia-wei.Hsu/untar_dir/19760101.ocean_month.nc exist, skipping...
2025-04-22 16:23:51,246 - INFO - (ncks) extracting variable /collab1/data_untrusted/Chia-wei.Hsu/decadel_output_dir/decadal.ocean_month.i196801.e02.1976.tos.nc ...
2025-04-22 16:27:09,001 - WARNING - extracted tar file /vftmp/Chia-wei.Hsu/untar_dir/19770101.ocean_month.nc exist, skipping...
2025-04-22 16:27:09,002 - INFO - (ncks) extracting variable /collab1/data_untrusted/Chia-wei.Hsu/decadel_output_dir/decadal.ocean_month.i196801.e02.1977.tos.nc ...
2025-04-22 16:27:09,081 - INFO - (ncrcat) concatenating files for single variable, single ensemble, multi-lead ...
2025-04-22 16:27:11,903 - INFO - concatenated file at /collab1/data_untrusted/Chia-wei.Hsu/decadel_output_dir/decadal.ocean_month.i196801.e02.tos.nc ...
2025-04-22 16:27:11,913 - INFO - remove individual files
2025-04-22 16:27:11,941 - INFO - === Processing variable tos ...
2025-04-22 16:27:11,942 - INFO - ===== Processing initial year 1968 initial month  1 ensamble_number  3...
2025-04-22 16:34:12,888 - WARNING - extracted tar file /vftmp/Chia-wei.Hsu/untar_dir/19680101.ocean_month.nc exist, skipping...
2025-04-22 16:34:12,888 - INFO - (ncks) extracting variable /collab1/data_untrusted/Chia-wei.Hsu/decadel_output_dir/decadal.ocean_month.i196801.e03.1968.tos.nc ...
2025-04-22 17:17:41,000 - WARNING - extracted tar file /vftmp/Chia-wei.Hsu/untar_dir/19690101.ocean_month.nc exist, skipping...
2025-04-22 17:17:41,001 - INFO - (ncks) extracting variable /collab1/data_untrusted/Chia-wei.Hsu/decadel_output_dir/decadal.ocean_month.i196801.e03.1969.tos.nc ...
2025-04-22 17:21:18,722 - WARNING - extracted tar file /vftmp/Chia-wei.Hsu/untar_dir/19700101.ocean_month.nc exist, skipping...
2025-04-22 17:21:18,722 - INFO - (ncks) extracting variable /collab1/data_untrusted/Chia-wei.Hsu/decadel_output_dir/decadal.ocean_month.i196801.e03.1970.tos.nc ...
2025-04-22 17:34:17,003 - WARNING - extracted tar file /vftmp/Chia-wei.Hsu/untar_dir/19710101.ocean_month.nc exist, skipping...
2025-04-22 17:34:17,004 - INFO - (ncks) extracting variable /collab1/data_untrusted/Chia-wei.Hsu/decadel_output_dir/decadal.ocean_month.i196801.e03.1971.tos.nc ...
2025-04-22 17:45:12,225 - WARNING - extracted tar file /vftmp/Chia-wei.Hsu/untar_dir/19720101.ocean_month.nc exist, skipping...
2025-04-22 17:45:12,226 - INFO - (ncks) extracting variable /collab1/data_untrusted/Chia-wei.Hsu/decadel_output_dir/decadal.ocean_month.i196801.e03.1972.tos.nc ...
2025-04-22 17:49:14,217 - WARNING - extracted tar file /vftmp/Chia-wei.Hsu/untar_dir/19730101.ocean_month.nc exist, skipping...
2025-04-22 17:49:14,217 - INFO - (ncks) extracting variable /collab1/data_untrusted/Chia-wei.Hsu/decadel_output_dir/decadal.ocean_month.i196801.e03.1973.tos.nc ...
2025-04-22 17:53:38,300 - WARNING - extracted tar file /vftmp/Chia-wei.Hsu/untar_dir/19740101.ocean_month.nc exist, skipping...
2025-04-22 17:53:38,301 - INFO - (ncks) extracting variable /collab1/data_untrusted/Chia-wei.Hsu/decadel_output_dir/decadal.ocean_month.i196801.e03.1974.tos.nc ...
2025-04-22 19:44:43,065 - WARNING - extracted tar file /vftmp/Chia-wei.Hsu/untar_dir/19750101.ocean_month.nc exist, skipping...
2025-04-22 19:44:43,066 - INFO - (ncks) extracting variable /collab1/data_untrusted/Chia-wei.Hsu/decadel_output_dir/decadal.ocean_month.i196801.e03.1975.tos.nc ...
2025-04-22 20:21:19,532 - WARNING - extracted tar file /vftmp/Chia-wei.Hsu/untar_dir/19760101.ocean_month.nc exist, skipping...
2025-04-22 20:21:19,533 - INFO - (ncks) extracting variable /collab1/data_untrusted/Chia-wei.Hsu/decadel_output_dir/decadal.ocean_month.i196801.e03.1976.tos.nc ...
2025-04-22 20:32:59,866 - WARNING - extracted tar file /vftmp/Chia-wei.Hsu/untar_dir/19770101.ocean_month.nc exist, skipping...
2025-04-22 20:32:59,867 - INFO - (ncks) extracting variable /collab1/data_untrusted/Chia-wei.Hsu/decadel_output_dir/decadal.ocean_month.i196801.e03.1977.tos.nc ...
2025-04-22 20:33:01,738 - INFO - (ncrcat) concatenating files for single variable, single ensemble, multi-lead ...
2025-04-22 20:33:05,756 - INFO - concatenated file at /collab1/data_untrusted/Chia-wei.Hsu/decadel_output_dir/decadal.ocean_month.i196801.e03.tos.nc ...
2025-04-22 20:33:05,766 - INFO - remove individual files
2025-04-22 20:33:05,816 - INFO - === Processing variable tos ...
2025-04-22 20:33:05,817 - INFO - ===== Processing initial year 1968 initial month  1 ensamble_number  4...
2025-04-22 20:37:26,522 - WARNING - extracted tar file /vftmp/Chia-wei.Hsu/untar_dir/19680101.ocean_month.nc exist, skipping...
2025-04-22 20:37:26,523 - INFO - (ncks) extracting variable /collab1/data_untrusted/Chia-wei.Hsu/decadel_output_dir/decadal.ocean_month.i196801.e04.1968.tos.nc ...
2025-04-22 20:41:51,647 - WARNING - extracted tar file /vftmp/Chia-wei.Hsu/untar_dir/19690101.ocean_month.nc exist, skipping...
2025-04-22 20:41:51,648 - INFO - (ncks) extracting variable /collab1/data_untrusted/Chia-wei.Hsu/decadel_output_dir/decadal.ocean_month.i196801.e04.1969.tos.nc ...
2025-04-22 20:47:11,153 - WARNING - extracted tar file /vftmp/Chia-wei.Hsu/untar_dir/19700101.ocean_month.nc exist, skipping...
2025-04-22 20:47:11,154 - INFO - (ncks) extracting variable /collab1/data_untrusted/Chia-wei.Hsu/decadel_output_dir/decadal.ocean_month.i196801.e04.1970.tos.nc ...
2025-04-22 20:50:11,905 - WARNING - extracted tar file /vftmp/Chia-wei.Hsu/untar_dir/19710101.ocean_month.nc exist, skipping...
2025-04-22 20:50:11,906 - INFO - (ncks) extracting variable /collab1/data_untrusted/Chia-wei.Hsu/decadel_output_dir/decadal.ocean_month.i196801.e04.1971.tos.nc ...
2025-04-22 20:53:41,086 - WARNING - extracted tar file /vftmp/Chia-wei.Hsu/untar_dir/19720101.ocean_month.nc exist, skipping...
2025-04-22 20:53:41,087 - INFO - (ncks) extracting variable /collab1/data_untrusted/Chia-wei.Hsu/decadel_output_dir/decadal.ocean_month.i196801.e04.1972.tos.nc ...
2025-04-22 20:57:20,830 - WARNING - extracted tar file /vftmp/Chia-wei.Hsu/untar_dir/19730101.ocean_month.nc exist, skipping...
2025-04-22 20:57:20,831 - INFO - (ncks) extracting variable /collab1/data_untrusted/Chia-wei.Hsu/decadel_output_dir/decadal.ocean_month.i196801.e04.1973.tos.nc ...
2025-04-22 22:26:27,278 - WARNING - extracted tar file /vftmp/Chia-wei.Hsu/untar_dir/19740101.ocean_month.nc exist, skipping...
2025-04-22 22:26:27,279 - INFO - (ncks) extracting variable /collab1/data_untrusted/Chia-wei.Hsu/decadel_output_dir/decadal.ocean_month.i196801.e04.1974.tos.nc ...
2025-04-22 22:30:28,669 - WARNING - extracted tar file /vftmp/Chia-wei.Hsu/untar_dir/19750101.ocean_month.nc exist, skipping...
2025-04-22 22:30:28,671 - INFO - (ncks) extracting variable /collab1/data_untrusted/Chia-wei.Hsu/decadel_output_dir/decadal.ocean_month.i196801.e04.1975.tos.nc ...
2025-04-22 22:35:49,014 - WARNING - extracted tar file /vftmp/Chia-wei.Hsu/untar_dir/19760101.ocean_month.nc exist, skipping...
2025-04-22 22:35:49,015 - INFO - (ncks) extracting variable /collab1/data_untrusted/Chia-wei.Hsu/decadel_output_dir/decadal.ocean_month.i196801.e04.1976.tos.nc ...
2025-04-22 22:40:47,184 - WARNING - extracted tar file /vftmp/Chia-wei.Hsu/untar_dir/19770101.ocean_month.nc exist, skipping...
2025-04-22 22:40:47,186 - INFO - (ncks) extracting variable /collab1/data_untrusted/Chia-wei.Hsu/decadel_output_dir/decadal.ocean_month.i196801.e04.1977.tos.nc ...
2025-04-22 22:40:47,545 - INFO - (ncrcat) concatenating files for single variable, single ensemble, multi-lead ...
2025-04-22 22:40:57,052 - INFO - concatenated file at /collab1/data_untrusted/Chia-wei.Hsu/decadel_output_dir/decadal.ocean_month.i196801.e04.tos.nc ...
2025-04-22 22:40:57,058 - INFO - remove individual files
2025-04-22 22:40:57,167 - INFO - === Processing variable tos ...
2025-04-22 22:40:57,167 - INFO - ===== Processing initial year 1968 initial month  1 ensamble_number  5...
2025-04-22 23:09:29,428 - WARNING - extracted tar file /vftmp/Chia-wei.Hsu/untar_dir/19680101.ocean_month.nc exist, skipping...
2025-04-22 23:09:29,429 - INFO - (ncks) extracting variable /collab1/data_untrusted/Chia-wei.Hsu/decadel_output_dir/decadal.ocean_month.i196801.e05.1968.tos.nc ...
2025-04-22 23:12:44,230 - WARNING - extracted tar file /vftmp/Chia-wei.Hsu/untar_dir/19690101.ocean_month.nc exist, skipping...
2025-04-22 23:12:44,231 - INFO - (ncks) extracting variable /collab1/data_untrusted/Chia-wei.Hsu/decadel_output_dir/decadal.ocean_month.i196801.e05.1969.tos.nc ...
2025-04-22 23:15:33,822 - WARNING - extracted tar file /vftmp/Chia-wei.Hsu/untar_dir/19700101.ocean_month.nc exist, skipping...
2025-04-22 23:15:33,824 - INFO - (ncks) extracting variable /collab1/data_untrusted/Chia-wei.Hsu/decadel_output_dir/decadal.ocean_month.i196801.e05.1970.tos.nc ...
2025-04-22 23:19:25,797 - WARNING - extracted tar file /vftmp/Chia-wei.Hsu/untar_dir/19710101.ocean_month.nc exist, skipping...
2025-04-22 23:19:26,911 - INFO - (ncks) extracting variable /collab1/data_untrusted/Chia-wei.Hsu/decadel_output_dir/decadal.ocean_month.i196801.e05.1971.tos.nc ...
2025-04-22 23:26:49,430 - WARNING - extracted tar file /vftmp/Chia-wei.Hsu/untar_dir/19720101.ocean_month.nc exist, skipping...
2025-04-22 23:26:49,431 - INFO - (ncks) extracting variable /collab1/data_untrusted/Chia-wei.Hsu/decadel_output_dir/decadal.ocean_month.i196801.e05.1972.tos.nc ...
2025-04-22 23:30:40,171 - WARNING - extracted tar file /vftmp/Chia-wei.Hsu/untar_dir/19730101.ocean_month.nc exist, skipping...
2025-04-22 23:30:40,172 - INFO - (ncks) extracting variable /collab1/data_untrusted/Chia-wei.Hsu/decadel_output_dir/decadal.ocean_month.i196801.e05.1973.tos.nc ...
2025-04-22 23:35:12,993 - WARNING - extracted tar file /vftmp/Chia-wei.Hsu/untar_dir/19740101.ocean_month.nc exist, skipping...
2025-04-22 23:35:12,994 - INFO - (ncks) extracting variable /collab1/data_untrusted/Chia-wei.Hsu/decadel_output_dir/decadal.ocean_month.i196801.e05.1974.tos.nc ...
2025-04-23 01:04:26,522 - WARNING - extracted tar file /vftmp/Chia-wei.Hsu/untar_dir/19750101.ocean_month.nc exist, skipping...
2025-04-23 01:04:26,523 - INFO - (ncks) extracting variable /collab1/data_untrusted/Chia-wei.Hsu/decadel_output_dir/decadal.ocean_month.i196801.e05.1975.tos.nc ...
2025-04-23 01:08:34,003 - WARNING - extracted tar file /vftmp/Chia-wei.Hsu/untar_dir/19760101.ocean_month.nc exist, skipping...
2025-04-23 01:08:34,004 - INFO - (ncks) extracting variable /collab1/data_untrusted/Chia-wei.Hsu/decadel_output_dir/decadal.ocean_month.i196801.e05.1976.tos.nc ...
2025-04-23 01:17:47,153 - WARNING - extracted tar file /vftmp/Chia-wei.Hsu/untar_dir/19770101.ocean_month.nc exist, skipping...
2025-04-23 01:17:47,153 - INFO - (ncks) extracting variable /collab1/data_untrusted/Chia-wei.Hsu/decadel_output_dir/decadal.ocean_month.i196801.e05.1977.tos.nc ...
2025-04-23 01:17:47,240 - INFO - (ncrcat) concatenating files for single variable, single ensemble, multi-lead ...
2025-04-23 01:17:51,326 - INFO - concatenated file at /collab1/data_untrusted/Chia-wei.Hsu/decadel_output_dir/decadal.ocean_month.i196801.e05.tos.nc ...
2025-04-23 01:17:51,336 - INFO - remove individual files
2025-04-23 01:17:51,381 - INFO - === Processing variable tos ...
2025-04-23 01:17:51,382 - INFO - ===== Processing initial year 1968 initial month  1 ensamble_number  6...
2025-04-23 01:20:47,156 - WARNING - extracted tar file /vftmp/Chia-wei.Hsu/untar_dir/19680101.ocean_month.nc exist, skipping...
2025-04-23 01:20:47,158 - INFO - (ncks) extracting variable /collab1/data_untrusted/Chia-wei.Hsu/decadel_output_dir/decadal.ocean_month.i196801.e06.1968.tos.nc ...
2025-04-23 01:32:19,520 - WARNING - extracted tar file /vftmp/Chia-wei.Hsu/untar_dir/19690101.ocean_month.nc exist, skipping...
2025-04-23 01:32:19,521 - INFO - (ncks) extracting variable /collab1/data_untrusted/Chia-wei.Hsu/decadel_output_dir/decadal.ocean_month.i196801.e06.1969.tos.nc ...
2025-04-23 02:35:37,357 - WARNING - extracted tar file /vftmp/Chia-wei.Hsu/untar_dir/19700101.ocean_month.nc exist, skipping...
2025-04-23 02:35:37,358 - INFO - (ncks) extracting variable /collab1/data_untrusted/Chia-wei.Hsu/decadel_output_dir/decadal.ocean_month.i196801.e06.1970.tos.nc ...
2025-04-23 03:33:34,879 - WARNING - extracted tar file /vftmp/Chia-wei.Hsu/untar_dir/19710101.ocean_month.nc exist, skipping...
2025-04-23 03:33:34,880 - INFO - (ncks) extracting variable /collab1/data_untrusted/Chia-wei.Hsu/decadel_output_dir/decadal.ocean_month.i196801.e06.1971.tos.nc ...
2025-04-23 03:37:13,664 - WARNING - extracted tar file /vftmp/Chia-wei.Hsu/untar_dir/19720101.ocean_month.nc exist, skipping...
2025-04-23 03:37:13,665 - INFO - (ncks) extracting variable /collab1/data_untrusted/Chia-wei.Hsu/decadel_output_dir/decadal.ocean_month.i196801.e06.1972.tos.nc ...
2025-04-23 03:40:32,717 - WARNING - extracted tar file /vftmp/Chia-wei.Hsu/untar_dir/19730101.ocean_month.nc exist, skipping...
2025-04-23 03:40:32,718 - INFO - (ncks) extracting variable /collab1/data_untrusted/Chia-wei.Hsu/decadel_output_dir/decadal.ocean_month.i196801.e06.1973.tos.nc ...
2025-04-23 03:43:04,513 - WARNING - extracted tar file /vftmp/Chia-wei.Hsu/untar_dir/19740101.ocean_month.nc exist, skipping...
2025-04-23 03:43:04,514 - INFO - (ncks) extracting variable /collab1/data_untrusted/Chia-wei.Hsu/decadel_output_dir/decadal.ocean_month.i196801.e06.1974.tos.nc ...
2025-04-23 03:52:11,620 - WARNING - extracted tar file /vftmp/Chia-wei.Hsu/untar_dir/19750101.ocean_month.nc exist, skipping...
2025-04-23 03:52:11,621 - INFO - (ncks) extracting variable /collab1/data_untrusted/Chia-wei.Hsu/decadel_output_dir/decadal.ocean_month.i196801.e06.1975.tos.nc ...
2025-04-23 04:27:50,906 - WARNING - extracted tar file /vftmp/Chia-wei.Hsu/untar_dir/19760101.ocean_month.nc exist, skipping...
2025-04-23 04:27:50,907 - INFO - (ncks) extracting variable /collab1/data_untrusted/Chia-wei.Hsu/decadel_output_dir/decadal.ocean_month.i196801.e06.1976.tos.nc ...
2025-04-23 04:31:18,753 - WARNING - extracted tar file /vftmp/Chia-wei.Hsu/untar_dir/19770101.ocean_month.nc exist, skipping...
2025-04-23 04:31:18,754 - INFO - (ncks) extracting variable /collab1/data_untrusted/Chia-wei.Hsu/decadel_output_dir/decadal.ocean_month.i196801.e06.1977.tos.nc ...
2025-04-23 04:31:18,830 - INFO - (ncrcat) concatenating files for single variable, single ensemble, multi-lead ...
2025-04-23 04:31:22,756 - INFO - concatenated file at /collab1/data_untrusted/Chia-wei.Hsu/decadel_output_dir/decadal.ocean_month.i196801.e06.tos.nc ...
2025-04-23 04:31:22,766 - INFO - remove individual files
