2025-04-22 12:26:53,036 - INFO - === Processing variable tos ...
2025-04-22 12:26:53,071 - WARNING - concatenate file /collab1/data_untrusted/Chia-wei.Hsu/decadel_output_dir/decadal.ocean_month.i200301.e01.tos.nc exist, skipping...
2025-04-22 12:26:53,125 - INFO - === Processing variable tos ...
2025-04-22 12:26:53,125 - INFO - ===== Processing initial year 2003 initial month  1 ensamble_number  2...
2025-04-22 16:12:36,271 - WARNING - extracted tar file /vftmp/Chia-wei.Hsu/untar_dir/20030101.ocean_month.nc exist, skipping...
2025-04-22 16:12:36,271 - INFO - (ncks) extracting variable /collab1/data_untrusted/Chia-wei.Hsu/decadel_output_dir/decadal.ocean_month.i200301.e02.2003.tos.nc ...
2025-04-22 16:16:20,464 - WARNING - extracted tar file /vftmp/Chia-wei.Hsu/untar_dir/20040101.ocean_month.nc exist, skipping...
2025-04-22 16:16:20,464 - INFO - (ncks) extracting variable /collab1/data_untrusted/Chia-wei.Hsu/decadel_output_dir/decadal.ocean_month.i200301.e02.2004.tos.nc ...
2025-04-22 16:33:19,813 - WARNING - extracted tar file /vftmp/Chia-wei.Hsu/untar_dir/20050101.ocean_month.nc exist, skipping...
2025-04-22 16:33:19,814 - INFO - (ncks) extracting variable /collab1/data_untrusted/Chia-wei.Hsu/decadel_output_dir/decadal.ocean_month.i200301.e02.2005.tos.nc ...
2025-04-22 16:41:32,000 - WARNING - extracted tar file /vftmp/Chia-wei.Hsu/untar_dir/20060101.ocean_month.nc exist, skipping...
2025-04-22 16:41:32,001 - INFO - (ncks) extracting variable /collab1/data_untrusted/Chia-wei.Hsu/decadel_output_dir/decadal.ocean_month.i200301.e02.2006.tos.nc ...
2025-04-22 16:49:27,722 - WARNING - extracted tar file /vftmp/Chia-wei.Hsu/untar_dir/20070101.ocean_month.nc exist, skipping...
2025-04-22 16:49:27,723 - INFO - (ncks) extracting variable /collab1/data_untrusted/Chia-wei.Hsu/decadel_output_dir/decadal.ocean_month.i200301.e02.2007.tos.nc ...
2025-04-22 16:53:15,108 - WARNING - extracted tar file /vftmp/Chia-wei.Hsu/untar_dir/20080101.ocean_month.nc exist, skipping...
2025-04-22 16:53:15,109 - INFO - (ncks) extracting variable /collab1/data_untrusted/Chia-wei.Hsu/decadel_output_dir/decadal.ocean_month.i200301.e02.2008.tos.nc ...
2025-04-22 19:36:33,290 - WARNING - extracted tar file /vftmp/Chia-wei.Hsu/untar_dir/20090101.ocean_month.nc exist, skipping...
2025-04-22 19:36:33,290 - INFO - (ncks) extracting variable /collab1/data_untrusted/Chia-wei.Hsu/decadel_output_dir/decadal.ocean_month.i200301.e02.2009.tos.nc ...
2025-04-22 19:58:33,063 - WARNING - extracted tar file /vftmp/Chia-wei.Hsu/untar_dir/20100101.ocean_month.nc exist, skipping...
2025-04-22 19:58:33,255 - INFO - (ncks) extracting variable /collab1/data_untrusted/Chia-wei.Hsu/decadel_output_dir/decadal.ocean_month.i200301.e02.2010.tos.nc ...
2025-04-22 20:31:52,138 - WARNING - extracted tar file /vftmp/Chia-wei.Hsu/untar_dir/20110101.ocean_month.nc exist, skipping...
2025-04-22 20:31:52,139 - INFO - (ncks) extracting variable /collab1/data_untrusted/Chia-wei.Hsu/decadel_output_dir/decadal.ocean_month.i200301.e02.2011.tos.nc ...
2025-04-22 20:44:33,532 - WARNING - extracted tar file /vftmp/Chia-wei.Hsu/untar_dir/20120101.ocean_month.nc exist, skipping...
2025-04-22 20:44:33,533 - INFO - (ncks) extracting variable /collab1/data_untrusted/Chia-wei.Hsu/decadel_output_dir/decadal.ocean_month.i200301.e02.2012.tos.nc ...
2025-04-22 20:44:34,958 - INFO - (ncrcat) concatenating files for single variable, single ensemble, multi-lead ...
2025-04-22 20:44:41,612 - INFO - concatenated file at /collab1/data_untrusted/Chia-wei.Hsu/decadel_output_dir/decadal.ocean_month.i200301.e02.tos.nc ...
2025-04-22 20:44:41,622 - INFO - remove individual files
2025-04-22 20:44:41,643 - INFO - === Processing variable tos ...
2025-04-22 20:44:41,655 - INFO - ===== Processing initial year 2003 initial month  1 ensamble_number  3...
2025-04-22 20:48:07,325 - WARNING - extracted tar file /vftmp/Chia-wei.Hsu/untar_dir/20030101.ocean_month.nc exist, skipping...
2025-04-22 20:48:07,325 - INFO - (ncks) extracting variable /collab1/data_untrusted/Chia-wei.Hsu/decadel_output_dir/decadal.ocean_month.i200301.e03.2003.tos.nc ...
2025-04-22 21:01:23,563 - WARNING - extracted tar file /vftmp/Chia-wei.Hsu/untar_dir/20040101.ocean_month.nc exist, skipping...
2025-04-22 21:01:23,564 - INFO - (ncks) extracting variable /collab1/data_untrusted/Chia-wei.Hsu/decadel_output_dir/decadal.ocean_month.i200301.e03.2004.tos.nc ...
2025-04-22 21:05:33,106 - WARNING - extracted tar file /vftmp/Chia-wei.Hsu/untar_dir/20050101.ocean_month.nc exist, skipping...
2025-04-22 21:05:33,107 - INFO - (ncks) extracting variable /collab1/data_untrusted/Chia-wei.Hsu/decadel_output_dir/decadal.ocean_month.i200301.e03.2005.tos.nc ...
2025-04-22 21:16:14,579 - WARNING - extracted tar file /vftmp/Chia-wei.Hsu/untar_dir/20060101.ocean_month.nc exist, skipping...
2025-04-22 21:16:14,580 - INFO - (ncks) extracting variable /collab1/data_untrusted/Chia-wei.Hsu/decadel_output_dir/decadal.ocean_month.i200301.e03.2006.tos.nc ...
2025-04-22 21:19:52,397 - WARNING - extracted tar file /vftmp/Chia-wei.Hsu/untar_dir/20070101.ocean_month.nc exist, skipping...
2025-04-22 21:19:52,398 - INFO - (ncks) extracting variable /collab1/data_untrusted/Chia-wei.Hsu/decadel_output_dir/decadal.ocean_month.i200301.e03.2007.tos.nc ...
2025-04-22 21:23:17,318 - WARNING - extracted tar file /vftmp/Chia-wei.Hsu/untar_dir/20080101.ocean_month.nc exist, skipping...
2025-04-22 21:23:17,319 - INFO - (ncks) extracting variable /collab1/data_untrusted/Chia-wei.Hsu/decadel_output_dir/decadal.ocean_month.i200301.e03.2008.tos.nc ...
2025-04-22 21:35:05,768 - WARNING - extracted tar file /vftmp/Chia-wei.Hsu/untar_dir/20090101.ocean_month.nc exist, skipping...
2025-04-22 21:35:05,768 - INFO - (ncks) extracting variable /collab1/data_untrusted/Chia-wei.Hsu/decadel_output_dir/decadal.ocean_month.i200301.e03.2009.tos.nc ...
2025-04-22 21:40:44,045 - WARNING - extracted tar file /vftmp/Chia-wei.Hsu/untar_dir/20100101.ocean_month.nc exist, skipping...
2025-04-22 21:40:44,046 - INFO - (ncks) extracting variable /collab1/data_untrusted/Chia-wei.Hsu/decadel_output_dir/decadal.ocean_month.i200301.e03.2010.tos.nc ...
2025-04-22 21:43:49,208 - WARNING - extracted tar file /vftmp/Chia-wei.Hsu/untar_dir/20110101.ocean_month.nc exist, skipping...
2025-04-22 21:43:49,210 - INFO - (ncks) extracting variable /collab1/data_untrusted/Chia-wei.Hsu/decadel_output_dir/decadal.ocean_month.i200301.e03.2011.tos.nc ...
2025-04-22 21:46:31,112 - WARNING - extracted tar file /vftmp/Chia-wei.Hsu/untar_dir/20120101.ocean_month.nc exist, skipping...
2025-04-22 21:46:31,113 - INFO - (ncks) extracting variable /collab1/data_untrusted/Chia-wei.Hsu/decadel_output_dir/decadal.ocean_month.i200301.e03.2012.tos.nc ...
2025-04-22 21:46:31,251 - INFO - (ncrcat) concatenating files for single variable, single ensemble, multi-lead ...
2025-04-22 21:46:36,243 - INFO - concatenated file at /collab1/data_untrusted/Chia-wei.Hsu/decadel_output_dir/decadal.ocean_month.i200301.e03.tos.nc ...
2025-04-22 21:46:36,257 - INFO - remove individual files
2025-04-22 21:46:36,306 - INFO - === Processing variable tos ...
2025-04-22 21:46:36,307 - INFO - ===== Processing initial year 2003 initial month  1 ensamble_number  4...
2025-04-22 22:43:57,237 - WARNING - extracted tar file /vftmp/Chia-wei.Hsu/untar_dir/20030101.ocean_month.nc exist, skipping...
2025-04-22 22:43:57,241 - INFO - (ncks) extracting variable /collab1/data_untrusted/Chia-wei.Hsu/decadel_output_dir/decadal.ocean_month.i200301.e04.2003.tos.nc ...
2025-04-22 22:53:45,058 - WARNING - extracted tar file /vftmp/Chia-wei.Hsu/untar_dir/20040101.ocean_month.nc exist, skipping...
2025-04-22 22:53:45,059 - INFO - (ncks) extracting variable /collab1/data_untrusted/Chia-wei.Hsu/decadel_output_dir/decadal.ocean_month.i200301.e04.2004.tos.nc ...
2025-04-22 23:13:45,171 - WARNING - extracted tar file /vftmp/Chia-wei.Hsu/untar_dir/20050101.ocean_month.nc exist, skipping...
2025-04-22 23:13:45,172 - INFO - (ncks) extracting variable /collab1/data_untrusted/Chia-wei.Hsu/decadel_output_dir/decadal.ocean_month.i200301.e04.2005.tos.nc ...
2025-04-22 23:17:09,762 - WARNING - extracted tar file /vftmp/Chia-wei.Hsu/untar_dir/20060101.ocean_month.nc exist, skipping...
2025-04-22 23:17:09,764 - INFO - (ncks) extracting variable /collab1/data_untrusted/Chia-wei.Hsu/decadel_output_dir/decadal.ocean_month.i200301.e04.2006.tos.nc ...
2025-04-23 00:05:39,854 - WARNING - extracted tar file /vftmp/Chia-wei.Hsu/untar_dir/20070101.ocean_month.nc exist, skipping...
2025-04-23 00:05:39,855 - INFO - (ncks) extracting variable /collab1/data_untrusted/Chia-wei.Hsu/decadel_output_dir/decadal.ocean_month.i200301.e04.2007.tos.nc ...
2025-04-23 00:20:37,673 - WARNING - extracted tar file /vftmp/Chia-wei.Hsu/untar_dir/20080101.ocean_month.nc exist, skipping...
2025-04-23 00:20:37,674 - INFO - (ncks) extracting variable /collab1/data_untrusted/Chia-wei.Hsu/decadel_output_dir/decadal.ocean_month.i200301.e04.2008.tos.nc ...
2025-04-23 01:20:29,988 - WARNING - extracted tar file /vftmp/Chia-wei.Hsu/untar_dir/20090101.ocean_month.nc exist, skipping...
2025-04-23 01:20:29,989 - INFO - (ncks) extracting variable /collab1/data_untrusted/Chia-wei.Hsu/decadel_output_dir/decadal.ocean_month.i200301.e04.2009.tos.nc ...
2025-04-23 01:24:59,656 - WARNING - extracted tar file /vftmp/Chia-wei.Hsu/untar_dir/20100101.ocean_month.nc exist, skipping...
2025-04-23 01:24:59,657 - INFO - (ncks) extracting variable /collab1/data_untrusted/Chia-wei.Hsu/decadel_output_dir/decadal.ocean_month.i200301.e04.2010.tos.nc ...
2025-04-23 02:19:16,969 - WARNING - extracted tar file /vftmp/Chia-wei.Hsu/untar_dir/20110101.ocean_month.nc exist, skipping...
2025-04-23 02:19:16,970 - INFO - (ncks) extracting variable /collab1/data_untrusted/Chia-wei.Hsu/decadel_output_dir/decadal.ocean_month.i200301.e04.2011.tos.nc ...
2025-04-23 02:56:09,086 - WARNING - extracted tar file /vftmp/Chia-wei.Hsu/untar_dir/20120101.ocean_month.nc exist, skipping...
2025-04-23 02:56:09,088 - INFO - (ncks) extracting variable /collab1/data_untrusted/Chia-wei.Hsu/decadel_output_dir/decadal.ocean_month.i200301.e04.2012.tos.nc ...
2025-04-23 02:56:09,207 - INFO - (ncrcat) concatenating files for single variable, single ensemble, multi-lead ...
2025-04-23 02:56:12,280 - INFO - concatenated file at /collab1/data_untrusted/Chia-wei.Hsu/decadel_output_dir/decadal.ocean_month.i200301.e04.tos.nc ...
2025-04-23 02:56:12,287 - INFO - remove individual files
2025-04-23 02:56:12,335 - INFO - === Processing variable tos ...
2025-04-23 02:56:12,335 - INFO - ===== Processing initial year 2003 initial month  1 ensamble_number  5...
2025-04-23 03:03:24,337 - WARNING - extracted tar file /vftmp/Chia-wei.Hsu/untar_dir/20030101.ocean_month.nc exist, skipping...
2025-04-23 03:03:24,338 - INFO - (ncks) extracting variable /collab1/data_untrusted/Chia-wei.Hsu/decadel_output_dir/decadal.ocean_month.i200301.e05.2003.tos.nc ...
2025-04-23 03:35:16,938 - WARNING - extracted tar file /vftmp/Chia-wei.Hsu/untar_dir/20040101.ocean_month.nc exist, skipping...
2025-04-23 03:35:16,939 - INFO - (ncks) extracting variable /collab1/data_untrusted/Chia-wei.Hsu/decadel_output_dir/decadal.ocean_month.i200301.e05.2004.tos.nc ...
2025-04-23 03:39:37,352 - WARNING - extracted tar file /vftmp/Chia-wei.Hsu/untar_dir/20050101.ocean_month.nc exist, skipping...
2025-04-23 03:39:37,353 - INFO - (ncks) extracting variable /collab1/data_untrusted/Chia-wei.Hsu/decadel_output_dir/decadal.ocean_month.i200301.e05.2005.tos.nc ...
2025-04-23 04:01:29,832 - WARNING - extracted tar file /vftmp/Chia-wei.Hsu/untar_dir/20060101.ocean_month.nc exist, skipping...
2025-04-23 04:01:29,833 - INFO - (ncks) extracting variable /collab1/data_untrusted/Chia-wei.Hsu/decadel_output_dir/decadal.ocean_month.i200301.e05.2006.tos.nc ...
2025-04-23 04:05:36,280 - WARNING - extracted tar file /vftmp/Chia-wei.Hsu/untar_dir/20070101.ocean_month.nc exist, skipping...
2025-04-23 04:05:36,281 - INFO - (ncks) extracting variable /collab1/data_untrusted/Chia-wei.Hsu/decadel_output_dir/decadal.ocean_month.i200301.e05.2007.tos.nc ...
2025-04-23 04:09:45,779 - WARNING - extracted tar file /vftmp/Chia-wei.Hsu/untar_dir/20080101.ocean_month.nc exist, skipping...
2025-04-23 04:09:45,780 - INFO - (ncks) extracting variable /collab1/data_untrusted/Chia-wei.Hsu/decadel_output_dir/decadal.ocean_month.i200301.e05.2008.tos.nc ...
2025-04-23 04:15:02,595 - WARNING - extracted tar file /vftmp/Chia-wei.Hsu/untar_dir/20090101.ocean_month.nc exist, skipping...
2025-04-23 04:15:02,596 - INFO - (ncks) extracting variable /collab1/data_untrusted/Chia-wei.Hsu/decadel_output_dir/decadal.ocean_month.i200301.e05.2009.tos.nc ...
2025-04-23 04:19:29,491 - WARNING - extracted tar file /vftmp/Chia-wei.Hsu/untar_dir/20100101.ocean_month.nc exist, skipping...
2025-04-23 04:19:29,492 - INFO - (ncks) extracting variable /collab1/data_untrusted/Chia-wei.Hsu/decadel_output_dir/decadal.ocean_month.i200301.e05.2010.tos.nc ...
2025-04-23 04:23:03,117 - WARNING - extracted tar file /vftmp/Chia-wei.Hsu/untar_dir/20110101.ocean_month.nc exist, skipping...
2025-04-23 04:23:03,118 - INFO - (ncks) extracting variable /collab1/data_untrusted/Chia-wei.Hsu/decadel_output_dir/decadal.ocean_month.i200301.e05.2011.tos.nc ...
2025-04-23 04:26:08,905 - WARNING - extracted tar file /vftmp/Chia-wei.Hsu/untar_dir/20120101.ocean_month.nc exist, skipping...
2025-04-23 04:26:08,906 - INFO - (ncks) extracting variable /collab1/data_untrusted/Chia-wei.Hsu/decadel_output_dir/decadal.ocean_month.i200301.e05.2012.tos.nc ...
2025-04-23 04:26:09,002 - INFO - (ncrcat) concatenating files for single variable, single ensemble, multi-lead ...
2025-04-23 04:26:11,991 - INFO - concatenated file at /collab1/data_untrusted/Chia-wei.Hsu/decadel_output_dir/decadal.ocean_month.i200301.e05.tos.nc ...
2025-04-23 04:26:12,001 - INFO - remove individual files
2025-04-23 04:26:12,043 - INFO - === Processing variable tos ...
2025-04-23 04:26:12,044 - INFO - ===== Processing initial year 2003 initial month  1 ensamble_number  6...
2025-04-23 04:29:26,006 - WARNING - extracted tar file /vftmp/Chia-wei.Hsu/untar_dir/20030101.ocean_month.nc exist, skipping...
2025-04-23 04:29:26,007 - INFO - (ncks) extracting variable /collab1/data_untrusted/Chia-wei.Hsu/decadel_output_dir/decadal.ocean_month.i200301.e06.2003.tos.nc ...
2025-04-23 04:54:57,969 - WARNING - extracted tar file /vftmp/Chia-wei.Hsu/untar_dir/20040101.ocean_month.nc exist, skipping...
2025-04-23 04:54:57,970 - INFO - (ncks) extracting variable /collab1/data_untrusted/Chia-wei.Hsu/decadel_output_dir/decadal.ocean_month.i200301.e06.2004.tos.nc ...
2025-04-23 05:01:59,194 - WARNING - extracted tar file /vftmp/Chia-wei.Hsu/untar_dir/20050101.ocean_month.nc exist, skipping...
2025-04-23 05:01:59,195 - INFO - (ncks) extracting variable /collab1/data_untrusted/Chia-wei.Hsu/decadel_output_dir/decadal.ocean_month.i200301.e06.2005.tos.nc ...
2025-04-23 05:05:59,621 - WARNING - extracted tar file /vftmp/Chia-wei.Hsu/untar_dir/20060101.ocean_month.nc exist, skipping...
2025-04-23 05:05:59,622 - INFO - (ncks) extracting variable /collab1/data_untrusted/Chia-wei.Hsu/decadel_output_dir/decadal.ocean_month.i200301.e06.2006.tos.nc ...
2025-04-23 05:08:16,283 - WARNING - extracted tar file /vftmp/Chia-wei.Hsu/untar_dir/20070101.ocean_month.nc exist, skipping...
2025-04-23 05:08:16,284 - INFO - (ncks) extracting variable /collab1/data_untrusted/Chia-wei.Hsu/decadel_output_dir/decadal.ocean_month.i200301.e06.2007.tos.nc ...
2025-04-23 05:11:29,786 - WARNING - extracted tar file /vftmp/Chia-wei.Hsu/untar_dir/20080101.ocean_month.nc exist, skipping...
2025-04-23 05:11:29,787 - INFO - (ncks) extracting variable /collab1/data_untrusted/Chia-wei.Hsu/decadel_output_dir/decadal.ocean_month.i200301.e06.2008.tos.nc ...
2025-04-23 05:16:24,811 - WARNING - extracted tar file /vftmp/Chia-wei.Hsu/untar_dir/20090101.ocean_month.nc exist, skipping...
2025-04-23 05:16:24,812 - INFO - (ncks) extracting variable /collab1/data_untrusted/Chia-wei.Hsu/decadel_output_dir/decadal.ocean_month.i200301.e06.2009.tos.nc ...
2025-04-23 05:18:48,960 - WARNING - extracted tar file /vftmp/Chia-wei.Hsu/untar_dir/20100101.ocean_month.nc exist, skipping...
2025-04-23 05:18:48,961 - INFO - (ncks) extracting variable /collab1/data_untrusted/Chia-wei.Hsu/decadel_output_dir/decadal.ocean_month.i200301.e06.2010.tos.nc ...
2025-04-23 05:35:39,987 - WARNING - extracted tar file /vftmp/Chia-wei.Hsu/untar_dir/20110101.ocean_month.nc exist, skipping...
2025-04-23 05:35:39,987 - INFO - (ncks) extracting variable /collab1/data_untrusted/Chia-wei.Hsu/decadel_output_dir/decadal.ocean_month.i200301.e06.2011.tos.nc ...
2025-04-23 05:39:38,170 - WARNING - extracted tar file /vftmp/Chia-wei.Hsu/untar_dir/20120101.ocean_month.nc exist, skipping...
2025-04-23 05:39:38,172 - INFO - (ncks) extracting variable /collab1/data_untrusted/Chia-wei.Hsu/decadel_output_dir/decadal.ocean_month.i200301.e06.2012.tos.nc ...
2025-04-23 05:39:38,251 - INFO - (ncrcat) concatenating files for single variable, single ensemble, multi-lead ...
2025-04-23 05:39:41,657 - INFO - concatenated file at /collab1/data_untrusted/Chia-wei.Hsu/decadel_output_dir/decadal.ocean_month.i200301.e06.tos.nc ...
2025-04-23 05:39:41,663 - INFO - remove individual files
