2025-04-22 12:26:52,955 - INFO - === Processing variable tos ...
2025-04-22 12:26:52,955 - INFO - ===== Processing initial year 2012 initial month  1 ensamble_number 13...
2025-04-22 12:26:53,324 - WARNING - extracted tar file /vftmp/Chia-wei.Hsu/untar_dir/20120101.ocean_month.nc exist, skipping...
2025-04-22 12:26:53,324 - WARNING - extracted variable file /collab1/data_untrusted/Chia-wei.Hsu/decadel_output_dir/decadal.ocean_month.i201201.e13.2012.tos.nc exist, skipping...
2025-04-22 12:26:53,579 - WARNING - extracted tar file /vftmp/Chia-wei.Hsu/untar_dir/20130101.ocean_month.nc exist, skipping...
2025-04-22 12:26:53,579 - WARNING - extracted variable file /collab1/data_untrusted/Chia-wei.Hsu/decadel_output_dir/decadal.ocean_month.i201201.e13.2013.tos.nc exist, skipping...
2025-04-22 12:26:53,829 - WARNING - extracted tar file /vftmp/Chia-wei.Hsu/untar_dir/20140101.ocean_month.nc exist, skipping...
2025-04-22 12:26:53,830 - WARNING - extracted variable file /collab1/data_untrusted/Chia-wei.Hsu/decadel_output_dir/decadal.ocean_month.i201201.e13.2014.tos.nc exist, skipping...
2025-04-22 13:35:48,071 - WARNING - extracted tar file /vftmp/Chia-wei.Hsu/untar_dir/20150101.ocean_month.nc exist, skipping...
2025-04-22 13:35:48,072 - INFO - (ncks) extracting variable /collab1/data_untrusted/Chia-wei.Hsu/decadel_output_dir/decadal.ocean_month.i201201.e13.2015.tos.nc ...
2025-04-22 13:38:51,688 - WARNING - extracted tar file /vftmp/Chia-wei.Hsu/untar_dir/20160101.ocean_month.nc exist, skipping...
2025-04-22 13:38:51,689 - INFO - (ncks) extracting variable /collab1/data_untrusted/Chia-wei.Hsu/decadel_output_dir/decadal.ocean_month.i201201.e13.2016.tos.nc ...
2025-04-22 16:58:11,084 - WARNING - extracted tar file /vftmp/Chia-wei.Hsu/untar_dir/20170101.ocean_month.nc exist, skipping...
2025-04-22 16:58:11,085 - INFO - (ncks) extracting variable /collab1/data_untrusted/Chia-wei.Hsu/decadel_output_dir/decadal.ocean_month.i201201.e13.2017.tos.nc ...
2025-04-22 17:02:24,111 - WARNING - extracted tar file /vftmp/Chia-wei.Hsu/untar_dir/20180101.ocean_month.nc exist, skipping...
2025-04-22 17:02:24,112 - INFO - (ncks) extracting variable /collab1/data_untrusted/Chia-wei.Hsu/decadel_output_dir/decadal.ocean_month.i201201.e13.2018.tos.nc ...
2025-04-22 17:06:01,178 - WARNING - extracted tar file /vftmp/Chia-wei.Hsu/untar_dir/20190101.ocean_month.nc exist, skipping...
2025-04-22 17:06:01,179 - INFO - (ncks) extracting variable /collab1/data_untrusted/Chia-wei.Hsu/decadel_output_dir/decadal.ocean_month.i201201.e13.2019.tos.nc ...
2025-04-22 19:59:55,354 - WARNING - extracted tar file /vftmp/Chia-wei.Hsu/untar_dir/20200101.ocean_month.nc exist, skipping...
2025-04-22 19:59:55,460 - INFO - (ncks) extracting variable /collab1/data_untrusted/Chia-wei.Hsu/decadel_output_dir/decadal.ocean_month.i201201.e13.2020.tos.nc ...
2025-04-22 20:04:12,376 - WARNING - extracted tar file /vftmp/Chia-wei.Hsu/untar_dir/20210101.ocean_month.nc exist, skipping...
2025-04-22 20:04:12,377 - INFO - (ncks) extracting variable /collab1/data_untrusted/Chia-wei.Hsu/decadel_output_dir/decadal.ocean_month.i201201.e13.2021.tos.nc ...
2025-04-22 20:04:13,028 - INFO - (ncrcat) concatenating files for single variable, single ensemble, multi-lead ...
2025-04-22 20:04:16,485 - INFO - concatenated file at /collab1/data_untrusted/Chia-wei.Hsu/decadel_output_dir/decadal.ocean_month.i201201.e13.tos.nc ...
2025-04-22 20:04:16,493 - INFO - remove individual files
2025-04-22 20:04:16,493 - INFO - === Processing variable tos ...
2025-04-22 20:04:16,494 - WARNING - concatenate file /collab1/data_untrusted/Chia-wei.Hsu/decadel_output_dir/decadal.ocean_month.i201201.e13.tos.nc exist, skipping...
