2025-04-22 12:26:52,981 - INFO - === Processing variable tos ...
2025-04-22 12:26:52,988 - WARNING - concatenate file /collab1/data_untrusted/Chia-wei.Hsu/decadel_output_dir/decadal.ocean_month.i198001.e01.tos.nc exist, skipping...
2025-04-22 12:26:53,036 - INFO - === Processing variable tos ...
2025-04-22 12:26:53,043 - INFO - ===== Processing initial year 1980 initial month  1 ensamble_number  2...
2025-04-22 13:25:48,007 - WARNING - extracted tar file /vftmp/Chia-wei.Hsu/untar_dir/19800101.ocean_month.nc exist, skipping...
2025-04-22 13:25:48,008 - INFO - (ncks) extracting variable /collab1/data_untrusted/Chia-wei.Hsu/decadel_output_dir/decadal.ocean_month.i198001.e02.1980.tos.nc ...
2025-04-22 13:29:35,368 - WARNING - extracted tar file /vftmp/Chia-wei.Hsu/untar_dir/19810101.ocean_month.nc exist, skipping...
2025-04-22 13:29:35,369 - INFO - (ncks) extracting variable /collab1/data_untrusted/Chia-wei.Hsu/decadel_output_dir/decadal.ocean_month.i198001.e02.1981.tos.nc ...
2025-04-22 14:04:31,224 - WARNING - extracted tar file /vftmp/Chia-wei.Hsu/untar_dir/19820101.ocean_month.nc exist, skipping...
2025-04-22 14:04:31,225 - INFO - (ncks) extracting variable /collab1/data_untrusted/Chia-wei.Hsu/decadel_output_dir/decadal.ocean_month.i198001.e02.1982.tos.nc ...
2025-04-22 14:08:33,055 - WARNING - extracted tar file /vftmp/Chia-wei.Hsu/untar_dir/19830101.ocean_month.nc exist, skipping...
2025-04-22 14:08:33,056 - INFO - (ncks) extracting variable /collab1/data_untrusted/Chia-wei.Hsu/decadel_output_dir/decadal.ocean_month.i198001.e02.1983.tos.nc ...
2025-04-22 14:18:51,716 - WARNING - extracted tar file /vftmp/Chia-wei.Hsu/untar_dir/19840101.ocean_month.nc exist, skipping...
2025-04-22 14:18:51,717 - INFO - (ncks) extracting variable /collab1/data_untrusted/Chia-wei.Hsu/decadel_output_dir/decadal.ocean_month.i198001.e02.1984.tos.nc ...
2025-04-22 14:21:23,572 - WARNING - extracted tar file /vftmp/Chia-wei.Hsu/untar_dir/19850101.ocean_month.nc exist, skipping...
2025-04-22 14:21:23,572 - INFO - (ncks) extracting variable /collab1/data_untrusted/Chia-wei.Hsu/decadel_output_dir/decadal.ocean_month.i198001.e02.1985.tos.nc ...
2025-04-22 14:24:45,527 - WARNING - extracted tar file /vftmp/Chia-wei.Hsu/untar_dir/19860101.ocean_month.nc exist, skipping...
2025-04-22 14:24:45,528 - INFO - (ncks) extracting variable /collab1/data_untrusted/Chia-wei.Hsu/decadel_output_dir/decadal.ocean_month.i198001.e02.1986.tos.nc ...
2025-04-22 14:28:35,499 - WARNING - extracted tar file /vftmp/Chia-wei.Hsu/untar_dir/19870101.ocean_month.nc exist, skipping...
2025-04-22 14:28:35,500 - INFO - (ncks) extracting variable /collab1/data_untrusted/Chia-wei.Hsu/decadel_output_dir/decadal.ocean_month.i198001.e02.1987.tos.nc ...
2025-04-22 14:38:19,906 - WARNING - extracted tar file /vftmp/Chia-wei.Hsu/untar_dir/19880101.ocean_month.nc exist, skipping...
2025-04-22 14:38:19,906 - INFO - (ncks) extracting variable /collab1/data_untrusted/Chia-wei.Hsu/decadel_output_dir/decadal.ocean_month.i198001.e02.1988.tos.nc ...
2025-04-22 14:42:33,740 - WARNING - extracted tar file /vftmp/Chia-wei.Hsu/untar_dir/19890101.ocean_month.nc exist, skipping...
2025-04-22 14:42:33,741 - INFO - (ncks) extracting variable /collab1/data_untrusted/Chia-wei.Hsu/decadel_output_dir/decadal.ocean_month.i198001.e02.1989.tos.nc ...
2025-04-22 14:42:33,842 - INFO - (ncrcat) concatenating files for single variable, single ensemble, multi-lead ...
2025-04-22 14:42:38,598 - INFO - concatenated file at /collab1/data_untrusted/Chia-wei.Hsu/decadel_output_dir/decadal.ocean_month.i198001.e02.tos.nc ...
2025-04-22 14:42:38,608 - INFO - remove individual files
2025-04-22 14:42:38,632 - INFO - === Processing variable tos ...
2025-04-22 14:42:38,632 - INFO - ===== Processing initial year 1980 initial month  1 ensamble_number  3...
2025-04-22 16:33:15,398 - WARNING - extracted tar file /vftmp/Chia-wei.Hsu/untar_dir/19800101.ocean_month.nc exist, skipping...
2025-04-22 16:33:15,398 - INFO - (ncks) extracting variable /collab1/data_untrusted/Chia-wei.Hsu/decadel_output_dir/decadal.ocean_month.i198001.e03.1980.tos.nc ...
2025-04-22 16:40:52,481 - WARNING - extracted tar file /vftmp/Chia-wei.Hsu/untar_dir/19810101.ocean_month.nc exist, skipping...
2025-04-22 16:40:52,482 - INFO - (ncks) extracting variable /collab1/data_untrusted/Chia-wei.Hsu/decadel_output_dir/decadal.ocean_month.i198001.e03.1981.tos.nc ...
2025-04-22 16:43:24,991 - WARNING - extracted tar file /vftmp/Chia-wei.Hsu/untar_dir/19820101.ocean_month.nc exist, skipping...
2025-04-22 16:43:24,991 - INFO - (ncks) extracting variable /collab1/data_untrusted/Chia-wei.Hsu/decadel_output_dir/decadal.ocean_month.i198001.e03.1982.tos.nc ...
2025-04-22 16:47:48,825 - WARNING - extracted tar file /vftmp/Chia-wei.Hsu/untar_dir/19830101.ocean_month.nc exist, skipping...
2025-04-22 16:47:48,826 - INFO - (ncks) extracting variable /collab1/data_untrusted/Chia-wei.Hsu/decadel_output_dir/decadal.ocean_month.i198001.e03.1983.tos.nc ...
2025-04-22 16:51:02,041 - WARNING - extracted tar file /vftmp/Chia-wei.Hsu/untar_dir/19840101.ocean_month.nc exist, skipping...
2025-04-22 16:51:02,041 - INFO - (ncks) extracting variable /collab1/data_untrusted/Chia-wei.Hsu/decadel_output_dir/decadal.ocean_month.i198001.e03.1984.tos.nc ...
2025-04-22 16:55:31,914 - WARNING - extracted tar file /vftmp/Chia-wei.Hsu/untar_dir/19850101.ocean_month.nc exist, skipping...
2025-04-22 16:55:31,915 - INFO - (ncks) extracting variable /collab1/data_untrusted/Chia-wei.Hsu/decadel_output_dir/decadal.ocean_month.i198001.e03.1985.tos.nc ...
2025-04-22 17:07:59,870 - WARNING - extracted tar file /vftmp/Chia-wei.Hsu/untar_dir/19860101.ocean_month.nc exist, skipping...
2025-04-22 17:07:59,871 - INFO - (ncks) extracting variable /collab1/data_untrusted/Chia-wei.Hsu/decadel_output_dir/decadal.ocean_month.i198001.e03.1986.tos.nc ...
2025-04-22 17:21:19,165 - WARNING - extracted tar file /vftmp/Chia-wei.Hsu/untar_dir/19870101.ocean_month.nc exist, skipping...
2025-04-22 17:21:19,166 - INFO - (ncks) extracting variable /collab1/data_untrusted/Chia-wei.Hsu/decadel_output_dir/decadal.ocean_month.i198001.e03.1987.tos.nc ...
2025-04-22 17:26:55,919 - WARNING - extracted tar file /vftmp/Chia-wei.Hsu/untar_dir/19880101.ocean_month.nc exist, skipping...
2025-04-22 17:26:55,920 - INFO - (ncks) extracting variable /collab1/data_untrusted/Chia-wei.Hsu/decadel_output_dir/decadal.ocean_month.i198001.e03.1988.tos.nc ...
2025-04-22 17:34:50,040 - WARNING - extracted tar file /vftmp/Chia-wei.Hsu/untar_dir/19890101.ocean_month.nc exist, skipping...
2025-04-22 17:34:50,040 - INFO - (ncks) extracting variable /collab1/data_untrusted/Chia-wei.Hsu/decadel_output_dir/decadal.ocean_month.i198001.e03.1989.tos.nc ...
2025-04-22 17:34:50,112 - INFO - (ncrcat) concatenating files for single variable, single ensemble, multi-lead ...
2025-04-22 17:34:53,634 - INFO - concatenated file at /collab1/data_untrusted/Chia-wei.Hsu/decadel_output_dir/decadal.ocean_month.i198001.e03.tos.nc ...
2025-04-22 17:34:53,641 - INFO - remove individual files
2025-04-22 17:34:53,641 - INFO - === Processing variable tos ...
2025-04-22 17:34:53,641 - INFO - ===== Processing initial year 1980 initial month  1 ensamble_number  4...
2025-04-22 19:36:55,324 - WARNING - extracted tar file /vftmp/Chia-wei.Hsu/untar_dir/19800101.ocean_month.nc exist, skipping...
2025-04-22 19:36:55,324 - INFO - (ncks) extracting variable /collab1/data_untrusted/Chia-wei.Hsu/decadel_output_dir/decadal.ocean_month.i198001.e04.1980.tos.nc ...
2025-04-22 19:47:15,017 - WARNING - extracted tar file /vftmp/Chia-wei.Hsu/untar_dir/19810101.ocean_month.nc exist, skipping...
2025-04-22 19:47:15,018 - INFO - (ncks) extracting variable /collab1/data_untrusted/Chia-wei.Hsu/decadel_output_dir/decadal.ocean_month.i198001.e04.1981.tos.nc ...
2025-04-22 19:51:38,904 - WARNING - extracted tar file /vftmp/Chia-wei.Hsu/untar_dir/19820101.ocean_month.nc exist, skipping...
2025-04-22 19:51:38,905 - INFO - (ncks) extracting variable /collab1/data_untrusted/Chia-wei.Hsu/decadel_output_dir/decadal.ocean_month.i198001.e04.1982.tos.nc ...
2025-04-22 19:56:11,318 - WARNING - extracted tar file /vftmp/Chia-wei.Hsu/untar_dir/19830101.ocean_month.nc exist, skipping...
2025-04-22 19:56:11,319 - INFO - (ncks) extracting variable /collab1/data_untrusted/Chia-wei.Hsu/decadel_output_dir/decadal.ocean_month.i198001.e04.1983.tos.nc ...
2025-04-22 20:00:55,470 - WARNING - extracted tar file /vftmp/Chia-wei.Hsu/untar_dir/19840101.ocean_month.nc exist, skipping...
2025-04-22 20:00:55,471 - INFO - (ncks) extracting variable /collab1/data_untrusted/Chia-wei.Hsu/decadel_output_dir/decadal.ocean_month.i198001.e04.1984.tos.nc ...
2025-04-22 20:03:30,987 - WARNING - extracted tar file /vftmp/Chia-wei.Hsu/untar_dir/19850101.ocean_month.nc exist, skipping...
2025-04-22 20:03:30,989 - INFO - (ncks) extracting variable /collab1/data_untrusted/Chia-wei.Hsu/decadel_output_dir/decadal.ocean_month.i198001.e04.1985.tos.nc ...
2025-04-22 20:09:00,908 - WARNING - extracted tar file /vftmp/Chia-wei.Hsu/untar_dir/19860101.ocean_month.nc exist, skipping...
2025-04-22 20:09:00,909 - INFO - (ncks) extracting variable /collab1/data_untrusted/Chia-wei.Hsu/decadel_output_dir/decadal.ocean_month.i198001.e04.1986.tos.nc ...
2025-04-22 21:15:17,810 - WARNING - extracted tar file /vftmp/Chia-wei.Hsu/untar_dir/19870101.ocean_month.nc exist, skipping...
2025-04-22 21:15:17,991 - INFO - (ncks) extracting variable /collab1/data_untrusted/Chia-wei.Hsu/decadel_output_dir/decadal.ocean_month.i198001.e04.1987.tos.nc ...
2025-04-22 22:53:39,443 - WARNING - extracted tar file /vftmp/Chia-wei.Hsu/untar_dir/19880101.ocean_month.nc exist, skipping...
2025-04-22 22:53:39,458 - INFO - (ncks) extracting variable /collab1/data_untrusted/Chia-wei.Hsu/decadel_output_dir/decadal.ocean_month.i198001.e04.1988.tos.nc ...
2025-04-23 00:58:27,702 - WARNING - extracted tar file /vftmp/Chia-wei.Hsu/untar_dir/19890101.ocean_month.nc exist, skipping...
2025-04-23 00:58:27,703 - INFO - (ncks) extracting variable /collab1/data_untrusted/Chia-wei.Hsu/decadel_output_dir/decadal.ocean_month.i198001.e04.1989.tos.nc ...
2025-04-23 00:58:37,327 - INFO - (ncrcat) concatenating files for single variable, single ensemble, multi-lead ...
2025-04-23 00:58:41,498 - INFO - concatenated file at /collab1/data_untrusted/Chia-wei.Hsu/decadel_output_dir/decadal.ocean_month.i198001.e04.tos.nc ...
2025-04-23 00:58:41,504 - INFO - remove individual files
2025-04-23 00:58:41,590 - INFO - === Processing variable tos ...
2025-04-23 00:58:41,591 - INFO - ===== Processing initial year 1980 initial month  1 ensamble_number  5...
2025-04-23 01:02:54,098 - WARNING - extracted tar file /vftmp/Chia-wei.Hsu/untar_dir/19800101.ocean_month.nc exist, skipping...
2025-04-23 01:02:54,099 - INFO - (ncks) extracting variable /collab1/data_untrusted/Chia-wei.Hsu/decadel_output_dir/decadal.ocean_month.i198001.e05.1980.tos.nc ...
2025-04-23 01:07:05,801 - WARNING - extracted tar file /vftmp/Chia-wei.Hsu/untar_dir/19810101.ocean_month.nc exist, skipping...
2025-04-23 01:07:05,802 - INFO - (ncks) extracting variable /collab1/data_untrusted/Chia-wei.Hsu/decadel_output_dir/decadal.ocean_month.i198001.e05.1981.tos.nc ...
2025-04-23 01:20:30,579 - WARNING - extracted tar file /vftmp/Chia-wei.Hsu/untar_dir/19820101.ocean_month.nc exist, skipping...
2025-04-23 01:20:30,580 - INFO - (ncks) extracting variable /collab1/data_untrusted/Chia-wei.Hsu/decadel_output_dir/decadal.ocean_month.i198001.e05.1982.tos.nc ...
2025-04-23 01:34:03,099 - WARNING - extracted tar file /vftmp/Chia-wei.Hsu/untar_dir/19830101.ocean_month.nc exist, skipping...
2025-04-23 01:34:03,100 - INFO - (ncks) extracting variable /collab1/data_untrusted/Chia-wei.Hsu/decadel_output_dir/decadal.ocean_month.i198001.e05.1983.tos.nc ...
2025-04-23 01:36:54,422 - WARNING - extracted tar file /vftmp/Chia-wei.Hsu/untar_dir/19840101.ocean_month.nc exist, skipping...
2025-04-23 01:36:54,423 - INFO - (ncks) extracting variable /collab1/data_untrusted/Chia-wei.Hsu/decadel_output_dir/decadal.ocean_month.i198001.e05.1984.tos.nc ...
2025-04-23 01:40:41,309 - WARNING - extracted tar file /vftmp/Chia-wei.Hsu/untar_dir/19850101.ocean_month.nc exist, skipping...
2025-04-23 01:40:41,310 - INFO - (ncks) extracting variable /collab1/data_untrusted/Chia-wei.Hsu/decadel_output_dir/decadal.ocean_month.i198001.e05.1985.tos.nc ...
2025-04-23 01:45:23,538 - WARNING - extracted tar file /vftmp/Chia-wei.Hsu/untar_dir/19860101.ocean_month.nc exist, skipping...
2025-04-23 01:45:23,539 - INFO - (ncks) extracting variable /collab1/data_untrusted/Chia-wei.Hsu/decadel_output_dir/decadal.ocean_month.i198001.e05.1986.tos.nc ...
2025-04-23 01:49:48,640 - WARNING - extracted tar file /vftmp/Chia-wei.Hsu/untar_dir/19870101.ocean_month.nc exist, skipping...
2025-04-23 01:49:48,641 - INFO - (ncks) extracting variable /collab1/data_untrusted/Chia-wei.Hsu/decadel_output_dir/decadal.ocean_month.i198001.e05.1987.tos.nc ...
2025-04-23 01:53:16,462 - WARNING - extracted tar file /vftmp/Chia-wei.Hsu/untar_dir/19880101.ocean_month.nc exist, skipping...
2025-04-23 01:53:16,463 - INFO - (ncks) extracting variable /collab1/data_untrusted/Chia-wei.Hsu/decadel_output_dir/decadal.ocean_month.i198001.e05.1988.tos.nc ...
2025-04-23 02:00:52,027 - WARNING - extracted tar file /vftmp/Chia-wei.Hsu/untar_dir/19890101.ocean_month.nc exist, skipping...
2025-04-23 02:00:52,028 - INFO - (ncks) extracting variable /collab1/data_untrusted/Chia-wei.Hsu/decadel_output_dir/decadal.ocean_month.i198001.e05.1989.tos.nc ...
2025-04-23 02:00:52,117 - INFO - (ncrcat) concatenating files for single variable, single ensemble, multi-lead ...
2025-04-23 02:00:56,575 - INFO - concatenated file at /collab1/data_untrusted/Chia-wei.Hsu/decadel_output_dir/decadal.ocean_month.i198001.e05.tos.nc ...
2025-04-23 02:00:56,581 - INFO - remove individual files
2025-04-23 02:00:56,599 - INFO - === Processing variable tos ...
2025-04-23 02:00:56,599 - INFO - ===== Processing initial year 1980 initial month  1 ensamble_number  6...
2025-04-23 02:05:24,694 - WARNING - extracted tar file /vftmp/Chia-wei.Hsu/untar_dir/19800101.ocean_month.nc exist, skipping...
2025-04-23 02:05:24,695 - INFO - (ncks) extracting variable /collab1/data_untrusted/Chia-wei.Hsu/decadel_output_dir/decadal.ocean_month.i198001.e06.1980.tos.nc ...
2025-04-23 03:13:43,064 - WARNING - extracted tar file /vftmp/Chia-wei.Hsu/untar_dir/19810101.ocean_month.nc exist, skipping...
2025-04-23 03:13:43,065 - INFO - (ncks) extracting variable /collab1/data_untrusted/Chia-wei.Hsu/decadel_output_dir/decadal.ocean_month.i198001.e06.1981.tos.nc ...
2025-04-23 04:00:01,737 - WARNING - extracted tar file /vftmp/Chia-wei.Hsu/untar_dir/19820101.ocean_month.nc exist, skipping...
2025-04-23 04:00:01,738 - INFO - (ncks) extracting variable /collab1/data_untrusted/Chia-wei.Hsu/decadel_output_dir/decadal.ocean_month.i198001.e06.1982.tos.nc ...
2025-04-23 04:12:26,694 - WARNING - extracted tar file /vftmp/Chia-wei.Hsu/untar_dir/19830101.ocean_month.nc exist, skipping...
2025-04-23 04:12:26,695 - INFO - (ncks) extracting variable /collab1/data_untrusted/Chia-wei.Hsu/decadel_output_dir/decadal.ocean_month.i198001.e06.1983.tos.nc ...
2025-04-23 04:32:50,373 - WARNING - extracted tar file /vftmp/Chia-wei.Hsu/untar_dir/19840101.ocean_month.nc exist, skipping...
2025-04-23 04:32:50,374 - INFO - (ncks) extracting variable /collab1/data_untrusted/Chia-wei.Hsu/decadel_output_dir/decadal.ocean_month.i198001.e06.1984.tos.nc ...
2025-04-23 04:37:40,815 - WARNING - extracted tar file /vftmp/Chia-wei.Hsu/untar_dir/19850101.ocean_month.nc exist, skipping...
2025-04-23 04:37:40,816 - INFO - (ncks) extracting variable /collab1/data_untrusted/Chia-wei.Hsu/decadel_output_dir/decadal.ocean_month.i198001.e06.1985.tos.nc ...
2025-04-23 04:40:24,971 - WARNING - extracted tar file /vftmp/Chia-wei.Hsu/untar_dir/19860101.ocean_month.nc exist, skipping...
2025-04-23 04:40:24,972 - INFO - (ncks) extracting variable /collab1/data_untrusted/Chia-wei.Hsu/decadel_output_dir/decadal.ocean_month.i198001.e06.1986.tos.nc ...
2025-04-23 04:46:26,480 - WARNING - extracted tar file /vftmp/Chia-wei.Hsu/untar_dir/19870101.ocean_month.nc exist, skipping...
2025-04-23 04:46:26,480 - INFO - (ncks) extracting variable /collab1/data_untrusted/Chia-wei.Hsu/decadel_output_dir/decadal.ocean_month.i198001.e06.1987.tos.nc ...
2025-04-23 04:49:21,053 - WARNING - extracted tar file /vftmp/Chia-wei.Hsu/untar_dir/19880101.ocean_month.nc exist, skipping...
2025-04-23 04:49:21,054 - INFO - (ncks) extracting variable /collab1/data_untrusted/Chia-wei.Hsu/decadel_output_dir/decadal.ocean_month.i198001.e06.1988.tos.nc ...
2025-04-23 04:52:18,491 - WARNING - extracted tar file /vftmp/Chia-wei.Hsu/untar_dir/19890101.ocean_month.nc exist, skipping...
2025-04-23 04:52:18,492 - INFO - (ncks) extracting variable /collab1/data_untrusted/Chia-wei.Hsu/decadel_output_dir/decadal.ocean_month.i198001.e06.1989.tos.nc ...
2025-04-23 04:52:18,600 - INFO - (ncrcat) concatenating files for single variable, single ensemble, multi-lead ...
2025-04-23 04:52:21,986 - INFO - concatenated file at /collab1/data_untrusted/Chia-wei.Hsu/decadel_output_dir/decadal.ocean_month.i198001.e06.tos.nc ...
2025-04-23 04:52:21,996 - INFO - remove individual files
