2025-04-22 12:26:52,903 - INFO - === Processing variable tos ...
2025-04-22 12:26:52,904 - WARNING - concatenate file /collab1/data_untrusted/Chia-wei.Hsu/decadel_output_dir/decadal.ocean_month.i200201.e01.tos.nc exist, skipping...
2025-04-22 12:26:52,944 - INFO - === Processing variable tos ...
2025-04-22 12:26:52,944 - INFO - ===== Processing initial year 2002 initial month  1 ensamble_number  2...
2025-04-22 13:12:33,752 - WARNING - extracted tar file /vftmp/Chia-wei.Hsu/untar_dir/20020101.ocean_month.nc exist, skipping...
2025-04-22 13:12:33,753 - INFO - (ncks) extracting variable /collab1/data_untrusted/Chia-wei.Hsu/decadel_output_dir/decadal.ocean_month.i200201.e02.2002.tos.nc ...
2025-04-22 13:20:10,938 - WARNING - extracted tar file /vftmp/Chia-wei.Hsu/untar_dir/20030101.ocean_month.nc exist, skipping...
2025-04-22 13:20:10,939 - INFO - (ncks) extracting variable /collab1/data_untrusted/Chia-wei.Hsu/decadel_output_dir/decadal.ocean_month.i200201.e02.2003.tos.nc ...
2025-04-22 13:24:05,108 - WARNING - extracted tar file /vftmp/Chia-wei.Hsu/untar_dir/20040101.ocean_month.nc exist, skipping...
2025-04-22 13:24:05,109 - INFO - (ncks) extracting variable /collab1/data_untrusted/Chia-wei.Hsu/decadel_output_dir/decadal.ocean_month.i200201.e02.2004.tos.nc ...
2025-04-22 14:03:39,437 - WARNING - extracted tar file /vftmp/Chia-wei.Hsu/untar_dir/20050101.ocean_month.nc exist, skipping...
2025-04-22 14:03:39,437 - INFO - (ncks) extracting variable /collab1/data_untrusted/Chia-wei.Hsu/decadel_output_dir/decadal.ocean_month.i200201.e02.2005.tos.nc ...
2025-04-22 14:11:07,992 - WARNING - extracted tar file /vftmp/Chia-wei.Hsu/untar_dir/20060101.ocean_month.nc exist, skipping...
2025-04-22 14:11:07,993 - INFO - (ncks) extracting variable /collab1/data_untrusted/Chia-wei.Hsu/decadel_output_dir/decadal.ocean_month.i200201.e02.2006.tos.nc ...
2025-04-22 14:14:11,457 - WARNING - extracted tar file /vftmp/Chia-wei.Hsu/untar_dir/20070101.ocean_month.nc exist, skipping...
2025-04-22 14:14:11,458 - INFO - (ncks) extracting variable /collab1/data_untrusted/Chia-wei.Hsu/decadel_output_dir/decadal.ocean_month.i200201.e02.2007.tos.nc ...
2025-04-22 16:08:12,073 - WARNING - extracted tar file /vftmp/Chia-wei.Hsu/untar_dir/20080101.ocean_month.nc exist, skipping...
2025-04-22 16:08:12,074 - INFO - (ncks) extracting variable /collab1/data_untrusted/Chia-wei.Hsu/decadel_output_dir/decadal.ocean_month.i200201.e02.2008.tos.nc ...
2025-04-22 16:12:14,302 - WARNING - extracted tar file /vftmp/Chia-wei.Hsu/untar_dir/20090101.ocean_month.nc exist, skipping...
2025-04-22 16:12:14,303 - INFO - (ncks) extracting variable /collab1/data_untrusted/Chia-wei.Hsu/decadel_output_dir/decadal.ocean_month.i200201.e02.2009.tos.nc ...
2025-04-22 16:16:24,054 - WARNING - extracted tar file /vftmp/Chia-wei.Hsu/untar_dir/20100101.ocean_month.nc exist, skipping...
2025-04-22 16:16:24,054 - INFO - (ncks) extracting variable /collab1/data_untrusted/Chia-wei.Hsu/decadel_output_dir/decadal.ocean_month.i200201.e02.2010.tos.nc ...
2025-04-22 16:19:43,213 - WARNING - extracted tar file /vftmp/Chia-wei.Hsu/untar_dir/20110101.ocean_month.nc exist, skipping...
2025-04-22 16:19:43,214 - INFO - (ncks) extracting variable /collab1/data_untrusted/Chia-wei.Hsu/decadel_output_dir/decadal.ocean_month.i200201.e02.2011.tos.nc ...
2025-04-22 16:19:43,296 - INFO - (ncrcat) concatenating files for single variable, single ensemble, multi-lead ...
2025-04-22 16:19:49,253 - INFO - concatenated file at /collab1/data_untrusted/Chia-wei.Hsu/decadel_output_dir/decadal.ocean_month.i200201.e02.tos.nc ...
2025-04-22 16:19:49,265 - INFO - remove individual files
2025-04-22 16:19:49,286 - INFO - === Processing variable tos ...
2025-04-22 16:19:49,287 - INFO - ===== Processing initial year 2002 initial month  1 ensamble_number  3...
2025-04-22 19:31:02,740 - WARNING - extracted tar file /vftmp/Chia-wei.Hsu/untar_dir/20020101.ocean_month.nc exist, skipping...
2025-04-22 19:31:02,741 - INFO - (ncks) extracting variable /collab1/data_untrusted/Chia-wei.Hsu/decadel_output_dir/decadal.ocean_month.i200201.e03.2002.tos.nc ...
2025-04-22 19:33:37,345 - WARNING - extracted tar file /vftmp/Chia-wei.Hsu/untar_dir/20030101.ocean_month.nc exist, skipping...
2025-04-22 19:33:37,346 - INFO - (ncks) extracting variable /collab1/data_untrusted/Chia-wei.Hsu/decadel_output_dir/decadal.ocean_month.i200201.e03.2003.tos.nc ...
2025-04-22 19:39:06,673 - WARNING - extracted tar file /vftmp/Chia-wei.Hsu/untar_dir/20040101.ocean_month.nc exist, skipping...
2025-04-22 19:39:06,673 - INFO - (ncks) extracting variable /collab1/data_untrusted/Chia-wei.Hsu/decadel_output_dir/decadal.ocean_month.i200201.e03.2004.tos.nc ...
2025-04-22 19:42:56,177 - WARNING - extracted tar file /vftmp/Chia-wei.Hsu/untar_dir/20050101.ocean_month.nc exist, skipping...
2025-04-22 19:42:56,178 - INFO - (ncks) extracting variable /collab1/data_untrusted/Chia-wei.Hsu/decadel_output_dir/decadal.ocean_month.i200201.e03.2005.tos.nc ...
2025-04-22 19:46:52,599 - WARNING - extracted tar file /vftmp/Chia-wei.Hsu/untar_dir/20060101.ocean_month.nc exist, skipping...
2025-04-22 19:46:52,600 - INFO - (ncks) extracting variable /collab1/data_untrusted/Chia-wei.Hsu/decadel_output_dir/decadal.ocean_month.i200201.e03.2006.tos.nc ...
2025-04-22 19:50:28,841 - WARNING - extracted tar file /vftmp/Chia-wei.Hsu/untar_dir/20070101.ocean_month.nc exist, skipping...
2025-04-22 19:50:28,842 - INFO - (ncks) extracting variable /collab1/data_untrusted/Chia-wei.Hsu/decadel_output_dir/decadal.ocean_month.i200201.e03.2007.tos.nc ...
2025-04-22 19:53:41,859 - WARNING - extracted tar file /vftmp/Chia-wei.Hsu/untar_dir/20080101.ocean_month.nc exist, skipping...
2025-04-22 19:53:41,859 - INFO - (ncks) extracting variable /collab1/data_untrusted/Chia-wei.Hsu/decadel_output_dir/decadal.ocean_month.i200201.e03.2008.tos.nc ...
2025-04-22 20:13:19,983 - WARNING - extracted tar file /vftmp/Chia-wei.Hsu/untar_dir/20090101.ocean_month.nc exist, skipping...
2025-04-22 20:13:19,984 - INFO - (ncks) extracting variable /collab1/data_untrusted/Chia-wei.Hsu/decadel_output_dir/decadal.ocean_month.i200201.e03.2009.tos.nc ...
2025-04-22 20:20:36,728 - WARNING - extracted tar file /vftmp/Chia-wei.Hsu/untar_dir/20100101.ocean_month.nc exist, skipping...
2025-04-22 20:20:36,729 - INFO - (ncks) extracting variable /collab1/data_untrusted/Chia-wei.Hsu/decadel_output_dir/decadal.ocean_month.i200201.e03.2010.tos.nc ...
2025-04-22 23:00:09,451 - WARNING - extracted tar file /vftmp/Chia-wei.Hsu/untar_dir/20110101.ocean_month.nc exist, skipping...
2025-04-22 23:00:09,653 - INFO - (ncks) extracting variable /collab1/data_untrusted/Chia-wei.Hsu/decadel_output_dir/decadal.ocean_month.i200201.e03.2011.tos.nc ...
2025-04-22 23:00:10,152 - INFO - (ncrcat) concatenating files for single variable, single ensemble, multi-lead ...
2025-04-22 23:00:16,527 - INFO - concatenated file at /collab1/data_untrusted/Chia-wei.Hsu/decadel_output_dir/decadal.ocean_month.i200201.e03.tos.nc ...
2025-04-22 23:00:16,535 - INFO - remove individual files
2025-04-22 23:00:16,636 - INFO - === Processing variable tos ...
2025-04-22 23:00:16,636 - INFO - ===== Processing initial year 2002 initial month  1 ensamble_number  4...
2025-04-22 23:10:28,982 - WARNING - extracted tar file /vftmp/Chia-wei.Hsu/untar_dir/20020101.ocean_month.nc exist, skipping...
2025-04-22 23:10:28,984 - INFO - (ncks) extracting variable /collab1/data_untrusted/Chia-wei.Hsu/decadel_output_dir/decadal.ocean_month.i200201.e04.2002.tos.nc ...
2025-04-23 00:33:42,778 - WARNING - extracted tar file /vftmp/Chia-wei.Hsu/untar_dir/20030101.ocean_month.nc exist, skipping...
2025-04-23 00:33:42,779 - INFO - (ncks) extracting variable /collab1/data_untrusted/Chia-wei.Hsu/decadel_output_dir/decadal.ocean_month.i200201.e04.2003.tos.nc ...
2025-04-23 00:37:06,435 - WARNING - extracted tar file /vftmp/Chia-wei.Hsu/untar_dir/20040101.ocean_month.nc exist, skipping...
2025-04-23 00:37:06,436 - INFO - (ncks) extracting variable /collab1/data_untrusted/Chia-wei.Hsu/decadel_output_dir/decadal.ocean_month.i200201.e04.2004.tos.nc ...
2025-04-23 00:40:07,757 - WARNING - extracted tar file /vftmp/Chia-wei.Hsu/untar_dir/20050101.ocean_month.nc exist, skipping...
2025-04-23 00:40:07,758 - INFO - (ncks) extracting variable /collab1/data_untrusted/Chia-wei.Hsu/decadel_output_dir/decadal.ocean_month.i200201.e04.2005.tos.nc ...
2025-04-23 01:46:12,722 - WARNING - extracted tar file /vftmp/Chia-wei.Hsu/untar_dir/20060101.ocean_month.nc exist, skipping...
2025-04-23 01:46:12,723 - INFO - (ncks) extracting variable /collab1/data_untrusted/Chia-wei.Hsu/decadel_output_dir/decadal.ocean_month.i200201.e04.2006.tos.nc ...
2025-04-23 02:46:48,756 - WARNING - extracted tar file /vftmp/Chia-wei.Hsu/untar_dir/20070101.ocean_month.nc exist, skipping...
2025-04-23 02:46:48,757 - INFO - (ncks) extracting variable /collab1/data_untrusted/Chia-wei.Hsu/decadel_output_dir/decadal.ocean_month.i200201.e04.2007.tos.nc ...
2025-04-23 02:51:47,654 - WARNING - extracted tar file /vftmp/Chia-wei.Hsu/untar_dir/20080101.ocean_month.nc exist, skipping...
2025-04-23 02:51:47,655 - INFO - (ncks) extracting variable /collab1/data_untrusted/Chia-wei.Hsu/decadel_output_dir/decadal.ocean_month.i200201.e04.2008.tos.nc ...
2025-04-23 03:02:29,703 - WARNING - extracted tar file /vftmp/Chia-wei.Hsu/untar_dir/20090101.ocean_month.nc exist, skipping...
2025-04-23 03:02:29,704 - INFO - (ncks) extracting variable /collab1/data_untrusted/Chia-wei.Hsu/decadel_output_dir/decadal.ocean_month.i200201.e04.2009.tos.nc ...
2025-04-23 03:11:29,862 - WARNING - extracted tar file /vftmp/Chia-wei.Hsu/untar_dir/20100101.ocean_month.nc exist, skipping...
2025-04-23 03:11:29,863 - INFO - (ncks) extracting variable /collab1/data_untrusted/Chia-wei.Hsu/decadel_output_dir/decadal.ocean_month.i200201.e04.2010.tos.nc ...
2025-04-23 03:14:02,597 - WARNING - extracted tar file /vftmp/Chia-wei.Hsu/untar_dir/20110101.ocean_month.nc exist, skipping...
2025-04-23 03:14:02,597 - INFO - (ncks) extracting variable /collab1/data_untrusted/Chia-wei.Hsu/decadel_output_dir/decadal.ocean_month.i200201.e04.2011.tos.nc ...
2025-04-23 03:14:02,685 - INFO - (ncrcat) concatenating files for single variable, single ensemble, multi-lead ...
2025-04-23 03:14:06,181 - INFO - concatenated file at /collab1/data_untrusted/Chia-wei.Hsu/decadel_output_dir/decadal.ocean_month.i200201.e04.tos.nc ...
2025-04-23 03:14:06,188 - INFO - remove individual files
2025-04-23 03:14:06,229 - INFO - === Processing variable tos ...
2025-04-23 03:14:06,230 - INFO - ===== Processing initial year 2002 initial month  1 ensamble_number  5...
