2025-04-22 12:26:52,934 - INFO - === Processing variable tos ...
2025-04-22 12:26:52,934 - WARNING - concatenate file /collab1/data_untrusted/Chia-wei.Hsu/decadel_output_dir/decadal.ocean_month.i198401.e01.tos.nc exist, skipping...
2025-04-22 12:26:52,983 - INFO - === Processing variable tos ...
2025-04-22 12:26:52,984 - INFO - ===== Processing initial year 1984 initial month  1 ensamble_number  2...
2025-04-22 12:26:53,303 - WARNING - extracted tar file /vftmp/Chia-wei.Hsu/untar_dir/19840101.ocean_month.nc exist, skipping...
2025-04-22 12:26:53,303 - WARNING - extracted variable file /collab1/data_untrusted/Chia-wei.Hsu/decadel_output_dir/decadal.ocean_month.i198401.e02.1984.tos.nc exist, skipping...
2025-04-22 12:26:53,572 - WARNING - extracted tar file /vftmp/Chia-wei.Hsu/untar_dir/19850101.ocean_month.nc exist, skipping...
2025-04-22 12:26:53,572 - WARNING - extracted variable file /collab1/data_untrusted/Chia-wei.Hsu/decadel_output_dir/decadal.ocean_month.i198401.e02.1985.tos.nc exist, skipping...
2025-04-22 16:15:35,040 - WARNING - extracted tar file /vftmp/Chia-wei.Hsu/untar_dir/19860101.ocean_month.nc exist, skipping...
2025-04-22 16:15:35,041 - INFO - (ncks) extracting variable /collab1/data_untrusted/Chia-wei.Hsu/decadel_output_dir/decadal.ocean_month.i198401.e02.1986.tos.nc ...
2025-04-22 16:22:56,317 - WARNING - extracted tar file /vftmp/Chia-wei.Hsu/untar_dir/19870101.ocean_month.nc exist, skipping...
2025-04-22 16:22:56,318 - INFO - (ncks) extracting variable /collab1/data_untrusted/Chia-wei.Hsu/decadel_output_dir/decadal.ocean_month.i198401.e02.1987.tos.nc ...
2025-04-22 16:26:48,245 - WARNING - extracted tar file /vftmp/Chia-wei.Hsu/untar_dir/19880101.ocean_month.nc exist, skipping...
2025-04-22 16:26:48,246 - INFO - (ncks) extracting variable /collab1/data_untrusted/Chia-wei.Hsu/decadel_output_dir/decadal.ocean_month.i198401.e02.1988.tos.nc ...
2025-04-22 16:50:12,174 - WARNING - extracted tar file /vftmp/Chia-wei.Hsu/untar_dir/19890101.ocean_month.nc exist, skipping...
2025-04-22 16:50:12,175 - INFO - (ncks) extracting variable /collab1/data_untrusted/Chia-wei.Hsu/decadel_output_dir/decadal.ocean_month.i198401.e02.1989.tos.nc ...
2025-04-22 16:54:04,697 - WARNING - extracted tar file /vftmp/Chia-wei.Hsu/untar_dir/19900101.ocean_month.nc exist, skipping...
2025-04-22 16:54:04,698 - INFO - (ncks) extracting variable /collab1/data_untrusted/Chia-wei.Hsu/decadel_output_dir/decadal.ocean_month.i198401.e02.1990.tos.nc ...
2025-04-22 16:59:12,978 - WARNING - extracted tar file /vftmp/Chia-wei.Hsu/untar_dir/19910101.ocean_month.nc exist, skipping...
2025-04-22 16:59:12,979 - INFO - (ncks) extracting variable /collab1/data_untrusted/Chia-wei.Hsu/decadel_output_dir/decadal.ocean_month.i198401.e02.1991.tos.nc ...
2025-04-22 17:03:14,372 - WARNING - extracted tar file /vftmp/Chia-wei.Hsu/untar_dir/19920101.ocean_month.nc exist, skipping...
2025-04-22 17:03:14,373 - INFO - (ncks) extracting variable /collab1/data_untrusted/Chia-wei.Hsu/decadel_output_dir/decadal.ocean_month.i198401.e02.1992.tos.nc ...
2025-04-22 17:09:04,884 - WARNING - extracted tar file /vftmp/Chia-wei.Hsu/untar_dir/19930101.ocean_month.nc exist, skipping...
2025-04-22 17:09:04,884 - INFO - (ncks) extracting variable /collab1/data_untrusted/Chia-wei.Hsu/decadel_output_dir/decadal.ocean_month.i198401.e02.1993.tos.nc ...
2025-04-22 17:09:04,960 - INFO - (ncrcat) concatenating files for single variable, single ensemble, multi-lead ...
2025-04-22 17:09:09,765 - INFO - concatenated file at /collab1/data_untrusted/Chia-wei.Hsu/decadel_output_dir/decadal.ocean_month.i198401.e02.tos.nc ...
2025-04-22 17:09:09,771 - INFO - remove individual files
2025-04-22 17:09:09,893 - INFO - === Processing variable tos ...
2025-04-22 17:09:09,893 - INFO - ===== Processing initial year 1984 initial month  1 ensamble_number  3...
2025-04-22 17:18:28,519 - WARNING - extracted tar file /vftmp/Chia-wei.Hsu/untar_dir/19840101.ocean_month.nc exist, skipping...
2025-04-22 17:18:28,520 - INFO - (ncks) extracting variable /collab1/data_untrusted/Chia-wei.Hsu/decadel_output_dir/decadal.ocean_month.i198401.e03.1984.tos.nc ...
2025-04-22 17:22:23,706 - WARNING - extracted tar file /vftmp/Chia-wei.Hsu/untar_dir/19850101.ocean_month.nc exist, skipping...
2025-04-22 17:22:23,707 - INFO - (ncks) extracting variable /collab1/data_untrusted/Chia-wei.Hsu/decadel_output_dir/decadal.ocean_month.i198401.e03.1985.tos.nc ...
2025-04-22 17:25:54,124 - WARNING - extracted tar file /vftmp/Chia-wei.Hsu/untar_dir/19860101.ocean_month.nc exist, skipping...
2025-04-22 17:25:54,125 - INFO - (ncks) extracting variable /collab1/data_untrusted/Chia-wei.Hsu/decadel_output_dir/decadal.ocean_month.i198401.e03.1986.tos.nc ...
2025-04-22 17:28:56,273 - WARNING - extracted tar file /vftmp/Chia-wei.Hsu/untar_dir/19870101.ocean_month.nc exist, skipping...
2025-04-22 17:28:56,273 - INFO - (ncks) extracting variable /collab1/data_untrusted/Chia-wei.Hsu/decadel_output_dir/decadal.ocean_month.i198401.e03.1987.tos.nc ...
2025-04-22 17:32:40,332 - WARNING - extracted tar file /vftmp/Chia-wei.Hsu/untar_dir/19880101.ocean_month.nc exist, skipping...
2025-04-22 17:32:40,333 - INFO - (ncks) extracting variable /collab1/data_untrusted/Chia-wei.Hsu/decadel_output_dir/decadal.ocean_month.i198401.e03.1988.tos.nc ...
2025-04-22 17:37:15,349 - WARNING - extracted tar file /vftmp/Chia-wei.Hsu/untar_dir/19890101.ocean_month.nc exist, skipping...
2025-04-22 17:37:15,350 - INFO - (ncks) extracting variable /collab1/data_untrusted/Chia-wei.Hsu/decadel_output_dir/decadal.ocean_month.i198401.e03.1989.tos.nc ...
2025-04-22 17:47:35,507 - WARNING - extracted tar file /vftmp/Chia-wei.Hsu/untar_dir/19900101.ocean_month.nc exist, skipping...
2025-04-22 17:47:35,508 - INFO - (ncks) extracting variable /collab1/data_untrusted/Chia-wei.Hsu/decadel_output_dir/decadal.ocean_month.i198401.e03.1990.tos.nc ...
2025-04-22 20:23:25,666 - WARNING - extracted tar file /vftmp/Chia-wei.Hsu/untar_dir/19910101.ocean_month.nc exist, skipping...
2025-04-22 20:23:25,782 - INFO - (ncks) extracting variable /collab1/data_untrusted/Chia-wei.Hsu/decadel_output_dir/decadal.ocean_month.i198401.e03.1991.tos.nc ...
2025-04-22 20:29:17,310 - WARNING - extracted tar file /vftmp/Chia-wei.Hsu/untar_dir/19920101.ocean_month.nc exist, skipping...
2025-04-22 20:29:17,311 - INFO - (ncks) extracting variable /collab1/data_untrusted/Chia-wei.Hsu/decadel_output_dir/decadal.ocean_month.i198401.e03.1992.tos.nc ...
2025-04-22 20:32:53,153 - WARNING - extracted tar file /vftmp/Chia-wei.Hsu/untar_dir/19930101.ocean_month.nc exist, skipping...
2025-04-22 20:32:53,154 - INFO - (ncks) extracting variable /collab1/data_untrusted/Chia-wei.Hsu/decadel_output_dir/decadal.ocean_month.i198401.e03.1993.tos.nc ...
2025-04-22 20:32:53,395 - INFO - (ncrcat) concatenating files for single variable, single ensemble, multi-lead ...
2025-04-22 20:32:57,416 - INFO - concatenated file at /collab1/data_untrusted/Chia-wei.Hsu/decadel_output_dir/decadal.ocean_month.i198401.e03.tos.nc ...
2025-04-22 20:32:57,426 - INFO - remove individual files
2025-04-22 20:32:57,427 - INFO - === Processing variable tos ...
2025-04-22 20:32:57,427 - INFO - ===== Processing initial year 1984 initial month  1 ensamble_number  4...
2025-04-22 20:36:34,383 - WARNING - extracted tar file /vftmp/Chia-wei.Hsu/untar_dir/19840101.ocean_month.nc exist, skipping...
2025-04-22 20:36:34,384 - INFO - (ncks) extracting variable /collab1/data_untrusted/Chia-wei.Hsu/decadel_output_dir/decadal.ocean_month.i198401.e04.1984.tos.nc ...
2025-04-22 20:39:50,483 - WARNING - extracted tar file /vftmp/Chia-wei.Hsu/untar_dir/19850101.ocean_month.nc exist, skipping...
2025-04-22 20:39:50,484 - INFO - (ncks) extracting variable /collab1/data_untrusted/Chia-wei.Hsu/decadel_output_dir/decadal.ocean_month.i198401.e04.1985.tos.nc ...
2025-04-22 20:44:58,231 - WARNING - extracted tar file /vftmp/Chia-wei.Hsu/untar_dir/19860101.ocean_month.nc exist, skipping...
2025-04-22 20:44:58,232 - INFO - (ncks) extracting variable /collab1/data_untrusted/Chia-wei.Hsu/decadel_output_dir/decadal.ocean_month.i198401.e04.1986.tos.nc ...
2025-04-22 20:48:30,389 - WARNING - extracted tar file /vftmp/Chia-wei.Hsu/untar_dir/19870101.ocean_month.nc exist, skipping...
2025-04-22 20:48:30,390 - INFO - (ncks) extracting variable /collab1/data_untrusted/Chia-wei.Hsu/decadel_output_dir/decadal.ocean_month.i198401.e04.1987.tos.nc ...
2025-04-22 20:57:02,515 - WARNING - extracted tar file /vftmp/Chia-wei.Hsu/untar_dir/19880101.ocean_month.nc exist, skipping...
2025-04-22 20:57:02,516 - INFO - (ncks) extracting variable /collab1/data_untrusted/Chia-wei.Hsu/decadel_output_dir/decadal.ocean_month.i198401.e04.1988.tos.nc ...
2025-04-22 22:55:43,565 - WARNING - extracted tar file /vftmp/Chia-wei.Hsu/untar_dir/19890101.ocean_month.nc exist, skipping...
2025-04-22 22:55:43,567 - INFO - (ncks) extracting variable /collab1/data_untrusted/Chia-wei.Hsu/decadel_output_dir/decadal.ocean_month.i198401.e04.1989.tos.nc ...
2025-04-22 22:59:08,735 - WARNING - extracted tar file /vftmp/Chia-wei.Hsu/untar_dir/19900101.ocean_month.nc exist, skipping...
2025-04-22 22:59:08,737 - INFO - (ncks) extracting variable /collab1/data_untrusted/Chia-wei.Hsu/decadel_output_dir/decadal.ocean_month.i198401.e04.1990.tos.nc ...
2025-04-22 23:01:59,189 - WARNING - extracted tar file /vftmp/Chia-wei.Hsu/untar_dir/19910101.ocean_month.nc exist, skipping...
2025-04-22 23:01:59,190 - INFO - (ncks) extracting variable /collab1/data_untrusted/Chia-wei.Hsu/decadel_output_dir/decadal.ocean_month.i198401.e04.1991.tos.nc ...
2025-04-22 23:09:04,789 - WARNING - extracted tar file /vftmp/Chia-wei.Hsu/untar_dir/19920101.ocean_month.nc exist, skipping...
2025-04-22 23:09:04,790 - INFO - (ncks) extracting variable /collab1/data_untrusted/Chia-wei.Hsu/decadel_output_dir/decadal.ocean_month.i198401.e04.1992.tos.nc ...
2025-04-22 23:14:44,230 - WARNING - extracted tar file /vftmp/Chia-wei.Hsu/untar_dir/19930101.ocean_month.nc exist, skipping...
2025-04-22 23:14:44,233 - INFO - (ncks) extracting variable /collab1/data_untrusted/Chia-wei.Hsu/decadel_output_dir/decadal.ocean_month.i198401.e04.1993.tos.nc ...
2025-04-22 23:14:44,627 - INFO - (ncrcat) concatenating files for single variable, single ensemble, multi-lead ...
2025-04-22 23:14:51,387 - INFO - concatenated file at /collab1/data_untrusted/Chia-wei.Hsu/decadel_output_dir/decadal.ocean_month.i198401.e04.tos.nc ...
2025-04-22 23:14:51,393 - INFO - remove individual files
2025-04-22 23:14:51,449 - INFO - === Processing variable tos ...
2025-04-22 23:14:51,449 - INFO - ===== Processing initial year 1984 initial month  1 ensamble_number  5...
2025-04-22 23:21:07,155 - WARNING - extracted tar file /vftmp/Chia-wei.Hsu/untar_dir/19840101.ocean_month.nc exist, skipping...
2025-04-22 23:21:07,156 - INFO - (ncks) extracting variable /collab1/data_untrusted/Chia-wei.Hsu/decadel_output_dir/decadal.ocean_month.i198401.e05.1984.tos.nc ...
2025-04-23 02:06:04,753 - WARNING - extracted tar file /vftmp/Chia-wei.Hsu/untar_dir/19850101.ocean_month.nc exist, skipping...
2025-04-23 02:06:04,754 - INFO - (ncks) extracting variable /collab1/data_untrusted/Chia-wei.Hsu/decadel_output_dir/decadal.ocean_month.i198401.e05.1985.tos.nc ...
2025-04-23 02:11:12,964 - WARNING - extracted tar file /vftmp/Chia-wei.Hsu/untar_dir/19860101.ocean_month.nc exist, skipping...
2025-04-23 02:11:12,965 - INFO - (ncks) extracting variable /collab1/data_untrusted/Chia-wei.Hsu/decadel_output_dir/decadal.ocean_month.i198401.e05.1986.tos.nc ...
2025-04-23 02:14:39,694 - WARNING - extracted tar file /vftmp/Chia-wei.Hsu/untar_dir/19870101.ocean_month.nc exist, skipping...
2025-04-23 02:14:39,695 - INFO - (ncks) extracting variable /collab1/data_untrusted/Chia-wei.Hsu/decadel_output_dir/decadal.ocean_month.i198401.e05.1987.tos.nc ...
2025-04-23 02:18:23,722 - WARNING - extracted tar file /vftmp/Chia-wei.Hsu/untar_dir/19880101.ocean_month.nc exist, skipping...
2025-04-23 02:18:23,723 - INFO - (ncks) extracting variable /collab1/data_untrusted/Chia-wei.Hsu/decadel_output_dir/decadal.ocean_month.i198401.e05.1988.tos.nc ...
2025-04-23 03:19:40,382 - WARNING - extracted tar file /vftmp/Chia-wei.Hsu/untar_dir/19890101.ocean_month.nc exist, skipping...
2025-04-23 03:19:40,383 - INFO - (ncks) extracting variable /collab1/data_untrusted/Chia-wei.Hsu/decadel_output_dir/decadal.ocean_month.i198401.e05.1989.tos.nc ...
2025-04-23 04:12:33,010 - WARNING - extracted tar file /vftmp/Chia-wei.Hsu/untar_dir/19900101.ocean_month.nc exist, skipping...
2025-04-23 04:12:33,011 - INFO - (ncks) extracting variable /collab1/data_untrusted/Chia-wei.Hsu/decadel_output_dir/decadal.ocean_month.i198401.e05.1990.tos.nc ...
2025-04-23 04:16:26,193 - WARNING - extracted tar file /vftmp/Chia-wei.Hsu/untar_dir/19910101.ocean_month.nc exist, skipping...
2025-04-23 04:16:26,194 - INFO - (ncks) extracting variable /collab1/data_untrusted/Chia-wei.Hsu/decadel_output_dir/decadal.ocean_month.i198401.e05.1991.tos.nc ...
2025-04-23 04:19:49,514 - WARNING - extracted tar file /vftmp/Chia-wei.Hsu/untar_dir/19920101.ocean_month.nc exist, skipping...
2025-04-23 04:19:49,515 - INFO - (ncks) extracting variable /collab1/data_untrusted/Chia-wei.Hsu/decadel_output_dir/decadal.ocean_month.i198401.e05.1992.tos.nc ...
2025-04-23 04:23:44,256 - WARNING - extracted tar file /vftmp/Chia-wei.Hsu/untar_dir/19930101.ocean_month.nc exist, skipping...
2025-04-23 04:23:44,256 - INFO - (ncks) extracting variable /collab1/data_untrusted/Chia-wei.Hsu/decadel_output_dir/decadal.ocean_month.i198401.e05.1993.tos.nc ...
2025-04-23 04:23:44,340 - INFO - (ncrcat) concatenating files for single variable, single ensemble, multi-lead ...
2025-04-23 04:23:48,980 - INFO - concatenated file at /collab1/data_untrusted/Chia-wei.Hsu/decadel_output_dir/decadal.ocean_month.i198401.e05.tos.nc ...
2025-04-23 04:23:48,993 - INFO - remove individual files
2025-04-23 04:23:48,994 - INFO - === Processing variable tos ...
2025-04-23 04:23:48,994 - INFO - ===== Processing initial year 1984 initial month  1 ensamble_number  6...
2025-04-23 04:27:01,592 - WARNING - extracted tar file /vftmp/Chia-wei.Hsu/untar_dir/19840101.ocean_month.nc exist, skipping...
2025-04-23 04:27:01,593 - INFO - (ncks) extracting variable /collab1/data_untrusted/Chia-wei.Hsu/decadel_output_dir/decadal.ocean_month.i198401.e06.1984.tos.nc ...
2025-04-23 04:32:05,471 - WARNING - extracted tar file /vftmp/Chia-wei.Hsu/untar_dir/19850101.ocean_month.nc exist, skipping...
2025-04-23 04:32:05,472 - INFO - (ncks) extracting variable /collab1/data_untrusted/Chia-wei.Hsu/decadel_output_dir/decadal.ocean_month.i198401.e06.1985.tos.nc ...
2025-04-23 04:42:00,972 - WARNING - extracted tar file /vftmp/Chia-wei.Hsu/untar_dir/19860101.ocean_month.nc exist, skipping...
2025-04-23 04:42:00,973 - INFO - (ncks) extracting variable /collab1/data_untrusted/Chia-wei.Hsu/decadel_output_dir/decadal.ocean_month.i198401.e06.1986.tos.nc ...
2025-04-23 04:49:11,677 - WARNING - extracted tar file /vftmp/Chia-wei.Hsu/untar_dir/19870101.ocean_month.nc exist, skipping...
2025-04-23 04:49:11,678 - INFO - (ncks) extracting variable /collab1/data_untrusted/Chia-wei.Hsu/decadel_output_dir/decadal.ocean_month.i198401.e06.1987.tos.nc ...
2025-04-23 04:53:51,062 - WARNING - extracted tar file /vftmp/Chia-wei.Hsu/untar_dir/19880101.ocean_month.nc exist, skipping...
2025-04-23 04:53:51,063 - INFO - (ncks) extracting variable /collab1/data_untrusted/Chia-wei.Hsu/decadel_output_dir/decadal.ocean_month.i198401.e06.1988.tos.nc ...
2025-04-23 05:09:15,478 - WARNING - extracted tar file /vftmp/Chia-wei.Hsu/untar_dir/19890101.ocean_month.nc exist, skipping...
2025-04-23 05:09:15,479 - INFO - (ncks) extracting variable /collab1/data_untrusted/Chia-wei.Hsu/decadel_output_dir/decadal.ocean_month.i198401.e06.1989.tos.nc ...
2025-04-23 05:13:50,697 - WARNING - extracted tar file /vftmp/Chia-wei.Hsu/untar_dir/19900101.ocean_month.nc exist, skipping...
2025-04-23 05:13:50,698 - INFO - (ncks) extracting variable /collab1/data_untrusted/Chia-wei.Hsu/decadel_output_dir/decadal.ocean_month.i198401.e06.1990.tos.nc ...
2025-04-23 05:19:21,853 - WARNING - extracted tar file /vftmp/Chia-wei.Hsu/untar_dir/19910101.ocean_month.nc exist, skipping...
2025-04-23 05:19:21,854 - INFO - (ncks) extracting variable /collab1/data_untrusted/Chia-wei.Hsu/decadel_output_dir/decadal.ocean_month.i198401.e06.1991.tos.nc ...
2025-04-23 05:23:15,579 - WARNING - extracted tar file /vftmp/Chia-wei.Hsu/untar_dir/19920101.ocean_month.nc exist, skipping...
2025-04-23 05:23:15,580 - INFO - (ncks) extracting variable /collab1/data_untrusted/Chia-wei.Hsu/decadel_output_dir/decadal.ocean_month.i198401.e06.1992.tos.nc ...
2025-04-23 05:31:21,017 - WARNING - extracted tar file /vftmp/Chia-wei.Hsu/untar_dir/19930101.ocean_month.nc exist, skipping...
2025-04-23 05:31:21,018 - INFO - (ncks) extracting variable /collab1/data_untrusted/Chia-wei.Hsu/decadel_output_dir/decadal.ocean_month.i198401.e06.1993.tos.nc ...
2025-04-23 05:31:21,136 - INFO - (ncrcat) concatenating files for single variable, single ensemble, multi-lead ...
2025-04-23 05:31:24,518 - INFO - concatenated file at /collab1/data_untrusted/Chia-wei.Hsu/decadel_output_dir/decadal.ocean_month.i198401.e06.tos.nc ...
2025-04-23 05:31:24,527 - INFO - remove individual files
