2025-04-22 12:26:52,968 - INFO - === Processing variable tos ...
2025-04-22 12:26:52,974 - WARNING - concatenate file /collab1/data_untrusted/Chia-wei.Hsu/decadel_output_dir/decadal.ocean_month.i201501.e01.tos.nc exist, skipping...
2025-04-22 12:26:53,030 - INFO - === Processing variable tos ...
2025-04-22 12:26:53,031 - INFO - ===== Processing initial year 2015 initial month  1 ensamble_number  2...
2025-04-22 12:26:53,295 - WARNING - extracted tar file /vftmp/Chia-wei.Hsu/untar_dir/20150101.ocean_month.nc exist, skipping...
2025-04-22 12:26:53,295 - WARNING - extracted variable file /collab1/data_untrusted/Chia-wei.Hsu/decadel_output_dir/decadal.ocean_month.i201501.e02.2015.tos.nc exist, skipping...
2025-04-22 12:26:54,549 - WARNING - extracted tar file /vftmp/Chia-wei.Hsu/untar_dir/20160101.ocean_month.nc exist, skipping...
2025-04-22 12:26:54,549 - WARNING - extracted variable file /collab1/data_untrusted/Chia-wei.Hsu/decadel_output_dir/decadal.ocean_month.i201501.e02.2016.tos.nc exist, skipping...
2025-04-22 12:26:54,802 - WARNING - extracted tar file /vftmp/Chia-wei.Hsu/untar_dir/20170101.ocean_month.nc exist, skipping...
2025-04-22 12:26:54,803 - WARNING - extracted variable file /collab1/data_untrusted/Chia-wei.Hsu/decadel_output_dir/decadal.ocean_month.i201501.e02.2017.tos.nc exist, skipping...
2025-04-22 12:26:55,057 - WARNING - extracted tar file /vftmp/Chia-wei.Hsu/untar_dir/20180101.ocean_month.nc exist, skipping...
2025-04-22 12:26:55,057 - WARNING - extracted variable file /collab1/data_untrusted/Chia-wei.Hsu/decadel_output_dir/decadal.ocean_month.i201501.e02.2018.tos.nc exist, skipping...
2025-04-22 13:35:58,684 - WARNING - extracted tar file /vftmp/Chia-wei.Hsu/untar_dir/20190101.ocean_month.nc exist, skipping...
2025-04-22 13:35:58,685 - INFO - (ncks) extracting variable /collab1/data_untrusted/Chia-wei.Hsu/decadel_output_dir/decadal.ocean_month.i201501.e02.2019.tos.nc ...
2025-04-22 13:46:48,902 - WARNING - extracted tar file /vftmp/Chia-wei.Hsu/untar_dir/20200101.ocean_month.nc exist, skipping...
2025-04-22 13:46:48,904 - INFO - (ncks) extracting variable /collab1/data_untrusted/Chia-wei.Hsu/decadel_output_dir/decadal.ocean_month.i201501.e02.2020.tos.nc ...
2025-04-22 16:34:36,382 - WARNING - extracted tar file /vftmp/Chia-wei.Hsu/untar_dir/20210101.ocean_month.nc exist, skipping...
2025-04-22 16:34:36,383 - INFO - (ncks) extracting variable /collab1/data_untrusted/Chia-wei.Hsu/decadel_output_dir/decadal.ocean_month.i201501.e02.2021.tos.nc ...
2025-04-22 16:40:42,226 - WARNING - extracted tar file /vftmp/Chia-wei.Hsu/untar_dir/20220101.ocean_month.nc exist, skipping...
2025-04-22 16:40:42,227 - INFO - (ncks) extracting variable /collab1/data_untrusted/Chia-wei.Hsu/decadel_output_dir/decadal.ocean_month.i201501.e02.2022.tos.nc ...
2025-04-22 16:43:44,667 - WARNING - extracted tar file /vftmp/Chia-wei.Hsu/untar_dir/20230101.ocean_month.nc exist, skipping...
2025-04-22 16:43:44,668 - INFO - (ncks) extracting variable /collab1/data_untrusted/Chia-wei.Hsu/decadel_output_dir/decadal.ocean_month.i201501.e02.2023.tos.nc ...
2025-04-22 16:56:52,661 - WARNING - extracted tar file /vftmp/Chia-wei.Hsu/untar_dir/20240101.ocean_month.nc exist, skipping...
2025-04-22 16:56:52,662 - INFO - (ncks) extracting variable /collab1/data_untrusted/Chia-wei.Hsu/decadel_output_dir/decadal.ocean_month.i201501.e02.2024.tos.nc ...
2025-04-22 16:56:52,742 - INFO - (ncrcat) concatenating files for single variable, single ensemble, multi-lead ...
2025-04-22 16:56:56,257 - INFO - concatenated file at /collab1/data_untrusted/Chia-wei.Hsu/decadel_output_dir/decadal.ocean_month.i201501.e02.tos.nc ...
2025-04-22 16:56:56,272 - INFO - remove individual files
2025-04-22 16:56:56,311 - INFO - === Processing variable tos ...
2025-04-22 16:56:56,311 - INFO - ===== Processing initial year 2015 initial month  1 ensamble_number  3...
2025-04-22 17:01:30,931 - WARNING - extracted tar file /vftmp/Chia-wei.Hsu/untar_dir/20150101.ocean_month.nc exist, skipping...
2025-04-22 17:01:30,932 - INFO - (ncks) extracting variable /collab1/data_untrusted/Chia-wei.Hsu/decadel_output_dir/decadal.ocean_month.i201501.e03.2015.tos.nc ...
2025-04-22 17:11:30,992 - WARNING - extracted tar file /vftmp/Chia-wei.Hsu/untar_dir/20160101.ocean_month.nc exist, skipping...
2025-04-22 17:11:30,992 - INFO - (ncks) extracting variable /collab1/data_untrusted/Chia-wei.Hsu/decadel_output_dir/decadal.ocean_month.i201501.e03.2016.tos.nc ...
2025-04-22 20:08:37,114 - WARNING - extracted tar file /vftmp/Chia-wei.Hsu/untar_dir/20170101.ocean_month.nc exist, skipping...
2025-04-22 20:08:37,366 - INFO - (ncks) extracting variable /collab1/data_untrusted/Chia-wei.Hsu/decadel_output_dir/decadal.ocean_month.i201501.e03.2017.tos.nc ...
2025-04-22 21:00:38,169 - WARNING - extracted tar file /vftmp/Chia-wei.Hsu/untar_dir/20180101.ocean_month.nc exist, skipping...
2025-04-22 21:00:38,277 - INFO - (ncks) extracting variable /collab1/data_untrusted/Chia-wei.Hsu/decadel_output_dir/decadal.ocean_month.i201501.e03.2018.tos.nc ...
2025-04-22 21:04:06,473 - WARNING - extracted tar file /vftmp/Chia-wei.Hsu/untar_dir/20190101.ocean_month.nc exist, skipping...
2025-04-22 21:04:06,474 - INFO - (ncks) extracting variable /collab1/data_untrusted/Chia-wei.Hsu/decadel_output_dir/decadal.ocean_month.i201501.e03.2019.tos.nc ...
2025-04-22 21:07:41,407 - WARNING - extracted tar file /vftmp/Chia-wei.Hsu/untar_dir/20200101.ocean_month.nc exist, skipping...
2025-04-22 21:07:41,408 - INFO - (ncks) extracting variable /collab1/data_untrusted/Chia-wei.Hsu/decadel_output_dir/decadal.ocean_month.i201501.e03.2020.tos.nc ...
2025-04-22 21:10:39,009 - WARNING - extracted tar file /vftmp/Chia-wei.Hsu/untar_dir/20210101.ocean_month.nc exist, skipping...
2025-04-22 21:10:39,010 - INFO - (ncks) extracting variable /collab1/data_untrusted/Chia-wei.Hsu/decadel_output_dir/decadal.ocean_month.i201501.e03.2021.tos.nc ...
2025-04-22 21:14:35,374 - WARNING - extracted tar file /vftmp/Chia-wei.Hsu/untar_dir/20220101.ocean_month.nc exist, skipping...
2025-04-22 21:14:35,374 - INFO - (ncks) extracting variable /collab1/data_untrusted/Chia-wei.Hsu/decadel_output_dir/decadal.ocean_month.i201501.e03.2022.tos.nc ...
2025-04-22 21:18:44,218 - WARNING - extracted tar file /vftmp/Chia-wei.Hsu/untar_dir/20230101.ocean_month.nc exist, skipping...
2025-04-22 21:18:44,219 - INFO - (ncks) extracting variable /collab1/data_untrusted/Chia-wei.Hsu/decadel_output_dir/decadal.ocean_month.i201501.e03.2023.tos.nc ...
2025-04-22 21:28:23,656 - WARNING - extracted tar file /vftmp/Chia-wei.Hsu/untar_dir/20240101.ocean_month.nc exist, skipping...
2025-04-22 21:28:23,657 - INFO - (ncks) extracting variable /collab1/data_untrusted/Chia-wei.Hsu/decadel_output_dir/decadal.ocean_month.i201501.e03.2024.tos.nc ...
2025-04-22 21:28:24,585 - INFO - (ncrcat) concatenating files for single variable, single ensemble, multi-lead ...
2025-04-22 21:28:28,306 - INFO - concatenated file at /collab1/data_untrusted/Chia-wei.Hsu/decadel_output_dir/decadal.ocean_month.i201501.e03.tos.nc ...
2025-04-22 21:28:28,317 - INFO - remove individual files
2025-04-22 21:28:28,390 - INFO - === Processing variable tos ...
2025-04-22 21:28:28,391 - INFO - ===== Processing initial year 2015 initial month  1 ensamble_number  4...
2025-04-22 21:31:33,136 - WARNING - extracted tar file /vftmp/Chia-wei.Hsu/untar_dir/20150101.ocean_month.nc exist, skipping...
2025-04-22 21:31:33,137 - INFO - (ncks) extracting variable /collab1/data_untrusted/Chia-wei.Hsu/decadel_output_dir/decadal.ocean_month.i201501.e04.2015.tos.nc ...
2025-04-22 23:47:34,489 - WARNING - extracted tar file /vftmp/Chia-wei.Hsu/untar_dir/20160101.ocean_month.nc exist, skipping...
2025-04-22 23:47:34,492 - INFO - (ncks) extracting variable /collab1/data_untrusted/Chia-wei.Hsu/decadel_output_dir/decadal.ocean_month.i201501.e04.2016.tos.nc ...
2025-04-22 23:53:51,119 - WARNING - extracted tar file /vftmp/Chia-wei.Hsu/untar_dir/20170101.ocean_month.nc exist, skipping...
2025-04-22 23:53:51,120 - INFO - (ncks) extracting variable /collab1/data_untrusted/Chia-wei.Hsu/decadel_output_dir/decadal.ocean_month.i201501.e04.2017.tos.nc ...
2025-04-23 00:00:50,165 - WARNING - extracted tar file /vftmp/Chia-wei.Hsu/untar_dir/20180101.ocean_month.nc exist, skipping...
2025-04-23 00:00:50,166 - INFO - (ncks) extracting variable /collab1/data_untrusted/Chia-wei.Hsu/decadel_output_dir/decadal.ocean_month.i201501.e04.2018.tos.nc ...
2025-04-23 00:04:52,537 - WARNING - extracted tar file /vftmp/Chia-wei.Hsu/untar_dir/20190101.ocean_month.nc exist, skipping...
2025-04-23 00:04:52,538 - INFO - (ncks) extracting variable /collab1/data_untrusted/Chia-wei.Hsu/decadel_output_dir/decadal.ocean_month.i201501.e04.2019.tos.nc ...
2025-04-23 00:08:18,418 - WARNING - extracted tar file /vftmp/Chia-wei.Hsu/untar_dir/20200101.ocean_month.nc exist, skipping...
2025-04-23 00:08:18,419 - INFO - (ncks) extracting variable /collab1/data_untrusted/Chia-wei.Hsu/decadel_output_dir/decadal.ocean_month.i201501.e04.2020.tos.nc ...
2025-04-23 00:23:40,342 - WARNING - extracted tar file /vftmp/Chia-wei.Hsu/untar_dir/20210101.ocean_month.nc exist, skipping...
2025-04-23 00:23:40,343 - INFO - (ncks) extracting variable /collab1/data_untrusted/Chia-wei.Hsu/decadel_output_dir/decadal.ocean_month.i201501.e04.2021.tos.nc ...
2025-04-23 00:33:24,533 - WARNING - extracted tar file /vftmp/Chia-wei.Hsu/untar_dir/20220101.ocean_month.nc exist, skipping...
2025-04-23 00:33:24,534 - INFO - (ncks) extracting variable /collab1/data_untrusted/Chia-wei.Hsu/decadel_output_dir/decadal.ocean_month.i201501.e04.2022.tos.nc ...
2025-04-23 00:38:13,496 - WARNING - extracted tar file /vftmp/Chia-wei.Hsu/untar_dir/20230101.ocean_month.nc exist, skipping...
2025-04-23 00:38:13,497 - INFO - (ncks) extracting variable /collab1/data_untrusted/Chia-wei.Hsu/decadel_output_dir/decadal.ocean_month.i201501.e04.2023.tos.nc ...
2025-04-23 00:59:52,948 - WARNING - extracted tar file /vftmp/Chia-wei.Hsu/untar_dir/20240101.ocean_month.nc exist, skipping...
2025-04-23 00:59:52,949 - INFO - (ncks) extracting variable /collab1/data_untrusted/Chia-wei.Hsu/decadel_output_dir/decadal.ocean_month.i201501.e04.2024.tos.nc ...
2025-04-23 00:59:53,050 - INFO - (ncrcat) concatenating files for single variable, single ensemble, multi-lead ...
2025-04-23 00:59:56,055 - INFO - concatenated file at /collab1/data_untrusted/Chia-wei.Hsu/decadel_output_dir/decadal.ocean_month.i201501.e04.tos.nc ...
2025-04-23 00:59:56,062 - INFO - remove individual files
2025-04-23 00:59:56,131 - INFO - === Processing variable tos ...
2025-04-23 00:59:56,132 - INFO - ===== Processing initial year 2015 initial month  1 ensamble_number  5...
2025-04-23 01:02:32,807 - WARNING - extracted tar file /vftmp/Chia-wei.Hsu/untar_dir/20150101.ocean_month.nc exist, skipping...
2025-04-23 01:02:32,808 - INFO - (ncks) extracting variable /collab1/data_untrusted/Chia-wei.Hsu/decadel_output_dir/decadal.ocean_month.i201501.e05.2015.tos.nc ...
2025-04-23 01:07:19,858 - WARNING - extracted tar file /vftmp/Chia-wei.Hsu/untar_dir/20160101.ocean_month.nc exist, skipping...
2025-04-23 01:07:19,859 - INFO - (ncks) extracting variable /collab1/data_untrusted/Chia-wei.Hsu/decadel_output_dir/decadal.ocean_month.i201501.e05.2016.tos.nc ...
2025-04-23 01:13:24,393 - WARNING - extracted tar file /vftmp/Chia-wei.Hsu/untar_dir/20170101.ocean_month.nc exist, skipping...
2025-04-23 01:13:24,394 - INFO - (ncks) extracting variable /collab1/data_untrusted/Chia-wei.Hsu/decadel_output_dir/decadal.ocean_month.i201501.e05.2017.tos.nc ...
2025-04-23 01:16:07,492 - WARNING - extracted tar file /vftmp/Chia-wei.Hsu/untar_dir/20180101.ocean_month.nc exist, skipping...
2025-04-23 01:16:07,492 - INFO - (ncks) extracting variable /collab1/data_untrusted/Chia-wei.Hsu/decadel_output_dir/decadal.ocean_month.i201501.e05.2018.tos.nc ...
2025-04-23 01:19:14,782 - WARNING - extracted tar file /vftmp/Chia-wei.Hsu/untar_dir/20190101.ocean_month.nc exist, skipping...
2025-04-23 01:19:14,783 - INFO - (ncks) extracting variable /collab1/data_untrusted/Chia-wei.Hsu/decadel_output_dir/decadal.ocean_month.i201501.e05.2019.tos.nc ...
2025-04-23 01:25:20,290 - WARNING - extracted tar file /vftmp/Chia-wei.Hsu/untar_dir/20200101.ocean_month.nc exist, skipping...
2025-04-23 01:25:20,291 - INFO - (ncks) extracting variable /collab1/data_untrusted/Chia-wei.Hsu/decadel_output_dir/decadal.ocean_month.i201501.e05.2020.tos.nc ...
2025-04-23 01:29:34,939 - WARNING - extracted tar file /vftmp/Chia-wei.Hsu/untar_dir/20210101.ocean_month.nc exist, skipping...
2025-04-23 01:29:34,940 - INFO - (ncks) extracting variable /collab1/data_untrusted/Chia-wei.Hsu/decadel_output_dir/decadal.ocean_month.i201501.e05.2021.tos.nc ...
2025-04-23 02:51:31,825 - WARNING - extracted tar file /vftmp/Chia-wei.Hsu/untar_dir/20220101.ocean_month.nc exist, skipping...
2025-04-23 02:51:31,826 - INFO - (ncks) extracting variable /collab1/data_untrusted/Chia-wei.Hsu/decadel_output_dir/decadal.ocean_month.i201501.e05.2022.tos.nc ...
2025-04-23 02:59:54,471 - WARNING - extracted tar file /vftmp/Chia-wei.Hsu/untar_dir/20230101.ocean_month.nc exist, skipping...
2025-04-23 02:59:54,472 - INFO - (ncks) extracting variable /collab1/data_untrusted/Chia-wei.Hsu/decadel_output_dir/decadal.ocean_month.i201501.e05.2023.tos.nc ...
2025-04-23 03:03:42,414 - WARNING - extracted tar file /vftmp/Chia-wei.Hsu/untar_dir/20240101.ocean_month.nc exist, skipping...
2025-04-23 03:03:42,415 - INFO - (ncks) extracting variable /collab1/data_untrusted/Chia-wei.Hsu/decadel_output_dir/decadal.ocean_month.i201501.e05.2024.tos.nc ...
2025-04-23 03:03:42,512 - INFO - (ncrcat) concatenating files for single variable, single ensemble, multi-lead ...
2025-04-23 03:03:46,303 - INFO - concatenated file at /collab1/data_untrusted/Chia-wei.Hsu/decadel_output_dir/decadal.ocean_month.i201501.e05.tos.nc ...
2025-04-23 03:03:46,315 - INFO - remove individual files
2025-04-23 03:03:46,380 - INFO - === Processing variable tos ...
2025-04-23 03:03:46,380 - INFO - ===== Processing initial year 2015 initial month  1 ensamble_number  6...
2025-04-23 03:08:29,597 - WARNING - extracted tar file /vftmp/Chia-wei.Hsu/untar_dir/20150101.ocean_month.nc exist, skipping...
2025-04-23 03:08:29,598 - INFO - (ncks) extracting variable /collab1/data_untrusted/Chia-wei.Hsu/decadel_output_dir/decadal.ocean_month.i201501.e06.2015.tos.nc ...
2025-04-23 03:12:30,372 - WARNING - extracted tar file /vftmp/Chia-wei.Hsu/untar_dir/20160101.ocean_month.nc exist, skipping...
2025-04-23 03:12:30,373 - INFO - (ncks) extracting variable /collab1/data_untrusted/Chia-wei.Hsu/decadel_output_dir/decadal.ocean_month.i201501.e06.2016.tos.nc ...
2025-04-23 03:15:14,407 - WARNING - extracted tar file /vftmp/Chia-wei.Hsu/untar_dir/20170101.ocean_month.nc exist, skipping...
2025-04-23 03:15:14,408 - INFO - (ncks) extracting variable /collab1/data_untrusted/Chia-wei.Hsu/decadel_output_dir/decadal.ocean_month.i201501.e06.2017.tos.nc ...
2025-04-23 03:24:28,058 - WARNING - extracted tar file /vftmp/Chia-wei.Hsu/untar_dir/20180101.ocean_month.nc exist, skipping...
2025-04-23 03:24:28,059 - INFO - (ncks) extracting variable /collab1/data_untrusted/Chia-wei.Hsu/decadel_output_dir/decadal.ocean_month.i201501.e06.2018.tos.nc ...
2025-04-23 03:46:10,533 - WARNING - extracted tar file /vftmp/Chia-wei.Hsu/untar_dir/20190101.ocean_month.nc exist, skipping...
2025-04-23 03:46:10,534 - INFO - (ncks) extracting variable /collab1/data_untrusted/Chia-wei.Hsu/decadel_output_dir/decadal.ocean_month.i201501.e06.2019.tos.nc ...
2025-04-23 03:50:28,450 - WARNING - extracted tar file /vftmp/Chia-wei.Hsu/untar_dir/20200101.ocean_month.nc exist, skipping...
2025-04-23 03:50:28,452 - INFO - (ncks) extracting variable /collab1/data_untrusted/Chia-wei.Hsu/decadel_output_dir/decadal.ocean_month.i201501.e06.2020.tos.nc ...
2025-04-23 03:53:30,194 - WARNING - extracted tar file /vftmp/Chia-wei.Hsu/untar_dir/20210101.ocean_month.nc exist, skipping...
2025-04-23 03:53:30,196 - INFO - (ncks) extracting variable /collab1/data_untrusted/Chia-wei.Hsu/decadel_output_dir/decadal.ocean_month.i201501.e06.2021.tos.nc ...
2025-04-23 03:56:36,364 - WARNING - extracted tar file /vftmp/Chia-wei.Hsu/untar_dir/20220101.ocean_month.nc exist, skipping...
2025-04-23 03:56:36,365 - INFO - (ncks) extracting variable /collab1/data_untrusted/Chia-wei.Hsu/decadel_output_dir/decadal.ocean_month.i201501.e06.2022.tos.nc ...
2025-04-23 04:00:00,409 - WARNING - extracted tar file /vftmp/Chia-wei.Hsu/untar_dir/20230101.ocean_month.nc exist, skipping...
2025-04-23 04:00:00,410 - INFO - (ncks) extracting variable /collab1/data_untrusted/Chia-wei.Hsu/decadel_output_dir/decadal.ocean_month.i201501.e06.2023.tos.nc ...
2025-04-23 04:07:39,209 - WARNING - extracted tar file /vftmp/Chia-wei.Hsu/untar_dir/20240101.ocean_month.nc exist, skipping...
2025-04-23 04:07:39,210 - INFO - (ncks) extracting variable /collab1/data_untrusted/Chia-wei.Hsu/decadel_output_dir/decadal.ocean_month.i201501.e06.2024.tos.nc ...
2025-04-23 04:07:39,302 - INFO - (ncrcat) concatenating files for single variable, single ensemble, multi-lead ...
2025-04-23 04:07:42,955 - INFO - concatenated file at /collab1/data_untrusted/Chia-wei.Hsu/decadel_output_dir/decadal.ocean_month.i201501.e06.tos.nc ...
2025-04-23 04:07:42,962 - INFO - remove individual files
