2025-04-22 12:26:52,946 - INFO - === Processing variable tos ...
2025-04-22 12:26:52,947 - WARNING - concatenate file /collab1/data_untrusted/Chia-wei.Hsu/decadel_output_dir/decadal.ocean_month.i197901.e01.tos.nc exist, skipping...
2025-04-22 12:26:52,960 - INFO - === Processing variable tos ...
2025-04-22 12:26:52,961 - INFO - ===== Processing initial year 1979 initial month  1 ensamble_number  2...
2025-04-22 12:26:53,255 - WARNING - extracted tar file /vftmp/Chia-wei.Hsu/untar_dir/19790101.ocean_month.nc exist, skipping...
2025-04-22 12:26:53,256 - WARNING - extracted variable file /collab1/data_untrusted/Chia-wei.Hsu/decadel_output_dir/decadal.ocean_month.i197901.e02.1979.tos.nc exist, skipping...
2025-04-22 12:26:53,506 - WARNING - extracted tar file /vftmp/Chia-wei.Hsu/untar_dir/19800101.ocean_month.nc exist, skipping...
2025-04-22 12:26:53,506 - WARNING - extracted variable file /collab1/data_untrusted/Chia-wei.Hsu/decadel_output_dir/decadal.ocean_month.i197901.e02.1980.tos.nc exist, skipping...
2025-04-22 12:26:53,755 - WARNING - extracted tar file /vftmp/Chia-wei.Hsu/untar_dir/19810101.ocean_month.nc exist, skipping...
2025-04-22 12:26:53,756 - WARNING - extracted variable file /collab1/data_untrusted/Chia-wei.Hsu/decadel_output_dir/decadal.ocean_month.i197901.e02.1981.tos.nc exist, skipping...
2025-04-22 13:31:17,797 - WARNING - extracted tar file /vftmp/Chia-wei.Hsu/untar_dir/19820101.ocean_month.nc exist, skipping...
2025-04-22 13:31:17,798 - INFO - (ncks) extracting variable /collab1/data_untrusted/Chia-wei.Hsu/decadel_output_dir/decadal.ocean_month.i197901.e02.1982.tos.nc ...
2025-04-22 13:35:14,710 - WARNING - extracted tar file /vftmp/Chia-wei.Hsu/untar_dir/19830101.ocean_month.nc exist, skipping...
2025-04-22 13:35:14,711 - INFO - (ncks) extracting variable /collab1/data_untrusted/Chia-wei.Hsu/decadel_output_dir/decadal.ocean_month.i197901.e02.1983.tos.nc ...
2025-04-22 14:05:38,702 - WARNING - extracted tar file /vftmp/Chia-wei.Hsu/untar_dir/19840101.ocean_month.nc exist, skipping...
2025-04-22 14:05:38,703 - INFO - (ncks) extracting variable /collab1/data_untrusted/Chia-wei.Hsu/decadel_output_dir/decadal.ocean_month.i197901.e02.1984.tos.nc ...
2025-04-22 14:10:03,109 - WARNING - extracted tar file /vftmp/Chia-wei.Hsu/untar_dir/19850101.ocean_month.nc exist, skipping...
2025-04-22 14:10:03,110 - INFO - (ncks) extracting variable /collab1/data_untrusted/Chia-wei.Hsu/decadel_output_dir/decadal.ocean_month.i197901.e02.1985.tos.nc ...
2025-04-22 14:13:48,190 - WARNING - extracted tar file /vftmp/Chia-wei.Hsu/untar_dir/19860101.ocean_month.nc exist, skipping...
2025-04-22 14:13:48,191 - INFO - (ncks) extracting variable /collab1/data_untrusted/Chia-wei.Hsu/decadel_output_dir/decadal.ocean_month.i197901.e02.1986.tos.nc ...
2025-04-22 14:16:51,634 - WARNING - extracted tar file /vftmp/Chia-wei.Hsu/untar_dir/19870101.ocean_month.nc exist, skipping...
2025-04-22 14:16:51,635 - INFO - (ncks) extracting variable /collab1/data_untrusted/Chia-wei.Hsu/decadel_output_dir/decadal.ocean_month.i197901.e02.1987.tos.nc ...
2025-04-22 14:22:36,711 - WARNING - extracted tar file /vftmp/Chia-wei.Hsu/untar_dir/19880101.ocean_month.nc exist, skipping...
2025-04-22 14:22:36,712 - INFO - (ncks) extracting variable /collab1/data_untrusted/Chia-wei.Hsu/decadel_output_dir/decadal.ocean_month.i197901.e02.1988.tos.nc ...
2025-04-22 14:22:36,813 - INFO - (ncrcat) concatenating files for single variable, single ensemble, multi-lead ...
2025-04-22 14:22:40,405 - INFO - concatenated file at /collab1/data_untrusted/Chia-wei.Hsu/decadel_output_dir/decadal.ocean_month.i197901.e02.tos.nc ...
2025-04-22 14:22:40,418 - INFO - remove individual files
2025-04-22 14:22:40,418 - INFO - === Processing variable tos ...
2025-04-22 14:22:40,419 - INFO - ===== Processing initial year 1979 initial month  1 ensamble_number  3...
2025-04-22 14:27:26,197 - WARNING - extracted tar file /vftmp/Chia-wei.Hsu/untar_dir/19790101.ocean_month.nc exist, skipping...
2025-04-22 14:27:26,198 - INFO - (ncks) extracting variable /collab1/data_untrusted/Chia-wei.Hsu/decadel_output_dir/decadal.ocean_month.i197901.e03.1979.tos.nc ...
2025-04-22 14:35:24,391 - WARNING - extracted tar file /vftmp/Chia-wei.Hsu/untar_dir/19800101.ocean_month.nc exist, skipping...
2025-04-22 14:35:24,392 - INFO - (ncks) extracting variable /collab1/data_untrusted/Chia-wei.Hsu/decadel_output_dir/decadal.ocean_month.i197901.e03.1980.tos.nc ...
2025-04-22 14:39:03,857 - WARNING - extracted tar file /vftmp/Chia-wei.Hsu/untar_dir/19810101.ocean_month.nc exist, skipping...
2025-04-22 14:39:03,858 - INFO - (ncks) extracting variable /collab1/data_untrusted/Chia-wei.Hsu/decadel_output_dir/decadal.ocean_month.i197901.e03.1981.tos.nc ...
2025-04-22 16:38:17,243 - WARNING - extracted tar file /vftmp/Chia-wei.Hsu/untar_dir/19820101.ocean_month.nc exist, skipping...
2025-04-22 16:38:17,244 - INFO - (ncks) extracting variable /collab1/data_untrusted/Chia-wei.Hsu/decadel_output_dir/decadal.ocean_month.i197901.e03.1982.tos.nc ...
2025-04-22 16:49:14,852 - WARNING - extracted tar file /vftmp/Chia-wei.Hsu/untar_dir/19830101.ocean_month.nc exist, skipping...
2025-04-22 16:49:14,852 - INFO - (ncks) extracting variable /collab1/data_untrusted/Chia-wei.Hsu/decadel_output_dir/decadal.ocean_month.i197901.e03.1983.tos.nc ...
2025-04-22 20:02:44,554 - WARNING - extracted tar file /vftmp/Chia-wei.Hsu/untar_dir/19840101.ocean_month.nc exist, skipping...
2025-04-22 20:02:44,722 - INFO - (ncks) extracting variable /collab1/data_untrusted/Chia-wei.Hsu/decadel_output_dir/decadal.ocean_month.i197901.e03.1984.tos.nc ...
2025-04-22 20:36:40,119 - WARNING - extracted tar file /vftmp/Chia-wei.Hsu/untar_dir/19850101.ocean_month.nc exist, skipping...
2025-04-22 20:36:40,120 - INFO - (ncks) extracting variable /collab1/data_untrusted/Chia-wei.Hsu/decadel_output_dir/decadal.ocean_month.i197901.e03.1985.tos.nc ...
2025-04-22 20:41:31,242 - WARNING - extracted tar file /vftmp/Chia-wei.Hsu/untar_dir/19860101.ocean_month.nc exist, skipping...
2025-04-22 20:41:31,243 - INFO - (ncks) extracting variable /collab1/data_untrusted/Chia-wei.Hsu/decadel_output_dir/decadal.ocean_month.i197901.e03.1986.tos.nc ...
2025-04-22 22:46:38,566 - WARNING - extracted tar file /vftmp/Chia-wei.Hsu/untar_dir/19870101.ocean_month.nc exist, skipping...
2025-04-22 22:46:38,569 - INFO - (ncks) extracting variable /collab1/data_untrusted/Chia-wei.Hsu/decadel_output_dir/decadal.ocean_month.i197901.e03.1987.tos.nc ...
2025-04-22 23:42:30,009 - WARNING - extracted tar file /vftmp/Chia-wei.Hsu/untar_dir/19880101.ocean_month.nc exist, skipping...
2025-04-22 23:42:30,011 - INFO - (ncks) extracting variable /collab1/data_untrusted/Chia-wei.Hsu/decadel_output_dir/decadal.ocean_month.i197901.e03.1988.tos.nc ...
2025-04-22 23:42:30,727 - INFO - (ncrcat) concatenating files for single variable, single ensemble, multi-lead ...
2025-04-22 23:42:34,459 - INFO - concatenated file at /collab1/data_untrusted/Chia-wei.Hsu/decadel_output_dir/decadal.ocean_month.i197901.e03.tos.nc ...
2025-04-22 23:42:34,468 - INFO - remove individual files
2025-04-22 23:42:34,627 - INFO - === Processing variable tos ...
2025-04-22 23:42:34,627 - INFO - ===== Processing initial year 1979 initial month  1 ensamble_number  4...
2025-04-22 23:46:43,428 - WARNING - extracted tar file /vftmp/Chia-wei.Hsu/untar_dir/19790101.ocean_month.nc exist, skipping...
2025-04-22 23:46:43,429 - INFO - (ncks) extracting variable /collab1/data_untrusted/Chia-wei.Hsu/decadel_output_dir/decadal.ocean_month.i197901.e04.1979.tos.nc ...
2025-04-22 23:50:47,881 - WARNING - extracted tar file /vftmp/Chia-wei.Hsu/untar_dir/19800101.ocean_month.nc exist, skipping...
2025-04-22 23:50:47,882 - INFO - (ncks) extracting variable /collab1/data_untrusted/Chia-wei.Hsu/decadel_output_dir/decadal.ocean_month.i197901.e04.1980.tos.nc ...
2025-04-22 23:54:10,225 - WARNING - extracted tar file /vftmp/Chia-wei.Hsu/untar_dir/19810101.ocean_month.nc exist, skipping...
2025-04-22 23:54:10,227 - INFO - (ncks) extracting variable /collab1/data_untrusted/Chia-wei.Hsu/decadel_output_dir/decadal.ocean_month.i197901.e04.1981.tos.nc ...
2025-04-23 01:16:04,624 - WARNING - extracted tar file /vftmp/Chia-wei.Hsu/untar_dir/19820101.ocean_month.nc exist, skipping...
2025-04-23 01:16:04,625 - INFO - (ncks) extracting variable /collab1/data_untrusted/Chia-wei.Hsu/decadel_output_dir/decadal.ocean_month.i197901.e04.1982.tos.nc ...
2025-04-23 01:20:24,591 - WARNING - extracted tar file /vftmp/Chia-wei.Hsu/untar_dir/19830101.ocean_month.nc exist, skipping...
2025-04-23 01:20:24,592 - INFO - (ncks) extracting variable /collab1/data_untrusted/Chia-wei.Hsu/decadel_output_dir/decadal.ocean_month.i197901.e04.1983.tos.nc ...
2025-04-23 01:24:03,719 - WARNING - extracted tar file /vftmp/Chia-wei.Hsu/untar_dir/19840101.ocean_month.nc exist, skipping...
2025-04-23 01:24:03,720 - INFO - (ncks) extracting variable /collab1/data_untrusted/Chia-wei.Hsu/decadel_output_dir/decadal.ocean_month.i197901.e04.1984.tos.nc ...
2025-04-23 01:27:28,083 - WARNING - extracted tar file /vftmp/Chia-wei.Hsu/untar_dir/19850101.ocean_month.nc exist, skipping...
2025-04-23 01:27:28,083 - INFO - (ncks) extracting variable /collab1/data_untrusted/Chia-wei.Hsu/decadel_output_dir/decadal.ocean_month.i197901.e04.1985.tos.nc ...
2025-04-23 01:31:31,086 - WARNING - extracted tar file /vftmp/Chia-wei.Hsu/untar_dir/19860101.ocean_month.nc exist, skipping...
2025-04-23 01:31:31,087 - INFO - (ncks) extracting variable /collab1/data_untrusted/Chia-wei.Hsu/decadel_output_dir/decadal.ocean_month.i197901.e04.1986.tos.nc ...
2025-04-23 01:39:46,045 - WARNING - extracted tar file /vftmp/Chia-wei.Hsu/untar_dir/19870101.ocean_month.nc exist, skipping...
2025-04-23 01:39:46,046 - INFO - (ncks) extracting variable /collab1/data_untrusted/Chia-wei.Hsu/decadel_output_dir/decadal.ocean_month.i197901.e04.1987.tos.nc ...
2025-04-23 01:43:10,167 - WARNING - extracted tar file /vftmp/Chia-wei.Hsu/untar_dir/19880101.ocean_month.nc exist, skipping...
2025-04-23 01:43:10,168 - INFO - (ncks) extracting variable /collab1/data_untrusted/Chia-wei.Hsu/decadel_output_dir/decadal.ocean_month.i197901.e04.1988.tos.nc ...
2025-04-23 01:43:10,259 - INFO - (ncrcat) concatenating files for single variable, single ensemble, multi-lead ...
2025-04-23 01:43:13,977 - INFO - concatenated file at /collab1/data_untrusted/Chia-wei.Hsu/decadel_output_dir/decadal.ocean_month.i197901.e04.tos.nc ...
2025-04-23 01:43:13,984 - INFO - remove individual files
2025-04-23 01:43:14,032 - INFO - === Processing variable tos ...
2025-04-23 01:43:14,033 - INFO - ===== Processing initial year 1979 initial month  1 ensamble_number  5...
2025-04-23 01:54:09,377 - WARNING - extracted tar file /vftmp/Chia-wei.Hsu/untar_dir/19790101.ocean_month.nc exist, skipping...
2025-04-23 01:54:09,379 - INFO - (ncks) extracting variable /collab1/data_untrusted/Chia-wei.Hsu/decadel_output_dir/decadal.ocean_month.i197901.e05.1979.tos.nc ...
2025-04-23 01:57:33,194 - WARNING - extracted tar file /vftmp/Chia-wei.Hsu/untar_dir/19800101.ocean_month.nc exist, skipping...
2025-04-23 01:57:33,195 - INFO - (ncks) extracting variable /collab1/data_untrusted/Chia-wei.Hsu/decadel_output_dir/decadal.ocean_month.i197901.e05.1980.tos.nc ...
2025-04-23 02:02:50,510 - WARNING - extracted tar file /vftmp/Chia-wei.Hsu/untar_dir/19810101.ocean_month.nc exist, skipping...
2025-04-23 02:02:50,511 - INFO - (ncks) extracting variable /collab1/data_untrusted/Chia-wei.Hsu/decadel_output_dir/decadal.ocean_month.i197901.e05.1981.tos.nc ...
2025-04-23 02:49:20,038 - WARNING - extracted tar file /vftmp/Chia-wei.Hsu/untar_dir/19820101.ocean_month.nc exist, skipping...
2025-04-23 02:49:20,039 - INFO - (ncks) extracting variable /collab1/data_untrusted/Chia-wei.Hsu/decadel_output_dir/decadal.ocean_month.i197901.e05.1982.tos.nc ...
2025-04-23 02:53:11,798 - WARNING - extracted tar file /vftmp/Chia-wei.Hsu/untar_dir/19830101.ocean_month.nc exist, skipping...
2025-04-23 02:53:11,799 - INFO - (ncks) extracting variable /collab1/data_untrusted/Chia-wei.Hsu/decadel_output_dir/decadal.ocean_month.i197901.e05.1983.tos.nc ...
2025-04-23 02:55:51,347 - WARNING - extracted tar file /vftmp/Chia-wei.Hsu/untar_dir/19840101.ocean_month.nc exist, skipping...
2025-04-23 02:55:51,348 - INFO - (ncks) extracting variable /collab1/data_untrusted/Chia-wei.Hsu/decadel_output_dir/decadal.ocean_month.i197901.e05.1984.tos.nc ...
2025-04-23 02:59:45,272 - WARNING - extracted tar file /vftmp/Chia-wei.Hsu/untar_dir/19850101.ocean_month.nc exist, skipping...
2025-04-23 02:59:45,273 - INFO - (ncks) extracting variable /collab1/data_untrusted/Chia-wei.Hsu/decadel_output_dir/decadal.ocean_month.i197901.e05.1985.tos.nc ...
2025-04-23 03:03:42,414 - WARNING - extracted tar file /vftmp/Chia-wei.Hsu/untar_dir/19860101.ocean_month.nc exist, skipping...
2025-04-23 03:03:42,415 - INFO - (ncks) extracting variable /collab1/data_untrusted/Chia-wei.Hsu/decadel_output_dir/decadal.ocean_month.i197901.e05.1986.tos.nc ...
2025-04-23 03:20:17,120 - WARNING - extracted tar file /vftmp/Chia-wei.Hsu/untar_dir/19870101.ocean_month.nc exist, skipping...
2025-04-23 03:20:17,121 - INFO - (ncks) extracting variable /collab1/data_untrusted/Chia-wei.Hsu/decadel_output_dir/decadal.ocean_month.i197901.e05.1987.tos.nc ...
2025-04-23 03:37:14,586 - WARNING - extracted tar file /vftmp/Chia-wei.Hsu/untar_dir/19880101.ocean_month.nc exist, skipping...
2025-04-23 03:37:14,587 - INFO - (ncks) extracting variable /collab1/data_untrusted/Chia-wei.Hsu/decadel_output_dir/decadal.ocean_month.i197901.e05.1988.tos.nc ...
2025-04-23 03:37:14,691 - INFO - (ncrcat) concatenating files for single variable, single ensemble, multi-lead ...
2025-04-23 03:37:18,973 - INFO - concatenated file at /collab1/data_untrusted/Chia-wei.Hsu/decadel_output_dir/decadal.ocean_month.i197901.e05.tos.nc ...
2025-04-23 03:37:18,984 - INFO - remove individual files
2025-04-23 03:37:19,052 - INFO - === Processing variable tos ...
2025-04-23 03:37:19,052 - INFO - ===== Processing initial year 1979 initial month  1 ensamble_number  6...
2025-04-23 03:40:55,131 - WARNING - extracted tar file /vftmp/Chia-wei.Hsu/untar_dir/19790101.ocean_month.nc exist, skipping...
2025-04-23 03:40:55,131 - INFO - (ncks) extracting variable /collab1/data_untrusted/Chia-wei.Hsu/decadel_output_dir/decadal.ocean_month.i197901.e06.1979.tos.nc ...
2025-04-23 03:51:21,228 - WARNING - extracted tar file /vftmp/Chia-wei.Hsu/untar_dir/19800101.ocean_month.nc exist, skipping...
2025-04-23 03:51:21,229 - INFO - (ncks) extracting variable /collab1/data_untrusted/Chia-wei.Hsu/decadel_output_dir/decadal.ocean_month.i197901.e06.1980.tos.nc ...
2025-04-23 04:25:37,901 - WARNING - extracted tar file /vftmp/Chia-wei.Hsu/untar_dir/19810101.ocean_month.nc exist, skipping...
2025-04-23 04:25:37,902 - INFO - (ncks) extracting variable /collab1/data_untrusted/Chia-wei.Hsu/decadel_output_dir/decadal.ocean_month.i197901.e06.1981.tos.nc ...
2025-04-23 04:29:44,528 - WARNING - extracted tar file /vftmp/Chia-wei.Hsu/untar_dir/19820101.ocean_month.nc exist, skipping...
2025-04-23 04:29:44,529 - INFO - (ncks) extracting variable /collab1/data_untrusted/Chia-wei.Hsu/decadel_output_dir/decadal.ocean_month.i197901.e06.1982.tos.nc ...
2025-04-23 04:32:51,389 - WARNING - extracted tar file /vftmp/Chia-wei.Hsu/untar_dir/19830101.ocean_month.nc exist, skipping...
2025-04-23 04:32:51,390 - INFO - (ncks) extracting variable /collab1/data_untrusted/Chia-wei.Hsu/decadel_output_dir/decadal.ocean_month.i197901.e06.1983.tos.nc ...
2025-04-23 04:38:34,388 - WARNING - extracted tar file /vftmp/Chia-wei.Hsu/untar_dir/19840101.ocean_month.nc exist, skipping...
2025-04-23 04:38:34,388 - INFO - (ncks) extracting variable /collab1/data_untrusted/Chia-wei.Hsu/decadel_output_dir/decadal.ocean_month.i197901.e06.1984.tos.nc ...
2025-04-23 04:41:29,492 - WARNING - extracted tar file /vftmp/Chia-wei.Hsu/untar_dir/19850101.ocean_month.nc exist, skipping...
2025-04-23 04:41:29,493 - INFO - (ncks) extracting variable /collab1/data_untrusted/Chia-wei.Hsu/decadel_output_dir/decadal.ocean_month.i197901.e06.1985.tos.nc ...
2025-04-23 04:44:23,387 - WARNING - extracted tar file /vftmp/Chia-wei.Hsu/untar_dir/19860101.ocean_month.nc exist, skipping...
2025-04-23 04:44:23,388 - INFO - (ncks) extracting variable /collab1/data_untrusted/Chia-wei.Hsu/decadel_output_dir/decadal.ocean_month.i197901.e06.1986.tos.nc ...
2025-04-23 04:46:13,769 - WARNING - extracted tar file /vftmp/Chia-wei.Hsu/untar_dir/19870101.ocean_month.nc exist, skipping...
2025-04-23 04:46:13,770 - INFO - (ncks) extracting variable /collab1/data_untrusted/Chia-wei.Hsu/decadel_output_dir/decadal.ocean_month.i197901.e06.1987.tos.nc ...
2025-04-23 05:08:16,487 - WARNING - extracted tar file /vftmp/Chia-wei.Hsu/untar_dir/19880101.ocean_month.nc exist, skipping...
2025-04-23 05:08:16,488 - INFO - (ncks) extracting variable /collab1/data_untrusted/Chia-wei.Hsu/decadel_output_dir/decadal.ocean_month.i197901.e06.1988.tos.nc ...
2025-04-23 05:08:16,565 - INFO - (ncrcat) concatenating files for single variable, single ensemble, multi-lead ...
2025-04-23 05:08:20,818 - INFO - concatenated file at /collab1/data_untrusted/Chia-wei.Hsu/decadel_output_dir/decadal.ocean_month.i197901.e06.tos.nc ...
2025-04-23 05:08:20,829 - INFO - remove individual files
