2025-04-22 12:26:52,939 - INFO - === Processing variable tos ...
2025-04-22 12:26:52,940 - WARNING - concatenate file /collab1/data_untrusted/Chia-wei.Hsu/decadel_output_dir/decadal.ocean_month.i196501.e01.tos.nc exist, skipping...
2025-04-22 12:26:52,981 - INFO - === Processing variable tos ...
2025-04-22 12:26:52,984 - INFO - ===== Processing initial year 1965 initial month  1 ensamble_number  2...
2025-04-22 13:24:53,606 - WARNING - extracted tar file /vftmp/Chia-wei.Hsu/untar_dir/19650101.ocean_month.nc exist, skipping...
2025-04-22 13:24:53,607 - INFO - (ncks) extracting variable /collab1/data_untrusted/Chia-wei.Hsu/decadel_output_dir/decadal.ocean_month.i196501.e02.1965.tos.nc ...
2025-04-22 14:03:37,125 - WARNING - extracted tar file /vftmp/Chia-wei.Hsu/untar_dir/19660101.ocean_month.nc exist, skipping...
2025-04-22 14:03:37,126 - INFO - (ncks) extracting variable /collab1/data_untrusted/Chia-wei.Hsu/decadel_output_dir/decadal.ocean_month.i196501.e02.1966.tos.nc ...
2025-04-22 14:16:21,901 - WARNING - extracted tar file /vftmp/Chia-wei.Hsu/untar_dir/19670101.ocean_month.nc exist, skipping...
2025-04-22 14:16:21,901 - INFO - (ncks) extracting variable /collab1/data_untrusted/Chia-wei.Hsu/decadel_output_dir/decadal.ocean_month.i196501.e02.1967.tos.nc ...
2025-04-22 14:19:50,105 - WARNING - extracted tar file /vftmp/Chia-wei.Hsu/untar_dir/19680101.ocean_month.nc exist, skipping...
2025-04-22 14:19:50,106 - INFO - (ncks) extracting variable /collab1/data_untrusted/Chia-wei.Hsu/decadel_output_dir/decadal.ocean_month.i196501.e02.1968.tos.nc ...
2025-04-22 14:23:09,108 - WARNING - extracted tar file /vftmp/Chia-wei.Hsu/untar_dir/19690101.ocean_month.nc exist, skipping...
2025-04-22 14:23:09,109 - INFO - (ncks) extracting variable /collab1/data_untrusted/Chia-wei.Hsu/decadel_output_dir/decadal.ocean_month.i196501.e02.1969.tos.nc ...
2025-04-22 14:26:47,112 - WARNING - extracted tar file /vftmp/Chia-wei.Hsu/untar_dir/19700101.ocean_month.nc exist, skipping...
2025-04-22 14:26:47,113 - INFO - (ncks) extracting variable /collab1/data_untrusted/Chia-wei.Hsu/decadel_output_dir/decadal.ocean_month.i196501.e02.1970.tos.nc ...
2025-04-22 16:25:20,238 - WARNING - extracted tar file /vftmp/Chia-wei.Hsu/untar_dir/19710101.ocean_month.nc exist, skipping...
2025-04-22 16:25:20,239 - INFO - (ncks) extracting variable /collab1/data_untrusted/Chia-wei.Hsu/decadel_output_dir/decadal.ocean_month.i196501.e02.1971.tos.nc ...
2025-04-22 16:29:29,681 - WARNING - extracted tar file /vftmp/Chia-wei.Hsu/untar_dir/19720101.ocean_month.nc exist, skipping...
2025-04-22 16:29:29,682 - INFO - (ncks) extracting variable /collab1/data_untrusted/Chia-wei.Hsu/decadel_output_dir/decadal.ocean_month.i196501.e02.1972.tos.nc ...
2025-04-22 16:32:17,176 - WARNING - extracted tar file /vftmp/Chia-wei.Hsu/untar_dir/19730101.ocean_month.nc exist, skipping...
2025-04-22 16:32:17,177 - INFO - (ncks) extracting variable /collab1/data_untrusted/Chia-wei.Hsu/decadel_output_dir/decadal.ocean_month.i196501.e02.1973.tos.nc ...
2025-04-22 16:35:41,168 - WARNING - extracted tar file /vftmp/Chia-wei.Hsu/untar_dir/19740101.ocean_month.nc exist, skipping...
2025-04-22 16:35:41,169 - INFO - (ncks) extracting variable /collab1/data_untrusted/Chia-wei.Hsu/decadel_output_dir/decadal.ocean_month.i196501.e02.1974.tos.nc ...
2025-04-22 16:35:41,245 - INFO - (ncrcat) concatenating files for single variable, single ensemble, multi-lead ...
2025-04-22 16:35:43,890 - INFO - concatenated file at /collab1/data_untrusted/Chia-wei.Hsu/decadel_output_dir/decadal.ocean_month.i196501.e02.tos.nc ...
2025-04-22 16:35:43,901 - INFO - remove individual files
2025-04-22 16:35:43,935 - INFO - === Processing variable tos ...
2025-04-22 16:35:43,936 - INFO - ===== Processing initial year 1965 initial month  1 ensamble_number  3...
2025-04-22 19:42:06,516 - WARNING - extracted tar file /vftmp/Chia-wei.Hsu/untar_dir/19650101.ocean_month.nc exist, skipping...
2025-04-22 19:42:06,517 - INFO - (ncks) extracting variable /collab1/data_untrusted/Chia-wei.Hsu/decadel_output_dir/decadal.ocean_month.i196501.e03.1965.tos.nc ...
2025-04-22 19:52:47,269 - WARNING - extracted tar file /vftmp/Chia-wei.Hsu/untar_dir/19660101.ocean_month.nc exist, skipping...
2025-04-22 19:52:47,270 - INFO - (ncks) extracting variable /collab1/data_untrusted/Chia-wei.Hsu/decadel_output_dir/decadal.ocean_month.i196501.e03.1966.tos.nc ...
2025-04-22 20:18:50,791 - WARNING - extracted tar file /vftmp/Chia-wei.Hsu/untar_dir/19670101.ocean_month.nc exist, skipping...
2025-04-22 20:18:50,792 - INFO - (ncks) extracting variable /collab1/data_untrusted/Chia-wei.Hsu/decadel_output_dir/decadal.ocean_month.i196501.e03.1967.tos.nc ...
2025-04-22 20:25:42,707 - WARNING - extracted tar file /vftmp/Chia-wei.Hsu/untar_dir/19680101.ocean_month.nc exist, skipping...
2025-04-22 20:25:42,708 - INFO - (ncks) extracting variable /collab1/data_untrusted/Chia-wei.Hsu/decadel_output_dir/decadal.ocean_month.i196501.e03.1968.tos.nc ...
2025-04-22 20:31:32,808 - WARNING - extracted tar file /vftmp/Chia-wei.Hsu/untar_dir/19690101.ocean_month.nc exist, skipping...
2025-04-22 20:31:32,809 - INFO - (ncks) extracting variable /collab1/data_untrusted/Chia-wei.Hsu/decadel_output_dir/decadal.ocean_month.i196501.e03.1969.tos.nc ...
2025-04-22 20:34:42,965 - WARNING - extracted tar file /vftmp/Chia-wei.Hsu/untar_dir/19700101.ocean_month.nc exist, skipping...
2025-04-22 20:34:42,966 - INFO - (ncks) extracting variable /collab1/data_untrusted/Chia-wei.Hsu/decadel_output_dir/decadal.ocean_month.i196501.e03.1970.tos.nc ...
2025-04-22 20:37:56,415 - WARNING - extracted tar file /vftmp/Chia-wei.Hsu/untar_dir/19710101.ocean_month.nc exist, skipping...
2025-04-22 20:37:56,416 - INFO - (ncks) extracting variable /collab1/data_untrusted/Chia-wei.Hsu/decadel_output_dir/decadal.ocean_month.i196501.e03.1971.tos.nc ...
2025-04-22 20:47:36,728 - WARNING - extracted tar file /vftmp/Chia-wei.Hsu/untar_dir/19720101.ocean_month.nc exist, skipping...
2025-04-22 20:47:36,729 - INFO - (ncks) extracting variable /collab1/data_untrusted/Chia-wei.Hsu/decadel_output_dir/decadal.ocean_month.i196501.e03.1972.tos.nc ...
2025-04-22 22:46:42,995 - WARNING - extracted tar file /vftmp/Chia-wei.Hsu/untar_dir/19730101.ocean_month.nc exist, skipping...
2025-04-22 22:46:43,023 - INFO - (ncks) extracting variable /collab1/data_untrusted/Chia-wei.Hsu/decadel_output_dir/decadal.ocean_month.i196501.e03.1973.tos.nc ...
2025-04-22 22:53:00,913 - WARNING - extracted tar file /vftmp/Chia-wei.Hsu/untar_dir/19740101.ocean_month.nc exist, skipping...
2025-04-22 22:53:00,914 - INFO - (ncks) extracting variable /collab1/data_untrusted/Chia-wei.Hsu/decadel_output_dir/decadal.ocean_month.i196501.e03.1974.tos.nc ...
2025-04-22 22:53:01,751 - INFO - (ncrcat) concatenating files for single variable, single ensemble, multi-lead ...
2025-04-22 22:53:06,380 - INFO - concatenated file at /collab1/data_untrusted/Chia-wei.Hsu/decadel_output_dir/decadal.ocean_month.i196501.e03.tos.nc ...
2025-04-22 22:53:06,391 - INFO - remove individual files
2025-04-22 22:53:06,494 - INFO - === Processing variable tos ...
2025-04-22 22:53:06,495 - INFO - ===== Processing initial year 1965 initial month  1 ensamble_number  4...
2025-04-22 22:57:21,176 - WARNING - extracted tar file /vftmp/Chia-wei.Hsu/untar_dir/19650101.ocean_month.nc exist, skipping...
2025-04-22 22:57:21,177 - INFO - (ncks) extracting variable /collab1/data_untrusted/Chia-wei.Hsu/decadel_output_dir/decadal.ocean_month.i196501.e04.1965.tos.nc ...
2025-04-22 23:02:08,975 - WARNING - extracted tar file /vftmp/Chia-wei.Hsu/untar_dir/19660101.ocean_month.nc exist, skipping...
2025-04-22 23:02:08,976 - INFO - (ncks) extracting variable /collab1/data_untrusted/Chia-wei.Hsu/decadel_output_dir/decadal.ocean_month.i196501.e04.1966.tos.nc ...
2025-04-22 23:06:03,862 - WARNING - extracted tar file /vftmp/Chia-wei.Hsu/untar_dir/19670101.ocean_month.nc exist, skipping...
2025-04-22 23:06:03,863 - INFO - (ncks) extracting variable /collab1/data_untrusted/Chia-wei.Hsu/decadel_output_dir/decadal.ocean_month.i196501.e04.1967.tos.nc ...
2025-04-22 23:09:34,596 - WARNING - extracted tar file /vftmp/Chia-wei.Hsu/untar_dir/19680101.ocean_month.nc exist, skipping...
2025-04-22 23:09:34,597 - INFO - (ncks) extracting variable /collab1/data_untrusted/Chia-wei.Hsu/decadel_output_dir/decadal.ocean_month.i196501.e04.1968.tos.nc ...
2025-04-22 23:16:42,590 - WARNING - extracted tar file /vftmp/Chia-wei.Hsu/untar_dir/19690101.ocean_month.nc exist, skipping...
2025-04-22 23:16:42,591 - INFO - (ncks) extracting variable /collab1/data_untrusted/Chia-wei.Hsu/decadel_output_dir/decadal.ocean_month.i196501.e04.1969.tos.nc ...
2025-04-23 02:02:56,795 - WARNING - extracted tar file /vftmp/Chia-wei.Hsu/untar_dir/19700101.ocean_month.nc exist, skipping...
2025-04-23 02:02:56,796 - INFO - (ncks) extracting variable /collab1/data_untrusted/Chia-wei.Hsu/decadel_output_dir/decadal.ocean_month.i196501.e04.1970.tos.nc ...
2025-04-23 02:06:17,572 - WARNING - extracted tar file /vftmp/Chia-wei.Hsu/untar_dir/19710101.ocean_month.nc exist, skipping...
2025-04-23 02:06:17,573 - INFO - (ncks) extracting variable /collab1/data_untrusted/Chia-wei.Hsu/decadel_output_dir/decadal.ocean_month.i196501.e04.1971.tos.nc ...
2025-04-23 02:14:56,583 - WARNING - extracted tar file /vftmp/Chia-wei.Hsu/untar_dir/19720101.ocean_month.nc exist, skipping...
2025-04-23 02:14:56,584 - INFO - (ncks) extracting variable /collab1/data_untrusted/Chia-wei.Hsu/decadel_output_dir/decadal.ocean_month.i196501.e04.1972.tos.nc ...
2025-04-23 02:18:57,150 - WARNING - extracted tar file /vftmp/Chia-wei.Hsu/untar_dir/19730101.ocean_month.nc exist, skipping...
2025-04-23 02:18:57,150 - INFO - (ncks) extracting variable /collab1/data_untrusted/Chia-wei.Hsu/decadel_output_dir/decadal.ocean_month.i196501.e04.1973.tos.nc ...
2025-04-23 02:25:52,314 - WARNING - extracted tar file /vftmp/Chia-wei.Hsu/untar_dir/19740101.ocean_month.nc exist, skipping...
2025-04-23 02:25:52,315 - INFO - (ncks) extracting variable /collab1/data_untrusted/Chia-wei.Hsu/decadel_output_dir/decadal.ocean_month.i196501.e04.1974.tos.nc ...
2025-04-23 02:25:53,143 - INFO - (ncrcat) concatenating files for single variable, single ensemble, multi-lead ...
2025-04-23 02:25:57,751 - INFO - concatenated file at /collab1/data_untrusted/Chia-wei.Hsu/decadel_output_dir/decadal.ocean_month.i196501.e04.tos.nc ...
2025-04-23 02:25:57,759 - INFO - remove individual files
2025-04-23 02:25:57,792 - INFO - === Processing variable tos ...
2025-04-23 02:25:57,793 - INFO - ===== Processing initial year 1965 initial month  1 ensamble_number  5...
2025-04-23 02:29:04,592 - WARNING - extracted tar file /vftmp/Chia-wei.Hsu/untar_dir/19650101.ocean_month.nc exist, skipping...
2025-04-23 02:29:04,593 - INFO - (ncks) extracting variable /collab1/data_untrusted/Chia-wei.Hsu/decadel_output_dir/decadal.ocean_month.i196501.e05.1965.tos.nc ...
2025-04-23 03:32:11,004 - WARNING - extracted tar file /vftmp/Chia-wei.Hsu/untar_dir/19660101.ocean_month.nc exist, skipping...
2025-04-23 03:32:11,005 - INFO - (ncks) extracting variable /collab1/data_untrusted/Chia-wei.Hsu/decadel_output_dir/decadal.ocean_month.i196501.e05.1966.tos.nc ...
2025-04-23 03:36:19,437 - WARNING - extracted tar file /vftmp/Chia-wei.Hsu/untar_dir/19670101.ocean_month.nc exist, skipping...
2025-04-23 03:36:19,437 - INFO - (ncks) extracting variable /collab1/data_untrusted/Chia-wei.Hsu/decadel_output_dir/decadal.ocean_month.i196501.e05.1967.tos.nc ...
2025-04-23 04:08:07,942 - WARNING - extracted tar file /vftmp/Chia-wei.Hsu/untar_dir/19680101.ocean_month.nc exist, skipping...
2025-04-23 04:08:07,943 - INFO - (ncks) extracting variable /collab1/data_untrusted/Chia-wei.Hsu/decadel_output_dir/decadal.ocean_month.i196501.e05.1968.tos.nc ...
2025-04-23 04:20:11,722 - WARNING - extracted tar file /vftmp/Chia-wei.Hsu/untar_dir/19690101.ocean_month.nc exist, skipping...
2025-04-23 04:20:11,722 - INFO - (ncks) extracting variable /collab1/data_untrusted/Chia-wei.Hsu/decadel_output_dir/decadal.ocean_month.i196501.e05.1969.tos.nc ...
2025-04-23 04:26:16,601 - WARNING - extracted tar file /vftmp/Chia-wei.Hsu/untar_dir/19700101.ocean_month.nc exist, skipping...
2025-04-23 04:26:16,602 - INFO - (ncks) extracting variable /collab1/data_untrusted/Chia-wei.Hsu/decadel_output_dir/decadal.ocean_month.i196501.e05.1970.tos.nc ...
