2025-04-22 12:26:52,925 - INFO - === Processing variable tos ...
2025-04-22 12:26:52,926 - WARNING - concatenate file /collab1/data_untrusted/Chia-wei.Hsu/decadel_output_dir/decadal.ocean_month.i201101.e01.tos.nc exist, skipping...
2025-04-22 12:26:52,963 - INFO - === Processing variable tos ...
2025-04-22 12:26:52,969 - INFO - ===== Processing initial year 2011 initial month  1 ensamble_number  2...
2025-04-22 16:18:10,399 - WARNING - extracted tar file /vftmp/Chia-wei.Hsu/untar_dir/20110101.ocean_month.nc exist, skipping...
2025-04-22 16:18:10,400 - INFO - (ncks) extracting variable /collab1/data_untrusted/Chia-wei.Hsu/decadel_output_dir/decadal.ocean_month.i201101.e02.2011.tos.nc ...
2025-04-22 16:22:47,776 - WARNING - extracted tar file /vftmp/Chia-wei.Hsu/untar_dir/20120101.ocean_month.nc exist, skipping...
2025-04-22 16:22:47,777 - INFO - (ncks) extracting variable /collab1/data_untrusted/Chia-wei.Hsu/decadel_output_dir/decadal.ocean_month.i201101.e02.2012.tos.nc ...
2025-04-22 16:26:15,009 - WARNING - extracted tar file /vftmp/Chia-wei.Hsu/untar_dir/20130101.ocean_month.nc exist, skipping...
2025-04-22 16:26:15,010 - INFO - (ncks) extracting variable /collab1/data_untrusted/Chia-wei.Hsu/decadel_output_dir/decadal.ocean_month.i201101.e02.2013.tos.nc ...
2025-04-22 16:33:20,304 - WARNING - extracted tar file /vftmp/Chia-wei.Hsu/untar_dir/20140101.ocean_month.nc exist, skipping...
2025-04-22 16:33:20,305 - INFO - (ncks) extracting variable /collab1/data_untrusted/Chia-wei.Hsu/decadel_output_dir/decadal.ocean_month.i201101.e02.2014.tos.nc ...
2025-04-22 16:37:13,297 - WARNING - extracted tar file /vftmp/Chia-wei.Hsu/untar_dir/20150101.ocean_month.nc exist, skipping...
2025-04-22 16:37:13,297 - INFO - (ncks) extracting variable /collab1/data_untrusted/Chia-wei.Hsu/decadel_output_dir/decadal.ocean_month.i201101.e02.2015.tos.nc ...
2025-04-22 16:40:40,495 - WARNING - extracted tar file /vftmp/Chia-wei.Hsu/untar_dir/20160101.ocean_month.nc exist, skipping...
2025-04-22 16:40:40,496 - INFO - (ncks) extracting variable /collab1/data_untrusted/Chia-wei.Hsu/decadel_output_dir/decadal.ocean_month.i201101.e02.2016.tos.nc ...
2025-04-22 16:44:15,487 - WARNING - extracted tar file /vftmp/Chia-wei.Hsu/untar_dir/20170101.ocean_month.nc exist, skipping...
2025-04-22 16:44:15,487 - INFO - (ncks) extracting variable /collab1/data_untrusted/Chia-wei.Hsu/decadel_output_dir/decadal.ocean_month.i201101.e02.2017.tos.nc ...
2025-04-22 16:50:23,342 - WARNING - extracted tar file /vftmp/Chia-wei.Hsu/untar_dir/20180101.ocean_month.nc exist, skipping...
2025-04-22 16:50:23,343 - INFO - (ncks) extracting variable /collab1/data_untrusted/Chia-wei.Hsu/decadel_output_dir/decadal.ocean_month.i201101.e02.2018.tos.nc ...
2025-04-22 16:57:13,425 - WARNING - extracted tar file /vftmp/Chia-wei.Hsu/untar_dir/20190101.ocean_month.nc exist, skipping...
2025-04-22 16:57:13,426 - INFO - (ncks) extracting variable /collab1/data_untrusted/Chia-wei.Hsu/decadel_output_dir/decadal.ocean_month.i201101.e02.2019.tos.nc ...
2025-04-22 17:00:39,049 - WARNING - extracted tar file /vftmp/Chia-wei.Hsu/untar_dir/20200101.ocean_month.nc exist, skipping...
2025-04-22 17:00:39,050 - INFO - (ncks) extracting variable /collab1/data_untrusted/Chia-wei.Hsu/decadel_output_dir/decadal.ocean_month.i201101.e02.2020.tos.nc ...
2025-04-22 17:00:39,122 - INFO - (ncrcat) concatenating files for single variable, single ensemble, multi-lead ...
2025-04-22 17:00:41,986 - INFO - concatenated file at /collab1/data_untrusted/Chia-wei.Hsu/decadel_output_dir/decadal.ocean_month.i201101.e02.tos.nc ...
2025-04-22 17:00:41,994 - INFO - remove individual files
2025-04-22 17:00:42,034 - INFO - === Processing variable tos ...
2025-04-22 17:00:42,035 - INFO - ===== Processing initial year 2011 initial month  1 ensamble_number  3...
2025-04-22 19:45:10,486 - WARNING - extracted tar file /vftmp/Chia-wei.Hsu/untar_dir/20110101.ocean_month.nc exist, skipping...
2025-04-22 19:45:10,486 - INFO - (ncks) extracting variable /collab1/data_untrusted/Chia-wei.Hsu/decadel_output_dir/decadal.ocean_month.i201101.e03.2011.tos.nc ...
2025-04-22 19:48:42,558 - WARNING - extracted tar file /vftmp/Chia-wei.Hsu/untar_dir/20120101.ocean_month.nc exist, skipping...
2025-04-22 19:48:42,559 - INFO - (ncks) extracting variable /collab1/data_untrusted/Chia-wei.Hsu/decadel_output_dir/decadal.ocean_month.i201101.e03.2012.tos.nc ...
2025-04-22 20:21:53,218 - WARNING - extracted tar file /vftmp/Chia-wei.Hsu/untar_dir/20130101.ocean_month.nc exist, skipping...
2025-04-22 20:21:53,227 - INFO - (ncks) extracting variable /collab1/data_untrusted/Chia-wei.Hsu/decadel_output_dir/decadal.ocean_month.i201101.e03.2013.tos.nc ...
2025-04-22 20:25:58,501 - WARNING - extracted tar file /vftmp/Chia-wei.Hsu/untar_dir/20140101.ocean_month.nc exist, skipping...
2025-04-22 20:25:58,502 - INFO - (ncks) extracting variable /collab1/data_untrusted/Chia-wei.Hsu/decadel_output_dir/decadal.ocean_month.i201101.e03.2014.tos.nc ...
2025-04-22 20:42:05,503 - WARNING - extracted tar file /vftmp/Chia-wei.Hsu/untar_dir/20150101.ocean_month.nc exist, skipping...
2025-04-22 20:42:05,504 - INFO - (ncks) extracting variable /collab1/data_untrusted/Chia-wei.Hsu/decadel_output_dir/decadal.ocean_month.i201101.e03.2015.tos.nc ...
2025-04-22 20:46:21,872 - WARNING - extracted tar file /vftmp/Chia-wei.Hsu/untar_dir/20160101.ocean_month.nc exist, skipping...
2025-04-22 20:46:21,873 - INFO - (ncks) extracting variable /collab1/data_untrusted/Chia-wei.Hsu/decadel_output_dir/decadal.ocean_month.i201101.e03.2016.tos.nc ...
2025-04-22 20:50:36,851 - WARNING - extracted tar file /vftmp/Chia-wei.Hsu/untar_dir/20170101.ocean_month.nc exist, skipping...
2025-04-22 20:50:36,852 - INFO - (ncks) extracting variable /collab1/data_untrusted/Chia-wei.Hsu/decadel_output_dir/decadal.ocean_month.i201101.e03.2017.tos.nc ...
2025-04-22 20:53:57,877 - WARNING - extracted tar file /vftmp/Chia-wei.Hsu/untar_dir/20180101.ocean_month.nc exist, skipping...
2025-04-22 20:53:57,878 - INFO - (ncks) extracting variable /collab1/data_untrusted/Chia-wei.Hsu/decadel_output_dir/decadal.ocean_month.i201101.e03.2018.tos.nc ...
2025-04-22 22:22:16,390 - WARNING - extracted tar file /vftmp/Chia-wei.Hsu/untar_dir/20190101.ocean_month.nc exist, skipping...
2025-04-22 22:22:16,391 - INFO - (ncks) extracting variable /collab1/data_untrusted/Chia-wei.Hsu/decadel_output_dir/decadal.ocean_month.i201101.e03.2019.tos.nc ...
2025-04-22 23:09:34,154 - WARNING - extracted tar file /vftmp/Chia-wei.Hsu/untar_dir/20200101.ocean_month.nc exist, skipping...
2025-04-22 23:09:34,156 - INFO - (ncks) extracting variable /collab1/data_untrusted/Chia-wei.Hsu/decadel_output_dir/decadal.ocean_month.i201101.e03.2020.tos.nc ...
2025-04-22 23:09:34,968 - INFO - (ncrcat) concatenating files for single variable, single ensemble, multi-lead ...
2025-04-22 23:09:39,774 - INFO - concatenated file at /collab1/data_untrusted/Chia-wei.Hsu/decadel_output_dir/decadal.ocean_month.i201101.e03.tos.nc ...
2025-04-22 23:09:39,785 - INFO - remove individual files
2025-04-22 23:09:39,859 - INFO - === Processing variable tos ...
2025-04-22 23:09:39,860 - INFO - ===== Processing initial year 2011 initial month  1 ensamble_number  4...
2025-04-22 23:14:01,159 - WARNING - extracted tar file /vftmp/Chia-wei.Hsu/untar_dir/20110101.ocean_month.nc exist, skipping...
2025-04-22 23:14:01,160 - INFO - (ncks) extracting variable /collab1/data_untrusted/Chia-wei.Hsu/decadel_output_dir/decadal.ocean_month.i201101.e04.2011.tos.nc ...
2025-04-22 23:16:46,587 - WARNING - extracted tar file /vftmp/Chia-wei.Hsu/untar_dir/20120101.ocean_month.nc exist, skipping...
2025-04-22 23:16:46,600 - INFO - (ncks) extracting variable /collab1/data_untrusted/Chia-wei.Hsu/decadel_output_dir/decadal.ocean_month.i201101.e04.2012.tos.nc ...
2025-04-22 23:21:27,636 - WARNING - extracted tar file /vftmp/Chia-wei.Hsu/untar_dir/20130101.ocean_month.nc exist, skipping...
2025-04-22 23:21:27,638 - INFO - (ncks) extracting variable /collab1/data_untrusted/Chia-wei.Hsu/decadel_output_dir/decadal.ocean_month.i201101.e04.2013.tos.nc ...
2025-04-22 23:32:59,114 - WARNING - extracted tar file /vftmp/Chia-wei.Hsu/untar_dir/20140101.ocean_month.nc exist, skipping...
2025-04-22 23:32:59,115 - INFO - (ncks) extracting variable /collab1/data_untrusted/Chia-wei.Hsu/decadel_output_dir/decadal.ocean_month.i201101.e04.2014.tos.nc ...
2025-04-22 23:37:29,843 - WARNING - extracted tar file /vftmp/Chia-wei.Hsu/untar_dir/20150101.ocean_month.nc exist, skipping...
2025-04-22 23:37:29,844 - INFO - (ncks) extracting variable /collab1/data_untrusted/Chia-wei.Hsu/decadel_output_dir/decadal.ocean_month.i201101.e04.2015.tos.nc ...
2025-04-22 23:43:44,511 - WARNING - extracted tar file /vftmp/Chia-wei.Hsu/untar_dir/20160101.ocean_month.nc exist, skipping...
2025-04-22 23:43:44,512 - INFO - (ncks) extracting variable /collab1/data_untrusted/Chia-wei.Hsu/decadel_output_dir/decadal.ocean_month.i201101.e04.2016.tos.nc ...
2025-04-22 23:47:39,396 - WARNING - extracted tar file /vftmp/Chia-wei.Hsu/untar_dir/20170101.ocean_month.nc exist, skipping...
2025-04-22 23:47:39,397 - INFO - (ncks) extracting variable /collab1/data_untrusted/Chia-wei.Hsu/decadel_output_dir/decadal.ocean_month.i201101.e04.2017.tos.nc ...
2025-04-22 23:51:30,287 - WARNING - extracted tar file /vftmp/Chia-wei.Hsu/untar_dir/20180101.ocean_month.nc exist, skipping...
2025-04-22 23:51:30,288 - INFO - (ncks) extracting variable /collab1/data_untrusted/Chia-wei.Hsu/decadel_output_dir/decadal.ocean_month.i201101.e04.2018.tos.nc ...
2025-04-23 01:08:08,772 - WARNING - extracted tar file /vftmp/Chia-wei.Hsu/untar_dir/20190101.ocean_month.nc exist, skipping...
2025-04-23 01:08:08,773 - INFO - (ncks) extracting variable /collab1/data_untrusted/Chia-wei.Hsu/decadel_output_dir/decadal.ocean_month.i201101.e04.2019.tos.nc ...
2025-04-23 01:11:14,419 - WARNING - extracted tar file /vftmp/Chia-wei.Hsu/untar_dir/20200101.ocean_month.nc exist, skipping...
2025-04-23 01:11:14,420 - INFO - (ncks) extracting variable /collab1/data_untrusted/Chia-wei.Hsu/decadel_output_dir/decadal.ocean_month.i201101.e04.2020.tos.nc ...
2025-04-23 01:11:14,514 - INFO - (ncrcat) concatenating files for single variable, single ensemble, multi-lead ...
2025-04-23 01:11:18,501 - INFO - concatenated file at /collab1/data_untrusted/Chia-wei.Hsu/decadel_output_dir/decadal.ocean_month.i201101.e04.tos.nc ...
2025-04-23 01:11:18,510 - INFO - remove individual files
2025-04-23 01:11:18,552 - INFO - === Processing variable tos ...
2025-04-23 01:11:18,553 - INFO - ===== Processing initial year 2011 initial month  1 ensamble_number  5...
2025-04-23 01:17:16,318 - WARNING - extracted tar file /vftmp/Chia-wei.Hsu/untar_dir/20110101.ocean_month.nc exist, skipping...
2025-04-23 01:17:16,319 - INFO - (ncks) extracting variable /collab1/data_untrusted/Chia-wei.Hsu/decadel_output_dir/decadal.ocean_month.i201101.e05.2011.tos.nc ...
2025-04-23 01:21:29,863 - WARNING - extracted tar file /vftmp/Chia-wei.Hsu/untar_dir/20120101.ocean_month.nc exist, skipping...
2025-04-23 01:21:29,864 - INFO - (ncks) extracting variable /collab1/data_untrusted/Chia-wei.Hsu/decadel_output_dir/decadal.ocean_month.i201101.e05.2012.tos.nc ...
2025-04-23 01:28:01,923 - WARNING - extracted tar file /vftmp/Chia-wei.Hsu/untar_dir/20130101.ocean_month.nc exist, skipping...
2025-04-23 01:28:01,924 - INFO - (ncks) extracting variable /collab1/data_untrusted/Chia-wei.Hsu/decadel_output_dir/decadal.ocean_month.i201101.e05.2013.tos.nc ...
