2025-04-22 12:26:52,976 - INFO - === Processing variable tos ...
2025-04-22 12:26:52,981 - WARNING - concatenate file /collab1/data_untrusted/Chia-wei.Hsu/decadel_output_dir/decadal.ocean_month.i200801.e01.tos.nc exist, skipping...
2025-04-22 12:26:53,009 - INFO - === Processing variable tos ...
2025-04-22 12:26:53,014 - INFO - ===== Processing initial year 2008 initial month  1 ensamble_number  2...
2025-04-22 12:26:53,328 - WARNING - extracted tar file /vftmp/Chia-wei.Hsu/untar_dir/20080101.ocean_month.nc exist, skipping...
2025-04-22 12:26:53,332 - WARNING - extracted variable file /collab1/data_untrusted/Chia-wei.Hsu/decadel_output_dir/decadal.ocean_month.i200801.e02.2008.tos.nc exist, skipping...
2025-04-22 16:31:13,592 - WARNING - extracted tar file /vftmp/Chia-wei.Hsu/untar_dir/20090101.ocean_month.nc exist, skipping...
2025-04-22 16:31:13,593 - INFO - (ncks) extracting variable /collab1/data_untrusted/Chia-wei.Hsu/decadel_output_dir/decadal.ocean_month.i200801.e02.2009.tos.nc ...
2025-04-22 16:34:32,055 - WARNING - extracted tar file /vftmp/Chia-wei.Hsu/untar_dir/20100101.ocean_month.nc exist, skipping...
2025-04-22 16:34:32,056 - INFO - (ncks) extracting variable /collab1/data_untrusted/Chia-wei.Hsu/decadel_output_dir/decadal.ocean_month.i200801.e02.2010.tos.nc ...
2025-04-22 16:37:55,884 - WARNING - extracted tar file /vftmp/Chia-wei.Hsu/untar_dir/20110101.ocean_month.nc exist, skipping...
2025-04-22 16:37:55,885 - INFO - (ncks) extracting variable /collab1/data_untrusted/Chia-wei.Hsu/decadel_output_dir/decadal.ocean_month.i200801.e02.2011.tos.nc ...
2025-04-22 16:41:24,771 - WARNING - extracted tar file /vftmp/Chia-wei.Hsu/untar_dir/20120101.ocean_month.nc exist, skipping...
2025-04-22 16:41:24,771 - INFO - (ncks) extracting variable /collab1/data_untrusted/Chia-wei.Hsu/decadel_output_dir/decadal.ocean_month.i200801.e02.2012.tos.nc ...
2025-04-22 16:46:49,661 - WARNING - extracted tar file /vftmp/Chia-wei.Hsu/untar_dir/20130101.ocean_month.nc exist, skipping...
2025-04-22 16:46:49,662 - INFO - (ncks) extracting variable /collab1/data_untrusted/Chia-wei.Hsu/decadel_output_dir/decadal.ocean_month.i200801.e02.2013.tos.nc ...
2025-04-22 16:53:47,422 - WARNING - extracted tar file /vftmp/Chia-wei.Hsu/untar_dir/20140101.ocean_month.nc exist, skipping...
2025-04-22 16:53:47,423 - INFO - (ncks) extracting variable /collab1/data_untrusted/Chia-wei.Hsu/decadel_output_dir/decadal.ocean_month.i200801.e02.2014.tos.nc ...
2025-04-22 16:59:53,574 - WARNING - extracted tar file /vftmp/Chia-wei.Hsu/untar_dir/20150101.ocean_month.nc exist, skipping...
2025-04-22 16:59:53,575 - INFO - (ncks) extracting variable /collab1/data_untrusted/Chia-wei.Hsu/decadel_output_dir/decadal.ocean_month.i200801.e02.2015.tos.nc ...
2025-04-22 17:05:06,937 - WARNING - extracted tar file /vftmp/Chia-wei.Hsu/untar_dir/20160101.ocean_month.nc exist, skipping...
2025-04-22 17:05:06,938 - INFO - (ncks) extracting variable /collab1/data_untrusted/Chia-wei.Hsu/decadel_output_dir/decadal.ocean_month.i200801.e02.2016.tos.nc ...
2025-04-22 17:08:44,177 - WARNING - extracted tar file /vftmp/Chia-wei.Hsu/untar_dir/20170101.ocean_month.nc exist, skipping...
2025-04-22 17:08:44,178 - INFO - (ncks) extracting variable /collab1/data_untrusted/Chia-wei.Hsu/decadel_output_dir/decadal.ocean_month.i200801.e02.2017.tos.nc ...
2025-04-22 17:08:44,255 - INFO - (ncrcat) concatenating files for single variable, single ensemble, multi-lead ...
2025-04-22 17:08:48,533 - INFO - concatenated file at /collab1/data_untrusted/Chia-wei.Hsu/decadel_output_dir/decadal.ocean_month.i200801.e02.tos.nc ...
2025-04-22 17:08:48,548 - INFO - remove individual files
2025-04-22 17:08:48,615 - INFO - === Processing variable tos ...
2025-04-22 17:08:48,616 - INFO - ===== Processing initial year 2008 initial month  1 ensamble_number  3...
2025-04-22 17:12:47,513 - WARNING - extracted tar file /vftmp/Chia-wei.Hsu/untar_dir/20080101.ocean_month.nc exist, skipping...
2025-04-22 17:12:47,515 - INFO - (ncks) extracting variable /collab1/data_untrusted/Chia-wei.Hsu/decadel_output_dir/decadal.ocean_month.i200801.e03.2008.tos.nc ...
2025-04-22 17:18:48,278 - WARNING - extracted tar file /vftmp/Chia-wei.Hsu/untar_dir/20090101.ocean_month.nc exist, skipping...
2025-04-22 17:18:48,279 - INFO - (ncks) extracting variable /collab1/data_untrusted/Chia-wei.Hsu/decadel_output_dir/decadal.ocean_month.i200801.e03.2009.tos.nc ...
2025-04-22 17:24:52,933 - WARNING - extracted tar file /vftmp/Chia-wei.Hsu/untar_dir/20100101.ocean_month.nc exist, skipping...
2025-04-22 17:24:52,934 - INFO - (ncks) extracting variable /collab1/data_untrusted/Chia-wei.Hsu/decadel_output_dir/decadal.ocean_month.i200801.e03.2010.tos.nc ...
2025-04-22 17:37:26,887 - WARNING - extracted tar file /vftmp/Chia-wei.Hsu/untar_dir/20110101.ocean_month.nc exist, skipping...
2025-04-22 17:37:26,888 - INFO - (ncks) extracting variable /collab1/data_untrusted/Chia-wei.Hsu/decadel_output_dir/decadal.ocean_month.i200801.e03.2011.tos.nc ...
2025-04-22 17:42:03,622 - WARNING - extracted tar file /vftmp/Chia-wei.Hsu/untar_dir/20120101.ocean_month.nc exist, skipping...
2025-04-22 17:42:03,623 - INFO - (ncks) extracting variable /collab1/data_untrusted/Chia-wei.Hsu/decadel_output_dir/decadal.ocean_month.i200801.e03.2012.tos.nc ...
2025-04-22 20:05:42,895 - WARNING - extracted tar file /vftmp/Chia-wei.Hsu/untar_dir/20130101.ocean_month.nc exist, skipping...
2025-04-22 20:05:43,149 - INFO - (ncks) extracting variable /collab1/data_untrusted/Chia-wei.Hsu/decadel_output_dir/decadal.ocean_month.i200801.e03.2013.tos.nc ...
2025-04-22 20:08:47,794 - WARNING - extracted tar file /vftmp/Chia-wei.Hsu/untar_dir/20140101.ocean_month.nc exist, skipping...
2025-04-22 20:08:47,795 - INFO - (ncks) extracting variable /collab1/data_untrusted/Chia-wei.Hsu/decadel_output_dir/decadal.ocean_month.i200801.e03.2014.tos.nc ...
2025-04-22 20:12:46,106 - WARNING - extracted tar file /vftmp/Chia-wei.Hsu/untar_dir/20150101.ocean_month.nc exist, skipping...
2025-04-22 20:12:46,107 - INFO - (ncks) extracting variable /collab1/data_untrusted/Chia-wei.Hsu/decadel_output_dir/decadal.ocean_month.i200801.e03.2015.tos.nc ...
2025-04-22 20:16:05,910 - WARNING - extracted tar file /vftmp/Chia-wei.Hsu/untar_dir/20160101.ocean_month.nc exist, skipping...
2025-04-22 20:16:05,910 - INFO - (ncks) extracting variable /collab1/data_untrusted/Chia-wei.Hsu/decadel_output_dir/decadal.ocean_month.i200801.e03.2016.tos.nc ...
2025-04-22 20:19:37,833 - WARNING - extracted tar file /vftmp/Chia-wei.Hsu/untar_dir/20170101.ocean_month.nc exist, skipping...
2025-04-22 20:19:37,834 - INFO - (ncks) extracting variable /collab1/data_untrusted/Chia-wei.Hsu/decadel_output_dir/decadal.ocean_month.i200801.e03.2017.tos.nc ...
2025-04-22 20:19:38,218 - INFO - (ncrcat) concatenating files for single variable, single ensemble, multi-lead ...
2025-04-22 20:19:42,147 - INFO - concatenated file at /collab1/data_untrusted/Chia-wei.Hsu/decadel_output_dir/decadal.ocean_month.i200801.e03.tos.nc ...
2025-04-22 20:19:42,154 - INFO - remove individual files
2025-04-22 20:19:42,163 - INFO - === Processing variable tos ...
2025-04-22 20:19:42,164 - INFO - ===== Processing initial year 2008 initial month  1 ensamble_number  4...
2025-04-22 20:22:18,393 - WARNING - extracted tar file /vftmp/Chia-wei.Hsu/untar_dir/20080101.ocean_month.nc exist, skipping...
2025-04-22 20:22:18,394 - INFO - (ncks) extracting variable /collab1/data_untrusted/Chia-wei.Hsu/decadel_output_dir/decadal.ocean_month.i200801.e04.2008.tos.nc ...
2025-04-22 20:24:52,372 - WARNING - extracted tar file /vftmp/Chia-wei.Hsu/untar_dir/20090101.ocean_month.nc exist, skipping...
2025-04-22 20:24:52,372 - INFO - (ncks) extracting variable /collab1/data_untrusted/Chia-wei.Hsu/decadel_output_dir/decadal.ocean_month.i200801.e04.2009.tos.nc ...
2025-04-22 20:29:48,102 - WARNING - extracted tar file /vftmp/Chia-wei.Hsu/untar_dir/20100101.ocean_month.nc exist, skipping...
2025-04-22 20:29:48,103 - INFO - (ncks) extracting variable /collab1/data_untrusted/Chia-wei.Hsu/decadel_output_dir/decadal.ocean_month.i200801.e04.2010.tos.nc ...
2025-04-22 20:34:43,017 - WARNING - extracted tar file /vftmp/Chia-wei.Hsu/untar_dir/20110101.ocean_month.nc exist, skipping...
2025-04-22 20:34:43,018 - INFO - (ncks) extracting variable /collab1/data_untrusted/Chia-wei.Hsu/decadel_output_dir/decadal.ocean_month.i200801.e04.2011.tos.nc ...
2025-04-22 23:28:25,745 - WARNING - extracted tar file /vftmp/Chia-wei.Hsu/untar_dir/20120101.ocean_month.nc exist, skipping...
2025-04-22 23:28:25,871 - INFO - (ncks) extracting variable /collab1/data_untrusted/Chia-wei.Hsu/decadel_output_dir/decadal.ocean_month.i200801.e04.2012.tos.nc ...
2025-04-23 00:02:32,566 - WARNING - extracted tar file /vftmp/Chia-wei.Hsu/untar_dir/20130101.ocean_month.nc exist, skipping...
2025-04-23 00:02:32,567 - INFO - (ncks) extracting variable /collab1/data_untrusted/Chia-wei.Hsu/decadel_output_dir/decadal.ocean_month.i200801.e04.2013.tos.nc ...
2025-04-23 01:13:04,335 - WARNING - extracted tar file /vftmp/Chia-wei.Hsu/untar_dir/20140101.ocean_month.nc exist, skipping...
2025-04-23 01:13:04,336 - INFO - (ncks) extracting variable /collab1/data_untrusted/Chia-wei.Hsu/decadel_output_dir/decadal.ocean_month.i200801.e04.2014.tos.nc ...
2025-04-23 01:17:21,151 - WARNING - extracted tar file /vftmp/Chia-wei.Hsu/untar_dir/20150101.ocean_month.nc exist, skipping...
2025-04-23 01:17:21,153 - INFO - (ncks) extracting variable /collab1/data_untrusted/Chia-wei.Hsu/decadel_output_dir/decadal.ocean_month.i200801.e04.2015.tos.nc ...
2025-04-23 01:28:38,429 - WARNING - extracted tar file /vftmp/Chia-wei.Hsu/untar_dir/20160101.ocean_month.nc exist, skipping...
2025-04-23 01:28:38,430 - INFO - (ncks) extracting variable /collab1/data_untrusted/Chia-wei.Hsu/decadel_output_dir/decadal.ocean_month.i200801.e04.2016.tos.nc ...
2025-04-23 01:33:24,349 - WARNING - extracted tar file /vftmp/Chia-wei.Hsu/untar_dir/20170101.ocean_month.nc exist, skipping...
2025-04-23 01:33:24,350 - INFO - (ncks) extracting variable /collab1/data_untrusted/Chia-wei.Hsu/decadel_output_dir/decadal.ocean_month.i200801.e04.2017.tos.nc ...
2025-04-23 01:33:26,045 - INFO - (ncrcat) concatenating files for single variable, single ensemble, multi-lead ...
2025-04-23 01:33:29,397 - INFO - concatenated file at /collab1/data_untrusted/Chia-wei.Hsu/decadel_output_dir/decadal.ocean_month.i200801.e04.tos.nc ...
2025-04-23 01:33:29,403 - INFO - remove individual files
2025-04-23 01:33:29,440 - INFO - === Processing variable tos ...
2025-04-23 01:33:29,441 - INFO - ===== Processing initial year 2008 initial month  1 ensamble_number  5...
2025-04-23 01:36:23,961 - WARNING - extracted tar file /vftmp/Chia-wei.Hsu/untar_dir/20080101.ocean_month.nc exist, skipping...
2025-04-23 01:36:23,963 - INFO - (ncks) extracting variable /collab1/data_untrusted/Chia-wei.Hsu/decadel_output_dir/decadal.ocean_month.i200801.e05.2008.tos.nc ...
2025-04-23 01:42:40,609 - WARNING - extracted tar file /vftmp/Chia-wei.Hsu/untar_dir/20090101.ocean_month.nc exist, skipping...
2025-04-23 01:42:40,610 - INFO - (ncks) extracting variable /collab1/data_untrusted/Chia-wei.Hsu/decadel_output_dir/decadal.ocean_month.i200801.e05.2009.tos.nc ...
2025-04-23 01:47:23,281 - WARNING - extracted tar file /vftmp/Chia-wei.Hsu/untar_dir/20100101.ocean_month.nc exist, skipping...
2025-04-23 01:47:23,282 - INFO - (ncks) extracting variable /collab1/data_untrusted/Chia-wei.Hsu/decadel_output_dir/decadal.ocean_month.i200801.e05.2010.tos.nc ...
2025-04-23 01:57:57,957 - WARNING - extracted tar file /vftmp/Chia-wei.Hsu/untar_dir/20110101.ocean_month.nc exist, skipping...
2025-04-23 01:57:57,958 - INFO - (ncks) extracting variable /collab1/data_untrusted/Chia-wei.Hsu/decadel_output_dir/decadal.ocean_month.i200801.e05.2011.tos.nc ...
2025-04-23 02:45:06,158 - WARNING - extracted tar file /vftmp/Chia-wei.Hsu/untar_dir/20120101.ocean_month.nc exist, skipping...
2025-04-23 02:45:06,159 - INFO - (ncks) extracting variable /collab1/data_untrusted/Chia-wei.Hsu/decadel_output_dir/decadal.ocean_month.i200801.e05.2012.tos.nc ...
2025-04-23 02:50:52,967 - WARNING - extracted tar file /vftmp/Chia-wei.Hsu/untar_dir/20130101.ocean_month.nc exist, skipping...
2025-04-23 02:50:52,968 - INFO - (ncks) extracting variable /collab1/data_untrusted/Chia-wei.Hsu/decadel_output_dir/decadal.ocean_month.i200801.e05.2013.tos.nc ...
2025-04-23 02:55:19,320 - WARNING - extracted tar file /vftmp/Chia-wei.Hsu/untar_dir/20140101.ocean_month.nc exist, skipping...
2025-04-23 02:55:19,321 - INFO - (ncks) extracting variable /collab1/data_untrusted/Chia-wei.Hsu/decadel_output_dir/decadal.ocean_month.i200801.e05.2014.tos.nc ...
2025-04-23 03:23:54,190 - WARNING - extracted tar file /vftmp/Chia-wei.Hsu/untar_dir/20150101.ocean_month.nc exist, skipping...
2025-04-23 03:23:54,192 - INFO - (ncks) extracting variable /collab1/data_untrusted/Chia-wei.Hsu/decadel_output_dir/decadal.ocean_month.i200801.e05.2015.tos.nc ...
2025-04-23 03:27:30,418 - WARNING - extracted tar file /vftmp/Chia-wei.Hsu/untar_dir/20160101.ocean_month.nc exist, skipping...
2025-04-23 03:27:30,419 - INFO - (ncks) extracting variable /collab1/data_untrusted/Chia-wei.Hsu/decadel_output_dir/decadal.ocean_month.i200801.e05.2016.tos.nc ...
2025-04-23 04:19:28,854 - WARNING - extracted tar file /vftmp/Chia-wei.Hsu/untar_dir/20170101.ocean_month.nc exist, skipping...
2025-04-23 04:19:28,855 - INFO - (ncks) extracting variable /collab1/data_untrusted/Chia-wei.Hsu/decadel_output_dir/decadal.ocean_month.i200801.e05.2017.tos.nc ...
2025-04-23 04:19:28,973 - INFO - (ncrcat) concatenating files for single variable, single ensemble, multi-lead ...
2025-04-23 04:19:32,705 - INFO - concatenated file at /collab1/data_untrusted/Chia-wei.Hsu/decadel_output_dir/decadal.ocean_month.i200801.e05.tos.nc ...
2025-04-23 04:19:32,717 - INFO - remove individual files
2025-04-23 04:19:32,718 - INFO - === Processing variable tos ...
2025-04-23 04:19:32,719 - INFO - ===== Processing initial year 2008 initial month  1 ensamble_number  6...
2025-04-23 04:44:55,612 - WARNING - extracted tar file /vftmp/Chia-wei.Hsu/untar_dir/20080101.ocean_month.nc exist, skipping...
2025-04-23 04:44:55,613 - INFO - (ncks) extracting variable /collab1/data_untrusted/Chia-wei.Hsu/decadel_output_dir/decadal.ocean_month.i200801.e06.2008.tos.nc ...
2025-04-23 04:51:32,565 - WARNING - extracted tar file /vftmp/Chia-wei.Hsu/untar_dir/20090101.ocean_month.nc exist, skipping...
2025-04-23 04:51:32,566 - INFO - (ncks) extracting variable /collab1/data_untrusted/Chia-wei.Hsu/decadel_output_dir/decadal.ocean_month.i200801.e06.2009.tos.nc ...
2025-04-23 04:54:31,299 - WARNING - extracted tar file /vftmp/Chia-wei.Hsu/untar_dir/20100101.ocean_month.nc exist, skipping...
2025-04-23 04:54:31,300 - INFO - (ncks) extracting variable /collab1/data_untrusted/Chia-wei.Hsu/decadel_output_dir/decadal.ocean_month.i200801.e06.2010.tos.nc ...
2025-04-23 04:57:23,858 - WARNING - extracted tar file /vftmp/Chia-wei.Hsu/untar_dir/20110101.ocean_month.nc exist, skipping...
2025-04-23 04:57:23,859 - INFO - (ncks) extracting variable /collab1/data_untrusted/Chia-wei.Hsu/decadel_output_dir/decadal.ocean_month.i200801.e06.2011.tos.nc ...
2025-04-23 05:01:09,744 - WARNING - extracted tar file /vftmp/Chia-wei.Hsu/untar_dir/20120101.ocean_month.nc exist, skipping...
2025-04-23 05:01:09,745 - INFO - (ncks) extracting variable /collab1/data_untrusted/Chia-wei.Hsu/decadel_output_dir/decadal.ocean_month.i200801.e06.2012.tos.nc ...
2025-04-23 05:06:17,572 - WARNING - extracted tar file /vftmp/Chia-wei.Hsu/untar_dir/20130101.ocean_month.nc exist, skipping...
2025-04-23 05:06:17,573 - INFO - (ncks) extracting variable /collab1/data_untrusted/Chia-wei.Hsu/decadel_output_dir/decadal.ocean_month.i200801.e06.2013.tos.nc ...
2025-04-23 05:16:49,965 - WARNING - extracted tar file /vftmp/Chia-wei.Hsu/untar_dir/20140101.ocean_month.nc exist, skipping...
2025-04-23 05:16:49,966 - INFO - (ncks) extracting variable /collab1/data_untrusted/Chia-wei.Hsu/decadel_output_dir/decadal.ocean_month.i200801.e06.2014.tos.nc ...
2025-04-23 05:33:46,051 - WARNING - extracted tar file /vftmp/Chia-wei.Hsu/untar_dir/20150101.ocean_month.nc exist, skipping...
2025-04-23 05:33:46,052 - INFO - (ncks) extracting variable /collab1/data_untrusted/Chia-wei.Hsu/decadel_output_dir/decadal.ocean_month.i200801.e06.2015.tos.nc ...
2025-04-23 05:38:11,116 - WARNING - extracted tar file /vftmp/Chia-wei.Hsu/untar_dir/20160101.ocean_month.nc exist, skipping...
2025-04-23 05:38:11,117 - INFO - (ncks) extracting variable /collab1/data_untrusted/Chia-wei.Hsu/decadel_output_dir/decadal.ocean_month.i200801.e06.2016.tos.nc ...
2025-04-23 05:43:31,435 - WARNING - extracted tar file /vftmp/Chia-wei.Hsu/untar_dir/20170101.ocean_month.nc exist, skipping...
2025-04-23 05:43:31,436 - INFO - (ncks) extracting variable /collab1/data_untrusted/Chia-wei.Hsu/decadel_output_dir/decadal.ocean_month.i200801.e06.2017.tos.nc ...
2025-04-23 05:43:31,521 - INFO - (ncrcat) concatenating files for single variable, single ensemble, multi-lead ...
2025-04-23 05:43:36,120 - INFO - concatenated file at /collab1/data_untrusted/Chia-wei.Hsu/decadel_output_dir/decadal.ocean_month.i200801.e06.tos.nc ...
2025-04-23 05:43:36,128 - INFO - remove individual files
