2025-04-22 12:26:52,949 - INFO - === Processing variable tos ...
2025-04-22 12:26:52,950 - WARNING - concatenate file /collab1/data_untrusted/Chia-wei.Hsu/decadel_output_dir/decadal.ocean_month.i201401.e01.tos.nc exist, skipping...
2025-04-22 12:26:52,990 - INFO - === Processing variable tos ...
2025-04-22 12:26:52,999 - INFO - ===== Processing initial year 2014 initial month  1 ensamble_number  2...
2025-04-22 16:24:35,065 - WARNING - extracted tar file /vftmp/Chia-wei.Hsu/untar_dir/20140101.ocean_month.nc exist, skipping...
2025-04-22 16:24:35,066 - INFO - (ncks) extracting variable /collab1/data_untrusted/Chia-wei.Hsu/decadel_output_dir/decadal.ocean_month.i201401.e02.2014.tos.nc ...
2025-04-22 16:48:41,199 - WARNING - extracted tar file /vftmp/Chia-wei.Hsu/untar_dir/20150101.ocean_month.nc exist, skipping...
2025-04-22 16:48:41,200 - INFO - (ncks) extracting variable /collab1/data_untrusted/Chia-wei.Hsu/decadel_output_dir/decadal.ocean_month.i201401.e02.2015.tos.nc ...
2025-04-22 16:52:55,340 - WARNING - extracted tar file /vftmp/Chia-wei.Hsu/untar_dir/20160101.ocean_month.nc exist, skipping...
2025-04-22 16:52:55,341 - INFO - (ncks) extracting variable /collab1/data_untrusted/Chia-wei.Hsu/decadel_output_dir/decadal.ocean_month.i201401.e02.2016.tos.nc ...
2025-04-22 16:56:18,244 - WARNING - extracted tar file /vftmp/Chia-wei.Hsu/untar_dir/20170101.ocean_month.nc exist, skipping...
2025-04-22 16:56:18,245 - INFO - (ncks) extracting variable /collab1/data_untrusted/Chia-wei.Hsu/decadel_output_dir/decadal.ocean_month.i201401.e02.2017.tos.nc ...
2025-04-22 17:22:08,789 - WARNING - extracted tar file /vftmp/Chia-wei.Hsu/untar_dir/20180101.ocean_month.nc exist, skipping...
2025-04-22 17:22:08,790 - INFO - (ncks) extracting variable /collab1/data_untrusted/Chia-wei.Hsu/decadel_output_dir/decadal.ocean_month.i201401.e02.2018.tos.nc ...
2025-04-22 17:27:32,872 - WARNING - extracted tar file /vftmp/Chia-wei.Hsu/untar_dir/20190101.ocean_month.nc exist, skipping...
2025-04-22 17:27:32,872 - INFO - (ncks) extracting variable /collab1/data_untrusted/Chia-wei.Hsu/decadel_output_dir/decadal.ocean_month.i201401.e02.2019.tos.nc ...
2025-04-22 17:31:09,604 - WARNING - extracted tar file /vftmp/Chia-wei.Hsu/untar_dir/20200101.ocean_month.nc exist, skipping...
2025-04-22 17:31:09,605 - INFO - (ncks) extracting variable /collab1/data_untrusted/Chia-wei.Hsu/decadel_output_dir/decadal.ocean_month.i201401.e02.2020.tos.nc ...
2025-04-22 17:39:45,013 - WARNING - extracted tar file /vftmp/Chia-wei.Hsu/untar_dir/20210101.ocean_month.nc exist, skipping...
2025-04-22 17:39:45,014 - INFO - (ncks) extracting variable /collab1/data_untrusted/Chia-wei.Hsu/decadel_output_dir/decadal.ocean_month.i201401.e02.2021.tos.nc ...
2025-04-22 19:45:27,151 - WARNING - extracted tar file /vftmp/Chia-wei.Hsu/untar_dir/20220101.ocean_month.nc exist, skipping...
2025-04-22 19:45:27,152 - INFO - (ncks) extracting variable /collab1/data_untrusted/Chia-wei.Hsu/decadel_output_dir/decadal.ocean_month.i201401.e02.2022.tos.nc ...
2025-04-22 20:18:07,279 - WARNING - extracted tar file /vftmp/Chia-wei.Hsu/untar_dir/20230101.ocean_month.nc exist, skipping...
2025-04-22 20:18:07,280 - INFO - (ncks) extracting variable /collab1/data_untrusted/Chia-wei.Hsu/decadel_output_dir/decadal.ocean_month.i201401.e02.2023.tos.nc ...
2025-04-22 20:18:07,971 - INFO - (ncrcat) concatenating files for single variable, single ensemble, multi-lead ...
2025-04-22 20:18:10,908 - INFO - concatenated file at /collab1/data_untrusted/Chia-wei.Hsu/decadel_output_dir/decadal.ocean_month.i201401.e02.tos.nc ...
2025-04-22 20:18:10,916 - INFO - remove individual files
2025-04-22 20:18:10,928 - INFO - === Processing variable tos ...
2025-04-22 20:18:10,928 - INFO - ===== Processing initial year 2014 initial month  1 ensamble_number  3...
2025-04-22 20:22:53,568 - WARNING - extracted tar file /vftmp/Chia-wei.Hsu/untar_dir/20140101.ocean_month.nc exist, skipping...
2025-04-22 20:22:53,569 - INFO - (ncks) extracting variable /collab1/data_untrusted/Chia-wei.Hsu/decadel_output_dir/decadal.ocean_month.i201401.e03.2014.tos.nc ...
2025-04-22 23:17:50,366 - WARNING - extracted tar file /vftmp/Chia-wei.Hsu/untar_dir/20150101.ocean_month.nc exist, skipping...
2025-04-22 23:17:50,558 - INFO - (ncks) extracting variable /collab1/data_untrusted/Chia-wei.Hsu/decadel_output_dir/decadal.ocean_month.i201401.e03.2015.tos.nc ...
2025-04-23 01:12:16,038 - WARNING - extracted tar file /vftmp/Chia-wei.Hsu/untar_dir/20160101.ocean_month.nc exist, skipping...
2025-04-23 01:12:16,039 - INFO - (ncks) extracting variable /collab1/data_untrusted/Chia-wei.Hsu/decadel_output_dir/decadal.ocean_month.i201401.e03.2016.tos.nc ...
2025-04-23 02:37:41,641 - WARNING - extracted tar file /vftmp/Chia-wei.Hsu/untar_dir/20170101.ocean_month.nc exist, skipping...
2025-04-23 02:37:41,642 - INFO - (ncks) extracting variable /collab1/data_untrusted/Chia-wei.Hsu/decadel_output_dir/decadal.ocean_month.i201401.e03.2017.tos.nc ...
2025-04-23 02:40:44,267 - WARNING - extracted tar file /vftmp/Chia-wei.Hsu/untar_dir/20180101.ocean_month.nc exist, skipping...
2025-04-23 02:40:44,269 - INFO - (ncks) extracting variable /collab1/data_untrusted/Chia-wei.Hsu/decadel_output_dir/decadal.ocean_month.i201401.e03.2018.tos.nc ...
2025-04-23 02:43:20,736 - WARNING - extracted tar file /vftmp/Chia-wei.Hsu/untar_dir/20190101.ocean_month.nc exist, skipping...
2025-04-23 02:43:20,737 - INFO - (ncks) extracting variable /collab1/data_untrusted/Chia-wei.Hsu/decadel_output_dir/decadal.ocean_month.i201401.e03.2019.tos.nc ...
2025-04-23 02:45:51,186 - WARNING - extracted tar file /vftmp/Chia-wei.Hsu/untar_dir/20200101.ocean_month.nc exist, skipping...
2025-04-23 02:45:51,187 - INFO - (ncks) extracting variable /collab1/data_untrusted/Chia-wei.Hsu/decadel_output_dir/decadal.ocean_month.i201401.e03.2020.tos.nc ...
2025-04-23 02:54:37,035 - WARNING - extracted tar file /vftmp/Chia-wei.Hsu/untar_dir/20210101.ocean_month.nc exist, skipping...
2025-04-23 02:54:37,036 - INFO - (ncks) extracting variable /collab1/data_untrusted/Chia-wei.Hsu/decadel_output_dir/decadal.ocean_month.i201401.e03.2021.tos.nc ...
2025-04-23 03:03:22,185 - WARNING - extracted tar file /vftmp/Chia-wei.Hsu/untar_dir/20220101.ocean_month.nc exist, skipping...
2025-04-23 03:03:22,186 - INFO - (ncks) extracting variable /collab1/data_untrusted/Chia-wei.Hsu/decadel_output_dir/decadal.ocean_month.i201401.e03.2022.tos.nc ...
2025-04-23 03:07:30,882 - WARNING - extracted tar file /vftmp/Chia-wei.Hsu/untar_dir/20230101.ocean_month.nc exist, skipping...
2025-04-23 03:07:30,883 - INFO - (ncks) extracting variable /collab1/data_untrusted/Chia-wei.Hsu/decadel_output_dir/decadal.ocean_month.i201401.e03.2023.tos.nc ...
2025-04-23 03:07:31,182 - INFO - (ncrcat) concatenating files for single variable, single ensemble, multi-lead ...
2025-04-23 03:07:35,064 - INFO - concatenated file at /collab1/data_untrusted/Chia-wei.Hsu/decadel_output_dir/decadal.ocean_month.i201401.e03.tos.nc ...
2025-04-23 03:07:35,071 - INFO - remove individual files
2025-04-23 03:07:35,108 - INFO - === Processing variable tos ...
2025-04-23 03:07:35,108 - INFO - ===== Processing initial year 2014 initial month  1 ensamble_number  4...
2025-04-23 03:12:01,856 - WARNING - extracted tar file /vftmp/Chia-wei.Hsu/untar_dir/20140101.ocean_month.nc exist, skipping...
2025-04-23 03:12:01,857 - INFO - (ncks) extracting variable /collab1/data_untrusted/Chia-wei.Hsu/decadel_output_dir/decadal.ocean_month.i201401.e04.2014.tos.nc ...
2025-04-23 03:15:28,470 - WARNING - extracted tar file /vftmp/Chia-wei.Hsu/untar_dir/20150101.ocean_month.nc exist, skipping...
2025-04-23 03:15:28,471 - INFO - (ncks) extracting variable /collab1/data_untrusted/Chia-wei.Hsu/decadel_output_dir/decadal.ocean_month.i201401.e04.2015.tos.nc ...
2025-04-23 04:03:53,354 - WARNING - extracted tar file /vftmp/Chia-wei.Hsu/untar_dir/20160101.ocean_month.nc exist, skipping...
2025-04-23 04:03:53,355 - INFO - (ncks) extracting variable /collab1/data_untrusted/Chia-wei.Hsu/decadel_output_dir/decadal.ocean_month.i201401.e04.2016.tos.nc ...
2025-04-23 04:06:40,645 - WARNING - extracted tar file /vftmp/Chia-wei.Hsu/untar_dir/20170101.ocean_month.nc exist, skipping...
2025-04-23 04:06:40,645 - INFO - (ncks) extracting variable /collab1/data_untrusted/Chia-wei.Hsu/decadel_output_dir/decadal.ocean_month.i201401.e04.2017.tos.nc ...
2025-04-23 04:09:16,870 - WARNING - extracted tar file /vftmp/Chia-wei.Hsu/untar_dir/20180101.ocean_month.nc exist, skipping...
2025-04-23 04:09:16,871 - INFO - (ncks) extracting variable /collab1/data_untrusted/Chia-wei.Hsu/decadel_output_dir/decadal.ocean_month.i201401.e04.2018.tos.nc ...
2025-04-23 04:14:34,025 - WARNING - extracted tar file /vftmp/Chia-wei.Hsu/untar_dir/20190101.ocean_month.nc exist, skipping...
2025-04-23 04:14:34,026 - INFO - (ncks) extracting variable /collab1/data_untrusted/Chia-wei.Hsu/decadel_output_dir/decadal.ocean_month.i201401.e04.2019.tos.nc ...
2025-04-23 04:18:28,695 - WARNING - extracted tar file /vftmp/Chia-wei.Hsu/untar_dir/20200101.ocean_month.nc exist, skipping...
2025-04-23 04:18:28,696 - INFO - (ncks) extracting variable /collab1/data_untrusted/Chia-wei.Hsu/decadel_output_dir/decadal.ocean_month.i201401.e04.2020.tos.nc ...
2025-04-23 04:21:45,278 - WARNING - extracted tar file /vftmp/Chia-wei.Hsu/untar_dir/20210101.ocean_month.nc exist, skipping...
2025-04-23 04:21:45,279 - INFO - (ncks) extracting variable /collab1/data_untrusted/Chia-wei.Hsu/decadel_output_dir/decadal.ocean_month.i201401.e04.2021.tos.nc ...
2025-04-23 04:59:08,086 - WARNING - extracted tar file /vftmp/Chia-wei.Hsu/untar_dir/20220101.ocean_month.nc exist, skipping...
2025-04-23 04:59:08,087 - INFO - (ncks) extracting variable /collab1/data_untrusted/Chia-wei.Hsu/decadel_output_dir/decadal.ocean_month.i201401.e04.2022.tos.nc ...
2025-04-23 05:03:58,703 - WARNING - extracted tar file /vftmp/Chia-wei.Hsu/untar_dir/20230101.ocean_month.nc exist, skipping...
2025-04-23 05:03:58,705 - INFO - (ncks) extracting variable /collab1/data_untrusted/Chia-wei.Hsu/decadel_output_dir/decadal.ocean_month.i201401.e04.2023.tos.nc ...
2025-04-23 05:03:58,782 - INFO - (ncrcat) concatenating files for single variable, single ensemble, multi-lead ...
2025-04-23 05:04:04,574 - INFO - concatenated file at /collab1/data_untrusted/Chia-wei.Hsu/decadel_output_dir/decadal.ocean_month.i201401.e04.tos.nc ...
2025-04-23 05:04:04,585 - INFO - remove individual files
2025-04-23 05:04:04,586 - INFO - === Processing variable tos ...
2025-04-23 05:04:04,586 - INFO - ===== Processing initial year 2014 initial month  1 ensamble_number  5...
2025-04-23 05:07:24,101 - WARNING - extracted tar file /vftmp/Chia-wei.Hsu/untar_dir/20140101.ocean_month.nc exist, skipping...
2025-04-23 05:07:24,102 - INFO - (ncks) extracting variable /collab1/data_untrusted/Chia-wei.Hsu/decadel_output_dir/decadal.ocean_month.i201401.e05.2014.tos.nc ...
2025-04-23 05:11:35,284 - WARNING - extracted tar file /vftmp/Chia-wei.Hsu/untar_dir/20150101.ocean_month.nc exist, skipping...
2025-04-23 05:11:35,285 - INFO - (ncks) extracting variable /collab1/data_untrusted/Chia-wei.Hsu/decadel_output_dir/decadal.ocean_month.i201401.e05.2015.tos.nc ...
2025-04-23 05:14:58,051 - WARNING - extracted tar file /vftmp/Chia-wei.Hsu/untar_dir/20160101.ocean_month.nc exist, skipping...
2025-04-23 05:14:58,052 - INFO - (ncks) extracting variable /collab1/data_untrusted/Chia-wei.Hsu/decadel_output_dir/decadal.ocean_month.i201401.e05.2016.tos.nc ...
2025-04-23 05:19:28,801 - WARNING - extracted tar file /vftmp/Chia-wei.Hsu/untar_dir/20170101.ocean_month.nc exist, skipping...
2025-04-23 05:19:28,802 - INFO - (ncks) extracting variable /collab1/data_untrusted/Chia-wei.Hsu/decadel_output_dir/decadal.ocean_month.i201401.e05.2017.tos.nc ...
2025-04-23 05:36:04,273 - WARNING - extracted tar file /vftmp/Chia-wei.Hsu/untar_dir/20180101.ocean_month.nc exist, skipping...
2025-04-23 05:36:04,274 - INFO - (ncks) extracting variable /collab1/data_untrusted/Chia-wei.Hsu/decadel_output_dir/decadal.ocean_month.i201401.e05.2018.tos.nc ...
2025-04-23 05:46:37,978 - WARNING - extracted tar file /vftmp/Chia-wei.Hsu/untar_dir/20190101.ocean_month.nc exist, skipping...
2025-04-23 05:46:37,979 - INFO - (ncks) extracting variable /collab1/data_untrusted/Chia-wei.Hsu/decadel_output_dir/decadal.ocean_month.i201401.e05.2019.tos.nc ...
2025-04-23 05:50:39,389 - WARNING - extracted tar file /vftmp/Chia-wei.Hsu/untar_dir/20200101.ocean_month.nc exist, skipping...
2025-04-23 05:50:39,390 - INFO - (ncks) extracting variable /collab1/data_untrusted/Chia-wei.Hsu/decadel_output_dir/decadal.ocean_month.i201401.e05.2020.tos.nc ...
2025-04-23 05:53:25,766 - WARNING - extracted tar file /vftmp/Chia-wei.Hsu/untar_dir/20210101.ocean_month.nc exist, skipping...
2025-04-23 05:53:25,767 - INFO - (ncks) extracting variable /collab1/data_untrusted/Chia-wei.Hsu/decadel_output_dir/decadal.ocean_month.i201401.e05.2021.tos.nc ...
2025-04-23 05:56:45,985 - WARNING - extracted tar file /vftmp/Chia-wei.Hsu/untar_dir/20220101.ocean_month.nc exist, skipping...
2025-04-23 05:56:45,986 - INFO - (ncks) extracting variable /collab1/data_untrusted/Chia-wei.Hsu/decadel_output_dir/decadal.ocean_month.i201401.e05.2022.tos.nc ...
2025-04-23 05:59:21,841 - WARNING - extracted tar file /vftmp/Chia-wei.Hsu/untar_dir/20230101.ocean_month.nc exist, skipping...
2025-04-23 05:59:21,842 - INFO - (ncks) extracting variable /collab1/data_untrusted/Chia-wei.Hsu/decadel_output_dir/decadal.ocean_month.i201401.e05.2023.tos.nc ...
2025-04-23 05:59:21,955 - INFO - (ncrcat) concatenating files for single variable, single ensemble, multi-lead ...
2025-04-23 05:59:26,455 - INFO - concatenated file at /collab1/data_untrusted/Chia-wei.Hsu/decadel_output_dir/decadal.ocean_month.i201401.e05.tos.nc ...
2025-04-23 05:59:26,461 - INFO - remove individual files
2025-04-23 05:59:26,513 - INFO - === Processing variable tos ...
2025-04-23 05:59:26,514 - INFO - ===== Processing initial year 2014 initial month  1 ensamble_number  6...
2025-04-23 06:04:07,230 - WARNING - extracted tar file /vftmp/Chia-wei.Hsu/untar_dir/20140101.ocean_month.nc exist, skipping...
2025-04-23 06:04:07,231 - INFO - (ncks) extracting variable /collab1/data_untrusted/Chia-wei.Hsu/decadel_output_dir/decadal.ocean_month.i201401.e06.2014.tos.nc ...
2025-04-23 06:08:11,596 - WARNING - extracted tar file /vftmp/Chia-wei.Hsu/untar_dir/20150101.ocean_month.nc exist, skipping...
2025-04-23 06:08:11,597 - INFO - (ncks) extracting variable /collab1/data_untrusted/Chia-wei.Hsu/decadel_output_dir/decadal.ocean_month.i201401.e06.2015.tos.nc ...
2025-04-23 06:11:03,328 - WARNING - extracted tar file /vftmp/Chia-wei.Hsu/untar_dir/20160101.ocean_month.nc exist, skipping...
2025-04-23 06:11:03,329 - INFO - (ncks) extracting variable /collab1/data_untrusted/Chia-wei.Hsu/decadel_output_dir/decadal.ocean_month.i201401.e06.2016.tos.nc ...
2025-04-23 06:14:15,487 - WARNING - extracted tar file /vftmp/Chia-wei.Hsu/untar_dir/20170101.ocean_month.nc exist, skipping...
2025-04-23 06:14:15,489 - INFO - (ncks) extracting variable /collab1/data_untrusted/Chia-wei.Hsu/decadel_output_dir/decadal.ocean_month.i201401.e06.2017.tos.nc ...
2025-04-23 06:19:13,722 - WARNING - extracted tar file /vftmp/Chia-wei.Hsu/untar_dir/20180101.ocean_month.nc exist, skipping...
2025-04-23 06:19:13,724 - INFO - (ncks) extracting variable /collab1/data_untrusted/Chia-wei.Hsu/decadel_output_dir/decadal.ocean_month.i201401.e06.2018.tos.nc ...
2025-04-23 06:21:41,301 - WARNING - extracted tar file /vftmp/Chia-wei.Hsu/untar_dir/20190101.ocean_month.nc exist, skipping...
2025-04-23 06:21:41,302 - INFO - (ncks) extracting variable /collab1/data_untrusted/Chia-wei.Hsu/decadel_output_dir/decadal.ocean_month.i201401.e06.2019.tos.nc ...
2025-04-23 06:24:07,733 - WARNING - extracted tar file /vftmp/Chia-wei.Hsu/untar_dir/20200101.ocean_month.nc exist, skipping...
2025-04-23 06:24:07,734 - INFO - (ncks) extracting variable /collab1/data_untrusted/Chia-wei.Hsu/decadel_output_dir/decadal.ocean_month.i201401.e06.2020.tos.nc ...
2025-04-23 06:27:11,299 - WARNING - extracted tar file /vftmp/Chia-wei.Hsu/untar_dir/20210101.ocean_month.nc exist, skipping...
2025-04-23 06:27:11,300 - INFO - (ncks) extracting variable /collab1/data_untrusted/Chia-wei.Hsu/decadel_output_dir/decadal.ocean_month.i201401.e06.2021.tos.nc ...
2025-04-23 06:30:17,782 - WARNING - extracted tar file /vftmp/Chia-wei.Hsu/untar_dir/20220101.ocean_month.nc exist, skipping...
2025-04-23 06:30:17,784 - INFO - (ncks) extracting variable /collab1/data_untrusted/Chia-wei.Hsu/decadel_output_dir/decadal.ocean_month.i201401.e06.2022.tos.nc ...
2025-04-23 06:32:16,528 - WARNING - extracted tar file /vftmp/Chia-wei.Hsu/untar_dir/20230101.ocean_month.nc exist, skipping...
2025-04-23 06:32:16,529 - INFO - (ncks) extracting variable /collab1/data_untrusted/Chia-wei.Hsu/decadel_output_dir/decadal.ocean_month.i201401.e06.2023.tos.nc ...
2025-04-23 06:32:16,638 - INFO - (ncrcat) concatenating files for single variable, single ensemble, multi-lead ...
2025-04-23 06:32:21,966 - INFO - concatenated file at /collab1/data_untrusted/Chia-wei.Hsu/decadel_output_dir/decadal.ocean_month.i201401.e06.tos.nc ...
2025-04-23 06:32:21,981 - INFO - remove individual files
