2025-04-22 12:26:52,960 - INFO - === Processing variable tos ...
2025-04-22 12:26:52,969 - WARNING - concatenate file /collab1/data_untrusted/Chia-wei.Hsu/decadel_output_dir/decadal.ocean_month.i201301.e01.tos.nc exist, skipping...
2025-04-22 12:26:52,989 - INFO - === Processing variable tos ...
2025-04-22 12:26:52,994 - INFO - ===== Processing initial year 2013 initial month  1 ensamble_number  2...
2025-04-22 13:31:32,965 - WARNING - extracted tar file /vftmp/Chia-wei.Hsu/untar_dir/20130101.ocean_month.nc exist, skipping...
2025-04-22 13:31:32,965 - INFO - (ncks) extracting variable /collab1/data_untrusted/Chia-wei.Hsu/decadel_output_dir/decadal.ocean_month.i201301.e02.2013.tos.nc ...
2025-04-22 14:01:45,095 - WARNING - extracted tar file /vftmp/Chia-wei.Hsu/untar_dir/20140101.ocean_month.nc exist, skipping...
2025-04-22 14:01:45,096 - INFO - (ncks) extracting variable /collab1/data_untrusted/Chia-wei.Hsu/decadel_output_dir/decadal.ocean_month.i201301.e02.2014.tos.nc ...
2025-04-22 14:06:08,465 - WARNING - extracted tar file /vftmp/Chia-wei.Hsu/untar_dir/20150101.ocean_month.nc exist, skipping...
2025-04-22 14:06:08,466 - INFO - (ncks) extracting variable /collab1/data_untrusted/Chia-wei.Hsu/decadel_output_dir/decadal.ocean_month.i201301.e02.2015.tos.nc ...
2025-04-22 14:10:12,874 - WARNING - extracted tar file /vftmp/Chia-wei.Hsu/untar_dir/20160101.ocean_month.nc exist, skipping...
2025-04-22 14:10:12,875 - INFO - (ncks) extracting variable /collab1/data_untrusted/Chia-wei.Hsu/decadel_output_dir/decadal.ocean_month.i201301.e02.2016.tos.nc ...
2025-04-22 14:14:00,677 - WARNING - extracted tar file /vftmp/Chia-wei.Hsu/untar_dir/20170101.ocean_month.nc exist, skipping...
2025-04-22 14:14:00,677 - INFO - (ncks) extracting variable /collab1/data_untrusted/Chia-wei.Hsu/decadel_output_dir/decadal.ocean_month.i201301.e02.2017.tos.nc ...
2025-04-22 14:17:21,147 - WARNING - extracted tar file /vftmp/Chia-wei.Hsu/untar_dir/20180101.ocean_month.nc exist, skipping...
2025-04-22 14:17:21,148 - INFO - (ncks) extracting variable /collab1/data_untrusted/Chia-wei.Hsu/decadel_output_dir/decadal.ocean_month.i201301.e02.2018.tos.nc ...
2025-04-22 14:20:03,454 - WARNING - extracted tar file /vftmp/Chia-wei.Hsu/untar_dir/20190101.ocean_month.nc exist, skipping...
2025-04-22 14:20:03,455 - INFO - (ncks) extracting variable /collab1/data_untrusted/Chia-wei.Hsu/decadel_output_dir/decadal.ocean_month.i201301.e02.2019.tos.nc ...
2025-04-22 18:45:21,657 - WARNING - extracted tar file /vftmp/Chia-wei.Hsu/untar_dir/20200101.ocean_month.nc exist, skipping...
2025-04-22 18:45:21,658 - INFO - (ncks) extracting variable /collab1/data_untrusted/Chia-wei.Hsu/decadel_output_dir/decadal.ocean_month.i201301.e02.2020.tos.nc ...
2025-04-22 18:48:08,792 - WARNING - extracted tar file /vftmp/Chia-wei.Hsu/untar_dir/20210101.ocean_month.nc exist, skipping...
2025-04-22 18:48:08,793 - INFO - (ncks) extracting variable /collab1/data_untrusted/Chia-wei.Hsu/decadel_output_dir/decadal.ocean_month.i201301.e02.2021.tos.nc ...
2025-04-22 18:56:04,054 - WARNING - extracted tar file /vftmp/Chia-wei.Hsu/untar_dir/20220101.ocean_month.nc exist, skipping...
2025-04-22 18:56:04,056 - INFO - (ncks) extracting variable /collab1/data_untrusted/Chia-wei.Hsu/decadel_output_dir/decadal.ocean_month.i201301.e02.2022.tos.nc ...
2025-04-22 18:56:04,454 - INFO - (ncrcat) concatenating files for single variable, single ensemble, multi-lead ...
2025-04-22 18:56:09,167 - INFO - concatenated file at /collab1/data_untrusted/Chia-wei.Hsu/decadel_output_dir/decadal.ocean_month.i201301.e02.tos.nc ...
2025-04-22 18:56:09,180 - INFO - remove individual files
2025-04-22 18:56:09,204 - INFO - === Processing variable tos ...
2025-04-22 18:56:09,205 - INFO - ===== Processing initial year 2013 initial month  1 ensamble_number  3...
2025-04-22 19:00:18,655 - WARNING - extracted tar file /vftmp/Chia-wei.Hsu/untar_dir/20130101.ocean_month.nc exist, skipping...
2025-04-22 19:00:18,656 - INFO - (ncks) extracting variable /collab1/data_untrusted/Chia-wei.Hsu/decadel_output_dir/decadal.ocean_month.i201301.e03.2013.tos.nc ...
2025-04-22 19:03:07,760 - WARNING - extracted tar file /vftmp/Chia-wei.Hsu/untar_dir/20140101.ocean_month.nc exist, skipping...
2025-04-22 19:03:07,761 - INFO - (ncks) extracting variable /collab1/data_untrusted/Chia-wei.Hsu/decadel_output_dir/decadal.ocean_month.i201301.e03.2014.tos.nc ...
2025-04-22 19:07:04,404 - WARNING - extracted tar file /vftmp/Chia-wei.Hsu/untar_dir/20150101.ocean_month.nc exist, skipping...
2025-04-22 19:07:04,405 - INFO - (ncks) extracting variable /collab1/data_untrusted/Chia-wei.Hsu/decadel_output_dir/decadal.ocean_month.i201301.e03.2015.tos.nc ...
2025-04-22 19:13:18,714 - WARNING - extracted tar file /vftmp/Chia-wei.Hsu/untar_dir/20160101.ocean_month.nc exist, skipping...
2025-04-22 19:13:18,714 - INFO - (ncks) extracting variable /collab1/data_untrusted/Chia-wei.Hsu/decadel_output_dir/decadal.ocean_month.i201301.e03.2016.tos.nc ...
2025-04-22 19:16:25,831 - WARNING - extracted tar file /vftmp/Chia-wei.Hsu/untar_dir/20170101.ocean_month.nc exist, skipping...
2025-04-22 19:16:25,831 - INFO - (ncks) extracting variable /collab1/data_untrusted/Chia-wei.Hsu/decadel_output_dir/decadal.ocean_month.i201301.e03.2017.tos.nc ...
2025-04-22 19:20:29,803 - WARNING - extracted tar file /vftmp/Chia-wei.Hsu/untar_dir/20180101.ocean_month.nc exist, skipping...
2025-04-22 19:20:29,804 - INFO - (ncks) extracting variable /collab1/data_untrusted/Chia-wei.Hsu/decadel_output_dir/decadal.ocean_month.i201301.e03.2018.tos.nc ...
2025-04-22 19:24:49,111 - WARNING - extracted tar file /vftmp/Chia-wei.Hsu/untar_dir/20190101.ocean_month.nc exist, skipping...
2025-04-22 19:24:49,111 - INFO - (ncks) extracting variable /collab1/data_untrusted/Chia-wei.Hsu/decadel_output_dir/decadal.ocean_month.i201301.e03.2019.tos.nc ...
2025-04-22 19:28:32,805 - WARNING - extracted tar file /vftmp/Chia-wei.Hsu/untar_dir/20200101.ocean_month.nc exist, skipping...
2025-04-22 19:28:32,806 - INFO - (ncks) extracting variable /collab1/data_untrusted/Chia-wei.Hsu/decadel_output_dir/decadal.ocean_month.i201301.e03.2020.tos.nc ...
2025-04-22 22:02:30,376 - WARNING - extracted tar file /vftmp/Chia-wei.Hsu/untar_dir/20210101.ocean_month.nc exist, skipping...
2025-04-22 22:02:30,569 - INFO - (ncks) extracting variable /collab1/data_untrusted/Chia-wei.Hsu/decadel_output_dir/decadal.ocean_month.i201301.e03.2021.tos.nc ...
2025-04-22 22:06:11,497 - WARNING - extracted tar file /vftmp/Chia-wei.Hsu/untar_dir/20220101.ocean_month.nc exist, skipping...
2025-04-22 22:06:11,513 - INFO - (ncks) extracting variable /collab1/data_untrusted/Chia-wei.Hsu/decadel_output_dir/decadal.ocean_month.i201301.e03.2022.tos.nc ...
2025-04-22 22:06:12,227 - INFO - (ncrcat) concatenating files for single variable, single ensemble, multi-lead ...
2025-04-22 22:06:17,280 - INFO - concatenated file at /collab1/data_untrusted/Chia-wei.Hsu/decadel_output_dir/decadal.ocean_month.i201301.e03.tos.nc ...
2025-04-22 22:06:17,290 - INFO - remove individual files
2025-04-22 22:06:17,343 - INFO - === Processing variable tos ...
2025-04-22 22:06:17,343 - INFO - ===== Processing initial year 2013 initial month  1 ensamble_number  4...
2025-04-22 22:12:42,515 - WARNING - extracted tar file /vftmp/Chia-wei.Hsu/untar_dir/20130101.ocean_month.nc exist, skipping...
2025-04-22 22:12:42,516 - INFO - (ncks) extracting variable /collab1/data_untrusted/Chia-wei.Hsu/decadel_output_dir/decadal.ocean_month.i201301.e04.2013.tos.nc ...
2025-04-22 23:15:31,534 - WARNING - extracted tar file /vftmp/Chia-wei.Hsu/untar_dir/20140101.ocean_month.nc exist, skipping...
2025-04-22 23:15:31,550 - INFO - (ncks) extracting variable /collab1/data_untrusted/Chia-wei.Hsu/decadel_output_dir/decadal.ocean_month.i201301.e04.2014.tos.nc ...
2025-04-23 01:06:48,538 - WARNING - extracted tar file /vftmp/Chia-wei.Hsu/untar_dir/20150101.ocean_month.nc exist, skipping...
2025-04-23 01:06:48,539 - INFO - (ncks) extracting variable /collab1/data_untrusted/Chia-wei.Hsu/decadel_output_dir/decadal.ocean_month.i201301.e04.2015.tos.nc ...
2025-04-23 02:35:40,755 - WARNING - extracted tar file /vftmp/Chia-wei.Hsu/untar_dir/20160101.ocean_month.nc exist, skipping...
2025-04-23 02:35:40,756 - INFO - (ncks) extracting variable /collab1/data_untrusted/Chia-wei.Hsu/decadel_output_dir/decadal.ocean_month.i201301.e04.2016.tos.nc ...
2025-04-23 02:39:43,264 - WARNING - extracted tar file /vftmp/Chia-wei.Hsu/untar_dir/20170101.ocean_month.nc exist, skipping...
2025-04-23 02:39:43,265 - INFO - (ncks) extracting variable /collab1/data_untrusted/Chia-wei.Hsu/decadel_output_dir/decadal.ocean_month.i201301.e04.2017.tos.nc ...
2025-04-23 02:44:37,836 - WARNING - extracted tar file /vftmp/Chia-wei.Hsu/untar_dir/20180101.ocean_month.nc exist, skipping...
2025-04-23 02:44:37,837 - INFO - (ncks) extracting variable /collab1/data_untrusted/Chia-wei.Hsu/decadel_output_dir/decadal.ocean_month.i201301.e04.2018.tos.nc ...
2025-04-23 02:48:10,570 - WARNING - extracted tar file /vftmp/Chia-wei.Hsu/untar_dir/20190101.ocean_month.nc exist, skipping...
2025-04-23 02:48:10,571 - INFO - (ncks) extracting variable /collab1/data_untrusted/Chia-wei.Hsu/decadel_output_dir/decadal.ocean_month.i201301.e04.2019.tos.nc ...
2025-04-23 02:56:49,847 - WARNING - extracted tar file /vftmp/Chia-wei.Hsu/untar_dir/20200101.ocean_month.nc exist, skipping...
2025-04-23 02:56:49,848 - INFO - (ncks) extracting variable /collab1/data_untrusted/Chia-wei.Hsu/decadel_output_dir/decadal.ocean_month.i201301.e04.2020.tos.nc ...
2025-04-23 03:07:28,927 - WARNING - extracted tar file /vftmp/Chia-wei.Hsu/untar_dir/20210101.ocean_month.nc exist, skipping...
2025-04-23 03:07:28,928 - INFO - (ncks) extracting variable /collab1/data_untrusted/Chia-wei.Hsu/decadel_output_dir/decadal.ocean_month.i201301.e04.2021.tos.nc ...
2025-04-23 03:11:39,181 - WARNING - extracted tar file /vftmp/Chia-wei.Hsu/untar_dir/20220101.ocean_month.nc exist, skipping...
2025-04-23 03:11:39,182 - INFO - (ncks) extracting variable /collab1/data_untrusted/Chia-wei.Hsu/decadel_output_dir/decadal.ocean_month.i201301.e04.2022.tos.nc ...
2025-04-23 03:11:39,261 - INFO - (ncrcat) concatenating files for single variable, single ensemble, multi-lead ...
2025-04-23 03:11:43,123 - INFO - concatenated file at /collab1/data_untrusted/Chia-wei.Hsu/decadel_output_dir/decadal.ocean_month.i201301.e04.tos.nc ...
2025-04-23 03:11:43,132 - INFO - remove individual files
2025-04-23 03:11:43,207 - INFO - === Processing variable tos ...
2025-04-23 03:11:43,207 - INFO - ===== Processing initial year 2013 initial month  1 ensamble_number  5...
2025-04-23 03:17:41,368 - WARNING - extracted tar file /vftmp/Chia-wei.Hsu/untar_dir/20130101.ocean_month.nc exist, skipping...
2025-04-23 03:17:41,369 - INFO - (ncks) extracting variable /collab1/data_untrusted/Chia-wei.Hsu/decadel_output_dir/decadal.ocean_month.i201301.e05.2013.tos.nc ...
2025-04-23 03:20:33,804 - WARNING - extracted tar file /vftmp/Chia-wei.Hsu/untar_dir/20140101.ocean_month.nc exist, skipping...
2025-04-23 03:20:33,805 - INFO - (ncks) extracting variable /collab1/data_untrusted/Chia-wei.Hsu/decadel_output_dir/decadal.ocean_month.i201301.e05.2014.tos.nc ...
2025-04-23 03:22:57,648 - WARNING - extracted tar file /vftmp/Chia-wei.Hsu/untar_dir/20150101.ocean_month.nc exist, skipping...
2025-04-23 03:22:57,649 - INFO - (ncks) extracting variable /collab1/data_untrusted/Chia-wei.Hsu/decadel_output_dir/decadal.ocean_month.i201301.e05.2015.tos.nc ...
2025-04-23 03:26:20,007 - WARNING - extracted tar file /vftmp/Chia-wei.Hsu/untar_dir/20160101.ocean_month.nc exist, skipping...
2025-04-23 03:26:20,008 - INFO - (ncks) extracting variable /collab1/data_untrusted/Chia-wei.Hsu/decadel_output_dir/decadal.ocean_month.i201301.e05.2016.tos.nc ...
2025-04-23 03:30:50,871 - WARNING - extracted tar file /vftmp/Chia-wei.Hsu/untar_dir/20170101.ocean_month.nc exist, skipping...
2025-04-23 03:30:50,871 - INFO - (ncks) extracting variable /collab1/data_untrusted/Chia-wei.Hsu/decadel_output_dir/decadal.ocean_month.i201301.e05.2017.tos.nc ...
2025-04-23 03:36:46,381 - WARNING - extracted tar file /vftmp/Chia-wei.Hsu/untar_dir/20180101.ocean_month.nc exist, skipping...
2025-04-23 03:36:46,382 - INFO - (ncks) extracting variable /collab1/data_untrusted/Chia-wei.Hsu/decadel_output_dir/decadal.ocean_month.i201301.e05.2018.tos.nc ...
2025-04-23 03:39:53,609 - WARNING - extracted tar file /vftmp/Chia-wei.Hsu/untar_dir/20190101.ocean_month.nc exist, skipping...
2025-04-23 03:39:53,610 - INFO - (ncks) extracting variable /collab1/data_untrusted/Chia-wei.Hsu/decadel_output_dir/decadal.ocean_month.i201301.e05.2019.tos.nc ...
2025-04-23 03:44:19,579 - WARNING - extracted tar file /vftmp/Chia-wei.Hsu/untar_dir/20200101.ocean_month.nc exist, skipping...
2025-04-23 03:44:19,580 - INFO - (ncks) extracting variable /collab1/data_untrusted/Chia-wei.Hsu/decadel_output_dir/decadal.ocean_month.i201301.e05.2020.tos.nc ...
2025-04-23 03:47:27,469 - WARNING - extracted tar file /vftmp/Chia-wei.Hsu/untar_dir/20210101.ocean_month.nc exist, skipping...
2025-04-23 03:47:27,470 - INFO - (ncks) extracting variable /collab1/data_untrusted/Chia-wei.Hsu/decadel_output_dir/decadal.ocean_month.i201301.e05.2021.tos.nc ...
2025-04-23 03:49:53,985 - WARNING - extracted tar file /vftmp/Chia-wei.Hsu/untar_dir/20220101.ocean_month.nc exist, skipping...
2025-04-23 03:49:53,986 - INFO - (ncks) extracting variable /collab1/data_untrusted/Chia-wei.Hsu/decadel_output_dir/decadal.ocean_month.i201301.e05.2022.tos.nc ...
2025-04-23 03:49:54,095 - INFO - (ncrcat) concatenating files for single variable, single ensemble, multi-lead ...
2025-04-23 03:49:57,569 - INFO - concatenated file at /collab1/data_untrusted/Chia-wei.Hsu/decadel_output_dir/decadal.ocean_month.i201301.e05.tos.nc ...
2025-04-23 03:49:57,575 - INFO - remove individual files
2025-04-23 03:49:57,668 - INFO - === Processing variable tos ...
2025-04-23 03:49:57,668 - INFO - ===== Processing initial year 2013 initial month  1 ensamble_number  6...
2025-04-23 03:52:38,941 - WARNING - extracted tar file /vftmp/Chia-wei.Hsu/untar_dir/20130101.ocean_month.nc exist, skipping...
2025-04-23 03:52:38,942 - INFO - (ncks) extracting variable /collab1/data_untrusted/Chia-wei.Hsu/decadel_output_dir/decadal.ocean_month.i201301.e06.2013.tos.nc ...
2025-04-23 03:57:43,465 - WARNING - extracted tar file /vftmp/Chia-wei.Hsu/untar_dir/20140101.ocean_month.nc exist, skipping...
2025-04-23 03:57:43,466 - INFO - (ncks) extracting variable /collab1/data_untrusted/Chia-wei.Hsu/decadel_output_dir/decadal.ocean_month.i201301.e06.2014.tos.nc ...
2025-04-23 04:00:03,936 - WARNING - extracted tar file /vftmp/Chia-wei.Hsu/untar_dir/20150101.ocean_month.nc exist, skipping...
2025-04-23 04:00:03,937 - INFO - (ncks) extracting variable /collab1/data_untrusted/Chia-wei.Hsu/decadel_output_dir/decadal.ocean_month.i201301.e06.2015.tos.nc ...
2025-04-23 04:09:52,941 - WARNING - extracted tar file /vftmp/Chia-wei.Hsu/untar_dir/20160101.ocean_month.nc exist, skipping...
2025-04-23 04:09:52,941 - INFO - (ncks) extracting variable /collab1/data_untrusted/Chia-wei.Hsu/decadel_output_dir/decadal.ocean_month.i201301.e06.2016.tos.nc ...
2025-04-23 04:29:59,640 - WARNING - extracted tar file /vftmp/Chia-wei.Hsu/untar_dir/20170101.ocean_month.nc exist, skipping...
2025-04-23 04:29:59,641 - INFO - (ncks) extracting variable /collab1/data_untrusted/Chia-wei.Hsu/decadel_output_dir/decadal.ocean_month.i201301.e06.2017.tos.nc ...
2025-04-23 04:37:00,609 - WARNING - extracted tar file /vftmp/Chia-wei.Hsu/untar_dir/20180101.ocean_month.nc exist, skipping...
2025-04-23 04:37:00,610 - INFO - (ncks) extracting variable /collab1/data_untrusted/Chia-wei.Hsu/decadel_output_dir/decadal.ocean_month.i201301.e06.2018.tos.nc ...
2025-04-23 04:41:09,845 - WARNING - extracted tar file /vftmp/Chia-wei.Hsu/untar_dir/20190101.ocean_month.nc exist, skipping...
2025-04-23 04:41:09,846 - INFO - (ncks) extracting variable /collab1/data_untrusted/Chia-wei.Hsu/decadel_output_dir/decadal.ocean_month.i201301.e06.2019.tos.nc ...
2025-04-23 04:44:53,753 - WARNING - extracted tar file /vftmp/Chia-wei.Hsu/untar_dir/20200101.ocean_month.nc exist, skipping...
2025-04-23 04:44:53,754 - INFO - (ncks) extracting variable /collab1/data_untrusted/Chia-wei.Hsu/decadel_output_dir/decadal.ocean_month.i201301.e06.2020.tos.nc ...
2025-04-23 04:48:55,667 - WARNING - extracted tar file /vftmp/Chia-wei.Hsu/untar_dir/20210101.ocean_month.nc exist, skipping...
2025-04-23 04:48:55,668 - INFO - (ncks) extracting variable /collab1/data_untrusted/Chia-wei.Hsu/decadel_output_dir/decadal.ocean_month.i201301.e06.2021.tos.nc ...
2025-04-23 04:52:06,605 - WARNING - extracted tar file /vftmp/Chia-wei.Hsu/untar_dir/20220101.ocean_month.nc exist, skipping...
2025-04-23 04:52:06,606 - INFO - (ncks) extracting variable /collab1/data_untrusted/Chia-wei.Hsu/decadel_output_dir/decadal.ocean_month.i201301.e06.2022.tos.nc ...
2025-04-23 04:52:06,694 - INFO - (ncrcat) concatenating files for single variable, single ensemble, multi-lead ...
2025-04-23 04:52:12,378 - INFO - concatenated file at /collab1/data_untrusted/Chia-wei.Hsu/decadel_output_dir/decadal.ocean_month.i201301.e06.tos.nc ...
2025-04-23 04:52:12,391 - INFO - remove individual files
